<?xml version="1.0" ?>

<verbosegc xmlns="http://www.ibm.com/j9/verbosegc" version="fad6bf6e_CMPRSS">

<initialized id="1" timestamp="2019-01-09T09:12:52.930">
  <attribute name="gcPolicy" value="-Xgcpolicy:gencon" />
  <attribute name="maxHeapSize" value="0x36600000" />
  <attribute name="initialHeapSize" value="0xd900000" />
  <attribute name="compressedRefs" value="true" />
  <attribute name="compressedRefsDisplacement" value="0x0" />
  <attribute name="compressedRefsShift" value="0x0" />
  <attribute name="pageSize" value="0x1000" />
  <attribute name="pageType" value="not used" />
  <attribute name="requestedPageSize" value="0x1000" />
  <attribute name="requestedPageType" value="not used" />
  <attribute name="gcthreads" value="16" />
  <attribute name="gcthreads Concurrent Mark" value="1" />
  <attribute name="numaNodes" value="0" />
  <system>
    <attribute name="physicalMemory" value="1073741824" />
    <attribute name="numCPUs" value="16" />
    <attribute name="architecture" value="amd64" />
    <attribute name="os" value="Linux" />
    <attribute name="osVersion" value="3.10.0-693.21.1.el7.x86_64" />
  </system>
  <vmargs>
    <vmarg name="-Xoptionsfile=/jdk8u181-b13/jre/lib/amd64/compressedrefs/options.default" />
    <vmarg name="-Xlockword:mode=default,noLockword=java/lang/String,noLockword=java/util/MapEntry,noLockword=java/util/HashMap$Entry,noLockword..." />
    <vmarg name="-Xjcl:jclse7b_29" />
    <vmarg name="-Dcom.ibm.oti.vm.bootstrap.library.path=/jdk8u181-b13/jre/lib/amd64/compressedrefs:/jdk8u181-b13/jre/lib/amd64" />
    <vmarg name="-Dsun.boot.library.path=/jdk8u181-b13/jre/lib/amd64/compressedrefs:/jdk8u181-b13/jre/lib/amd64" />
    <vmarg name="-Djava.library.path=/jdk8u181-b13/jre/lib/amd64/compressedrefs:/jdk8u181-b13/jre/lib/amd64:/lib64:/usr/lib64:/usr/lib" />
    <vmarg name="-Djava.home=/jdk8u181-b13/jre" />
    <vmarg name="-Djava.ext.dirs=/jdk8u181-b13/jre/lib/ext" />
    <vmarg name="-Duser.dir=/home/zenap" />
    <vmarg name="-Djava.class.path=." />
    <vmarg name="-Xms217m" />
    <vmarg name="-Xmx870m" />
    <vmarg name="-DdatabaseType=PostGreSql" />
    <vmarg name="-DappVersion=16.18.40.06" />
    <vmarg name="-Xdump:heap:events=systhrow+user,filter=java/lang/OutOfMemoryError,request=exclusive+prepwalk+compact,label=/home/zenap/dump/du..." />
    <vmarg name="-Xdump:none" />
    <vmarg name="-Xdump:system:events=gpf+abort+traceassert,range=1..0,priority=999,request=serial,label=/home/zenap/dump/core-dump-2019-01-09-1..." />
    <vmarg name="-Xdump:heap:events=systhrow,filter=java/lang/OutOfMemoryError,range=1..1,priority=500,request=exclusive+compact+prepwalk,label=..." />
    <vmarg name="-Xdump:heap:events=user,priority=500,request=exclusive+compact+prepwalk,label=/home/zenap/dump/dump-dump-user-2019-01-09-17-12-..." />
    <vmarg name="-Xdump:java:events=systhrow,filter=java/lang/OutOfMemoryError,range=1..1,priority=400,request=exclusive+preempt,label=/home/zen..." />
    <vmarg name="-Xdump:java:events=gpf+abort+traceassert+user,priority=400,request=exclusive+preempt,label=/home/zenap/dump/javacore-dump-2019-..." />
    <vmarg name="-Xdump:snap:events=systhrow,filter=java/lang/OutOfMemoryError,range=1..1,priority=300,request=serial,label=/home/zenap/dump/sna..." />
    <vmarg name="-Xdump:snap:events=gpf+abort+traceassert,priority=300,request=serial,label=/home/zenap/dump/snap-dump-2019-01-09-17-12-52.%seq...." />
    <vmarg name="-Xverbosegclog:/home/zenap/gclog/gc-2019-01-09-17-12-52.log,10,20000" />
    <vmarg name="-Xquickstart" />
    <vmarg name="-Dfile.encoding=UTF-8" />
    <vmarg name="-Xlp:objectheap:pagesize=4K" />
    <vmarg name="-Xlp:codecache:pagesize=4K" />
    <vmarg name="-XX:+UseContainerSupport" />
    <vmarg name="-Djava.class.path=/home/zenap/rm-service/../sdk-dependency/HttpClient-4.4.1.jar:/home/zenap/rm-service/../sdk-dependency/activa..." />
    <vmarg name="-Dsun.java.command=com.zte.ums.em.rm.app.RmApp server /home/zenap/rm-service/conf/rm-service.yml" />
    <vmarg name="-Dsun.java.launcher=SUN_STANDARD" />
    <vmarg name="-Dsun.java.launcher.pid=18" />
  </vmargs>
</initialized>

<exclusive-start id="2" timestamp="2019-01-09T09:12:53.509" intervalms="578.666">
  <response-info timems="0.015" idlems="0.015" threads="0" lastid="00000000016F7900" lastname="Thread-3" />
</exclusive-start>
<af-start id="3" threadId="00000000016F8260" totalBytesRequested="176" timestamp="2019-01-09T09:12:53.509" intervalms="578.765" type="nursery" />
<cycle-start id="4" type="scavenge" contextid="0" timestamp="2019-01-09T09:12:53.509" intervalms="578.820" />
<gc-start id="5" type="scavenge" contextid="4" timestamp="2019-01-09T09:12:53.509">
  <mem-info id="6" free="170421856" total="227540992" percent="74">
    <mem type="nursery" free="0" total="56885248" percent="0">
      <mem type="allocate" free="0" total="28442624" percent="0" />
      <mem type="survivor" free="0" total="28442624" percent="0" />
    </mem>
    <mem type="tenure" free="170421856" total="170655744" percent="99">
      <mem type="soa" free="161889888" total="162123776" percent="99" />
      <mem type="loa" free="8531968" total="8531968" percent="100" />
    </mem>
    <remembered-set count="3742" />
  </mem-info>
</gc-start>
<allocation-stats totalBytes="28655328" >
  <allocated-bytes non-tlh="881816" tlh="27773512" />
  <largest-consumer threadName="main" threadId="00000000015C6F00" bytes="17068560" />
</allocation-stats>
<gc-op id="7" type="scavenge" timems="7.902" contextid="4" timestamp="2019-01-09T09:12:53.517">
  <scavenger-info tenureage="2" tenuremask="fffc" tiltratio="50" />
  <memory-copied type="nursery" objects="30095" bytes="4443424" bytesdiscarded="507432" />
  <finalization candidates="1991" enqueued="1430" />
  <ownableSynchronizers candidates="17" cleared="2" />
  <references type="soft" candidates="210" cleared="0" enqueued="0" dynamicThreshold="32" maxThreshold="32" />
  <references type="weak" candidates="1114" cleared="1045" enqueued="1043" />
  <references type="phantom" candidates="6" cleared="0" enqueued="0" />
</gc-op>
<gc-end id="8" type="scavenge" contextid="4" durationms="8.043" usertimems="17.341" systemtimems="5.139" timestamp="2019-01-09T09:12:53.517" activeThreads="16">
  <mem-info id="9" free="193906800" total="227540992" percent="85">
    <mem type="nursery" free="23484944" total="56885248" percent="41">
      <mem type="allocate" free="23484944" total="28442624" percent="82" />
      <mem type="survivor" free="0" total="28442624" percent="0" />
    </mem>
    <mem type="tenure" free="170421856" total="170655744" percent="99">
      <mem type="soa" free="161889888" total="162123776" percent="99" />
      <mem type="loa" free="8531968" total="8531968" percent="100" />
    </mem>
    <pending-finalizers system="1430" default="0" reference="1043" classloader="0" />
    <remembered-set count="3742" />
  </mem-info>
</gc-end>
<cycle-end id="10" type="scavenge" contextid="4" timestamp="2019-01-09T09:12:53.517" />
<allocation-satisfied id="11" threadId="00000000016F7900" bytesRequested="176" />
<af-end id="12" timestamp="2019-01-09T09:12:53.517" threadId="00000000016F8260" success="true" from="nursery"/>
<exclusive-end id="13" timestamp="2019-01-09T09:12:53.517" durationms="8.451" />

<exclusive-start id="14" timestamp="2019-01-09T09:12:53.803" intervalms="294.347">
  <response-info timems="0.017" idlems="0.017" threads="0" lastid="00000000016F7900" lastname="Thread-3" />
</exclusive-start>
<af-start id="15" threadId="00000000016F8260" totalBytesRequested="216" timestamp="2019-01-09T09:12:53.803" intervalms="294.332" type="nursery" />
<cycle-start id="16" type="scavenge" contextid="0" timestamp="2019-01-09T09:12:53.803" intervalms="294.317" />
<gc-start id="17" type="scavenge" contextid="16" timestamp="2019-01-09T09:12:53.803">
  <mem-info id="18" free="170306512" total="227540992" percent="74">
    <mem type="nursery" free="0" total="56885248" percent="0">
      <mem type="allocate" free="0" total="28442624" percent="0" />
      <mem type="survivor" free="0" total="28442624" percent="0" />
    </mem>
    <mem type="tenure" free="170306512" total="170655744" percent="99">
      <mem type="soa" free="161774544" total="162123776" percent="99" />
      <mem type="loa" free="8531968" total="8531968" percent="100" />
    </mem>
    <remembered-set count="5481" />
  </mem-info>
</gc-start>
<allocation-stats totalBytes="23581104" >
  <allocated-bytes non-tlh="115520" tlh="23465584" />
  <largest-consumer threadName="Thread-3" threadId="00000000016F7900" bytes="23569136" />
</allocation-stats>
<gc-op id="19" type="scavenge" timems="3.551" contextid="16" timestamp="2019-01-09T09:12:53.807">
  <scavenger-info tenureage="10" tenuremask="7c00" tiltratio="50" />
  <memory-copied type="nursery" objects="33822" bytes="3983880" bytesdiscarded="261688" />
  <finalization candidates="1482" enqueued="896" />
  <ownableSynchronizers candidates="18" cleared="0" />
  <references type="soft" candidates="273" cleared="0" enqueued="0" dynamicThreshold="32" maxThreshold="32" />
  <references type="weak" candidates="1337" cleared="1085" enqueued="1056" />
  <references type="phantom" candidates="6" cleared="0" enqueued="0" />
</gc-op>
<gc-end id="20" type="scavenge" contextid="16" durationms="3.681" usertimems="15.515" systemtimems="0.283" timestamp="2019-01-09T09:12:53.807" activeThreads="16">
  <mem-info id="21" free="194498256" total="227540992" percent="85">
    <mem type="nursery" free="24191744" total="56885248" percent="42">
      <mem type="allocate" free="24191744" total="28442624" percent="85" />
      <mem type="survivor" free="0" total="28442624" percent="0" />
    </mem>
    <mem type="tenure" free="170306512" total="170655744" percent="99">
      <mem type="soa" free="161774544" total="162123776" percent="99" />
      <mem type="loa" free="8531968" total="8531968" percent="100" />
    </mem>
    <pending-finalizers system="896" default="0" reference="1056" classloader="0" />
    <remembered-set count="5481" />
  </mem-info>
</gc-end>
<cycle-end id="22" type="scavenge" contextid="16" timestamp="2019-01-09T09:12:53.807" />
<allocation-satisfied id="23" threadId="00000000016F7900" bytesRequested="216" />
<af-end id="24" timestamp="2019-01-09T09:12:53.807" threadId="00000000016F8260" success="true" from="nursery"/>
<exclusive-end id="25" timestamp="2019-01-09T09:12:53.807" durationms="4.035" />

<exclusive-start id="26" timestamp="2019-01-09T09:12:54.001" intervalms="197.514">
  <response-info timems="0.014" idlems="0.014" threads="0" lastid="00000000016F7900" lastname="Thread-3" />
</exclusive-start>
<af-start id="27" threadId="00000000016F8260" totalBytesRequested="144" timestamp="2019-01-09T09:12:54.001" intervalms="197.509" type="nursery" />
<cycle-start id="28" type="scavenge" contextid="0" timestamp="2019-01-09T09:12:54.001" intervalms="197.511" />
<gc-start id="29" type="scavenge" contextid="28" timestamp="2019-01-09T09:12:54.001">
  <mem-info id="30" free="170215432" total="227540992" percent="74">
    <mem type="nursery" free="0" total="56885248" percent="0">
      <mem type="allocate" free="0" total="28442624" percent="0" />
      <mem type="survivor" free="0" total="28442624" percent="0" />
    </mem>
    <mem type="tenure" free="170215432" total="170655744" percent="99">
      <mem type="soa" free="161683464" total="162123776" percent="99" />
      <mem type="loa" free="8531968" total="8531968" percent="100" />
    </mem>
    <remembered-set count="6385" />
  </mem-info>
</gc-start>
<allocation-stats totalBytes="24266312" >
  <allocated-bytes non-tlh="185960" tlh="24080352" />
  <largest-consumer threadName="Thread-3" threadId="00000000016F7900" bytes="24258120" />
</allocation-stats>
<gc-op id="31" type="scavenge" timems="7.355" contextid="28" timestamp="2019-01-09T09:12:54.008">
  <scavenger-info tenureage="10" tenuremask="7c00" tiltratio="50" />
  <memory-copied type="nursery" objects="36778" bytes="3237320" bytesdiscarded="301120" />
  <finalization candidates="1382" enqueued="780" />
  <ownableSynchronizers candidates="93" cleared="0" />
  <references type="soft" candidates="304" cleared="0" enqueued="0" dynamicThreshold="32" maxThreshold="32" />
  <references type="weak" candidates="1084" cleared="805" enqueued="800" />
  <references type="phantom" candidates="6" cleared="0" enqueued="0" />
</gc-op>
<gc-end id="32" type="scavenge" contextid="28" durationms="7.499" usertimems="16.921" systemtimems="3.035" timestamp="2019-01-09T09:12:54.008" activeThreads="16">
  <mem-info id="33" free="195114648" total="227540992" percent="85">
    <mem type="nursery" free="24899216" total="56885248" percent="43">
      <mem type="allocate" free="24899216" total="28442624" percent="87" />
      <mem type="survivor" free="0" total="28442624" percent="0" />
    </mem>
    <mem type="tenure" free="170215432" total="170655744" percent="99">
      <mem type="soa" free="161683464" total="162123776" percent="99" />
      <mem type="loa" free="8531968" total="8531968" percent="100" />
    </mem>
    <pending-finalizers system="780" default="0" reference="800" classloader="0" />
    <remembered-set count="3947" />
  </mem-info>
</gc-end>
<cycle-end id="34" type="scavenge" contextid="28" timestamp="2019-01-09T09:12:54.009" />
<allocation-satisfied id="35" threadId="00000000016F7900" bytesRequested="144" />
<af-end id="36" timestamp="2019-01-09T09:12:54.009" threadId="00000000016F8260" success="true" from="nursery"/>
<exclusive-end id="37" timestamp="2019-01-09T09:12:54.009" durationms="7.835" />

<exclusive-start id="38" timestamp="2019-01-09T09:12:54.195" intervalms="194.376">
  <response-info timems="0.021" idlems="0.021" threads="0" lastid="00000000016F7900" lastname="Thread-3" />
</exclusive-start>
<af-start id="39" threadId="00000000016F8260" totalBytesRequested="56" timestamp="2019-01-09T09:12:54.195" intervalms="194.390" type="nursery" />
<cycle-start id="40" type="scavenge" contextid="0" timestamp="2019-01-09T09:12:54.195" intervalms="194.389" />
<gc-start id="41" type="scavenge" contextid="40" timestamp="2019-01-09T09:12:54.195">
  <mem-info id="42" free="170202512" total="227540992" percent="74">
    <mem type="nursery" free="0" total="56885248" percent="0">
      <mem type="allocate" free="0" total="28442624" percent="0" />
      <mem type="survivor" free="0" total="28442624" percent="0" />
    </mem>
    <mem type="tenure" free="170202512" total="170655744" percent="99">
      <mem type="soa" free="161670544" total="162123776" percent="99" />
      <mem type="loa" free="8531968" total="8531968" percent="100" />
    </mem>
    <remembered-set count="4119" />
  </mem-info>
</gc-start>
<allocation-stats totalBytes="24899520" >
  <allocated-bytes non-tlh="13064" tlh="24886456" />
  <largest-consumer threadName="Thread-3" threadId="00000000016F7900" bytes="24891328" />
</allocation-stats>
<gc-op id="43" type="scavenge" timems="10.845" contextid="40" timestamp="2019-01-09T09:12:54.206">
  <scavenger-info tenureage="10" tenuremask="7c00" tiltratio="50" />
  <memory-copied type="nursery" objects="39339" bytes="5409128" bytesdiscarded="209840" />
  <finalization candidates="1920" enqueued="1315" />
  <ownableSynchronizers candidates="93" cleared="0" />
  <references type="soft" candidates="307" cleared="0" enqueued="0" dynamicThreshold="32" maxThreshold="32" />
  <references type="weak" candidates="526" cleared="247" enqueued="247" />
  <references type="phantom" candidates="6" cleared="0" enqueued="0" />
</gc-op>
<gc-end id="44" type="scavenge" contextid="40" durationms="11.002" usertimems="20.721" systemtimems="5.551" timestamp="2019-01-09T09:12:54.206" activeThreads="16">
  <mem-info id="45" free="193019128" total="227540992" percent="84">
    <mem type="nursery" free="22816616" total="56885248" percent="40">
      <mem type="allocate" free="22816616" total="28442624" percent="80" />
      <mem type="survivor" free="0" total="28442624" percent="0" />
    </mem>
    <mem type="tenure" free="170202512" total="170655744" percent="99">
      <mem type="soa" free="161670544" total="162123776" percent="99" />
      <mem type="loa" free="8531968" total="8531968" percent="100" />
    </mem>
    <pending-finalizers system="1315" default="0" reference="247" classloader="0" />
    <remembered-set count="3140" />
  </mem-info>
</gc-end>
<cycle-end id="46" type="scavenge" contextid="40" timestamp="2019-01-09T09:12:54.206" />
<allocation-satisfied id="47" threadId="00000000016F7900" bytesRequested="56" />
<af-end id="48" timestamp="2019-01-09T09:12:54.206" threadId="00000000016F8260" success="true" from="nursery"/>
<exclusive-end id="49" timestamp="2019-01-09T09:12:54.206" durationms="11.318" />

<exclusive-start id="50" timestamp="2019-01-09T09:12:54.325" intervalms="129.984">
  <response-info timems="0.020" idlems="0.020" threads="0" lastid="00000000016F7900" lastname="Thread-3" />
</exclusive-start>
<af-start id="51" threadId="00000000016F8260" totalBytesRequested="24" timestamp="2019-01-09T09:12:54.325" intervalms="129.986" type="nursery" />
<cycle-start id="52" type="scavenge" contextid="0" timestamp="2019-01-09T09:12:54.325" intervalms="129.983" />
<gc-start id="53" type="scavenge" contextid="52" timestamp="2019-01-09T09:12:54.325">
  <mem-info id="54" free="170202192" total="227540992" percent="74">
    <mem type="nursery" free="0" total="56885248" percent="0">
      <mem type="allocate" free="0" total="28442624" percent="0" />
      <mem type="survivor" free="0" total="28442624" percent="0" />
    </mem>
    <mem type="tenure" free="170202192" total="170655744" percent="99">
      <mem type="soa" free="161670224" total="162123776" percent="99" />
      <mem type="loa" free="8531968" total="8531968" percent="100" />
    </mem>
    <remembered-set count="3144" />
  </mem-info>
</gc-start>
<allocation-stats totalBytes="22804560" >
  <allocated-bytes non-tlh="376" tlh="22804184" />
  <largest-consumer threadName="Thread-3" threadId="00000000016F7900" bytes="22804560" />
</allocation-stats>
<gc-op id="55" type="scavenge" timems="5.656" contextid="52" timestamp="2019-01-09T09:12:54.331">
  <scavenger-info tenureage="4" tenuremask="7c10" tiltratio="50" />
  <memory-copied type="nursery" objects="18964" bytes="4106448" bytesdiscarded="367264" />
  <memory-copied type="tenure" objects="23264" bytes="1240640" bytesdiscarded="4288" />
  <finalization candidates="2005" enqueued="1402" />
  <ownableSynchronizers candidates="93" cleared="0" />
  <references type="soft" candidates="97" cleared="0" enqueued="0" dynamicThreshold="32" maxThreshold="32" />
  <references type="weak" candidates="211" cleared="0" enqueued="0" />
</gc-op>
<gc-end id="56" type="scavenge" contextid="52" durationms="5.796" usertimems="17.293" systemtimems="2.008" timestamp="2019-01-09T09:12:54.331" activeThreads="16">
  <mem-info id="57" free="192836936" total="227540992" percent="84">
    <mem type="nursery" free="23962632" total="56885248" percent="42">
      <mem type="allocate" free="23962632" total="28442624" percent="84" />
      <mem type="survivor" free="0" total="28442624" percent="0" />
    </mem>
    <mem type="tenure" free="168874304" total="170655744" percent="98">
      <mem type="soa" free="160342336" total="162123776" percent="98" />
      <mem type="loa" free="8531968" total="8531968" percent="100" />
    </mem>
    <pending-finalizers system="1402" default="0" reference="0" classloader="0" />
    <remembered-set count="1401" />
  </mem-info>
</gc-end>
<cycle-end id="58" type="scavenge" contextid="52" timestamp="2019-01-09T09:12:54.331" />
<allocation-satisfied id="59" threadId="00000000016F7900" bytesRequested="24" />
<af-end id="60" timestamp="2019-01-09T09:12:54.331" threadId="00000000016F8260" success="true" from="nursery"/>
<exclusive-end id="61" timestamp="2019-01-09T09:12:54.331" durationms="6.089" />

<exclusive-start id="62" timestamp="2019-01-09T09:12:54.428" intervalms="102.532">
  <response-info timems="0.028" idlems="0.028" threads="0" lastid="00000000016F7900" lastname="Thread-3" />
</exclusive-start>
<af-start id="63" threadId="00000000016F8260" totalBytesRequested="8200" timestamp="2019-01-09T09:12:54.428" intervalms="102.516" type="nursery" />
<cycle-start id="64" type="scavenge" contextid="0" timestamp="2019-01-09T09:12:54.428" intervalms="102.536" />
<gc-start id="65" type="scavenge" contextid="64" timestamp="2019-01-09T09:12:54.428">
  <mem-info id="66" free="168874304" total="227540992" percent="74">
    <mem type="nursery" free="0" total="56885248" percent="0">
      <mem type="allocate" free="0" total="28442624" percent="0" />
      <mem type="survivor" free="0" total="28442624" percent="0" />
    </mem>
    <mem type="tenure" free="168874304" total="170655744" percent="98">
      <mem type="soa" free="160342336" total="162123776" percent="98" />
      <mem type="loa" free="8531968" total="8531968" percent="100" />
    </mem>
    <remembered-set count="1401" />
  </mem-info>
</gc-start>
<allocation-stats totalBytes="23948520" >
  <allocated-bytes non-tlh="24" tlh="23948496" />
  <largest-consumer threadName="Thread-3" threadId="00000000016F7900" bytes="23948520" />
</allocation-stats>
<gc-op id="67" type="scavenge" timems="5.091" contextid="64" timestamp="2019-01-09T09:12:54.433">
  <scavenger-info tenureage="10" tenuremask="7c00" tiltratio="50" />
  <memory-copied type="nursery" objects="18784" bytes="2952384" bytesdiscarded="405328" />
  <finalization candidates="1282" enqueued="1230" />
  <ownableSynchronizers candidates="78" cleared="0" />
  <references type="soft" candidates="97" cleared="0" enqueued="0" dynamicThreshold="32" maxThreshold="32" />
  <references type="weak" candidates="211" cleared="0" enqueued="0" />
</gc-op>
<gc-end id="68" type="scavenge" contextid="64" durationms="5.537" usertimems="12.045" systemtimems="2.924" timestamp="2019-01-09T09:12:54.433" activeThreads="16">
  <mem-info id="69" free="198147840" total="227540992" percent="87">
    <mem type="nursery" free="29273536" total="56885248" percent="51">
      <mem type="allocate" free="29273536" total="32636928" percent="89" />
      <mem type="survivor" free="0" total="24248320" percent="0" />
    </mem>
    <mem type="tenure" free="168874304" total="170655744" percent="98">
      <mem type="soa" free="160342336" total="162123776" percent="98" />
      <mem type="loa" free="8531968" total="8531968" percent="100" />
    </mem>
    <pending-finalizers system="1230" default="0" reference="0" classloader="0" />
    <remembered-set count="1345" />
  </mem-info>
</gc-end>
<cycle-end id="70" type="scavenge" contextid="64" timestamp="2019-01-09T09:12:54.433" />
<allocation-satisfied id="71" threadId="00000000016F7900" bytesRequested="8200" />
<af-end id="72" timestamp="2019-01-09T09:12:54.433" threadId="00000000016F8260" success="true" from="nursery"/>
<exclusive-end id="73" timestamp="2019-01-09T09:12:54.433" durationms="5.818" />

<exclusive-start id="74" timestamp="2019-01-09T09:12:54.580" intervalms="152.145">
  <response-info timems="0.018" idlems="0.018" threads="0" lastid="00000000016F7900" lastname="Thread-3" />
</exclusive-start>
<af-start id="75" threadId="00000000016F8260" totalBytesRequested="5248" timestamp="2019-01-09T09:12:54.580" intervalms="152.149" type="nursery" />
<cycle-start id="76" type="scavenge" contextid="0" timestamp="2019-01-09T09:12:54.580" intervalms="152.130" />
<gc-start id="77" type="scavenge" contextid="76" timestamp="2019-01-09T09:12:54.580">
  <mem-info id="78" free="168858680" total="227540992" percent="74">
    <mem type="nursery" free="0" total="56885248" percent="0">
      <mem type="allocate" free="0" total="32636928" percent="0" />
      <mem type="survivor" free="0" total="24248320" percent="0" />
    </mem>
    <mem type="tenure" free="168858680" total="170655744" percent="98">
      <mem type="soa" free="160326712" total="162123776" percent="98" />
      <mem type="loa" free="8531968" total="8531968" percent="100" />
    </mem>
    <remembered-set count="1770" />
  </mem-info>
</gc-start>
<allocation-stats totalBytes="29268408" >
  <allocated-bytes non-tlh="23824" tlh="29244584" />
  <largest-consumer threadName="Thread-3" threadId="00000000016F7900" bytes="29268408" />
</allocation-stats>
<gc-op id="79" type="scavenge" timems="4.834" contextid="76" timestamp="2019-01-09T09:12:54.585">
  <scavenger-info tenureage="11" tenuremask="7800" tiltratio="57" />
  <memory-copied type="nursery" objects="26454" bytes="4213440" bytesdiscarded="467352" />
  <finalization candidates="1800" enqueued="1752" />
  <ownableSynchronizers candidates="78" cleared="0" />
  <references type="soft" candidates="129" cleared="0" enqueued="0" dynamicThreshold="32" maxThreshold="32" />
  <references type="weak" candidates="474" cleared="263" enqueued="263" />
</gc-op>
<gc-end id="80" type="scavenge" contextid="76" durationms="4.990" usertimems="11.656" systemtimems="6.116" timestamp="2019-01-09T09:12:54.585" activeThreads="16">
  <mem-info id="81" free="200280552" total="227540992" percent="88">
    <mem type="nursery" free="31421872" total="56885248" percent="55">
      <mem type="allocate" free="31421872" total="36110336" percent="87" />
      <mem type="survivor" free="0" total="20774912" percent="0" />
    </mem>
    <mem type="tenure" free="168858680" total="170655744" percent="98">
      <mem type="soa" free="160326712" total="162123776" percent="98" />
      <mem type="loa" free="8531968" total="8531968" percent="100" />
    </mem>
    <pending-finalizers system="1752" default="0" reference="263" classloader="0" />
    <remembered-set count="1643" />
  </mem-info>
</gc-end>
<cycle-end id="82" type="scavenge" contextid="76" timestamp="2019-01-09T09:12:54.585" />
<allocation-satisfied id="83" threadId="00000000016F7900" bytesRequested="5248" />
<af-end id="84" timestamp="2019-01-09T09:12:54.585" threadId="00000000016F8260" success="true" from="nursery"/>
<exclusive-end id="85" timestamp="2019-01-09T09:12:54.585" durationms="5.272" />

<exclusive-start id="86" timestamp="2019-01-09T09:12:54.962" intervalms="381.912">
  <response-info timems="0.021" idlems="0.021" threads="0" lastid="00000000016F7900" lastname="Thread-3" />
</exclusive-start>
<af-start id="87" threadId="00000000016F8260" totalBytesRequested="128" timestamp="2019-01-09T09:12:54.962" intervalms="381.922" type="nursery" />
<cycle-start id="88" type="scavenge" contextid="0" timestamp="2019-01-09T09:12:54.962" intervalms="381.935" />
<gc-start id="89" type="scavenge" contextid="88" timestamp="2019-01-09T09:12:54.962">
  <mem-info id="90" free="168702584" total="227540992" percent="74">
    <mem type="nursery" free="0" total="56885248" percent="0">
      <mem type="allocate" free="0" total="36110336" percent="0" />
      <mem type="survivor" free="0" total="20774912" percent="0" />
    </mem>
    <mem type="tenure" free="168702584" total="170655744" percent="98">
      <mem type="soa" free="160170616" total="162123776" percent="98" />
      <mem type="loa" free="8531968" total="8531968" percent="100" />
    </mem>
    <remembered-set count="3975" />
  </mem-info>
</gc-start>
<allocation-stats totalBytes="31560608" >
  <allocated-bytes non-tlh="239864" tlh="31320744" />
  <largest-consumer threadName="Thread-3" threadId="00000000016F7900" bytes="31531088" />
</allocation-stats>
<gc-op id="91" type="scavenge" timems="8.287" contextid="88" timestamp="2019-01-09T09:12:54.970">
  <scavenger-info tenureage="11" tenuremask="7800" tiltratio="63" />
  <memory-copied type="nursery" objects="42310" bytes="3276888" bytesdiscarded="251544" />
  <finalization candidates="1111" enqueued="1053" />
  <ownableSynchronizers candidates="148" cleared="0" />
  <references type="soft" candidates="726" cleared="0" enqueued="0" dynamicThreshold="32" maxThreshold="32" />
  <references type="weak" candidates="2140" cleared="1263" enqueued="1180" />
</gc-op>
<gc-end id="92" type="scavenge" contextid="88" durationms="8.477" usertimems="22.386" systemtimems="5.084" timestamp="2019-01-09T09:12:54.970" activeThreads="16">
  <mem-info id="93" free="204424056" total="227540992" percent="89">
    <mem type="nursery" free="35721472" total="56885248" percent="62">
      <mem type="allocate" free="35721472" total="39256064" percent="90" />
      <mem type="survivor" free="0" total="17629184" percent="0" />
    </mem>
    <mem type="tenure" free="168702584" total="170655744" percent="98">
      <mem type="soa" free="160170616" total="162123776" percent="98" />
      <mem type="loa" free="8531968" total="8531968" percent="100" />
    </mem>
    <pending-finalizers system="1053" default="0" reference="1180" classloader="0" />
    <remembered-set count="3759" />
  </mem-info>
</gc-end>
<cycle-end id="94" type="scavenge" contextid="88" timestamp="2019-01-09T09:12:54.971" />
<allocation-satisfied id="95" threadId="00000000016F7900" bytesRequested="128" />
<af-end id="96" timestamp="2019-01-09T09:12:54.971" threadId="00000000016F8260" success="true" from="nursery"/>
<exclusive-end id="97" timestamp="2019-01-09T09:12:54.971" durationms="9.008" />

<exclusive-start id="98" timestamp="2019-01-09T09:12:55.364" intervalms="402.648">
  <response-info timems="0.017" idlems="0.017" threads="0" lastid="00000000016F7900" lastname="Thread-3" />
</exclusive-start>
<af-start id="99" threadId="00000000016F8260" totalBytesRequested="96" timestamp="2019-01-09T09:12:55.364" intervalms="402.640" type="nursery" />
<cycle-start id="100" type="scavenge" contextid="0" timestamp="2019-01-09T09:12:55.365" intervalms="402.630" />
<gc-start id="101" type="scavenge" contextid="100" timestamp="2019-01-09T09:12:55.365">
  <mem-info id="102" free="168590624" total="227540992" percent="74">
    <mem type="nursery" free="0" total="56885248" percent="0">
      <mem type="allocate" free="0" total="39256064" percent="0" />
      <mem type="survivor" free="0" total="17629184" percent="0" />
    </mem>
    <mem type="tenure" free="168590624" total="170655744" percent="98">
      <mem type="soa" free="160058656" total="162123776" percent="98" />
      <mem type="loa" free="8531968" total="8531968" percent="100" />
    </mem>
    <remembered-set count="5456" />
  </mem-info>
</gc-start>
<allocation-stats totalBytes="35809784" >
  <allocated-bytes non-tlh="112088" tlh="35697696" />
  <largest-consumer threadName="Thread-3" threadId="00000000016F7900" bytes="35710640" />
</allocation-stats>
<gc-op id="103" type="scavenge" timems="8.881" contextid="100" timestamp="2019-01-09T09:12:55.374">
  <scavenger-info tenureage="12" tenuremask="7000" tiltratio="69" />
  <memory-copied type="nursery" objects="61959" bytes="4307104" bytesdiscarded="254952" />
  <finalization candidates="1035" enqueued="975" />
  <ownableSynchronizers candidates="166" cleared="1" />
  <references type="soft" candidates="1585" cleared="0" enqueued="0" dynamicThreshold="32" maxThreshold="32" />
  <references type="weak" candidates="2070" cleared="1073" enqueued="1061" />
</gc-op>
<gc-end id="104" type="scavenge" contextid="100" durationms="9.047" usertimems="28.309" systemtimems="3.502" timestamp="2019-01-09T09:12:55.374" activeThreads="16">
  <mem-info id="105" free="205506960" total="227540992" percent="90">
    <mem type="nursery" free="36916336" total="56885248" percent="64">
      <mem type="allocate" free="36916336" total="41484288" percent="88" />
      <mem type="survivor" free="0" total="15400960" percent="0" />
    </mem>
    <mem type="tenure" free="168590624" total="170655744" percent="98">
      <mem type="soa" free="160058656" total="162123776" percent="98" />
      <mem type="loa" free="8531968" total="8531968" percent="100" />
    </mem>
    <pending-finalizers system="975" default="0" reference="1061" classloader="0" />
    <remembered-set count="5241" />
  </mem-info>
</gc-end>
<cycle-end id="106" type="scavenge" contextid="100" timestamp="2019-01-09T09:12:55.374" />
<allocation-satisfied id="107" threadId="00000000016F7900" bytesRequested="96" />
<af-end id="108" timestamp="2019-01-09T09:12:55.374" threadId="00000000016F8260" success="true" from="nursery"/>
<exclusive-end id="109" timestamp="2019-01-09T09:12:55.374" durationms="9.396" />

<exclusive-start id="110" timestamp="2019-01-09T09:12:55.825" intervalms="460.879">
  <response-info timems="0.017" idlems="0.017" threads="0" lastid="00000000016F7900" lastname="Thread-3" />
</exclusive-start>
<af-start id="111" threadId="00000000016F8260" totalBytesRequested="128" timestamp="2019-01-09T09:12:55.825" intervalms="460.878" type="nursery" />
<cycle-start id="112" type="scavenge" contextid="0" timestamp="2019-01-09T09:12:55.825" intervalms="460.884" />
<gc-start id="113" type="scavenge" contextid="112" timestamp="2019-01-09T09:12:55.825">
  <mem-info id="114" free="168508512" total="227540992" percent="74">
    <mem type="nursery" free="0" total="56885248" percent="0">
      <mem type="allocate" free="0" total="41484288" percent="0" />
      <mem type="survivor" free="0" total="15400960" percent="0" />
    </mem>
    <mem type="tenure" free="168508512" total="170655744" percent="98">
      <mem type="soa" free="159976544" total="162123776" percent="98" />
      <mem type="loa" free="8531968" total="8531968" percent="100" />
    </mem>
    <remembered-set count="6528" />
  </mem-info>
</gc-start>
<allocation-stats totalBytes="36977080" >
  <allocated-bytes non-tlh="82208" tlh="36894872" />
  <largest-consumer threadName="Thread-3" threadId="00000000016F7900" bytes="36886912" />
</allocation-stats>
<gc-op id="115" type="scavenge" timems="9.200" contextid="112" timestamp="2019-01-09T09:12:55.835">
  <scavenger-info tenureage="8" tenuremask="7100" tiltratio="72" />
  <memory-copied type="nursery" objects="153530" bytes="6259312" bytesdiscarded="369960" />
  <memory-copied type="tenure" objects="5026" bytes="174552" bytesdiscarded="16" />
  <finalization candidates="663" enqueued="602" />
  <ownableSynchronizers candidates="195" cleared="16" />
  <references type="soft" candidates="2647" cleared="0" enqueued="0" dynamicThreshold="32" maxThreshold="32" />
  <references type="weak" candidates="1498" cleared="647" enqueued="644" />
</gc-op>
<gc-end id="116" type="scavenge" contextid="112" durationms="9.673" usertimems="47.680" systemtimems="3.851" timestamp="2019-01-09T09:12:55.835" activeThreads="16">
  <mem-info id="117" free="204159120" total="227540992" percent="89">
    <mem type="nursery" free="35963952" total="56885248" percent="63">
      <mem type="allocate" free="35963952" total="42598400" percent="84" />
      <mem type="survivor" free="0" total="14286848" percent="0" />
    </mem>
    <mem type="tenure" free="168195168" total="170655744" percent="98">
      <mem type="soa" free="159663200" total="162123776" percent="98" />
      <mem type="loa" free="8531968" total="8531968" percent="100" />
    </mem>
    <pending-finalizers system="602" default="0" reference="644" classloader="0" />
    <remembered-set count="4785" />
  </mem-info>
</gc-end>
<cycle-end id="118" type="scavenge" contextid="112" timestamp="2019-01-09T09:12:55.835" />
<allocation-satisfied id="119" threadId="00000000016F7900" bytesRequested="128" />
<af-end id="120" timestamp="2019-01-09T09:12:55.835" threadId="00000000016F8260" success="true" from="nursery"/>
<exclusive-end id="121" timestamp="2019-01-09T09:12:55.835" durationms="10.204" />

<exclusive-start id="122" timestamp="2019-01-09T09:12:56.085" intervalms="259.641">
  <response-info timems="0.065" idlems="0.047" threads="2" lastid="0000000001D98B00" lastname="org.reflections-scanner-0" />
</exclusive-start>
<af-start id="123" threadId="0000000001D9AA60" totalBytesRequested="16" timestamp="2019-01-09T09:12:56.085" intervalms="259.657" type="nursery" />
<cycle-start id="124" type="scavenge" contextid="0" timestamp="2019-01-09T09:12:56.085" intervalms="259.657" />
<gc-start id="125" type="scavenge" contextid="124" timestamp="2019-01-09T09:12:56.085">
  <mem-info id="126" free="168158696" total="227540992" percent="73">
    <mem type="nursery" free="0" total="56885248" percent="0">
      <mem type="allocate" free="0" total="42598400" percent="0" />
      <mem type="survivor" free="0" total="14286848" percent="0" />
    </mem>
    <mem type="tenure" free="168158696" total="170655744" percent="98">
      <mem type="soa" free="159626728" total="162123776" percent="98" />
      <mem type="loa" free="8531968" total="8531968" percent="100" />
    </mem>
    <remembered-set count="5359" />
  </mem-info>
</gc-start>
<allocation-stats totalBytes="35967096" >
  <allocated-bytes non-tlh="167680" tlh="35799416" />
  <largest-consumer threadName="Thread-3" threadId="00000000016F7900" bytes="15845232" />
</allocation-stats>
<gc-op id="127" type="scavenge" timems="19.792" contextid="124" timestamp="2019-01-09T09:12:56.105">
  <scavenger-info tenureage="12" tenuremask="7000" tiltratio="74" />
  <memory-copied type="nursery" objects="327869" bytes="14022592" bytesdiscarded="258728" />
  <memory-copied type="tenure" objects="74" bytes="105608" bytesdiscarded="864" />
  <copy-failed type="nursery" objects="74" bytes="105608" />
  <finalization candidates="672" enqueued="633" />
  <ownableSynchronizers candidates="263" cleared="2" />
  <references type="soft" candidates="2714" cleared="0" enqueued="0" dynamicThreshold="32" maxThreshold="32" />
  <references type="weak" candidates="1435" cleared="529" enqueued="529" />
</gc-op>
<heap-resize id="128" type="expand" space="nursery" amount="2228224" count="1" timems="0.046" reason="excessive time being spent scavenging" timestamp="2019-01-09T09:12:56.105" />
<gc-end id="129" type="scavenge" contextid="124" durationms="20.112" usertimems="94.789" systemtimems="3.057" timestamp="2019-01-09T09:12:56.105" activeThreads="16">
  <mem-info id="130" free="185417808" total="229769216" percent="80">
    <mem type="nursery" free="17367040" total="59113472" percent="29">
      <mem type="allocate" free="17367040" total="31653888" percent="54" />
      <mem type="survivor" free="0" total="27459584" percent="0" />
    </mem>
    <mem type="tenure" free="168050768" total="170655744" percent="98">
      <mem type="soa" free="159518800" total="162123776" percent="98" />
      <mem type="loa" free="8531968" total="8531968" percent="100" />
    </mem>
    <pending-finalizers system="633" default="0" reference="529" classloader="0" />
    <remembered-set count="4242" />
  </mem-info>
</gc-end>
<cycle-end id="131" type="scavenge" contextid="124" timestamp="2019-01-09T09:12:56.105" />
<allocation-satisfied id="132" threadId="0000000001D9A100" bytesRequested="16" />
<af-end id="133" timestamp="2019-01-09T09:12:56.105" threadId="0000000001D9AA60" success="true" from="nursery"/>
<exclusive-end id="134" timestamp="2019-01-09T09:12:56.105" durationms="20.524" />

<exclusive-start id="135" timestamp="2019-01-09T09:12:56.147" intervalms="62.319">
  <response-info timems="0.051" idlems="0.020" threads="2" lastid="0000000001D98B00" lastname="org.reflections-scanner-0" />
</exclusive-start>
<af-start id="136" threadId="0000000001D9AA60" totalBytesRequested="24" timestamp="2019-01-09T09:12:56.147" intervalms="62.315" type="nursery" />
<cycle-start id="137" type="scavenge" contextid="0" timestamp="2019-01-09T09:12:56.147" intervalms="62.312" />
<gc-start id="138" type="scavenge" contextid="137" timestamp="2019-01-09T09:12:56.147">
  <mem-info id="139" free="168050768" total="229769216" percent="73">
    <mem type="nursery" free="0" total="59113472" percent="0">
      <mem type="allocate" free="0" total="31653888" percent="0" />
      <mem type="survivor" free="0" total="27459584" percent="0" />
    </mem>
    <mem type="tenure" free="168050768" total="170655744" percent="98">
      <mem type="soa" free="159518800" total="162123776" percent="98" />
      <mem type="loa" free="8531968" total="8531968" percent="100" />
    </mem>
    <remembered-set count="4242" />
  </mem-info>
</gc-start>
<allocation-stats totalBytes="17361168" >
  <allocated-bytes non-tlh="262168" tlh="17099000" />
  <largest-consumer threadName="org.reflections-scanner-2" threadId="0000000001D9A100" bytes="4688456" />
</allocation-stats>
<gc-op id="140" type="scavenge" timems="47.702" contextid="137" timestamp="2019-01-09T09:12:56.195">
  <scavenger-info tenureage="11" tenuremask="7800" tiltratio="53" />
  <memory-copied type="nursery" objects="453908" bytes="18744392" bytesdiscarded="152024" />
  <finalization candidates="144" enqueued="106" />
  <ownableSynchronizers candidates="261" cleared="0" />
  <references type="soft" candidates="2714" cleared="0" enqueued="0" dynamicThreshold="32" maxThreshold="32" />
  <references type="weak" candidates="906" cleared="0" enqueued="0" />
</gc-op>
<heap-resize id="141" type="expand" space="nursery" amount="15073280" count="1" timems="0.057" reason="excessive time being spent scavenging" timestamp="2019-01-09T09:12:56.195" />
<gc-end id="142" type="scavenge" contextid="137" durationms="48.018" usertimems="127.293" systemtimems="8.357" timestamp="2019-01-09T09:12:56.195" activeThreads="16">
  <mem-info id="143" free="188669944" total="244842496" percent="77">
    <mem type="nursery" free="20619176" total="74186752" percent="27">
      <mem type="allocate" free="20619176" total="39518208" percent="52" />
      <mem type="survivor" free="0" total="34668544" percent="0" />
    </mem>
    <mem type="tenure" free="168050768" total="170655744" percent="98">
      <mem type="soa" free="159518800" total="162123776" percent="98" />
      <mem type="loa" free="8531968" total="8531968" percent="100" />
    </mem>
    <pending-finalizers system="106" default="0" reference="0" classloader="0" />
    <remembered-set count="3443" />
  </mem-info>
</gc-end>
<cycle-end id="144" type="scavenge" contextid="137" timestamp="2019-01-09T09:12:56.196" />
<allocation-satisfied id="145" threadId="0000000001D9A100" bytesRequested="24" />
<af-end id="146" timestamp="2019-01-09T09:12:56.196" threadId="0000000001D9AA60" success="true" from="nursery"/>
<exclusive-end id="147" timestamp="2019-01-09T09:12:56.196" durationms="48.429" />

<exclusive-start id="148" timestamp="2019-01-09T09:12:56.353" intervalms="205.640">
  <response-info timems="0.019" idlems="0.019" threads="0" lastid="00000000016F7900" lastname="Thread-3" />
</exclusive-start>
<af-start id="149" threadId="00000000016F8260" totalBytesRequested="72" timestamp="2019-01-09T09:12:56.353" intervalms="205.638" type="nursery" />
<cycle-start id="150" type="scavenge" contextid="0" timestamp="2019-01-09T09:12:56.353" intervalms="205.636" />
<gc-start id="151" type="scavenge" contextid="150" timestamp="2019-01-09T09:12:56.353">
  <mem-info id="152" free="168049200" total="244842496" percent="68">
    <mem type="nursery" free="0" total="74186752" percent="0">
      <mem type="allocate" free="0" total="39518208" percent="0" />
      <mem type="survivor" free="0" total="34668544" percent="0" />
    </mem>
    <mem type="tenure" free="168049200" total="170655744" percent="98">
      <mem type="soa" free="159517232" total="162123776" percent="98" />
      <mem type="loa" free="8531968" total="8531968" percent="100" />
    </mem>
    <remembered-set count="3472" />
  </mem-info>
</gc-start>
<allocation-stats totalBytes="20614104" >
  <allocated-bytes non-tlh="1592" tlh="20612512" />
  <largest-consumer threadName="Thread-3" threadId="00000000016F7900" bytes="5774384" />
</allocation-stats>
<gc-op id="153" type="scavenge" timems="29.336" contextid="150" timestamp="2019-01-09T09:12:56.382">
  <scavenger-info tenureage="3" tenuremask="7c28" tiltratio="53" />
  <memory-copied type="nursery" objects="421211" bytes="18994736" bytesdiscarded="209176" />
  <memory-copied type="tenure" objects="124959" bytes="3825416" bytesdiscarded="1696" />
  <finalization candidates="136" enqueued="102" />
  <ownableSynchronizers candidates="261" cleared="5" />
  <references type="soft" candidates="956" cleared="0" enqueued="0" dynamicThreshold="32" maxThreshold="32" />
  <references type="weak" candidates="210" cleared="38" enqueued="38" />
</gc-op>
<heap-resize id="154" type="expand" space="nursery" amount="5242880" count="1" timems="0.036" reason="excessive time being spent scavenging" timestamp="2019-01-09T09:12:56.383" />
<gc-end id="155" type="scavenge" contextid="150" durationms="29.595" usertimems="140.236" systemtimems="2.098" timestamp="2019-01-09T09:12:56.383" activeThreads="16">
  <mem-info id="156" free="195226000" total="250085376" percent="78">
    <mem type="nursery" free="31061608" total="79429632" percent="39">
      <mem type="allocate" free="31061608" total="50266112" percent="61" />
      <mem type="survivor" free="0" total="29163520" percent="0" />
    </mem>
    <mem type="tenure" free="164164392" total="170655744" percent="96">
      <mem type="soa" free="155632424" total="162123776" percent="95" />
      <mem type="loa" free="8531968" total="8531968" percent="100" />
    </mem>
    <pending-finalizers system="102" default="0" reference="38" classloader="0" />
    <remembered-set count="3829" />
  </mem-info>
</gc-end>
<cycle-end id="157" type="scavenge" contextid="150" timestamp="2019-01-09T09:12:56.383" />
<allocation-satisfied id="158" threadId="00000000016F7900" bytesRequested="72" />
<af-end id="159" timestamp="2019-01-09T09:12:56.383" threadId="00000000016F8260" success="true" from="nursery"/>
<exclusive-end id="160" timestamp="2019-01-09T09:12:56.383" durationms="29.994" />

<exclusive-start id="161" timestamp="2019-01-09T09:12:59.884" intervalms="3531.364">
  <response-info timems="0.018" idlems="0.018" threads="0" lastid="00000000016F7900" lastname="Thread-3" />
</exclusive-start>
<af-start id="162" threadId="00000000016F8260" totalBytesRequested="128" timestamp="2019-01-09T09:12:59.884" intervalms="3531.365" type="nursery" />
<cycle-start id="163" type="scavenge" contextid="0" timestamp="2019-01-09T09:12:59.884" intervalms="3531.366" />
<gc-start id="164" type="scavenge" contextid="163" timestamp="2019-01-09T09:12:59.884">
  <mem-info id="165" free="163900680" total="250085376" percent="65">
    <mem type="nursery" free="0" total="79429632" percent="0">
      <mem type="allocate" free="0" total="50266112" percent="0" />
      <mem type="survivor" free="0" total="29163520" percent="0" />
    </mem>
    <mem type="tenure" free="163900680" total="170655744" percent="96">
      <mem type="soa" free="155368712" total="162123776" percent="95" />
      <mem type="loa" free="8531968" total="8531968" percent="100" />
    </mem>
    <remembered-set count="7067" />
  </mem-info>
</gc-start>
<allocation-stats totalBytes="31299096" >
  <allocated-bytes non-tlh="1574568" tlh="29724528" />
  <largest-consumer threadName="Thread-3" threadId="00000000016F7900" bytes="30951008" />
</allocation-stats>
<gc-op id="166" type="scavenge" timems="12.633" contextid="163" timestamp="2019-01-09T09:12:59.897">
  <scavenger-info tenureage="5" tenuremask="7ea0" tiltratio="63" />
  <memory-copied type="nursery" objects="67621" bytes="4349472" bytesdiscarded="455640" />
  <memory-copied type="tenure" objects="23545" bytes="959976" bytesdiscarded="1080" />
  <finalization candidates="986" enqueued="959" />
  <ownableSynchronizers candidates="136" cleared="1" />
  <references type="soft" candidates="642" cleared="0" enqueued="0" dynamicThreshold="32" maxThreshold="32" />
  <references type="weak" candidates="1273" cleared="1043" enqueued="1020" />
</gc-op>
<gc-end id="167" type="scavenge" contextid="163" durationms="12.850" usertimems="37.723" systemtimems="8.081" timestamp="2019-01-09T09:12:59.897" activeThreads="16">
  <mem-info id="168" free="213764312" total="250085376" percent="85">
    <mem type="nursery" free="50829608" total="79429632" percent="63">
      <mem type="allocate" free="50829608" total="55640064" percent="91" />
      <mem type="survivor" free="0" total="23789568" percent="0" />
    </mem>
    <mem type="tenure" free="162934704" total="170655744" percent="95">
      <mem type="soa" free="154402736" total="162123776" percent="95" />
      <mem type="loa" free="8531968" total="8531968" percent="100" />
    </mem>
    <pending-finalizers system="956" default="3" reference="1020" classloader="0" />
    <remembered-set count="3833" />
  </mem-info>
</gc-end>
<cycle-end id="169" type="scavenge" contextid="163" timestamp="2019-01-09T09:12:59.898" />
<allocation-satisfied id="170" threadId="00000000016F7900" bytesRequested="128" />
<af-end id="171" timestamp="2019-01-09T09:12:59.898" threadId="00000000016F8260" success="true" from="nursery"/>
<exclusive-end id="172" timestamp="2019-01-09T09:12:59.898" durationms="13.391" />

<exclusive-start id="173" timestamp="2019-01-09T09:13:00.127" intervalms="242.479">
  <response-info timems="0.023" idlems="0.023" threads="0" lastid="00000000016F7900" lastname="Thread-3" />
</exclusive-start>
<af-start id="174" threadId="00000000016F8260" totalBytesRequested="8200" timestamp="2019-01-09T09:13:00.127" intervalms="242.474" type="nursery" />
<cycle-start id="175" type="scavenge" contextid="0" timestamp="2019-01-09T09:13:00.127" intervalms="242.479" />
<gc-start id="176" type="scavenge" contextid="175" timestamp="2019-01-09T09:13:00.127">
  <mem-info id="177" free="162934064" total="250085376" percent="65">
    <mem type="nursery" free="0" total="79429632" percent="0">
      <mem type="allocate" free="0" total="55640064" percent="0" />
      <mem type="survivor" free="0" total="23789568" percent="0" />
    </mem>
    <mem type="tenure" free="162934064" total="170655744" percent="95">
      <mem type="soa" free="154402096" total="162123776" percent="95" />
      <mem type="loa" free="8531968" total="8531968" percent="100" />
    </mem>
    <remembered-set count="3858" />
  </mem-info>
</gc-start>
<allocation-stats totalBytes="50800896" >
  <allocated-bytes non-tlh="768" tlh="50800128" />
  <largest-consumer threadName="Thread-3" threadId="00000000016F7900" bytes="50760392" />
</allocation-stats>
<gc-op id="178" type="scavenge" timems="14.025" contextid="175" timestamp="2019-01-09T09:13:00.141">
  <scavenger-info tenureage="10" tenuremask="7c00" tiltratio="70" />
  <memory-copied type="nursery" objects="74094" bytes="9861320" bytesdiscarded="422928" />
  <finalization candidates="2739" enqueued="2714" />
  <ownableSynchronizers candidates="134" cleared="6" />
  <references type="soft" candidates="642" cleared="0" enqueued="0" dynamicThreshold="32" maxThreshold="32" />
  <references type="weak" candidates="253" cleared="12" enqueued="7" />
</gc-op>
<gc-end id="179" type="scavenge" contextid="175" durationms="14.642" usertimems="33.370" systemtimems="1.985" timestamp="2019-01-09T09:13:00.142" activeThreads="16">
  <mem-info id="180" free="209326808" total="250085376" percent="83">
    <mem type="nursery" free="46392744" total="79429632" percent="58">
      <mem type="allocate" free="46392744" total="56688640" percent="81" />
      <mem type="survivor" free="0" total="22740992" percent="0" />
    </mem>
    <mem type="tenure" free="162934064" total="170655744" percent="95" macro-fragmented="0">
      <mem type="soa" free="154402096" total="162123776" percent="95" />
      <mem type="loa" free="8531968" total="8531968" percent="100" />
    </mem>
    <pending-finalizers system="2714" default="0" reference="7" classloader="0" />
    <remembered-set count="3826" />
  </mem-info>
</gc-end>
<cycle-end id="181" type="scavenge" contextid="175" timestamp="2019-01-09T09:13:00.142" />
<allocation-satisfied id="182" threadId="00000000016F7900" bytesRequested="8200" />
<af-end id="183" timestamp="2019-01-09T09:13:00.142" threadId="00000000016F8260" success="true" from="nursery"/>
<exclusive-end id="184" timestamp="2019-01-09T09:13:00.142" durationms="15.071" />

<exclusive-start id="185" timestamp="2019-01-09T09:13:00.400" intervalms="273.053">
  <response-info timems="0.344" idlems="0.332" threads="1" lastid="00000000016F7900" lastname="Thread-3" />
</exclusive-start>
<af-start id="186" threadId="0000000001DA4060" totalBytesRequested="384" timestamp="2019-01-09T09:13:00.400" intervalms="273.061" type="nursery" />
<cycle-start id="187" type="scavenge" contextid="0" timestamp="2019-01-09T09:13:00.400" intervalms="273.063" />
<gc-start id="188" type="scavenge" contextid="187" timestamp="2019-01-09T09:13:00.400">
  <mem-info id="189" free="162899840" total="250085376" percent="65">
    <mem type="nursery" free="0" total="79429632" percent="0">
      <mem type="allocate" free="0" total="56688640" percent="0" />
      <mem type="survivor" free="0" total="22740992" percent="0" />
    </mem>
    <mem type="tenure" free="162899840" total="170655744" percent="95">
      <mem type="soa" free="154367872" total="162123776" percent="95" />
      <mem type="loa" free="8531968" total="8531968" percent="100" />
    </mem>
    <remembered-set count="4271" />
  </mem-info>
</gc-start>
<allocation-stats totalBytes="46401336" >
  <allocated-bytes non-tlh="42424" tlh="46358912" />
  <largest-consumer threadName="Thread-3" threadId="00000000016F7900" bytes="46242752" />
</allocation-stats>
<gc-op id="190" type="scavenge" timems="16.324" contextid="187" timestamp="2019-01-09T09:13:00.416">
  <scavenger-info tenureage="10" tenuremask="7c00" tiltratio="71" />
  <memory-copied type="nursery" objects="73276" bytes="7787936" bytesdiscarded="407840" />
  <memory-copied type="tenure" objects="1449" bytes="68120" bytesdiscarded="72" />
  <finalization candidates="2615" enqueued="2594" />
  <ownableSynchronizers candidates="164" cleared="0" />
  <references type="soft" candidates="771" cleared="0" enqueued="0" dynamicThreshold="32" maxThreshold="32" />
  <references type="weak" candidates="809" cleared="519" enqueued="514" />
</gc-op>
<gc-end id="191" type="scavenge" contextid="187" durationms="16.955" usertimems="29.597" systemtimems="3.980" timestamp="2019-01-09T09:13:00.417" activeThreads="16">
  <mem-info id="192" free="213434992" total="250085376" percent="85">
    <mem type="nursery" free="50644208" total="79429632" percent="63">
      <mem type="allocate" free="50644208" total="58851328" percent="86" />
      <mem type="survivor" free="0" total="20578304" percent="0" />
    </mem>
    <mem type="tenure" free="162790784" total="170655744" percent="95" macro-fragmented="0">
      <mem type="soa" free="154258816" total="162123776" percent="95" />
      <mem type="loa" free="8531968" total="8531968" percent="100" />
    </mem>
    <pending-finalizers system="2594" default="0" reference="514" classloader="0" />
    <remembered-set count="1666" />
  </mem-info>
</gc-end>
<cycle-end id="193" type="scavenge" contextid="187" timestamp="2019-01-09T09:13:00.417" />
<allocation-satisfied id="194" threadId="0000000001DA3700" bytesRequested="384" />
<af-end id="195" timestamp="2019-01-09T09:13:00.417" threadId="0000000001DA4060" success="true" from="nursery"/>
<exclusive-end id="196" timestamp="2019-01-09T09:13:00.417" durationms="17.368" />

<exclusive-start id="197" timestamp="2019-01-09T09:13:00.730" intervalms="330.122">
  <response-info timems="0.022" idlems="0.022" threads="0" lastid="00000000016F7900" lastname="Thread-3" />
</exclusive-start>
<af-start id="198" threadId="00000000016F8260" totalBytesRequested="16" timestamp="2019-01-09T09:13:00.730" intervalms="330.124" type="nursery" />
<cycle-start id="199" type="scavenge" contextid="0" timestamp="2019-01-09T09:13:00.730" intervalms="330.117" />
<gc-start id="200" type="scavenge" contextid="199" timestamp="2019-01-09T09:13:00.730">
  <mem-info id="201" free="162754104" total="250085376" percent="65">
    <mem type="nursery" free="0" total="79429632" percent="0">
      <mem type="allocate" free="0" total="58851328" percent="0" />
      <mem type="survivor" free="0" total="20578304" percent="0" />
    </mem>
    <mem type="tenure" free="162754104" total="170655744" percent="95">
      <mem type="soa" free="154222136" total="162123776" percent="95" />
      <mem type="loa" free="8531968" total="8531968" percent="100" />
    </mem>
    <remembered-set count="2304" />
  </mem-info>
</gc-start>
<allocation-stats totalBytes="50653024" >
  <allocated-bytes non-tlh="37064" tlh="50615960" />
  <largest-consumer threadName="Thread-3" threadId="00000000016F7900" bytes="50098896" />
</allocation-stats>
<gc-op id="202" type="scavenge" timems="10.297" contextid="199" timestamp="2019-01-09T09:13:00.740">
  <scavenger-info tenureage="10" tenuremask="7c00" tiltratio="74" />
  <memory-copied type="nursery" objects="85871" bytes="10049896" bytesdiscarded="562968" />
  <finalization candidates="2648" enqueued="2620" />
  <ownableSynchronizers candidates="244" cleared="15" />
  <references type="soft" candidates="1118" cleared="0" enqueued="0" dynamicThreshold="32" maxThreshold="32" />
  <references type="weak" candidates="791" cleared="198" enqueued="187" />
</gc-op>
<gc-end id="203" type="scavenge" contextid="199" durationms="10.929" usertimems="28.277" systemtimems="4.659" timestamp="2019-01-09T09:13:00.741" activeThreads="16">
  <mem-info id="204" free="212159856" total="250085376" percent="84">
    <mem type="nursery" free="49405752" total="79429632" percent="62">
      <mem type="allocate" free="49405752" total="60030976" percent="82" />
      <mem type="survivor" free="0" total="19398656" percent="0" />
    </mem>
    <mem type="tenure" free="162754104" total="170655744" percent="95" macro-fragmented="0">
      <mem type="soa" free="154222136" total="162123776" percent="95" />
      <mem type="loa" free="8531968" total="8531968" percent="100" />
    </mem>
    <pending-finalizers system="2620" default="0" reference="187" classloader="0" />
    <remembered-set count="2195" />
  </mem-info>
</gc-end>
<cycle-end id="205" type="scavenge" contextid="199" timestamp="2019-01-09T09:13:00.741" />
<allocation-satisfied id="206" threadId="00000000016F7900" bytesRequested="16" />
<af-end id="207" timestamp="2019-01-09T09:13:00.741" threadId="00000000016F8260" success="true" from="nursery"/>
<exclusive-end id="208" timestamp="2019-01-09T09:13:00.741" durationms="11.600" />

<exclusive-start id="209" timestamp="2019-01-09T09:13:00.978" intervalms="248.078">
  <response-info timems="0.020" idlems="0.020" threads="0" lastid="00000000016F7900" lastname="Thread-3" />
</exclusive-start>
<af-start id="210" threadId="00000000016F8260" totalBytesRequested="3080" timestamp="2019-01-09T09:13:00.978" intervalms="248.073" type="nursery" />
<cycle-start id="211" type="scavenge" contextid="0" timestamp="2019-01-09T09:13:00.978" intervalms="248.076" />
<gc-start id="212" type="scavenge" contextid="211" timestamp="2019-01-09T09:13:00.978">
  <mem-info id="213" free="162749376" total="250085376" percent="65">
    <mem type="nursery" free="0" total="79429632" percent="0">
      <mem type="allocate" free="0" total="60030976" percent="0" />
      <mem type="survivor" free="0" total="19398656" percent="0" />
    </mem>
    <mem type="tenure" free="162749376" total="170655744" percent="95">
      <mem type="soa" free="154217408" total="162123776" percent="95" />
      <mem type="loa" free="8531968" total="8531968" percent="100" />
    </mem>
    <remembered-set count="2312" />
  </mem-info>
</gc-start>
<allocation-stats totalBytes="49378968" >
  <allocated-bytes non-tlh="81448" tlh="49297520" />
  <largest-consumer threadName="Thread-3" threadId="00000000016F7900" bytes="49288776" />
</allocation-stats>
<gc-op id="214" type="scavenge" timems="7.671" contextid="211" timestamp="2019-01-09T09:13:00.986">
  <scavenger-info tenureage="4" tenuremask="7c10" tiltratio="75" />
  <memory-copied type="nursery" objects="25796" bytes="6337040" bytesdiscarded="331824" />
  <memory-copied type="tenure" objects="56663" bytes="2212376" bytesdiscarded="7408" />
  <finalization candidates="2780" enqueued="2754" />
  <ownableSynchronizers candidates="237" cleared="1" />
  <references type="soft" candidates="556" cleared="0" enqueued="0" dynamicThreshold="32" maxThreshold="32" />
  <references type="weak" candidates="820" cleared="394" enqueued="394" />
</gc-op>
<gc-end id="215" type="scavenge" contextid="211" durationms="8.336" usertimems="29.736" systemtimems="3.876" timestamp="2019-01-09T09:13:00.987" activeThreads="16">
  <mem-info id="216" free="215411192" total="250085376" percent="86">
    <mem type="nursery" free="54792312" total="79429632" percent="68">
      <mem type="allocate" free="54792312" total="61472768" percent="89" />
      <mem type="survivor" free="0" total="17956864" percent="0" />
    </mem>
    <mem type="tenure" free="160618880" total="170655744" percent="94" macro-fragmented="0">
      <mem type="soa" free="152086912" total="162123776" percent="93" />
      <mem type="loa" free="8531968" total="8531968" percent="100" />
    </mem>
    <pending-finalizers system="2754" default="0" reference="394" classloader="0" />
    <remembered-set count="1360" />
  </mem-info>
</gc-end>
<cycle-end id="217" type="scavenge" contextid="211" timestamp="2019-01-09T09:13:00.987" />
<allocation-satisfied id="218" threadId="00000000016F7900" bytesRequested="3080" />
<af-end id="219" timestamp="2019-01-09T09:13:00.987" threadId="00000000016F8260" success="true" from="nursery"/>
<exclusive-end id="220" timestamp="2019-01-09T09:13:00.987" durationms="8.786" />

<exclusive-start id="221" timestamp="2019-01-09T09:13:01.499" intervalms="521.334">
  <response-info timems="0.031" idlems="0.031" threads="0" lastid="00000000016F7900" lastname="Thread-3" />
</exclusive-start>
<af-start id="222" threadId="00000000016F8260" totalBytesRequested="192" timestamp="2019-01-09T09:13:01.499" intervalms="521.351" type="nursery" />
<cycle-start id="223" type="scavenge" contextid="0" timestamp="2019-01-09T09:13:01.499" intervalms="521.359" />
<gc-start id="224" type="scavenge" contextid="223" timestamp="2019-01-09T09:13:01.500">
  <mem-info id="225" free="160385704" total="250085376" percent="64">
    <mem type="nursery" free="0" total="79429632" percent="0">
      <mem type="allocate" free="0" total="61472768" percent="0" />
      <mem type="survivor" free="0" total="17956864" percent="0" />
    </mem>
    <mem type="tenure" free="160385704" total="170655744" percent="93">
      <mem type="soa" free="151853736" total="162123776" percent="93" />
      <mem type="loa" free="8531968" total="8531968" percent="100" />
    </mem>
    <remembered-set count="4702" />
  </mem-info>
</gc-start>
<allocation-stats totalBytes="54990768" >
  <allocated-bytes non-tlh="311664" tlh="54679104" />
  <largest-consumer threadName="Thread-3" threadId="00000000016F7900" bytes="53615448" />
</allocation-stats>
<gc-op id="226" type="scavenge" timems="10.809" contextid="223" timestamp="2019-01-09T09:13:01.510">
  <scavenger-info tenureage="10" tenuremask="7c00" tiltratio="77" />
  <memory-copied type="nursery" objects="99859" bytes="6213184" bytesdiscarded="272016" />
  <finalization candidates="970" enqueued="960" />
  <ownableSynchronizers candidates="384" cleared="0" />
  <references type="soft" candidates="3955" cleared="0" enqueued="0" dynamicThreshold="32" maxThreshold="32" />
  <references type="weak" candidates="4111" cleared="950" enqueued="945" />
</gc-op>
<gc-end id="227" type="scavenge" contextid="223" durationms="11.426" usertimems="37.490" systemtimems="3.071" timestamp="2019-01-09T09:13:01.511" activeThreads="16">
  <mem-info id="228" free="217458032" total="250085376" percent="86">
    <mem type="nursery" free="57072328" total="79429632" percent="71">
      <mem type="allocate" free="57072328" total="63569920" percent="89" />
      <mem type="survivor" free="0" total="15859712" percent="0" />
    </mem>
    <mem type="tenure" free="160385704" total="170655744" percent="93" macro-fragmented="0">
      <mem type="soa" free="151853736" total="162123776" percent="93" />
      <mem type="loa" free="8531968" total="8531968" percent="100" />
    </mem>
    <pending-finalizers system="960" default="0" reference="945" classloader="0" />
    <remembered-set count="4159" />
  </mem-info>
</gc-end>
<cycle-end id="229" type="scavenge" contextid="223" timestamp="2019-01-09T09:13:01.511" />
<allocation-satisfied id="230" threadId="00000000016F7900" bytesRequested="192" />
<af-end id="231" timestamp="2019-01-09T09:13:01.511" threadId="00000000016F8260" success="true" from="nursery"/>
<exclusive-end id="232" timestamp="2019-01-09T09:13:01.511" durationms="11.881" />

<exclusive-start id="233" timestamp="2019-01-09T09:13:05.015" intervalms="3515.750">
  <response-info timems="0.034" idlems="0.034" threads="0" lastid="00000000016F7900" lastname="Thread-3" />
</exclusive-start>
<af-start id="234" threadId="00000000016F8260" totalBytesRequested="24" timestamp="2019-01-09T09:13:05.015" intervalms="3515.755" type="nursery" />
<cycle-start id="235" type="scavenge" contextid="0" timestamp="2019-01-09T09:13:05.015" intervalms="3515.762" />
<gc-start id="236" type="scavenge" contextid="235" timestamp="2019-01-09T09:13:05.015">
  <mem-info id="237" free="160220776" total="250085376" percent="64">
    <mem type="nursery" free="0" total="79429632" percent="0">
      <mem type="allocate" free="0" total="63569920" percent="0" />
      <mem type="survivor" free="0" total="15859712" percent="0" />
    </mem>
    <mem type="tenure" free="160220776" total="170655744" percent="93">
      <mem type="soa" free="151688808" total="162123776" percent="93" />
      <mem type="loa" free="8531968" total="8531968" percent="100" />
    </mem>
    <remembered-set count="6287" />
  </mem-info>
</gc-start>
<allocation-stats totalBytes="57190496" >
  <allocated-bytes non-tlh="2464560" tlh="54725936" />
  <largest-consumer threadName="Thread-3" threadId="00000000016F7900" bytes="41417336" />
</allocation-stats>
<gc-op id="238" type="scavenge" timems="11.558" contextid="235" timestamp="2019-01-09T09:13:05.027">
  <scavenger-info tenureage="11" tenuremask="7800" tiltratio="80" />
  <memory-copied type="nursery" objects="124974" bytes="8781760" bytesdiscarded="422712" />
  <finalization candidates="1620" enqueued="1597" />
  <ownableSynchronizers candidates="517" cleared="19" />
  <references type="soft" candidates="4242" cleared="0" enqueued="0" dynamicThreshold="32" maxThreshold="32" />
  <references type="weak" candidates="4683" cleared="1203" enqueued="1191" />
  <references type="phantom" candidates="12" cleared="0" enqueued="0" />
</gc-op>
<gc-end id="239" type="scavenge" contextid="235" durationms="12.236" usertimems="42.194" systemtimems="3.956" timestamp="2019-01-09T09:13:05.028" activeThreads="16">
  <mem-info id="240" free="214964504" total="250085376" percent="85">
    <mem type="nursery" free="54743728" total="79429632" percent="68">
      <mem type="allocate" free="54743728" total="63963136" percent="85" />
      <mem type="survivor" free="0" total="15466496" percent="0" />
    </mem>
    <mem type="tenure" free="160220776" total="170655744" percent="93" macro-fragmented="1500163">
      <mem type="soa" free="151688808" total="162123776" percent="93" />
      <mem type="loa" free="8531968" total="8531968" percent="100" />
    </mem>
    <pending-finalizers system="1593" default="4" reference="1191" classloader="0" />
    <remembered-set count="6002" />
  </mem-info>
</gc-end>
<cycle-end id="241" type="scavenge" contextid="235" timestamp="2019-01-09T09:13:05.028" />
<allocation-satisfied id="242" threadId="00000000016F7900" bytesRequested="24" />
<af-end id="243" timestamp="2019-01-09T09:13:05.028" threadId="00000000016F8260" success="true" from="nursery"/>
<exclusive-end id="244" timestamp="2019-01-09T09:13:05.028" durationms="12.838" />

<exclusive-start id="245" timestamp="2019-01-09T09:13:05.269" intervalms="253.728">
  <response-info timems="0.031" idlems="0.031" threads="0" lastid="00000000016F7900" lastname="Thread-3" />
</exclusive-start>
<af-start id="246" threadId="00000000016F8260" totalBytesRequested="8200" timestamp="2019-01-09T09:13:05.269" intervalms="253.724" type="nursery" />
<cycle-start id="247" type="scavenge" contextid="0" timestamp="2019-01-09T09:13:05.269" intervalms="253.718" />
<gc-start id="248" type="scavenge" contextid="247" timestamp="2019-01-09T09:13:05.269">
  <mem-info id="249" free="160220776" total="250085376" percent="64">
    <mem type="nursery" free="0" total="79429632" percent="0">
      <mem type="allocate" free="0" total="63963136" percent="0" />
      <mem type="survivor" free="0" total="15466496" percent="0" />
    </mem>
    <mem type="tenure" free="160220776" total="170655744" percent="93">
      <mem type="soa" free="151688808" total="162123776" percent="93" />
      <mem type="loa" free="8531968" total="8531968" percent="100" />
    </mem>
    <remembered-set count="6014" />
  </mem-info>
</gc-start>
<allocation-stats totalBytes="54698496" >
  <allocated-bytes non-tlh="24" tlh="54698472" />
  <largest-consumer threadName="Thread-3" threadId="00000000016F7900" bytes="54657992" />
</allocation-stats>
<gc-op id="250" type="scavenge" timems="16.640" contextid="247" timestamp="2019-01-09T09:13:05.286">
  <scavenger-info tenureage="10" tenuremask="7c00" tiltratio="80" />
  <memory-copied type="nursery" objects="144663" bytes="15003608" bytesdiscarded="441792" />
  <memory-copied type="tenure" objects="3893" bytes="2000360" bytesdiscarded="8816" />
  <copy-failed type="nursery" objects="613" bytes="1864456" />
  <finalization candidates="3627" enqueued="3604" />
  <ownableSynchronizers candidates="498" cleared="4" />
  <references type="soft" candidates="4180" cleared="0" enqueued="0" dynamicThreshold="32" maxThreshold="32" />
  <references type="weak" candidates="3429" cleared="0" enqueued="0" />
  <references type="phantom" candidates="12" cleared="0" enqueued="0" />
</gc-op>
<heap-resize id="251" type="expand" space="nursery" amount="3014656" count="1" timems="0.051" reason="excessive time being spent scavenging" timestamp="2019-01-09T09:13:05.286" />
<gc-end id="252" type="scavenge" contextid="247" durationms="17.415" usertimems="57.600" systemtimems="8.605" timestamp="2019-01-09T09:13:05.286" activeThreads="16">
  <mem-info id="253" free="194069576" total="253100032" percent="76">
    <mem type="nursery" free="35848192" total="82444288" percent="43">
      <mem type="allocate" free="35848192" total="51314688" percent="69" />
      <mem type="survivor" free="0" total="31129600" percent="0" />
    </mem>
    <mem type="tenure" free="158221384" total="170655744" percent="92" macro-fragmented="0">
      <mem type="soa" free="149689416" total="162123776" percent="92" />
      <mem type="loa" free="8531968" total="8531968" percent="100" />
    </mem>
    <pending-finalizers system="3604" default="0" reference="0" classloader="0" />
    <remembered-set count="3157" />
  </mem-info>
</gc-end>
<cycle-end id="254" type="scavenge" contextid="247" timestamp="2019-01-09T09:13:05.287" />
<allocation-satisfied id="255" threadId="00000000016F7900" bytesRequested="8200" />
<af-end id="256" timestamp="2019-01-09T09:13:05.287" threadId="00000000016F8260" success="true" from="nursery"/>
<exclusive-end id="257" timestamp="2019-01-09T09:13:05.287" durationms="17.880" />

<exclusive-start id="258" timestamp="2019-01-09T09:13:05.436" intervalms="167.008">
  <response-info timems="0.033" idlems="0.033" threads="0" lastid="00000000016F7900" lastname="Thread-3" />
</exclusive-start>
<af-start id="259" threadId="00000000016F8260" totalBytesRequested="48" timestamp="2019-01-09T09:13:05.436" intervalms="167.006" type="nursery" />
<cycle-start id="260" type="scavenge" contextid="0" timestamp="2019-01-09T09:13:05.436" intervalms="166.999" />
<gc-start id="261" type="scavenge" contextid="260" timestamp="2019-01-09T09:13:05.436">
  <mem-info id="262" free="158218816" total="253100032" percent="62">
    <mem type="nursery" free="0" total="82444288" percent="0">
      <mem type="allocate" free="0" total="51314688" percent="0" />
      <mem type="survivor" free="0" total="31129600" percent="0" />
    </mem>
    <mem type="tenure" free="158218816" total="170655744" percent="92">
      <mem type="soa" free="149686848" total="162123776" percent="92" />
      <mem type="loa" free="8531968" total="8531968" percent="100" />
    </mem>
    <remembered-set count="3189" />
  </mem-info>
</gc-start>
<allocation-stats totalBytes="35830128" >
  <allocated-bytes non-tlh="32720" tlh="35797408" />
  <largest-consumer threadName="Thread-3" threadId="00000000016F7900" bytes="34627704" />
</allocation-stats>
<gc-op id="263" type="scavenge" timems="21.028" contextid="260" timestamp="2019-01-09T09:13:05.457">
  <scavenger-info tenureage="11" tenuremask="7800" tiltratio="62" />
  <memory-copied type="nursery" objects="163081" bytes="11613056" bytesdiscarded="627352" />
  <finalization candidates="2564" enqueued="2546" />
  <ownableSynchronizers candidates="419" cleared="1" />
  <references type="soft" candidates="4180" cleared="0" enqueued="0" dynamicThreshold="32" maxThreshold="32" />
  <references type="weak" candidates="3459" cleared="30" enqueued="30" />
  <references type="phantom" candidates="12" cleared="0" enqueued="0" />
</gc-op>
<heap-resize id="264" type="expand" space="nursery" amount="4456448" count="1" timems="0.036" reason="excessive time being spent scavenging" timestamp="2019-01-09T09:13:05.458" />
<gc-end id="265" type="scavenge" contextid="260" durationms="22.004" usertimems="51.320" systemtimems="11.595" timestamp="2019-01-09T09:13:05.458" activeThreads="16">
  <mem-info id="266" free="203239664" total="257556480" percent="78">
    <mem type="nursery" free="45020848" total="86900736" percent="51">
      <mem type="allocate" free="45020848" total="57278464" percent="78" />
      <mem type="survivor" free="0" total="29622272" percent="0" />
    </mem>
    <mem type="tenure" free="158218816" total="170655744" percent="92" macro-fragmented="0">
      <mem type="soa" free="149686848" total="162123776" percent="92" />
      <mem type="loa" free="8531968" total="8531968" percent="100" />
    </mem>
    <pending-finalizers system="2546" default="0" reference="30" classloader="0" />
    <remembered-set count="1738" />
  </mem-info>
</gc-end>
<cycle-end id="267" type="scavenge" contextid="260" timestamp="2019-01-09T09:13:05.458" />
<allocation-satisfied id="268" threadId="00000000016F7900" bytesRequested="48" />
<af-end id="269" timestamp="2019-01-09T09:13:05.458" threadId="00000000016F8260" success="true" from="nursery"/>
<exclusive-end id="270" timestamp="2019-01-09T09:13:05.458" durationms="22.468" />

<exclusive-start id="271" timestamp="2019-01-09T09:13:05.650" intervalms="213.831">
  <response-info timems="0.028" idlems="0.028" threads="0" lastid="00000000016F7900" lastname="Thread-3" />
</exclusive-start>
<af-start id="272" threadId="00000000016F8260" totalBytesRequested="8200" timestamp="2019-01-09T09:13:05.650" intervalms="213.829" type="nursery" />
<cycle-start id="273" type="scavenge" contextid="0" timestamp="2019-01-09T09:13:05.650" intervalms="213.827" />
<gc-start id="274" type="scavenge" contextid="273" timestamp="2019-01-09T09:13:05.650">
  <mem-info id="275" free="158218816" total="257556480" percent="61">
    <mem type="nursery" free="0" total="86900736" percent="0">
      <mem type="allocate" free="0" total="57278464" percent="0" />
      <mem type="survivor" free="0" total="29622272" percent="0" />
    </mem>
    <mem type="tenure" free="158218816" total="170655744" percent="92">
      <mem type="soa" free="149686848" total="162123776" percent="92" />
      <mem type="loa" free="8531968" total="8531968" percent="100" />
    </mem>
    <remembered-set count="1738" />
  </mem-info>
</gc-start>
<allocation-stats totalBytes="44986376" >
  <allocated-bytes non-tlh="455000" tlh="44531376" />
  <largest-consumer threadName="Thread-3" threadId="00000000016F7900" bytes="44957704" />
</allocation-stats>
<gc-op id="276" type="scavenge" timems="20.009" contextid="273" timestamp="2019-01-09T09:13:05.670">
  <scavenger-info tenureage="4" tenuremask="7810" tiltratio="65" />
  <memory-copied type="nursery" objects="109195" bytes="10875776" bytesdiscarded="461264" />
  <memory-copied type="tenure" objects="77741" bytes="3011880" bytesdiscarded="3848" />
  <finalization candidates="3398" enqueued="3380" />
  <ownableSynchronizers candidates="418" cleared="0" />
  <references type="soft" candidates="781" cleared="0" enqueued="0" dynamicThreshold="32" maxThreshold="32" />
  <references type="weak" candidates="692" cleared="0" enqueued="0" />
  <references type="phantom" candidates="12" cleared="0" enqueued="0" />
</gc-op>
<heap-resize id="277" type="expand" space="nursery" amount="3670016" count="1" timems="0.040" reason="excessive time being spent scavenging" timestamp="2019-01-09T09:13:05.671" />
<gc-end id="278" type="scavenge" contextid="273" durationms="22.136" usertimems="61.646" systemtimems="7.740" timestamp="2019-01-09T09:13:05.672" activeThreads="16">
  <mem-info id="279" free="208132680" total="261226496" percent="79">
    <mem type="nursery" free="52869800" total="90570752" percent="58">
      <mem type="allocate" free="52869800" total="64225280" percent="82" />
      <mem type="survivor" free="0" total="26345472" percent="0" />
    </mem>
    <mem type="tenure" free="155262880" total="170655744" percent="90" macro-fragmented="0">
      <mem type="soa" free="146730912" total="162123776" percent="90" />
      <mem type="loa" free="8531968" total="8531968" percent="100" />
    </mem>
    <pending-finalizers system="3380" default="0" reference="0" classloader="0" />
    <remembered-set count="2106" />
  </mem-info>
</gc-end>
<cycle-end id="280" type="scavenge" contextid="273" timestamp="2019-01-09T09:13:05.672" />
<allocation-satisfied id="281" threadId="00000000016F7900" bytesRequested="8200" />
<af-end id="282" timestamp="2019-01-09T09:13:05.672" threadId="00000000016F8260" success="true" from="nursery"/>
<exclusive-end id="283" timestamp="2019-01-09T09:13:05.672" durationms="22.606" />

<exclusive-start id="284" timestamp="2019-01-09T09:13:05.869" intervalms="219.285">
  <response-info timems="0.034" idlems="0.034" threads="0" lastid="00000000016F7900" lastname="Thread-3" />
</exclusive-start>
<af-start id="285" threadId="00000000016F8260" totalBytesRequested="16" timestamp="2019-01-09T09:13:05.869" intervalms="219.284" type="nursery" />
<cycle-start id="286" type="scavenge" contextid="0" timestamp="2019-01-09T09:13:05.869" intervalms="219.281" />
<gc-start id="287" type="scavenge" contextid="286" timestamp="2019-01-09T09:13:05.869">
  <mem-info id="288" free="155261856" total="261226496" percent="59">
    <mem type="nursery" free="0" total="90570752" percent="0">
      <mem type="allocate" free="0" total="64225280" percent="0" />
      <mem type="survivor" free="0" total="26345472" percent="0" />
    </mem>
    <mem type="tenure" free="155261856" total="170655744" percent="90">
      <mem type="soa" free="146729888" total="162123776" percent="90" />
      <mem type="loa" free="8531968" total="8531968" percent="100" />
    </mem>
    <remembered-set count="2120" />
  </mem-info>
</gc-start>
<allocation-stats totalBytes="52845384" >
  <allocated-bytes non-tlh="74768" tlh="52770616" />
  <largest-consumer threadName="Thread-3" threadId="00000000016F7900" bytes="52386880" />
</allocation-stats>
<gc-op id="289" type="scavenge" timems="21.432" contextid="286" timestamp="2019-01-09T09:13:05.891">
  <scavenger-info tenureage="8" tenuremask="7900" tiltratio="70" />
  <memory-copied type="nursery" objects="131347" bytes="13414768" bytesdiscarded="403792" />
  <memory-copied type="tenure" objects="4583" bytes="189592" bytesdiscarded="520" />
  <finalization candidates="3972" enqueued="3956" />
  <ownableSynchronizers candidates="221" cleared="2" />
  <references type="soft" candidates="652" cleared="0" enqueued="0" dynamicThreshold="32" maxThreshold="32" />
  <references type="weak" candidates="651" cleared="10" enqueued="10" />
  <references type="phantom" candidates="12" cleared="0" enqueued="0" />
</gc-op>
<heap-resize id="290" type="expand" space="nursery" amount="3670016" count="1" timems="0.037" reason="excessive time being spent scavenging" timestamp="2019-01-09T09:13:05.891" />
<gc-end id="291" type="scavenge" contextid="286" durationms="22.153" usertimems="51.099" systemtimems="7.103" timestamp="2019-01-09T09:13:05.891" activeThreads="16">
  <mem-info id="292" free="210267200" total="264896512" percent="79">
    <mem type="nursery" free="55432352" total="94240768" percent="58">
      <mem type="allocate" free="55432352" total="69271552" percent="80" />
      <mem type="survivor" free="0" total="24969216" percent="0" />
    </mem>
    <mem type="tenure" free="154834848" total="170655744" percent="90" macro-fragmented="0">
      <mem type="soa" free="146302880" total="162123776" percent="90" />
      <mem type="loa" free="8531968" total="8531968" percent="100" />
    </mem>
    <pending-finalizers system="3956" default="0" reference="10" classloader="0" />
    <remembered-set count="1997" />
  </mem-info>
</gc-end>
<cycle-end id="293" type="scavenge" contextid="286" timestamp="2019-01-09T09:13:05.892" />
<allocation-satisfied id="294" threadId="00000000016F7900" bytesRequested="16" />
<af-end id="295" timestamp="2019-01-09T09:13:05.892" threadId="00000000016F8260" success="true" from="nursery"/>
<exclusive-end id="296" timestamp="2019-01-09T09:13:05.892" durationms="22.814" />

<exclusive-start id="297" timestamp="2019-01-09T09:13:06.109" intervalms="239.949">
  <response-info timems="0.034" idlems="0.034" threads="0" lastid="00000000016F7900" lastname="Thread-3" />
</exclusive-start>
<af-start id="298" threadId="00000000016F8260" totalBytesRequested="8200" timestamp="2019-01-09T09:13:06.109" intervalms="239.946" type="nursery" />
<cycle-start id="299" type="scavenge" contextid="0" timestamp="2019-01-09T09:13:06.109" intervalms="239.947" />
<gc-start id="300" type="scavenge" contextid="299" timestamp="2019-01-09T09:13:06.109">
  <mem-info id="301" free="154834848" total="264896512" percent="58">
    <mem type="nursery" free="0" total="94240768" percent="0">
      <mem type="allocate" free="0" total="69271552" percent="0" />
      <mem type="survivor" free="0" total="24969216" percent="0" />
    </mem>
    <mem type="tenure" free="154834848" total="170655744" percent="90">
      <mem type="soa" free="146302880" total="162123776" percent="90" />
      <mem type="loa" free="8531968" total="8531968" percent="100" />
    </mem>
    <remembered-set count="1997" />
  </mem-info>
</gc-start>
<allocation-stats totalBytes="55398080" >
  <allocated-bytes non-tlh="16" tlh="55398064" />
  <largest-consumer threadName="Thread-3" threadId="00000000016F7900" bytes="55336648" />
</allocation-stats>
<gc-op id="302" type="scavenge" timems="14.801" contextid="299" timestamp="2019-01-09T09:13:06.124">
  <scavenger-info tenureage="5" tenuremask="7920" tiltratio="73" />
  <memory-copied type="nursery" objects="123968" bytes="13341728" bytesdiscarded="578288" />
  <memory-copied type="tenure" objects="31824" bytes="1580568" bytesdiscarded="1296" />
  <finalization candidates="3986" enqueued="3970" />
  <ownableSynchronizers candidates="184" cleared="1" />
  <references type="soft" candidates="18" cleared="0" enqueued="0" dynamicThreshold="32" maxThreshold="32" />
  <references type="weak" candidates="21" cleared="0" enqueued="0" />
  <references type="phantom" candidates="1" cleared="0" enqueued="0" />
</gc-op>
<gc-end id="303" type="scavenge" contextid="299" durationms="15.464" usertimems="55.868" systemtimems="4.867" timestamp="2019-01-09T09:13:06.125" activeThreads="16">
  <mem-info id="304" free="210984776" total="264896512" percent="79">
    <mem type="nursery" free="57891400" total="94240768" percent="61">
      <mem type="allocate" free="57891400" total="71827456" percent="80" />
      <mem type="survivor" free="0" total="22413312" percent="0" />
    </mem>
    <mem type="tenure" free="153093376" total="170655744" percent="89" macro-fragmented="868149">
      <mem type="soa" free="144561408" total="162123776" percent="89" />
      <mem type="loa" free="8531968" total="8531968" percent="100" />
    </mem>
    <pending-finalizers system="3970" default="0" reference="0" classloader="0" />
    <remembered-set count="668" />
  </mem-info>
</gc-end>
<cycle-end id="305" type="scavenge" contextid="299" timestamp="2019-01-09T09:13:06.125" />
<allocation-satisfied id="306" threadId="00000000016F7900" bytesRequested="8200" />
<af-end id="307" timestamp="2019-01-09T09:13:06.125" threadId="00000000016F8260" success="true" from="nursery"/>
<exclusive-end id="308" timestamp="2019-01-09T09:13:06.125" durationms="16.224" />

<exclusive-start id="309" timestamp="2019-01-09T09:13:06.422" intervalms="312.664">
  <response-info timems="0.025" idlems="0.018" threads="1" lastid="00000000015CE600" lastname="JIT Compilation Thread-1" />
</exclusive-start>
<af-start id="310" threadId="00000000016F8260" totalBytesRequested="7176" timestamp="2019-01-09T09:13:06.422" intervalms="312.663" type="nursery" />
<cycle-start id="311" type="scavenge" contextid="0" timestamp="2019-01-09T09:13:06.422" intervalms="312.683" />
<gc-start id="312" type="scavenge" contextid="311" timestamp="2019-01-09T09:13:06.422">
  <mem-info id="313" free="153072120" total="264896512" percent="57">
    <mem type="nursery" free="0" total="94240768" percent="0">
      <mem type="allocate" free="0" total="71827456" percent="0" />
      <mem type="survivor" free="0" total="22413312" percent="0" />
    </mem>
    <mem type="tenure" free="153072120" total="170655744" percent="89">
      <mem type="soa" free="144540152" total="162123776" percent="89" />
      <mem type="loa" free="8531968" total="8531968" percent="100" />
    </mem>
    <remembered-set count="1184" />
  </mem-info>
</gc-start>
<allocation-stats totalBytes="57846160" >
  <allocated-bytes non-tlh="144232" tlh="57701928" />
  <largest-consumer threadName="Thread-3" threadId="00000000016F7900" bytes="55680960" />
</allocation-stats>
<gc-op id="314" type="scavenge" timems="13.366" contextid="311" timestamp="2019-01-09T09:13:06.435">
  <scavenger-info tenureage="11" tenuremask="7800" tiltratio="76" />
  <memory-copied type="nursery" objects="148701" bytes="13761344" bytesdiscarded="373104" />
  <memory-copied type="tenure" objects="109" bytes="9808" bytesdiscarded="0" />
  <finalization candidates="3518" enqueued="3516" />
  <ownableSynchronizers candidates="9" cleared="0" />
  <references type="soft" candidates="24" cleared="0" enqueued="0" dynamicThreshold="32" maxThreshold="32" />
  <references type="weak" candidates="836" cleared="826" enqueued="826" />
  <references type="phantom" candidates="1" cleared="0" enqueued="0" />
</gc-op>
<gc-end id="315" type="scavenge" contextid="311" durationms="13.995" usertimems="53.448" systemtimems="1.851" timestamp="2019-01-09T09:13:06.436" activeThreads="16">
  <mem-info id="316" free="211799728" total="264896512" percent="79">
    <mem type="nursery" free="58727608" total="94240768" percent="62">
      <mem type="allocate" free="58727608" total="72876032" percent="80" />
      <mem type="survivor" free="0" total="21364736" percent="0" />
    </mem>
    <mem type="tenure" free="153072120" total="170655744" percent="89" macro-fragmented="602881">
      <mem type="soa" free="144540152" total="162123776" percent="89" />
      <mem type="loa" free="8531968" total="8531968" percent="100" />
    </mem>
    <pending-finalizers system="3516" default="0" reference="826" classloader="0" />
    <remembered-set count="1044" />
  </mem-info>
</gc-end>
<cycle-end id="317" type="scavenge" contextid="311" timestamp="2019-01-09T09:13:06.437" />
<allocation-satisfied id="318" threadId="00000000016F7900" bytesRequested="7176" />
<af-end id="319" timestamp="2019-01-09T09:13:06.437" threadId="00000000016F8260" success="true" from="nursery"/>
<exclusive-end id="320" timestamp="2019-01-09T09:13:06.437" durationms="15.121" />

<exclusive-start id="321" timestamp="2019-01-09T09:13:07.136" intervalms="714.166">
  <response-info timems="0.037" idlems="0.037" threads="0" lastid="00000000016F7900" lastname="Thread-3" />
</exclusive-start>
<af-start id="322" threadId="00000000016F8260" totalBytesRequested="80" timestamp="2019-01-09T09:13:07.136" intervalms="714.179" type="nursery" />
<cycle-start id="323" type="scavenge" contextid="0" timestamp="2019-01-09T09:13:07.136" intervalms="714.167" />
<gc-start id="324" type="scavenge" contextid="323" timestamp="2019-01-09T09:13:07.136">
  <mem-info id="325" free="152990128" total="264896512" percent="57">
    <mem type="nursery" free="0" total="94240768" percent="0">
      <mem type="allocate" free="0" total="72876032" percent="0" />
      <mem type="survivor" free="0" total="21364736" percent="0" />
    </mem>
    <mem type="tenure" free="152990128" total="170655744" percent="89">
      <mem type="soa" free="144458160" total="162123776" percent="89" />
      <mem type="loa" free="8531968" total="8531968" percent="100" />
    </mem>
    <remembered-set count="2619" />
  </mem-info>
</gc-start>
<allocation-stats totalBytes="58744136" >
  <allocated-bytes non-tlh="156200" tlh="58587936" />
  <largest-consumer threadName="Thread-3" threadId="00000000016F7900" bytes="57338840" />
</allocation-stats>
<gc-op id="326" type="scavenge" timems="16.073" contextid="323" timestamp="2019-01-09T09:13:07.152">
  <scavenger-info tenureage="11" tenuremask="7800" tiltratio="77" />
  <memory-copied type="nursery" objects="166127" bytes="8322184" bytesdiscarded="349232" />
  <finalization candidates="796" enqueued="794" />
  <ownableSynchronizers candidates="21" cleared="4" />
  <references type="soft" candidates="1719" cleared="0" enqueued="0" dynamicThreshold="32" maxThreshold="32" />
  <references type="weak" candidates="1169" cleared="1153" enqueued="1153" />
  <references type="phantom" candidates="1" cleared="0" enqueued="0" />
</gc-op>
<gc-end id="327" type="scavenge" contextid="323" durationms="16.734" usertimems="47.717" systemtimems="7.711" timestamp="2019-01-09T09:13:07.153" activeThreads="16">
  <mem-info id="328" free="218174288" total="264896512" percent="82">
    <mem type="nursery" free="65184160" total="94240768" percent="69">
      <mem type="allocate" free="65184160" total="73859072" percent="88" />
      <mem type="survivor" free="0" total="20381696" percent="0" />
    </mem>
    <mem type="tenure" free="152990128" total="170655744" percent="89" macro-fragmented="723458">
      <mem type="soa" free="144458160" total="162123776" percent="89" />
      <mem type="loa" free="8531968" total="8531968" percent="100" />
    </mem>
    <pending-finalizers system="794" default="0" reference="1153" classloader="0" />
    <remembered-set count="2504" />
  </mem-info>
</gc-end>
<cycle-end id="329" type="scavenge" contextid="323" timestamp="2019-01-09T09:13:07.153" />
<allocation-satisfied id="330" threadId="00000000016F7900" bytesRequested="80" />
<af-end id="331" timestamp="2019-01-09T09:13:07.153" threadId="00000000016F8260" success="true" from="nursery"/>
<exclusive-end id="332" timestamp="2019-01-09T09:13:07.153" durationms="17.389" />

<exclusive-start id="333" timestamp="2019-01-09T09:13:07.436" intervalms="300.030">
  <response-info timems="0.026" idlems="0.026" threads="0" lastid="00000000016F7900" lastname="Thread-3" />
</exclusive-start>
<af-start id="334" threadId="00000000016F8260" totalBytesRequested="88" timestamp="2019-01-09T09:13:07.436" intervalms="300.026" type="nursery" />
<cycle-start id="335" type="scavenge" contextid="0" timestamp="2019-01-09T09:13:07.436" intervalms="300.020" />
<gc-start id="336" type="scavenge" contextid="335" timestamp="2019-01-09T09:13:07.436">
  <mem-info id="337" free="152986832" total="264896512" percent="57">
    <mem type="nursery" free="0" total="94240768" percent="0">
      <mem type="allocate" free="0" total="73859072" percent="0" />
      <mem type="survivor" free="0" total="20381696" percent="0" />
    </mem>
    <mem type="tenure" free="152986832" total="170655744" percent="89">
      <mem type="soa" free="144454864" total="162123776" percent="89" />
      <mem type="loa" free="8531968" total="8531968" percent="100" />
    </mem>
    <remembered-set count="2736" />
  </mem-info>
</gc-start>
<allocation-stats totalBytes="65162576" >
  <allocated-bytes non-tlh="3376" tlh="65159200" />
  <largest-consumer threadName="Thread-3" threadId="00000000016F7900" bytes="65027408" />
</allocation-stats>
<gc-op id="338" type="scavenge" timems="21.731" contextid="335" timestamp="2019-01-09T09:13:07.458">
  <scavenger-info tenureage="11" tenuremask="7800" tiltratio="78" />
  <memory-copied type="nursery" objects="178350" bytes="15835280" bytesdiscarded="449520" />
  <finalization candidates="3446" enqueued="3442" />
  <ownableSynchronizers candidates="39" cleared="1" />
  <references type="soft" candidates="1892" cleared="0" enqueued="0" dynamicThreshold="32" maxThreshold="32" />
  <references type="weak" candidates="78" cleared="26" enqueued="21" />
  <references type="phantom" candidates="1" cleared="0" enqueued="0" />
</gc-op>
<heap-resize id="339" type="expand" space="nursery" amount="3670016" count="1" timems="0.046" reason="excessive time being spent scavenging" timestamp="2019-01-09T09:13:07.458" />
<gc-end id="340" type="scavenge" contextid="335" durationms="22.498" usertimems="58.567" systemtimems="7.836" timestamp="2019-01-09T09:13:07.458" activeThreads="16">
  <mem-info id="341" free="207008264" total="268566528" percent="77">
    <mem type="nursery" free="54021432" total="97910784" percent="55">
      <mem type="allocate" free="54021432" total="70320128" percent="76" />
      <mem type="survivor" free="0" total="27590656" percent="0" />
    </mem>
    <mem type="tenure" free="152986832" total="170655744" percent="89" macro-fragmented="0">
      <mem type="soa" free="144454864" total="162123776" percent="89" />
      <mem type="loa" free="8531968" total="8531968" percent="100" />
    </mem>
    <pending-finalizers system="3442" default="0" reference="21" classloader="0" />
    <remembered-set count="2665" />
  </mem-info>
</gc-end>
<cycle-end id="342" type="scavenge" contextid="335" timestamp="2019-01-09T09:13:07.459" />
<allocation-satisfied id="343" threadId="00000000016F7900" bytesRequested="88" />
<af-end id="344" timestamp="2019-01-09T09:13:07.459" threadId="00000000016F8260" success="true" from="nursery"/>
<exclusive-end id="345" timestamp="2019-01-09T09:13:07.459" durationms="22.985" />

<exclusive-start id="346" timestamp="2019-01-09T09:13:07.893" intervalms="456.889">
  <response-info timems="0.039" idlems="0.039" threads="0" lastid="00000000016F7900" lastname="Thread-3" />
</exclusive-start>
<af-start id="347" threadId="00000000016F8260" totalBytesRequested="120" timestamp="2019-01-09T09:13:07.893" intervalms="456.911" type="nursery" />
<cycle-start id="348" type="scavenge" contextid="0" timestamp="2019-01-09T09:13:07.893" intervalms="456.925" />
<gc-start id="349" type="scavenge" contextid="348" timestamp="2019-01-09T09:13:07.893">
  <mem-info id="350" free="152701968" total="268566528" percent="56">
    <mem type="nursery" free="0" total="97910784" percent="0">
      <mem type="allocate" free="0" total="70320128" percent="0" />
      <mem type="survivor" free="0" total="27590656" percent="0" />
    </mem>
    <mem type="tenure" free="152701968" total="170655744" percent="89">
      <mem type="soa" free="144170000" total="162123776" percent="88" />
      <mem type="loa" free="8531968" total="8531968" percent="100" />
    </mem>
    <remembered-set count="6353" />
  </mem-info>
</gc-start>
<allocation-stats totalBytes="54256448" >
  <allocated-bytes non-tlh="884032" tlh="53372416" />
  <largest-consumer threadName="Thread-3" threadId="00000000016F7900" bytes="48112592" />
</allocation-stats>
<gc-op id="351" type="scavenge" timems="29.127" contextid="348" timestamp="2019-01-09T09:13:07.922">
  <scavenger-info tenureage="11" tenuremask="7800" tiltratio="71" />
  <memory-copied type="nursery" objects="188233" bytes="13130656" bytesdiscarded="386008" />
  <memory-copied type="tenure" objects="542" bytes="20872" bytesdiscarded="0" />
  <finalization candidates="2400" enqueued="2385" />
  <ownableSynchronizers candidates="118" cleared="19" />
  <references type="soft" candidates="2219" cleared="0" enqueued="0" dynamicThreshold="32" maxThreshold="32" />
  <references type="weak" candidates="1403" cleared="1097" enqueued="1084" />
  <references type="phantom" candidates="4" cleared="0" enqueued="0" />
</gc-op>
<gc-end id="352" type="scavenge" contextid="348" durationms="29.805" usertimems="66.557" systemtimems="4.611" timestamp="2019-01-09T09:13:07.923" activeThreads="16">
  <mem-info id="353" free="212047832" total="268566528" percent="78">
    <mem type="nursery" free="59345864" total="97910784" percent="60">
      <mem type="allocate" free="59345864" total="72876032" percent="81" />
      <mem type="survivor" free="0" total="25034752" percent="0" />
    </mem>
    <mem type="tenure" free="152701968" total="170655744" percent="89" macro-fragmented="0">
      <mem type="soa" free="144170000" total="162123776" percent="88" />
      <mem type="loa" free="8531968" total="8531968" percent="100" />
    </mem>
    <pending-finalizers system="2384" default="1" reference="1084" classloader="0" />
    <remembered-set count="5059" />
  </mem-info>
</gc-end>
<cycle-end id="354" type="scavenge" contextid="348" timestamp="2019-01-09T09:13:07.923" />
<allocation-satisfied id="355" threadId="00000000016F7900" bytesRequested="120" />
<af-end id="356" timestamp="2019-01-09T09:13:07.923" threadId="00000000016F8260" success="true" from="nursery"/>
<exclusive-end id="357" timestamp="2019-01-09T09:13:07.923" durationms="30.334" />

<exclusive-start id="358" timestamp="2019-01-09T09:13:09.205" intervalms="1312.283">
  <response-info timems="0.027" idlems="0.027" threads="0" lastid="00000000016F7900" lastname="Thread-3" />
</exclusive-start>
<af-start id="359" threadId="00000000016F8260" totalBytesRequested="48" timestamp="2019-01-09T09:13:09.205" intervalms="1312.269" type="nursery" />
<cycle-start id="360" type="scavenge" contextid="0" timestamp="2019-01-09T09:13:09.205" intervalms="1312.502" />
<gc-start id="361" type="scavenge" contextid="360" timestamp="2019-01-09T09:13:09.205">
  <mem-info id="362" free="152624016" total="268566528" percent="56">
    <mem type="nursery" free="0" total="97910784" percent="0">
      <mem type="allocate" free="0" total="72876032" percent="0" />
      <mem type="survivor" free="0" total="25034752" percent="0" />
    </mem>
    <mem type="tenure" free="152624016" total="170655744" percent="89">
      <mem type="soa" free="144092048" total="162123776" percent="88" />
      <mem type="loa" free="8531968" total="8531968" percent="100" />
    </mem>
    <remembered-set count="6561" />
  </mem-info>
</gc-start>
<allocation-stats totalBytes="59393704" >
  <allocated-bytes non-tlh="652808" tlh="58740896" />
  <largest-consumer threadName="Thread-3" threadId="00000000016F7900" bytes="56643624" />
</allocation-stats>
<gc-op id="363" type="scavenge" timems="20.263" contextid="360" timestamp="2019-01-09T09:13:09.226">
  <scavenger-info tenureage="11" tenuremask="7800" tiltratio="74" />
  <memory-copied type="nursery" objects="387682" bytes="16780304" bytesdiscarded="347464" />
  <finalization candidates="654" enqueued="601" />
  <ownableSynchronizers candidates="1082" cleared="934" />
  <references type="soft" candidates="2710" cleared="0" enqueued="0" dynamicThreshold="32" maxThreshold="32" />
  <references type="weak" candidates="1174" cleared="783" enqueued="771" />
  <references type="phantom" candidates="8" cleared="0" enqueued="0" />
</gc-op>
<gc-end id="364" type="scavenge" contextid="360" durationms="21.282" usertimems="84.894" systemtimems="5.214" timestamp="2019-01-09T09:13:09.227" activeThreads="16">
  <mem-info id="365" free="208757992" total="268566528" percent="77">
    <mem type="nursery" free="56133976" total="97910784" percent="57">
      <mem type="allocate" free="56133976" total="73269248" percent="76" />
      <mem type="survivor" free="0" total="24641536" percent="0" />
    </mem>
    <mem type="tenure" free="152624016" total="170655744" percent="89" macro-fragmented="0">
      <mem type="soa" free="144092048" total="162123776" percent="88" />
      <mem type="loa" free="8531968" total="8531968" percent="100" />
    </mem>
    <pending-finalizers system="600" default="1" reference="771" classloader="0" />
    <remembered-set count="6267" />
  </mem-info>
</gc-end>
<cycle-end id="366" type="scavenge" contextid="360" timestamp="2019-01-09T09:13:09.227" />
<allocation-satisfied id="367" threadId="00000000016F7900" bytesRequested="48" />
<af-end id="368" timestamp="2019-01-09T09:13:09.227" threadId="00000000016F8260" success="true" from="nursery"/>
<exclusive-end id="369" timestamp="2019-01-09T09:13:09.227" durationms="22.046" />

<exclusive-start id="370" timestamp="2019-01-09T09:13:09.533" intervalms="327.991">
  <response-info timems="0.026" idlems="0.026" threads="0" lastid="00000000016F7900" lastname="Thread-3" />
</exclusive-start>
<af-start id="371" threadId="00000000016F8260" totalBytesRequested="40" timestamp="2019-01-09T09:13:09.533" intervalms="327.987" type="nursery" />
<cycle-start id="372" type="scavenge" contextid="0" timestamp="2019-01-09T09:13:09.533" intervalms="327.742" />
<gc-start id="373" type="scavenge" contextid="372" timestamp="2019-01-09T09:13:09.533">
  <mem-info id="374" free="152624016" total="268566528" percent="56">
    <mem type="nursery" free="0" total="97910784" percent="0">
      <mem type="allocate" free="0" total="73269248" percent="0" />
      <mem type="survivor" free="0" total="24641536" percent="0" />
    </mem>
    <mem type="tenure" free="152624016" total="170655744" percent="89">
      <mem type="soa" free="144092048" total="162123776" percent="88" />
      <mem type="loa" free="8531968" total="8531968" percent="100" />
    </mem>
    <remembered-set count="6289" />
  </mem-info>
</gc-start>
<allocation-stats totalBytes="56128784" >
  <allocated-bytes non-tlh="48" tlh="56128736" />
  <largest-consumer threadName="Thread-3" threadId="00000000016F7900" bytes="56001808" />
</allocation-stats>
<gc-op id="375" type="scavenge" timems="25.082" contextid="372" timestamp="2019-01-09T09:13:09.558">
  <scavenger-info tenureage="7" tenuremask="7c80" tiltratio="74" />
  <memory-copied type="nursery" objects="647942" bytes="22529288" bytesdiscarded="188000" />
  <memory-copied type="tenure" objects="45408" bytes="2017256" bytesdiscarded="1264" />
  <finalization candidates="53" enqueued="0" />
  <ownableSynchronizers candidates="151" cleared="4" />
  <references type="soft" candidates="2710" cleared="0" enqueued="0" dynamicThreshold="32" maxThreshold="32" />
  <references type="weak" candidates="391" cleared="0" enqueued="0" />
  <references type="phantom" candidates="7" cleared="0" enqueued="0" />
</gc-op>
<heap-resize id="376" type="expand" space="nursery" amount="4063232" count="1" timems="0.039" reason="excessive time being spent scavenging" timestamp="2019-01-09T09:13:09.559" />
<gc-end id="377" type="scavenge" contextid="372" durationms="26.195" usertimems="143.507" systemtimems="8.307" timestamp="2019-01-09T09:13:09.559" activeThreads="16">
  <mem-info id="378" free="196182776" total="272629760" percent="71">
    <mem type="nursery" free="45828464" total="101974016" percent="44">
      <mem type="allocate" free="45828464" total="68550656" percent="66" />
      <mem type="survivor" free="0" total="33423360" percent="0" />
    </mem>
    <mem type="tenure" free="150354312" total="170655744" percent="88" macro-fragmented="0">
      <mem type="soa" free="141822344" total="162123776" percent="87" />
      <mem type="loa" free="8531968" total="8531968" percent="100" />
    </mem>
    <remembered-set count="5794" />
  </mem-info>
</gc-end>
<cycle-end id="379" type="scavenge" contextid="372" timestamp="2019-01-09T09:13:09.560" />
<allocation-satisfied id="380" threadId="00000000016F7900" bytesRequested="40" />
<af-end id="381" timestamp="2019-01-09T09:13:09.560" threadId="00000000016F8260" success="true" from="nursery"/>
<exclusive-end id="382" timestamp="2019-01-09T09:13:09.560" durationms="26.707" />

<exclusive-start id="383" timestamp="2019-01-09T09:13:10.080" intervalms="547.357">
  <response-info timems="0.026" idlems="0.026" threads="0" lastid="00000000016F7900" lastname="Thread-3" />
</exclusive-start>
<af-start id="384" threadId="00000000016F8260" totalBytesRequested="40" timestamp="2019-01-09T09:13:10.080" intervalms="547.358" type="nursery" />
<cycle-start id="385" type="scavenge" contextid="0" timestamp="2019-01-09T09:13:10.080" intervalms="547.357" />
<gc-start id="386" type="scavenge" contextid="385" timestamp="2019-01-09T09:13:10.081">
  <mem-info id="387" free="150353984" total="272629760" percent="55">
    <mem type="nursery" free="0" total="101974016" percent="0">
      <mem type="allocate" free="0" total="68550656" percent="0" />
      <mem type="survivor" free="0" total="33423360" percent="0" />
    </mem>
    <mem type="tenure" free="150353984" total="170655744" percent="88">
      <mem type="soa" free="141822016" total="162123776" percent="87" />
      <mem type="loa" free="8531968" total="8531968" percent="100" />
    </mem>
    <remembered-set count="5836" />
  </mem-info>
</gc-start>
<allocation-stats totalBytes="45814808" >
  <allocated-bytes non-tlh="295504" tlh="45519304" />
  <largest-consumer threadName="Thread-3" threadId="00000000016F7900" bytes="45481808" />
</allocation-stats>
<gc-op id="388" type="scavenge" timems="26.877" contextid="385" timestamp="2019-01-09T09:13:10.107">
  <scavenger-info tenureage="7" tenuremask="7e80" tiltratio="67" />
  <memory-copied type="nursery" objects="683152" bytes="25419256" bytesdiscarded="313272" />
  <memory-copied type="tenure" objects="66264" bytes="2836040" bytesdiscarded="856" />
  <finalization candidates="55" enqueued="2" />
  <ownableSynchronizers candidates="187" cleared="39" />
  <references type="soft" candidates="2711" cleared="0" enqueued="0" dynamicThreshold="32" maxThreshold="32" />
  <references type="weak" candidates="402" cleared="5" enqueued="5" />
  <references type="phantom" candidates="7" cleared="0" enqueued="0" />
</gc-op>
<gc-end id="389" type="scavenge" contextid="385" durationms="27.542" usertimems="155.811" systemtimems="10.391" timestamp="2019-01-09T09:13:10.108" activeThreads="16">
  <mem-info id="390" free="190347184" total="272629760" percent="69">
    <mem type="nursery" free="42616688" total="101974016" percent="41">
      <mem type="allocate" free="42616688" total="68354048" percent="62" />
      <mem type="survivor" free="0" total="33619968" percent="0" />
    </mem>
    <mem type="tenure" free="147730496" total="170655744" percent="86" macro-fragmented="0">
      <mem type="soa" free="139198528" total="162123776" percent="85" />
      <mem type="loa" free="8531968" total="8531968" percent="100" />
    </mem>
    <pending-finalizers system="2" default="0" reference="5" classloader="0" />
    <remembered-set count="4487" />
  </mem-info>
</gc-end>
<cycle-end id="391" type="scavenge" contextid="385" timestamp="2019-01-09T09:13:10.108" />
<allocation-satisfied id="392" threadId="00000000016F7900" bytesRequested="40" />
<af-end id="393" timestamp="2019-01-09T09:13:10.108" threadId="00000000016F8260" success="true" from="nursery"/>
<exclusive-end id="394" timestamp="2019-01-09T09:13:10.108" durationms="28.066" />

<exclusive-start id="395" timestamp="2019-01-09T09:13:10.326" intervalms="245.913">
  <response-info timems="0.025" idlems="0.025" threads="0" lastid="00000000016F7900" lastname="Thread-3" />
</exclusive-start>
<af-start id="396" threadId="00000000016F8260" totalBytesRequested="48" timestamp="2019-01-09T09:13:10.326" intervalms="246.023" type="nursery" />
<cycle-start id="397" type="scavenge" contextid="0" timestamp="2019-01-09T09:13:10.326" intervalms="246.038" />
<gc-start id="398" type="scavenge" contextid="397" timestamp="2019-01-09T09:13:10.327">
  <mem-info id="399" free="147730496" total="272629760" percent="54">
    <mem type="nursery" free="0" total="101974016" percent="0">
      <mem type="allocate" free="0" total="68354048" percent="0" />
      <mem type="survivor" free="0" total="33619968" percent="0" />
    </mem>
    <mem type="tenure" free="147730496" total="170655744" percent="86">
      <mem type="soa" free="139198528" total="162123776" percent="85" />
      <mem type="loa" free="8531968" total="8531968" percent="100" />
    </mem>
    <remembered-set count="4487" />
  </mem-info>
</gc-start>
<allocation-stats totalBytes="42609808" >
  <allocated-bytes non-tlh="84368" tlh="42525440" />
  <largest-consumer threadName="Thread-3" threadId="00000000016F7900" bytes="42556560" />
</allocation-stats>
<gc-op id="400" type="scavenge" timems="31.845" contextid="397" timestamp="2019-01-09T09:13:10.358">
  <scavenger-info tenureage="6" tenuremask="7ec0" tiltratio="67" />
  <memory-copied type="nursery" objects="863908" bytes="31373792" bytesdiscarded="233800" />
  <memory-copied type="tenure" objects="48329" bytes="2025992" bytesdiscarded="696" />
  <finalization candidates="53" enqueued="0" />
  <ownableSynchronizers candidates="147" cleared="0" />
  <references type="soft" candidates="1010" cleared="0" enqueued="0" dynamicThreshold="32" maxThreshold="32" />
  <references type="weak" candidates="389" cleared="0" enqueued="0" />
  <references type="phantom" candidates="7" cleared="0" enqueued="0" />
</gc-op>
<heap-resize id="401" type="expand" space="nursery" amount="6422528" count="1" timems="0.048" reason="excessive time being spent scavenging" timestamp="2019-01-09T09:13:10.359" />
<gc-end id="402" type="scavenge" contextid="397" durationms="32.563" usertimems="168.833" systemtimems="6.029" timestamp="2019-01-09T09:13:10.359" activeThreads="16">
  <mem-info id="403" free="176892136" total="279052288" percent="63">
    <mem type="nursery" free="31498928" total="108396544" percent="29">
      <mem type="allocate" free="31498928" total="63111168" percent="49" />
      <mem type="survivor" free="0" total="45285376" percent="0" />
    </mem>
    <mem type="tenure" free="145393208" total="170655744" percent="85" macro-fragmented="81140">
      <mem type="soa" free="136861240" total="162123776" percent="84" />
      <mem type="loa" free="8531968" total="8531968" percent="100" />
    </mem>
    <remembered-set count="2113" />
  </mem-info>
</gc-end>
<cycle-end id="404" type="scavenge" contextid="397" timestamp="2019-01-09T09:13:10.359" />
<allocation-satisfied id="405" threadId="00000000016F7900" bytesRequested="48" />
<af-end id="406" timestamp="2019-01-09T09:13:10.359" threadId="00000000016F8260" success="true" from="nursery"/>
<exclusive-end id="407" timestamp="2019-01-09T09:13:10.359" durationms="33.230" />

<exclusive-start id="408" timestamp="2019-01-09T09:13:10.508" intervalms="181.514">
  <response-info timems="0.041" idlems="0.041" threads="0" lastid="00000000016F7900" lastname="Thread-3" />
</exclusive-start>
<af-start id="409" threadId="00000000016F8260" totalBytesRequested="48" timestamp="2019-01-09T09:13:10.508" intervalms="181.418" type="nursery" />
<cycle-start id="410" type="scavenge" contextid="0" timestamp="2019-01-09T09:13:10.508" intervalms="181.416" />
<gc-start id="411" type="scavenge" contextid="410" timestamp="2019-01-09T09:13:10.508">
  <mem-info id="412" free="145393208" total="279052288" percent="52">
    <mem type="nursery" free="0" total="108396544" percent="0">
      <mem type="allocate" free="0" total="63111168" percent="0" />
      <mem type="survivor" free="0" total="45285376" percent="0" />
    </mem>
    <mem type="tenure" free="145393208" total="170655744" percent="85">
      <mem type="soa" free="136861240" total="162123776" percent="84" />
      <mem type="loa" free="8531968" total="8531968" percent="100" />
    </mem>
    <remembered-set count="2133" />
  </mem-info>
</gc-start>
<allocation-stats totalBytes="31493480" >
  <allocated-bytes non-tlh="126528" tlh="31366952" />
  <largest-consumer threadName="Thread-3" threadId="00000000016F7900" bytes="31378864" />
</allocation-stats>
<gc-op id="413" type="scavenge" timems="39.219" contextid="410" timestamp="2019-01-09T09:13:10.547">
  <scavenger-info tenureage="2" tenuremask="7f24" tiltratio="58" />
  <memory-copied type="nursery" objects="560409" bytes="19808200" bytesdiscarded="526680" />
  <memory-copied type="tenure" objects="472310" bytes="17459424" bytesdiscarded="4184" />
  <finalization candidates="51" enqueued="0" />
  <ownableSynchronizers candidates="142" cleared="3" />
  <references type="soft" candidates="664" cleared="0" enqueued="0" dynamicThreshold="32" maxThreshold="32" />
  <references type="weak" candidates="121" cleared="0" enqueued="0" />
  <references type="phantom" candidates="4" cleared="0" enqueued="0" />
</gc-op>
<heap-resize id="414" type="expand" space="nursery" amount="10485760" count="1" timems="0.038" reason="excessive time being spent scavenging" timestamp="2019-01-09T09:13:10.547" />
<gc-end id="415" type="scavenge" contextid="410" durationms="39.913" usertimems="198.814" systemtimems="21.706" timestamp="2019-01-09T09:13:10.548" activeThreads="16">
  <mem-info id="416" free="181364528" total="289538048" percent="62">
    <mem type="nursery" free="52932800" total="118882304" percent="44">
      <mem type="allocate" free="52932800" total="73269248" percent="72" />
      <mem type="survivor" free="0" total="45613056" percent="0" />
    </mem>
    <mem type="tenure" free="128431728" total="170655744" percent="75" macro-fragmented="201903">
      <mem type="soa" free="119899760" total="162123776" percent="73" />
      <mem type="loa" free="8531968" total="8531968" percent="100" />
    </mem>
    <remembered-set count="15899" />
  </mem-info>
</gc-end>
<cycle-end id="417" type="scavenge" contextid="410" timestamp="2019-01-09T09:13:10.548" />
<allocation-satisfied id="418" threadId="00000000016F7900" bytesRequested="48" />
<af-end id="419" timestamp="2019-01-09T09:13:10.548" threadId="00000000016F8260" success="true" from="nursery"/>
<exclusive-end id="420" timestamp="2019-01-09T09:13:10.548" durationms="40.447" />

<exclusive-start id="421" timestamp="2019-01-09T09:13:10.941" intervalms="432.945">
  <response-info timems="0.029" idlems="0.029" threads="0" lastid="00000000016F7900" lastname="Thread-3" />
</exclusive-start>
<af-start id="422" threadId="00000000016F8260" totalBytesRequested="32" timestamp="2019-01-09T09:13:10.941" intervalms="432.958" type="nursery" />
<cycle-start id="423" type="scavenge" contextid="0" timestamp="2019-01-09T09:13:10.941" intervalms="432.946" />
<gc-start id="424" type="scavenge" contextid="423" timestamp="2019-01-09T09:13:10.941">
  <mem-info id="425" free="128431728" total="289538048" percent="44">
    <mem type="nursery" free="0" total="118882304" percent="0">
      <mem type="allocate" free="0" total="73269248" percent="0" />
      <mem type="survivor" free="0" total="45613056" percent="0" />
    </mem>
    <mem type="tenure" free="128431728" total="170655744" percent="75">
      <mem type="soa" free="119899760" total="162123776" percent="73" />
      <mem type="loa" free="8531968" total="8531968" percent="100" />
    </mem>
    <remembered-set count="16075" />
  </mem-info>
</gc-start>
<allocation-stats totalBytes="52922856" >
  <allocated-bytes non-tlh="1227048" tlh="51695808" />
  <largest-consumer threadName="Thread-3" threadId="00000000016F7900" bytes="50996504" />
</allocation-stats>
<gc-op id="426" type="scavenge" timems="31.257" contextid="423" timestamp="2019-01-09T09:13:10.972">
  <scavenger-info tenureage="4" tenuremask="7f10" tiltratio="61" />
  <memory-copied type="nursery" objects="611240" bytes="21976136" bytesdiscarded="261712" />
  <memory-copied type="tenure" objects="117871" bytes="3893456" bytesdiscarded="648" />
  <finalization candidates="43" enqueued="3" />
  <ownableSynchronizers candidates="126" cleared="47" />
  <references type="soft" candidates="664" cleared="0" enqueued="0" dynamicThreshold="32" maxThreshold="32" />
  <references type="weak" candidates="126" cleared="4" enqueued="4" />
  <references type="phantom" candidates="4" cleared="0" enqueued="0" />
</gc-op>
<gc-end id="427" type="scavenge" contextid="423" durationms="31.893" usertimems="156.676" systemtimems="2.654" timestamp="2019-01-09T09:13:10.973" activeThreads="16">
  <mem-info id="428" free="181820064" total="289538048" percent="62">
    <mem type="nursery" free="57583152" total="118882304" percent="48">
      <mem type="allocate" free="57583152" total="79822848" percent="72" />
      <mem type="survivor" free="0" total="39059456" percent="0" />
    </mem>
    <mem type="tenure" free="124236912" total="170655744" percent="72" macro-fragmented="0">
      <mem type="soa" free="115704944" total="162123776" percent="71" />
      <mem type="loa" free="8531968" total="8531968" percent="100" />
    </mem>
    <pending-finalizers system="3" default="0" reference="4" classloader="0" />
    <remembered-set count="1178" />
  </mem-info>
</gc-end>
<cycle-end id="429" type="scavenge" contextid="423" timestamp="2019-01-09T09:13:10.973" />
<allocation-satisfied id="430" threadId="00000000016F7900" bytesRequested="32" />
<af-end id="431" timestamp="2019-01-09T09:13:10.973" threadId="00000000016F8260" success="true" from="nursery"/>
<exclusive-end id="432" timestamp="2019-01-09T09:13:10.973" durationms="32.422" />

<exclusive-start id="433" timestamp="2019-01-09T09:13:11.271" intervalms="330.379">
  <response-info timems="0.027" idlems="0.027" threads="0" lastid="00000000016F7900" lastname="Thread-3" />
</exclusive-start>
<af-start id="434" threadId="00000000016F8260" totalBytesRequested="40" timestamp="2019-01-09T09:13:11.271" intervalms="330.366" type="nursery" />
<cycle-start id="435" type="scavenge" contextid="0" timestamp="2019-01-09T09:13:11.271" intervalms="330.370" />
<gc-start id="436" type="scavenge" contextid="435" timestamp="2019-01-09T09:13:11.271">
  <mem-info id="437" free="124236912" total="289538048" percent="42">
    <mem type="nursery" free="0" total="118882304" percent="0">
      <mem type="allocate" free="0" total="79822848" percent="0" />
      <mem type="survivor" free="0" total="39059456" percent="0" />
    </mem>
    <mem type="tenure" free="124236912" total="170655744" percent="72">
      <mem type="soa" free="115704944" total="162123776" percent="71" />
      <mem type="loa" free="8531968" total="8531968" percent="100" />
    </mem>
    <remembered-set count="1223" />
  </mem-info>
</gc-start>
<allocation-stats totalBytes="57571856" >
  <allocated-bytes non-tlh="88464" tlh="57483392" />
  <largest-consumer threadName="Thread-3" threadId="00000000016F7900" bytes="57342624" />
</allocation-stats>
<gc-op id="438" type="scavenge" timems="18.871" contextid="435" timestamp="2019-01-09T09:13:11.290">
  <scavenger-info tenureage="6" tenuremask="7f40" tiltratio="67" />
  <memory-copied type="nursery" objects="859653" bytes="28435056" bytesdiscarded="212608" />
  <memory-copied type="tenure" objects="44397" bytes="1985184" bytesdiscarded="1384" />
  <finalization candidates="40" enqueued="2" />
  <ownableSynchronizers candidates="90" cleared="11" />
  <references type="weak" candidates="5" cleared="0" enqueued="0" />
  <references type="phantom" candidates="6" cleared="0" enqueued="0" />
</gc-op>
<heap-resize id="439" type="expand" space="nursery" amount="4456448" count="1" timems="0.043" reason="excessive time being spent scavenging" timestamp="2019-01-09T09:13:11.290" />
<gc-end id="440" type="scavenge" contextid="435" durationms="19.595" usertimems="172.660" systemtimems="4.095" timestamp="2019-01-09T09:13:11.291" activeThreads="16">
  <mem-info id="441" free="173902880" total="293994496" percent="59">
    <mem type="nursery" free="51764960" total="123338752" percent="41">
      <mem type="allocate" free="51764960" total="80412672" percent="64" />
      <mem type="survivor" free="0" total="42926080" percent="0" />
    </mem>
    <mem type="tenure" free="122137920" total="170655744" percent="71" macro-fragmented="0">
      <mem type="soa" free="113605952" total="162123776" percent="70" />
      <mem type="loa" free="8531968" total="8531968" percent="100" />
    </mem>
    <pending-finalizers system="1" default="1" reference="0" classloader="0" />
    <remembered-set count="356" />
  </mem-info>
</gc-end>
<cycle-end id="442" type="scavenge" contextid="435" timestamp="2019-01-09T09:13:11.291" />
<allocation-satisfied id="443" threadId="00000000016F7900" bytesRequested="40" />
<af-end id="444" timestamp="2019-01-09T09:13:11.291" threadId="00000000016F8260" success="true" from="nursery"/>
<exclusive-end id="445" timestamp="2019-01-09T09:13:11.291" durationms="20.246" />

<exclusive-start id="446" timestamp="2019-01-09T09:13:11.563" intervalms="291.895">
  <response-info timems="0.033" idlems="0.033" threads="0" lastid="00000000016F7900" lastname="Thread-3" />
</exclusive-start>
<af-start id="447" threadId="00000000016F8260" totalBytesRequested="80" timestamp="2019-01-09T09:13:11.563" intervalms="291.885" type="nursery" />
<cycle-start id="448" type="scavenge" contextid="0" timestamp="2019-01-09T09:13:11.563" intervalms="291.887" />
<gc-start id="449" type="scavenge" contextid="448" timestamp="2019-01-09T09:13:11.563">
  <mem-info id="450" free="122137920" total="293994496" percent="41">
    <mem type="nursery" free="0" total="123338752" percent="0">
      <mem type="allocate" free="0" total="80412672" percent="0" />
      <mem type="survivor" free="0" total="42926080" percent="0" />
    </mem>
    <mem type="tenure" free="122137920" total="170655744" percent="71">
      <mem type="soa" free="113605952" total="162123776" percent="70" />
      <mem type="loa" free="8531968" total="8531968" percent="100" />
    </mem>
    <remembered-set count="380" />
  </mem-info>
</gc-start>
<allocation-stats totalBytes="51755528" >
  <allocated-bytes non-tlh="553368" tlh="51202160" />
  <largest-consumer threadName="Thread-3" threadId="00000000016F7900" bytes="51636816" />
</allocation-stats>
<gc-op id="451" type="scavenge" timems="12.707" contextid="448" timestamp="2019-01-09T09:13:11.576">
  <scavenger-info tenureage="2" tenuremask="7f84" tiltratio="65" />
  <memory-copied type="nursery" objects="365741" bytes="13874424" bytesdiscarded="235128" />
  <memory-copied type="tenure" objects="102411" bytes="3578992" bytesdiscarded="1312" />
  <ownableSynchronizers candidates="24" cleared="14" />
  <references type="weak" candidates="5" cleared="0" enqueued="0" />
  <references type="phantom" candidates="6" cleared="0" enqueued="0" />
</gc-op>
<gc-end id="452" type="scavenge" contextid="448" durationms="13.340" usertimems="101.351" systemtimems="4.051" timestamp="2019-01-09T09:13:11.577" activeThreads="16">
  <mem-info id="453" free="188018120" total="293994496" percent="63">
    <mem type="nursery" free="69317768" total="123338752" percent="56">
      <mem type="allocate" free="69317768" total="83427328" percent="83" />
      <mem type="survivor" free="0" total="39911424" percent="0" />
    </mem>
    <mem type="tenure" free="118700352" total="170655744" percent="69" macro-fragmented="67617">
      <mem type="soa" free="110168384" total="162123776" percent="67" />
      <mem type="loa" free="8531968" total="8531968" percent="100" />
    </mem>
    <remembered-set count="19285" />
  </mem-info>
</gc-end>
<cycle-end id="454" type="scavenge" contextid="448" timestamp="2019-01-09T09:13:11.577" />
<allocation-satisfied id="455" threadId="00000000016F7900" bytesRequested="80" />
<af-end id="456" timestamp="2019-01-09T09:13:11.577" threadId="00000000016F8260" success="true" from="nursery"/>
<exclusive-end id="457" timestamp="2019-01-09T09:13:11.577" durationms="14.056" />

<exclusive-start id="458" timestamp="2019-01-09T09:13:12.164" intervalms="601.612">
  <response-info timems="0.032" idlems="0.032" threads="0" lastid="0000000002204800" lastname="pool-10-thread-1" />
</exclusive-start>
<af-start id="459" threadId="0000000002205160" totalBytesRequested="64" timestamp="2019-01-09T09:13:12.165" intervalms="601.613" type="nursery" />
<cycle-start id="460" type="scavenge" contextid="0" timestamp="2019-01-09T09:13:12.165" intervalms="601.616" />
<gc-start id="461" type="scavenge" contextid="460" timestamp="2019-01-09T09:13:12.165">
  <mem-info id="462" free="118697744" total="293994496" percent="40">
    <mem type="nursery" free="0" total="123338752" percent="0">
      <mem type="allocate" free="0" total="83427328" percent="0" />
      <mem type="survivor" free="0" total="39911424" percent="0" />
    </mem>
    <mem type="tenure" free="118697744" total="170655744" percent="69">
      <mem type="soa" free="110165776" total="162123776" percent="67" />
      <mem type="loa" free="8531968" total="8531968" percent="100" />
    </mem>
    <remembered-set count="19410" />
  </mem-info>
</gc-start>
<allocation-stats totalBytes="69306360" >
  <allocated-bytes non-tlh="14567952" tlh="54738408" />
  <largest-consumer threadName="pool-10-thread-1" threadId="0000000002204800" bytes="48851608" />
</allocation-stats>
<gc-op id="463" type="scavenge" timems="38.591" contextid="460" timestamp="2019-01-09T09:13:12.203">
  <scavenger-info tenureage="4" tenuremask="7fb0" tiltratio="67" />
  <memory-copied type="nursery" objects="636414" bytes="23035040" bytesdiscarded="362136" />
  <memory-copied type="tenure" objects="151597" bytes="6795832" bytesdiscarded="1824" />
  <finalization candidates="25" enqueued="24" />
  <ownableSynchronizers candidates="53" cleared="39" />
  <references type="soft" candidates="61" cleared="0" enqueued="0" dynamicThreshold="32" maxThreshold="32" />
  <references type="weak" candidates="123" cleared="37" enqueued="35" />
  <references type="phantom" candidates="6" cleared="0" enqueued="0" />
</gc-op>
<gc-end id="464" type="scavenge" contextid="460" durationms="39.240" usertimems="212.203" systemtimems="8.684" timestamp="2019-01-09T09:13:12.204" activeThreads="16">
  <mem-info id="465" free="171878408" total="293994496" percent="58">
    <mem type="nursery" free="60292104" total="123338752" percent="48">
      <mem type="allocate" free="60292104" total="83689472" percent="72" />
      <mem type="survivor" free="0" total="39649280" percent="0" />
    </mem>
    <mem type="tenure" free="111586304" total="170655744" percent="65" macro-fragmented="0">
      <mem type="soa" free="103054336" total="162123776" percent="63" />
      <mem type="loa" free="8531968" total="8531968" percent="100" />
    </mem>
    <pending-finalizers system="24" default="0" reference="35" classloader="0" />
    <remembered-set count="408" />
  </mem-info>
</gc-end>
<cycle-end id="466" type="scavenge" contextid="460" timestamp="2019-01-09T09:13:12.204" />
<allocation-satisfied id="467" threadId="0000000002204800" bytesRequested="64" />
<af-end id="468" timestamp="2019-01-09T09:13:12.204" threadId="0000000002205160" success="true" from="nursery"/>
<exclusive-end id="469" timestamp="2019-01-09T09:13:12.204" durationms="39.823" />

<exclusive-start id="470" timestamp="2019-01-09T09:13:12.322" intervalms="157.793">
  <response-info timems="0.029" idlems="0.029" threads="0" lastid="0000000002204800" lastname="pool-10-thread-1" />
</exclusive-start>
<af-start id="471" threadId="0000000002205160" totalBytesRequested="64" timestamp="2019-01-09T09:13:12.322" intervalms="157.785" type="nursery" />
<cycle-start id="472" type="scavenge" contextid="0" timestamp="2019-01-09T09:13:12.322" intervalms="157.774" />
<gc-start id="473" type="scavenge" contextid="472" timestamp="2019-01-09T09:13:12.323">
  <mem-info id="474" free="111586304" total="293994496" percent="37">
    <mem type="nursery" free="0" total="123338752" percent="0">
      <mem type="allocate" free="0" total="83689472" percent="0" />
      <mem type="survivor" free="0" total="39649280" percent="0" />
    </mem>
    <mem type="tenure" free="111586304" total="170655744" percent="65">
      <mem type="soa" free="103054336" total="162123776" percent="63" />
      <mem type="loa" free="8531968" total="8531968" percent="100" />
    </mem>
    <remembered-set count="409" />
  </mem-info>
</gc-start>
<allocation-stats totalBytes="60282048" >
  <allocated-bytes non-tlh="11925456" tlh="48356592" />
  <largest-consumer threadName="pool-10-thread-1" threadId="0000000002204800" bytes="45129584" />
</allocation-stats>
<gc-op id="475" type="scavenge" timems="42.807" contextid="472" timestamp="2019-01-09T09:13:12.365">
  <scavenger-info tenureage="7" tenuremask="7f80" tiltratio="67" />
  <memory-copied type="nursery" objects="1064836" bytes="39576416" bytesdiscarded="72784" />
  <memory-copied type="tenure" objects="119445" bytes="2979920" bytesdiscarded="1064" />
  <copy-failed type="nursery" objects="119445" bytes="2979920" />
  <finalization candidates="1" enqueued="0" />
  <ownableSynchronizers candidates="14" cleared="0" />
  <references type="soft" candidates="61" cleared="0" enqueued="0" dynamicThreshold="32" maxThreshold="32" />
  <references type="weak" candidates="86" cleared="0" enqueued="0" />
  <references type="phantom" candidates="6" cleared="0" enqueued="0" />
</gc-op>
<heap-resize id="476" type="expand" space="nursery" amount="17170432" count="1" timems="0.036" reason="excessive time being spent scavenging" timestamp="2019-01-09T09:13:12.366" />
<gc-end id="477" type="scavenge" contextid="472" durationms="43.775" usertimems="233.748" systemtimems="10.011" timestamp="2019-01-09T09:13:12.366" activeThreads="16">
  <mem-info id="478" free="139853056" total="311164928" percent="44">
    <mem type="nursery" free="30605312" total="140509184" percent="21">
      <mem type="allocate" free="30605312" total="70254592" percent="43" />
      <mem type="survivor" free="0" total="70254592" percent="0" />
    </mem>
    <mem type="tenure" free="109247744" total="170655744" percent="64" macro-fragmented="0">
      <mem type="soa" free="100715776" total="162123776" percent="62" />
      <mem type="loa" free="8531968" total="8531968" percent="100" />
    </mem>
    <remembered-set count="7947" />
  </mem-info>
</gc-end>
<cycle-end id="479" type="scavenge" contextid="472" timestamp="2019-01-09T09:13:12.366" />
<allocation-satisfied id="480" threadId="0000000002204800" bytesRequested="64" />
<af-end id="481" timestamp="2019-01-09T09:13:12.367" threadId="0000000002205160" success="true" from="nursery"/>
<exclusive-end id="482" timestamp="2019-01-09T09:13:12.367" durationms="44.274" />

<exclusive-start id="483" timestamp="2019-01-09T09:13:12.443" intervalms="120.362">
  <response-info timems="0.028" idlems="0.020" threads="1" lastid="00000000016F7900" lastname="Thread-3" />
</exclusive-start>
<af-start id="484" threadId="0000000002205160" totalBytesRequested="48" timestamp="2019-01-09T09:13:12.443" intervalms="120.387" type="nursery" />
<cycle-start id="485" type="scavenge" contextid="0" timestamp="2019-01-09T09:13:12.443" intervalms="120.388" />
<gc-start id="486" type="scavenge" contextid="485" timestamp="2019-01-09T09:13:12.443">
  <mem-info id="487" free="109247744" total="311164928" percent="35">
    <mem type="nursery" free="0" total="140509184" percent="0">
      <mem type="allocate" free="0" total="70254592" percent="0" />
      <mem type="survivor" free="0" total="70254592" percent="0" />
    </mem>
    <mem type="tenure" free="109247744" total="170655744" percent="64">
      <mem type="soa" free="100715776" total="162123776" percent="62" />
      <mem type="loa" free="8531968" total="8531968" percent="100" />
    </mem>
    <remembered-set count="7947" />
  </mem-info>
</gc-start>
<allocation-stats totalBytes="30598504" >
  <allocated-bytes non-tlh="640336" tlh="29958168" />
  <largest-consumer threadName="pool-10-thread-1" threadId="0000000002204800" bytes="22505160" />
</allocation-stats>
<gc-op id="488" type="scavenge" timems="51.836" contextid="485" timestamp="2019-01-09T09:13:12.495">
  <scavenger-info tenureage="4" tenuremask="7fd0" tiltratio="50" />
  <memory-copied type="nursery" objects="1251155" bytes="44270376" bytesdiscarded="294680" />
  <memory-copied type="tenure" objects="92432" bytes="2846536" bytesdiscarded="1216" />
  <finalization candidates="1" enqueued="0" />
  <ownableSynchronizers candidates="14" cleared="0" />
  <references type="soft" candidates="61" cleared="0" enqueued="0" dynamicThreshold="32" maxThreshold="32" />
  <references type="weak" candidates="82" cleared="0" enqueued="0" />
</gc-op>
<heap-resize id="489" type="expand" space="nursery" amount="27394048" count="1" timems="0.036" reason="excessive time being spent scavenging" timestamp="2019-01-09T09:13:12.495" />
<gc-end id="490" type="scavenge" contextid="485" durationms="52.521" usertimems="284.846" systemtimems="10.831" timestamp="2019-01-09T09:13:12.495" activeThreads="16">
  <mem-info id="491" free="158760304" total="338558976" percent="46">
    <mem type="nursery" free="52755824" total="167903232" percent="31">
      <mem type="allocate" free="52755824" total="97320960" percent="54" />
      <mem type="survivor" free="0" total="70582272" percent="0" />
    </mem>
    <mem type="tenure" free="106004480" total="170655744" percent="62" macro-fragmented="0">
      <mem type="soa" free="97472512" total="162123776" percent="60" />
      <mem type="loa" free="8531968" total="8531968" percent="100" />
    </mem>
    <remembered-set count="5662" />
  </mem-info>
</gc-end>
<cycle-end id="492" type="scavenge" contextid="485" timestamp="2019-01-09T09:13:12.496" />
<allocation-satisfied id="493" threadId="0000000002204800" bytesRequested="48" />
<af-end id="494" timestamp="2019-01-09T09:13:12.496" threadId="0000000002205160" success="true" from="nursery"/>
<exclusive-end id="495" timestamp="2019-01-09T09:13:12.496" durationms="53.033" />

<exclusive-start id="496" timestamp="2019-01-09T09:13:12.623" intervalms="180.655">
  <response-info timems="0.036" idlems="0.036" threads="0" lastid="0000000002204800" lastname="pool-10-thread-1" />
</exclusive-start>
<af-start id="497" threadId="0000000002205160" totalBytesRequested="56" timestamp="2019-01-09T09:13:12.623" intervalms="180.635" type="nursery" />
<cycle-start id="498" type="scavenge" contextid="0" timestamp="2019-01-09T09:13:12.623" intervalms="180.632" />
<gc-start id="499" type="scavenge" contextid="498" timestamp="2019-01-09T09:13:12.624">
  <mem-info id="500" free="106004480" total="338558976" percent="31">
    <mem type="nursery" free="0" total="167903232" percent="0">
      <mem type="allocate" free="0" total="97320960" percent="0" />
      <mem type="survivor" free="0" total="70582272" percent="0" />
    </mem>
    <mem type="tenure" free="106004480" total="170655744" percent="62">
      <mem type="soa" free="97472512" total="162123776" percent="60" />
      <mem type="loa" free="8531968" total="8531968" percent="100" />
    </mem>
    <remembered-set count="5680" />
  </mem-info>
</gc-start>
<allocation-stats totalBytes="52744608" >
  <allocated-bytes non-tlh="960448" tlh="51784160" />
  <largest-consumer threadName="pool-10-thread-1" threadId="0000000002204800" bytes="35286928" />
</allocation-stats>
<gc-op id="501" type="scavenge" timems="52.535" contextid="498" timestamp="2019-01-09T09:13:12.676">
  <scavenger-info tenureage="3" tenuremask="7ff8" tiltratio="57" />
  <memory-copied type="nursery" objects="1354203" bytes="46752832" bytesdiscarded="219224" />
  <memory-copied type="tenure" objects="519191" bytes="14229280" bytesdiscarded="1264" />
  <finalization candidates="1" enqueued="0" />
  <ownableSynchronizers candidates="17" cleared="3" />
</gc-op>
<heap-resize id="502" type="expand" space="nursery" amount="22937600" count="1" timems="0.036" reason="excessive time being spent scavenging" timestamp="2019-01-09T09:13:12.676" />
<gc-end id="503" type="scavenge" contextid="498" durationms="53.213" usertimems="367.612" systemtimems="15.687" timestamp="2019-01-09T09:13:12.677" activeThreads="16">
  <mem-info id="504" free="168317424" total="361496576" percent="46">
    <mem type="nursery" free="76694376" total="190840832" percent="40">
      <mem type="allocate" free="76694376" total="123666432" percent="62" />
      <mem type="survivor" free="0" total="67174400" percent="0" />
    </mem>
    <mem type="tenure" free="91623048" total="170655744" percent="53" macro-fragmented="0">
      <mem type="soa" free="83091080" total="162123776" percent="51" />
      <mem type="loa" free="8531968" total="8531968" percent="100" />
    </mem>
    <remembered-set count="494" />
  </mem-info>
</gc-end>
<cycle-end id="505" type="scavenge" contextid="498" timestamp="2019-01-09T09:13:12.677" />
<allocation-satisfied id="506" threadId="0000000002204800" bytesRequested="56" />
<af-end id="507" timestamp="2019-01-09T09:13:12.677" threadId="0000000002205160" success="true" from="nursery"/>
<exclusive-end id="508" timestamp="2019-01-09T09:13:12.677" durationms="53.902" />

<exclusive-start id="509" timestamp="2019-01-09T09:13:12.821" intervalms="197.357">
  <response-info timems="0.035" idlems="0.025" threads="1" lastid="00000000016F7900" lastname="Thread-3" />
</exclusive-start>
<af-start id="510" threadId="0000000002205160" totalBytesRequested="48" timestamp="2019-01-09T09:13:12.821" intervalms="197.355" type="nursery" />
<cycle-start id="511" type="scavenge" contextid="0" timestamp="2019-01-09T09:13:12.821" intervalms="197.357" />
<gc-start id="512" type="scavenge" contextid="511" timestamp="2019-01-09T09:13:12.821">
  <mem-info id="513" free="91622408" total="361496576" percent="25">
    <mem type="nursery" free="0" total="190840832" percent="0">
      <mem type="allocate" free="0" total="123666432" percent="0" />
      <mem type="survivor" free="0" total="67174400" percent="0" />
    </mem>
    <mem type="tenure" free="91622408" total="170655744" percent="53">
      <mem type="soa" free="83090440" total="162123776" percent="51" />
      <mem type="loa" free="8531968" total="8531968" percent="100" />
    </mem>
    <remembered-set count="524" />
  </mem-info>
</gc-start>
<allocation-stats totalBytes="76682472" >
  <allocated-bytes non-tlh="23068176" tlh="53614296" />
  <largest-consumer threadName="pool-10-thread-1" threadId="0000000002204800" bytes="65267872" />
</allocation-stats>
<gc-op id="514" type="scavenge" timems="33.420" contextid="511" timestamp="2019-01-09T09:13:12.854">
  <scavenger-info tenureage="3" tenuremask="7ff8" tiltratio="64" />
  <memory-copied type="nursery" objects="1213220" bytes="55159808" bytesdiscarded="347720" />
  <memory-copied type="tenure" objects="453007" bytes="11251776" bytesdiscarded="1064" />
  <finalization candidates="2" enqueued="2" />
  <ownableSynchronizers candidates="3" cleared="0" />
  <references type="weak" candidates="2" cleared="2" enqueued="2" />
</gc-op>
<heap-resize id="515" type="expand" space="nursery" amount="16384000" count="1" timems="0.039" reason="excessive time being spent scavenging" timestamp="2019-01-09T09:13:12.855" />
<gc-end id="516" type="scavenge" contextid="511" durationms="34.079" usertimems="263.476" systemtimems="31.056" timestamp="2019-01-09T09:13:12.855" activeThreads="16">
  <mem-info id="517" free="152971840" total="377880576" percent="40">
    <mem type="nursery" free="72615224" total="207224832" percent="35">
      <mem type="allocate" free="72615224" total="128122880" percent="56" />
      <mem type="survivor" free="0" total="79101952" percent="0" />
    </mem>
    <mem type="tenure" free="80356616" total="170655744" percent="47" macro-fragmented="0">
      <mem type="soa" free="71824648" total="162123776" percent="44" />
      <mem type="loa" free="8531968" total="8531968" percent="100" />
    </mem>
    <pending-finalizers system="2" default="0" reference="2" classloader="0" />
    <remembered-set count="359" />
  </mem-info>
</gc-end>
<cycle-end id="518" type="scavenge" contextid="511" timestamp="2019-01-09T09:13:12.855" />
<allocation-satisfied id="519" threadId="0000000002204800" bytesRequested="48" />
<af-end id="520" timestamp="2019-01-09T09:13:12.855" threadId="0000000002205160" success="true" from="nursery"/>
<exclusive-end id="521" timestamp="2019-01-09T09:13:12.855" durationms="34.558" />

<exclusive-start id="522" timestamp="2019-01-09T09:13:13.050" intervalms="228.884">
  <response-info timems="0.036" idlems="0.026" threads="1" lastid="00000000016F7900" lastname="Thread-3" />
</exclusive-start>
<af-start id="523" threadId="0000000002205160" totalBytesRequested="48" timestamp="2019-01-09T09:13:13.050" intervalms="228.898" type="nursery" />
<cycle-start id="524" type="scavenge" contextid="0" timestamp="2019-01-09T09:13:13.050" intervalms="228.901" />
<gc-start id="525" type="scavenge" contextid="524" timestamp="2019-01-09T09:13:13.050">
  <mem-info id="526" free="80356616" total="377880576" percent="21">
    <mem type="nursery" free="0" total="207224832" percent="0">
      <mem type="allocate" free="0" total="128122880" percent="0" />
      <mem type="survivor" free="0" total="79101952" percent="0" />
    </mem>
    <mem type="tenure" free="80356616" total="170655744" percent="47">
      <mem type="soa" free="71824648" total="162123776" percent="44" />
      <mem type="loa" free="8531968" total="8531968" percent="100" />
    </mem>
    <remembered-set count="401" />
  </mem-info>
</gc-start>
<allocation-stats totalBytes="72597208" >
  <allocated-bytes non-tlh="685144" tlh="71912064" />
  <largest-consumer threadName="pool-10-thread-1" threadId="0000000002204800" bytes="56742256" />
</allocation-stats>
<gc-op id="527" type="scavenge" timems="34.123" contextid="524" timestamp="2019-01-09T09:13:13.084">
  <scavenger-info tenureage="3" tenuremask="7ff8" tiltratio="61" />
  <memory-copied type="nursery" objects="1088167" bytes="52965072" bytesdiscarded="495528" />
  <memory-copied type="tenure" objects="278752" bytes="7327192" bytesdiscarded="720" />
  <ownableSynchronizers candidates="12" cleared="9" />
</gc-op>
<heap-resize id="528" type="expand" space="nursery" amount="13893632" count="1" timems="0.049" reason="excessive time being spent scavenging" timestamp="2019-01-09T09:13:13.084" />
<gc-end id="529" type="scavenge" contextid="524" durationms="34.764" usertimems="212.890" systemtimems="1.749" timestamp="2019-01-09T09:13:13.085" activeThreads="16">
  <mem-info id="530" free="164238360" total="391774208" percent="41">
    <mem type="nursery" free="91308304" total="221118464" percent="41">
      <mem type="allocate" free="91308304" total="144769024" percent="63" />
      <mem type="survivor" free="0" total="76349440" percent="0" />
    </mem>
    <mem type="tenure" free="72930056" total="170655744" percent="42" macro-fragmented="0">
      <mem type="soa" free="64398088" total="162123776" percent="39" />
      <mem type="loa" free="8531968" total="8531968" percent="100" />
    </mem>
    <remembered-set count="367" />
  </mem-info>
</gc-end>
<cycle-end id="531" type="scavenge" contextid="524" timestamp="2019-01-09T09:13:13.085" />
<allocation-satisfied id="532" threadId="0000000002204800" bytesRequested="48" />
<af-end id="533" timestamp="2019-01-09T09:13:13.085" threadId="0000000002205160" success="true" from="nursery"/>
<exclusive-end id="534" timestamp="2019-01-09T09:13:13.085" durationms="35.273" />

<exclusive-start id="535" timestamp="2019-01-09T09:13:13.175" intervalms="125.852">
  <response-info timems="0.033" idlems="0.022" threads="1" lastid="00000000016F7900" lastname="Thread-3" />
</exclusive-start>
<af-start id="536" threadId="0000000002205160" totalBytesRequested="19517720" timestamp="2019-01-09T09:13:13.176" intervalms="125.840" type="nursery" />
<cycle-start id="537" type="scavenge" contextid="0" timestamp="2019-01-09T09:13:13.176" intervalms="125.838" />
<gc-start id="538" type="scavenge" contextid="537" timestamp="2019-01-09T09:13:13.176">
  <mem-info id="539" free="87993664" total="391774208" percent="22">
    <mem type="nursery" free="15063608" total="221118464" percent="6">
      <mem type="allocate" free="15063608" total="144769024" percent="10" />
      <mem type="survivor" free="0" total="76349440" percent="0" />
    </mem>
    <mem type="tenure" free="72930056" total="170655744" percent="42">
      <mem type="soa" free="64398088" total="162123776" percent="39" />
      <mem type="loa" free="8531968" total="8531968" percent="100" />
    </mem>
    <remembered-set count="373" />
  </mem-info>
</gc-start>
<allocation-stats totalBytes="76242408" >
  <allocated-bytes non-tlh="58980056" tlh="17262352" />
  <largest-consumer threadName="pool-10-thread-1" threadId="0000000002204800" bytes="67038480" />
</allocation-stats>
<gc-op id="540" type="scavenge" timems="63.555" contextid="537" timestamp="2019-01-09T09:13:13.239">
  <scavenger-info tenureage="2" tenuremask="7ffc" tiltratio="65" />
  <memory-copied type="nursery" objects="240127" bytes="47123840" bytesdiscarded="167432" />
  <memory-copied type="tenure" objects="934278" bytes="47778040" bytesdiscarded="3680" />
  <ownableSynchronizers candidates="3" cleared="0" />
</gc-op>
<heap-resize id="541" type="expand" space="nursery" amount="6946816" count="1" timems="0.037" reason="excessive time being spent scavenging" timestamp="2019-01-09T09:13:13.239" />
<gc-end id="542" type="scavenge" contextid="537" durationms="64.246" usertimems="197.798" systemtimems="46.145" timestamp="2019-01-09T09:13:13.240" activeThreads="16">
  <mem-info id="543" free="134467872" total="398721024" percent="33">
    <mem type="nursery" free="108684400" total="228065280" percent="47">
      <mem type="allocate" free="108684400" total="155975680" percent="69" />
      <mem type="survivor" free="0" total="72089600" percent="0" />
    </mem>
    <mem type="tenure" free="25783472" total="170655744" percent="15" macro-fragmented="0">
      <mem type="soa" free="17251504" total="162123776" percent="10" />
      <mem type="loa" free="8531968" total="8531968" percent="100" />
    </mem>
    <remembered-set count="328" />
  </mem-info>
</gc-end>
<cycle-end id="544" type="scavenge" contextid="537" timestamp="2019-01-09T09:13:13.240" />
<allocation-satisfied id="545" threadId="0000000002204800" bytesRequested="19517720" />
<af-end id="546" timestamp="2019-01-09T09:13:13.243" threadId="0000000002205160" success="true" from="nursery"/>
<exclusive-end id="547" timestamp="2019-01-09T09:13:13.243" durationms="67.567" />

<concurrent-kickoff id="548" timestamp="2019-01-09T09:13:13.476">
  <kickoff reason="threshold reached" targetBytes="50650624" thresholdFreeBytes="7044415"  remainingFree="6468440" tenureFreeBytes="25783392" nurseryFreeBytes="6468440" />
</concurrent-kickoff>
<exclusive-start id="549" timestamp="2019-01-09T09:13:13.481" intervalms="306.046">
  <response-info timems="0.032" idlems="0.032" threads="0" lastid="00000000016F7900" lastname="Thread-3" />
</exclusive-start>
<cycle-start id="550" type="global" contextid="0" timestamp="2019-01-09T09:13:13.481" intervalms="20551.201" />
<exclusive-end id="551" timestamp="2019-01-09T09:13:13.481" durationms="0.050" />

<exclusive-start id="552" timestamp="2019-01-09T09:13:13.663" intervalms="181.289">
  <response-info timems="0.028" idlems="0.028" threads="0" lastid="00000000016F7900" lastname="Thread-3" />
</exclusive-start>
<concurrent-collection-start id="553" timestamp="2019-01-09T09:13:13.663" intervalms="20732.577" >
  <concurrent-trace-info reason="card cleaning threshold reached" tracedByMutators="18068528" tracedByHelpers="18449340" cardsCleaned="45" workStackOverflowCount="0" />
</concurrent-collection-start>
<gc-start id="554" type="global" contextid="550" timestamp="2019-01-09T09:13:13.663">
  <mem-info id="555" free="28012472" total="398721024" percent="7">
    <mem type="nursery" free="2229080" total="228065280" percent="0">
      <mem type="allocate" free="2229080" total="155975680" percent="1" />
      <mem type="survivor" free="0" total="72089600" percent="0" />
    </mem>
    <mem type="tenure" free="25783392" total="170655744" percent="15">
      <mem type="soa" free="17251424" total="162123776" percent="10" />
      <mem type="loa" free="8531968" total="8531968" percent="100" />
    </mem>
    <remembered-set count="359" />
  </mem-info>
</gc-start>
<allocation-stats totalBytes="106451216" >
  <allocated-bytes non-tlh="79671656" tlh="26779560" />
  <largest-consumer threadName="pool-10-thread-1" threadId="0000000002204800" bytes="78136440" />
</allocation-stats>
<gc-op id="556" type="rs-scan" timems="1.349" contextid="550" timestamp="2019-01-09T09:13:13.664">
  <scan objectsFound="270" bytesTraced="21504" workStackOverflowCount="0" />
</gc-op>
<gc-op id="557" type="card-cleaning" timems="5.860" contextid="550" timestamp="2019-01-09T09:13:13.670">
  <card-cleaning cardsCleaned="2" bytesTraced="10715144" workStackOverflowCount="0" />
</gc-op>
<gc-op id="558" type="mark" timems="11.430" contextid="550" timestamp="2019-01-09T09:13:13.682">
  <trace-info objectcount="167386" scancount="167366" scanbytes="3871364" />
  <finalization candidates="703" enqueued="2" />
  <ownableSynchronizers candidates="900" cleared="16" />
  <references type="soft" candidates="10511" cleared="0" enqueued="0" dynamicThreshold="32" maxThreshold="32" />
  <references type="weak" candidates="5240" cleared="89" enqueued="46" />
  <references type="phantom" candidates="27" cleared="0" enqueued="0" />
  <stringconstants candidates="16140" cleared="67"  />
</gc-op>
<gc-op id="559" type="classunload" timems="0.026" contextid="550" timestamp="2019-01-09T09:13:13.682">
  <classunload-info classloadercandidates="101" classloadersunloaded="0" classesunloaded="0" anonymousclassesunloaded="0" quiescems="0.000" setupms="0.023" scanms="0.002" postms="0.001" />
</gc-op>
<gc-op id="560" type="sweep" timems="6.438" contextid="550" timestamp="2019-01-09T09:13:13.688" />
<gc-end id="561" type="global" contextid="550" durationms="25.778" usertimems="98.645" systemtimems="10.800" timestamp="2019-01-09T09:13:13.689" activeThreads="16">
  <mem-info id="562" free="147972184" total="398721024" percent="37">
    <mem type="nursery" free="81908104" total="228065280" percent="35">
      <mem type="allocate" free="81908104" total="155975680" percent="52" />
      <mem type="survivor" free="0" total="72089600" percent="0" />
    </mem>
    <mem type="tenure" free="66064080" total="170655744" percent="38" micro-fragmented="2896420" macro-fragmented="224280">
      <mem type="soa" free="57532112" total="162123776" percent="35" />
      <mem type="loa" free="8531968" total="8531968" percent="100" />
    </mem>
    <pending-finalizers system="2" default="0" reference="46" classloader="0" />
    <remembered-set count="354" />
  </mem-info>
</gc-end>
<cycle-end id="563" type="global" contextid="550" timestamp="2019-01-09T09:13:13.689" />
<concurrent-collection-end id="564" timestamp="2019-01-09T09:13:13.689" />
<exclusive-end id="565" timestamp="2019-01-09T09:13:13.689" durationms="26.169" />

<exclusive-start id="566" timestamp="2019-01-09T09:13:13.959" intervalms="296.694">
  <response-info timems="0.039" idlems="0.039" threads="0" lastid="00000000016F7900" lastname="Thread-3" />
</exclusive-start>
<af-start id="567" threadId="00000000016F8260" totalBytesRequested="19968" timestamp="2019-01-09T09:13:13.960" intervalms="784.043" type="nursery" />
<cycle-start id="568" type="scavenge" contextid="0" timestamp="2019-01-09T09:13:13.960" intervalms="784.045" />
<gc-start id="569" type="scavenge" contextid="568" timestamp="2019-01-09T09:13:13.960">
  <mem-info id="570" free="66064080" total="398721024" percent="16">
    <mem type="nursery" free="0" total="228065280" percent="0">
      <mem type="allocate" free="0" total="155975680" percent="0" />
      <mem type="survivor" free="0" total="72089600" percent="0" />
    </mem>
    <mem type="tenure" free="66064080" total="170655744" percent="38">
      <mem type="soa" free="57532112" total="162123776" percent="35" />
      <mem type="loa" free="8531968" total="8531968" percent="100" />
    </mem>
    <remembered-set count="407" />
  </mem-info>
</gc-start>
<allocation-stats totalBytes="79046552" >
  <allocated-bytes non-tlh="3586288" tlh="75460264" />
  <largest-consumer threadName="Thread-3" threadId="00000000016F7900" bytes="78984200" />
</allocation-stats>
<gc-op id="571" type="scavenge" timems="27.459" contextid="568" timestamp="2019-01-09T09:13:13.987">
  <scavenger-info tenureage="1" tenuremask="7ffe" tiltratio="68" />
  <memory-copied type="nursery" objects="580723" bytes="39949144" bytesdiscarded="187048" />
  <memory-copied type="tenure" objects="239933" bytes="27172568" bytesdiscarded="3968" />
  <ownableSynchronizers candidates="11752" cleared="1769" />
</gc-op>
<gc-end id="572" type="scavenge" contextid="568" durationms="28.271" usertimems="178.642" systemtimems="3.425" timestamp="2019-01-09T09:13:13.988" activeThreads="16">
  <mem-info id="573" free="159309592" total="398721024" percent="39">
    <mem type="nursery" free="120623616" total="228065280" percent="52">
      <mem type="allocate" free="120623616" total="160759808" percent="75" />
      <mem type="survivor" free="0" total="67305472" percent="0" />
    </mem>
    <mem type="tenure" free="38685976" total="170655744" percent="22" macro-fragmented="0">
      <mem type="soa" free="30154008" total="162123776" percent="18" />
      <mem type="loa" free="8531968" total="8531968" percent="100" />
    </mem>
    <remembered-set count="367" />
  </mem-info>
</gc-end>
<cycle-end id="574" type="scavenge" contextid="568" timestamp="2019-01-09T09:13:13.988" />
<allocation-satisfied id="575" threadId="00000000016F7900" bytesRequested="19968" />
<af-end id="576" timestamp="2019-01-09T09:13:13.988" threadId="00000000016F8260" success="true" from="nursery"/>
<exclusive-end id="577" timestamp="2019-01-09T09:13:13.988" durationms="28.827" />

<concurrent-kickoff id="578" timestamp="2019-01-09T09:13:14.032">
  <kickoff reason="threshold reached" targetBytes="47538644" thresholdFreeBytes="6626345"  remainingFree="6525440" tenureFreeBytes="38685976" nurseryFreeBytes="6525440" />
</concurrent-kickoff>
<exclusive-start id="579" timestamp="2019-01-09T09:13:14.034" intervalms="74.172">
  <response-info timems="0.035" idlems="0.035" threads="0" lastid="00000000016F7900" lastname="Thread-3" />
</exclusive-start>
<cycle-start id="580" type="global" contextid="0" timestamp="2019-01-09T09:13:14.034" intervalms="552.154" />
<exclusive-end id="581" timestamp="2019-01-09T09:13:14.034" durationms="0.049" />

<exclusive-start id="582" timestamp="2019-01-09T09:13:14.112" intervalms="78.412">
  <response-info timems="0.027" idlems="0.027" threads="0" lastid="00000000016F7900" lastname="Thread-3" />
</exclusive-start>
<concurrent-collection-start id="583" timestamp="2019-01-09T09:13:14.112" intervalms="449.284" >
  <concurrent-trace-info reason="card cleaning threshold reached" tracedByMutators="12503636" tracedByHelpers="14619360" cardsCleaned="1" workStackOverflowCount="0" />
</concurrent-collection-start>
<gc-start id="584" type="global" contextid="580" timestamp="2019-01-09T09:13:14.112">
  <mem-info id="585" free="41017112" total="398721024" percent="10">
    <mem type="nursery" free="2331136" total="228065280" percent="1">
      <mem type="allocate" free="2331136" total="160759808" percent="1" />
      <mem type="survivor" free="0" total="67305472" percent="0" />
    </mem>
    <mem type="tenure" free="38685976" total="170655744" percent="22">
      <mem type="soa" free="30154008" total="162123776" percent="18" />
      <mem type="loa" free="8531968" total="8531968" percent="100" />
    </mem>
    <remembered-set count="574" />
  </mem-info>
</gc-start>
<allocation-stats totalBytes="104935232" >
  <allocated-bytes non-tlh="585264" tlh="104349968" />
  <largest-consumer threadName="Thread-3" threadId="00000000016F7900" bytes="102935232" />
</allocation-stats>
<gc-op id="586" type="rs-scan" timems="0.912" contextid="580" timestamp="2019-01-09T09:13:14.113">
  <scan objectsFound="486" bytesTraced="27860" workStackOverflowCount="0" />
</gc-op>
<gc-op id="587" type="card-cleaning" timems="12.536" contextid="580" timestamp="2019-01-09T09:13:14.126">
  <card-cleaning cardsCleaned="0" bytesTraced="14927016" workStackOverflowCount="0" />
</gc-op>
<gc-op id="588" type="mark" timems="17.292" contextid="580" timestamp="2019-01-09T09:13:14.143">
  <trace-info objectcount="332231" scancount="332208" scanbytes="8439876" />
  <finalization candidates="706" enqueued="5" />
  <ownableSynchronizers candidates="18234" cleared="18" />
  <references type="soft" candidates="10511" cleared="0" enqueued="0" dynamicThreshold="12" maxThreshold="32" />
  <references type="weak" candidates="5151" cleared="0" enqueued="0" />
  <references type="phantom" candidates="27" cleared="0" enqueued="0" />
  <stringconstants candidates="16073" cleared="0"  />
</gc-op>
<gc-op id="589" type="sweep" timems="4.799" contextid="580" timestamp="2019-01-09T09:13:14.148" />
<gc-end id="590" type="global" contextid="580" durationms="36.429" usertimems="112.061" systemtimems="8.461" timestamp="2019-01-09T09:13:14.149" activeThreads="16">
  <mem-info id="591" free="205389752" total="398721024" percent="51">
    <mem type="nursery" free="119929672" total="228065280" percent="52">
      <mem type="allocate" free="119929672" total="160759808" percent="74" />
      <mem type="survivor" free="0" total="67305472" percent="0" />
    </mem>
    <mem type="tenure" free="85460080" total="170655744" percent="50" micro-fragmented="2901392" macro-fragmented="12005651">
      <mem type="soa" free="76928112" total="162123776" percent="47" />
      <mem type="loa" free="8531968" total="8531968" percent="100" />
    </mem>
    <pending-finalizers system="4" default="1" reference="0" classloader="0" />
    <remembered-set count="563" />
  </mem-info>
</gc-end>
<cycle-end id="592" type="global" contextid="580" timestamp="2019-01-09T09:13:14.149" />
<concurrent-collection-end id="593" timestamp="2019-01-09T09:13:14.149" />
<exclusive-end id="594" timestamp="2019-01-09T09:13:14.149" durationms="36.855" />

<exclusive-start id="595" timestamp="2019-01-09T09:13:14.161" intervalms="49.311">
  <response-info timems="0.028" idlems="0.028" threads="0" lastid="00000000016F7900" lastname="Thread-3" />
</exclusive-start>
<af-start id="596" threadId="00000000016F8260" totalBytesRequested="37720" timestamp="2019-01-09T09:13:14.161" intervalms="201.880" type="nursery" />
<cycle-start id="597" type="scavenge" contextid="0" timestamp="2019-01-09T09:13:14.161" intervalms="201.877" />
<gc-start id="598" type="scavenge" contextid="597" timestamp="2019-01-09T09:13:14.162">
  <mem-info id="599" free="163128520" total="398721024" percent="40">
    <mem type="nursery" free="77668440" total="228065280" percent="34">
      <mem type="allocate" free="77668440" total="160759808" percent="48" />
      <mem type="survivor" free="0" total="67305472" percent="0" />
    </mem>
    <mem type="tenure" free="85460080" total="170655744" percent="50">
      <mem type="soa" free="76928112" total="162123776" percent="47" />
      <mem type="loa" free="8531968" total="8531968" percent="100" />
    </mem>
    <remembered-set count="563" />
  </mem-info>
</gc-start>
<allocation-stats totalBytes="27908624" >
  <allocated-bytes non-tlh="27439600" tlh="469024" />
  <largest-consumer threadName="Thread-3" threadId="00000000016F7900" bytes="27875264" />
</allocation-stats>
<gc-op id="600" type="scavenge" timems="20.037" contextid="597" timestamp="2019-01-09T09:13:14.182">
  <scavenger-info tenureage="1" tenuremask="7ffe" tiltratio="70" />
  <memory-copied type="nursery" objects="87834" bytes="2521256" bytesdiscarded="149184" />
  <memory-copied type="tenure" objects="577207" bytes="38304136" bytesdiscarded="5440" />
  <ownableSynchronizers candidates="20608" cleared="1749" />
</gc-op>
<gc-end id="601" type="scavenge" contextid="597" durationms="20.804" usertimems="135.112" systemtimems="1.666" timestamp="2019-01-09T09:13:14.182" activeThreads="16">
  <mem-info id="602" free="208904240" total="398721024" percent="52">
    <mem type="nursery" free="161955992" total="228065280" percent="71">
      <mem type="allocate" free="161955992" total="164626432" percent="98" />
      <mem type="survivor" free="0" total="63438848" percent="0" />
    </mem>
    <mem type="tenure" free="46948248" total="170655744" percent="27" macro-fragmented="0">
      <mem type="soa" free="38416280" total="162123776" percent="23" />
      <mem type="loa" free="8531968" total="8531968" percent="100" />
    </mem>
    <remembered-set count="2792" />
  </mem-info>
</gc-end>
<cycle-end id="603" type="scavenge" contextid="597" timestamp="2019-01-09T09:13:14.183" />
<allocation-satisfied id="604" threadId="00000000016F7900" bytesRequested="37720" />
<af-end id="605" timestamp="2019-01-09T09:13:14.183" threadId="00000000016F8260" success="true" from="nursery"/>
<exclusive-end id="606" timestamp="2019-01-09T09:13:14.183" durationms="21.315" />

<concurrent-kickoff id="607" timestamp="2019-01-09T09:13:14.225">
  <kickoff reason="threshold reached" targetBytes="43254483" thresholdFreeBytes="6044180"  remainingFree="6002304" tenureFreeBytes="46948248" nurseryFreeBytes="6002304" />
</concurrent-kickoff>
<exclusive-start id="608" timestamp="2019-01-09T09:13:14.226" intervalms="64.913">
  <response-info timems="0.048" idlems="0.048" threads="0" lastid="00000000016F7900" lastname="Thread-3" />
</exclusive-start>
<cycle-start id="609" type="global" contextid="0" timestamp="2019-01-09T09:13:14.226" intervalms="192.627" />
<exclusive-end id="610" timestamp="2019-01-09T09:13:14.226" durationms="0.038" />

<exclusive-start id="611" timestamp="2019-01-09T09:13:14.339" intervalms="112.652">
  <response-info timems="0.027" idlems="0.027" threads="0" lastid="00000000016F7900" lastname="Thread-3" />
</exclusive-start>
<concurrent-collection-start id="612" timestamp="2019-01-09T09:13:14.339" intervalms="226.875" >
  <concurrent-trace-info reason="card cleaning threshold reached" tracedByMutators="17470276" tracedByHelpers="24575064" cardsCleaned="14" workStackOverflowCount="0" />
</concurrent-collection-start>
<gc-start id="613" type="global" contextid="609" timestamp="2019-01-09T09:13:14.339">
  <mem-info id="614" free="47564288" total="398721024" percent="11">
    <mem type="nursery" free="616040" total="228065280" percent="0">
      <mem type="allocate" free="616040" total="164626432" percent="0" />
      <mem type="survivor" free="0" total="63438848" percent="0" />
    </mem>
    <mem type="tenure" free="46948248" total="170655744" percent="27">
      <mem type="soa" free="38416280" total="162123776" percent="23" />
      <mem type="loa" free="8531968" total="8531968" percent="100" />
    </mem>
    <remembered-set count="4338" />
  </mem-info>
</gc-start>
<allocation-stats totalBytes="129436232" >
  <allocated-bytes non-tlh="506416" tlh="128929816" />
  <largest-consumer threadName="Thread-3" threadId="00000000016F7900" bytes="129395272" />
</allocation-stats>
<gc-op id="615" type="rs-scan" timems="3.041" contextid="609" timestamp="2019-01-09T09:13:14.342">
  <scan objectsFound="280" bytesTraced="17516" workStackOverflowCount="0" />
</gc-op>
<gc-op id="616" type="card-cleaning" timems="8.563" contextid="609" timestamp="2019-01-09T09:13:14.351">
  <card-cleaning cardsCleaned="2" bytesTraced="6566992" workStackOverflowCount="0" />
</gc-op>
<gc-op id="617" type="mark" timems="9.061" contextid="609" timestamp="2019-01-09T09:13:14.360">
  <trace-info objectcount="167397" scancount="167378" scanbytes="3920844" />
  <finalization candidates="701" enqueued="0" />
  <ownableSynchronizers candidates="25571" cleared="0" />
  <references type="soft" candidates="10511" cleared="0" enqueued="0" dynamicThreshold="16" maxThreshold="32" />
  <references type="weak" candidates="5151" cleared="0" enqueued="0" />
  <references type="phantom" candidates="27" cleared="0" enqueued="0" />
  <stringconstants candidates="16073" cleared="0"  />
</gc-op>
<gc-op id="618" type="sweep" timems="8.620" contextid="609" timestamp="2019-01-09T09:13:14.369" />
<heap-resize id="619" type="expand" space="tenure" amount="5832704" count="1" timems="0.069" reason="insufficient free space following gc" timestamp="2019-01-09T09:13:14.369" />
<gc-end id="620" type="global" contextid="609" durationms="30.056" usertimems="79.637" systemtimems="6.001" timestamp="2019-01-09T09:13:14.369" activeThreads="16">
  <mem-info id="621" free="213096128" total="404553728" percent="52">
    <mem type="nursery" free="160112912" total="228065280" percent="70">
      <mem type="allocate" free="160112912" total="164626432" percent="97" />
      <mem type="survivor" free="0" total="63438848" percent="0" />
    </mem>
    <mem type="tenure" free="52983216" total="176488448" percent="30" micro-fragmented="2750945" macro-fragmented="0">
      <mem type="soa" free="44159408" total="167664640" percent="26" />
      <mem type="loa" free="8823808" total="8823808" percent="100" />
    </mem>
    <remembered-set count="2339" />
  </mem-info>
</gc-end>
<cycle-end id="622" type="global" contextid="609" timestamp="2019-01-09T09:13:14.369" />
<concurrent-collection-end id="623" timestamp="2019-01-09T09:13:14.369" />
<exclusive-end id="624" timestamp="2019-01-09T09:13:14.369" durationms="30.468" />

<exclusive-start id="625" timestamp="2019-01-09T09:13:14.391" intervalms="52.443">
  <response-info timems="0.037" idlems="0.037" threads="0" lastid="00000000016F7900" lastname="Thread-3" />
</exclusive-start>
<af-start id="626" threadId="00000000016F8260" totalBytesRequested="53144" timestamp="2019-01-09T09:13:14.391" intervalms="230.008" type="nursery" />
<cycle-start id="627" type="scavenge" contextid="0" timestamp="2019-01-09T09:13:14.391" intervalms="230.007" />
<gc-start id="628" type="scavenge" contextid="627" timestamp="2019-01-09T09:13:14.392">
  <mem-info id="629" free="131801624" total="404553728" percent="32">
    <mem type="nursery" free="78818408" total="228065280" percent="34">
      <mem type="allocate" free="78818408" total="164626432" percent="47" />
      <mem type="survivor" free="0" total="63438848" percent="0" />
    </mem>
    <mem type="tenure" free="52983216" total="176488448" percent="30">
      <mem type="soa" free="44159408" total="167664640" percent="26" />
      <mem type="loa" free="8823808" total="8823808" percent="100" />
    </mem>
    <remembered-set count="2695" />
  </mem-info>
</gc-start>
<allocation-stats totalBytes="48617064" >
  <allocated-bytes non-tlh="48039992" tlh="577072" />
  <largest-consumer threadName="Thread-3" threadId="00000000016F7900" bytes="48591504" />
</allocation-stats>
<gc-op id="630" type="scavenge" timems="15.749" contextid="627" timestamp="2019-01-09T09:13:14.407">
  <scavenger-info tenureage="2" tenuremask="7ffc" tiltratio="72" />
  <memory-copied type="nursery" objects="163717" bytes="4708288" bytesdiscarded="79600" />
  <ownableSynchronizers candidates="53018" cleared="36425" />
</gc-op>
<gc-end id="631" type="scavenge" contextid="627" durationms="16.308" usertimems="45.986" systemtimems="2.947" timestamp="2019-01-09T09:13:14.408" activeThreads="16">
  <mem-info id="632" free="223897344" total="404553728" percent="55">
    <mem type="nursery" free="170914128" total="228065280" percent="74">
      <mem type="allocate" free="170914128" total="175702016" percent="97" />
      <mem type="survivor" free="0" total="52363264" percent="0" />
    </mem>
    <mem type="tenure" free="52983216" total="176488448" percent="30" macro-fragmented="201903">
      <mem type="soa" free="44159408" total="167664640" percent="26" />
      <mem type="loa" free="8823808" total="8823808" percent="100" />
    </mem>
    <remembered-set count="2647" />
  </mem-info>
</gc-end>
<cycle-end id="633" type="scavenge" contextid="627" timestamp="2019-01-09T09:13:14.408" />
<allocation-satisfied id="634" threadId="00000000016F7900" bytesRequested="53144" />
<af-end id="635" timestamp="2019-01-09T09:13:14.408" threadId="00000000016F8260" success="true" from="nursery"/>
<exclusive-end id="636" timestamp="2019-01-09T09:13:14.408" durationms="16.804" />

<exclusive-start id="637" timestamp="2019-01-09T09:13:14.455" intervalms="63.299">
  <response-info timems="0.033" idlems="0.033" threads="0" lastid="00000000016F7900" lastname="Thread-3" />
</exclusive-start>
<af-start id="638" threadId="00000000016F8260" totalBytesRequested="63576" timestamp="2019-01-09T09:13:14.455" intervalms="63.301" type="nursery" />
<cycle-start id="639" type="scavenge" contextid="0" timestamp="2019-01-09T09:13:14.455" intervalms="63.302" />
<gc-start id="640" type="scavenge" contextid="639" timestamp="2019-01-09T09:13:14.455">
  <mem-info id="641" free="52983216" total="404553728" percent="13">
    <mem type="nursery" free="0" total="228065280" percent="0">
      <mem type="allocate" free="0" total="175702016" percent="0" />
      <mem type="survivor" free="0" total="52363264" percent="0" />
    </mem>
    <mem type="tenure" free="52983216" total="176488448" percent="30">
      <mem type="soa" free="44159408" total="167664640" percent="26" />
      <mem type="loa" free="8823808" total="8823808" percent="100" />
    </mem>
    <remembered-set count="3000" />
  </mem-info>
</gc-start>
<allocation-stats totalBytes="153658064" >
  <allocated-bytes non-tlh="591672" tlh="153066392" />
  <largest-consumer threadName="Thread-3" threadId="00000000016F7900" bytes="153621200" />
</allocation-stats>
<gc-op id="642" type="scavenge" timems="14.687" contextid="639" timestamp="2019-01-09T09:13:14.470">
  <scavenger-info tenureage="3" tenuremask="7ff8" tiltratio="77" />
  <memory-copied type="nursery" objects="213257" bytes="6011760" bytesdiscarded="86784" />
  <ownableSynchronizers candidates="21809" cleared="0" />
</gc-op>
<gc-end id="643" type="scavenge" contextid="639" durationms="15.191" usertimems="55.058" systemtimems="0.695" timestamp="2019-01-09T09:13:14.470" activeThreads="16">
  <mem-info id="644" free="231302976" total="404553728" percent="57">
    <mem type="nursery" free="178319760" total="228065280" percent="78">
      <mem type="allocate" free="178319760" total="184418304" percent="96" />
      <mem type="survivor" free="0" total="43646976" percent="0" />
    </mem>
    <mem type="tenure" free="52983216" total="176488448" percent="30" macro-fragmented="0">
      <mem type="soa" free="44159408" total="167664640" percent="26" />
      <mem type="loa" free="8823808" total="8823808" percent="100" />
    </mem>
    <remembered-set count="2998" />
  </mem-info>
</gc-end>
<cycle-end id="645" type="scavenge" contextid="639" timestamp="2019-01-09T09:13:14.470" />
<allocation-satisfied id="646" threadId="00000000016F7900" bytesRequested="63576" />
<af-end id="647" timestamp="2019-01-09T09:13:14.470" threadId="00000000016F8260" success="true" from="nursery"/>
<exclusive-end id="648" timestamp="2019-01-09T09:13:14.470" durationms="15.706" />

<exclusive-start id="649" timestamp="2019-01-09T09:13:14.526" intervalms="71.827">
  <response-info timems="0.038" idlems="0.038" threads="0" lastid="00000000016F7900" lastname="Thread-3" />
</exclusive-start>
<af-start id="650" threadId="00000000016F8260" totalBytesRequested="73696" timestamp="2019-01-09T09:13:14.527" intervalms="71.831" type="nursery" />
<cycle-start id="651" type="scavenge" contextid="0" timestamp="2019-01-09T09:13:14.527" intervalms="71.832" />
<gc-start id="652" type="scavenge" contextid="651" timestamp="2019-01-09T09:13:14.527">
  <mem-info id="653" free="53053296" total="404553728" percent="13">
    <mem type="nursery" free="70080" total="228065280" percent="0">
      <mem type="allocate" free="70080" total="184418304" percent="0" />
      <mem type="survivor" free="0" total="43646976" percent="0" />
    </mem>
    <mem type="tenure" free="52983216" total="176488448" percent="30">
      <mem type="soa" free="44159408" total="167664640" percent="26" />
      <mem type="loa" free="8823808" total="8823808" percent="100" />
    </mem>
    <remembered-set count="3291" />
  </mem-info>
</gc-start>
<allocation-stats totalBytes="175159200" >
  <allocated-bytes non-tlh="142905296" tlh="32253904" />
  <largest-consumer threadName="Thread-3" threadId="00000000016F7900" bytes="175085568" />
</allocation-stats>
<gc-op id="654" type="scavenge" timems="10.086" contextid="651" timestamp="2019-01-09T09:13:14.537">
  <scavenger-info tenureage="3" tenuremask="7ff8" tiltratio="80" />
  <memory-copied type="nursery" objects="176807" bytes="5069248" bytesdiscarded="190008" />
  <memory-copied type="tenure" objects="84425" bytes="2203304" bytesdiscarded="648" />
  <ownableSynchronizers candidates="26872" cleared="3" />
</gc-op>
<gc-end id="655" type="scavenge" contextid="651" durationms="10.646" usertimems="66.250" systemtimems="0.000" timestamp="2019-01-09T09:13:14.537" activeThreads="16">
  <mem-info id="656" free="236999800" total="404553728" percent="58">
    <mem type="nursery" free="186433544" total="228065280" percent="81">
      <mem type="allocate" free="186433544" total="191692800" percent="97" />
      <mem type="survivor" free="0" total="36372480" percent="0" />
    </mem>
    <mem type="tenure" free="50566256" total="176488448" percent="28" macro-fragmented="0">
      <mem type="soa" free="41742448" total="167664640" percent="24" />
      <mem type="loa" free="8823808" total="8823808" percent="100" />
    </mem>
    <remembered-set count="4602" />
  </mem-info>
</gc-end>
<cycle-end id="657" type="scavenge" contextid="651" timestamp="2019-01-09T09:13:14.538" />
<allocation-satisfied id="658" threadId="00000000016F7900" bytesRequested="73696" />
<af-end id="659" timestamp="2019-01-09T09:13:14.538" threadId="00000000016F8260" success="true" from="nursery"/>
<exclusive-end id="660" timestamp="2019-01-09T09:13:14.538" durationms="11.342" />

<exclusive-start id="661" timestamp="2019-01-09T09:13:14.594" intervalms="67.505">
  <response-info timems="0.036" idlems="0.036" threads="0" lastid="00000000016F7900" lastname="Thread-3" />
</exclusive-start>
<af-start id="662" threadId="00000000016F8260" totalBytesRequested="83136" timestamp="2019-01-09T09:13:14.594" intervalms="67.506" type="nursery" />
<cycle-start id="663" type="scavenge" contextid="0" timestamp="2019-01-09T09:13:14.594" intervalms="67.511" />
<gc-start id="664" type="scavenge" contextid="663" timestamp="2019-01-09T09:13:14.594">
  <mem-info id="665" free="50614488" total="404553728" percent="12">
    <mem type="nursery" free="48232" total="228065280" percent="0">
      <mem type="allocate" free="48232" total="191692800" percent="0" />
      <mem type="survivor" free="0" total="36372480" percent="0" />
    </mem>
    <mem type="tenure" free="50566256" total="176488448" percent="28">
      <mem type="soa" free="41742448" total="167664640" percent="24" />
      <mem type="loa" free="8823808" total="8823808" percent="100" />
    </mem>
    <remembered-set count="5163" />
  </mem-info>
</gc-start>
<allocation-stats totalBytes="186385080" >
  <allocated-bytes non-tlh="183254360" tlh="3130720" />
  <largest-consumer threadName="Thread-3" threadId="00000000016F7900" bytes="186356408" />
</allocation-stats>
<gc-op id="666" type="scavenge" timems="8.163" contextid="663" timestamp="2019-01-09T09:13:14.603">
  <scavenger-info tenureage="3" tenuremask="7fe8" tiltratio="84" />
  <memory-copied type="nursery" objects="142532" bytes="3803520" bytesdiscarded="302400" />
  <memory-copied type="tenure" objects="79115" bytes="2445728" bytesdiscarded="488" />
  <ownableSynchronizers candidates="22713" cleared="0" />
</gc-op>
<gc-end id="667" type="scavenge" contextid="663" durationms="8.664" usertimems="55.207" systemtimems="0.907" timestamp="2019-01-09T09:13:14.603" activeThreads="16">
  <mem-info id="668" free="241630360" total="404553728" percent="59">
    <mem type="nursery" free="193616192" total="228065280" percent="84">
      <mem type="allocate" free="193616192" total="197722112" percent="97" />
      <mem type="survivor" free="0" total="30343168" percent="0" />
    </mem>
    <mem type="tenure" free="48014168" total="176488448" percent="27" macro-fragmented="0">
      <mem type="soa" free="39190360" total="167664640" percent="23" />
      <mem type="loa" free="8823808" total="8823808" percent="100" />
    </mem>
    <remembered-set count="5881" />
  </mem-info>
</gc-end>
<cycle-end id="669" type="scavenge" contextid="663" timestamp="2019-01-09T09:13:14.603" />
<allocation-satisfied id="670" threadId="00000000016F7900" bytesRequested="83136" />
<af-end id="671" timestamp="2019-01-09T09:13:14.603" threadId="00000000016F8260" success="true" from="nursery"/>
<exclusive-end id="672" timestamp="2019-01-09T09:13:14.603" durationms="9.254" />

<exclusive-start id="673" timestamp="2019-01-09T09:13:14.662" intervalms="68.031">
  <response-info timems="0.037" idlems="0.037" threads="0" lastid="00000000016F7900" lastname="Thread-3" />
</exclusive-start>
<af-start id="674" threadId="00000000016F8260" totalBytesRequested="91928" timestamp="2019-01-09T09:13:14.662" intervalms="68.027" type="nursery" />
<cycle-start id="675" type="scavenge" contextid="0" timestamp="2019-01-09T09:13:14.662" intervalms="68.022" />
<gc-start id="676" type="scavenge" contextid="675" timestamp="2019-01-09T09:13:14.662">
  <mem-info id="677" free="48058648" total="404553728" percent="11">
    <mem type="nursery" free="44480" total="228065280" percent="0">
      <mem type="allocate" free="44480" total="197722112" percent="0" />
      <mem type="survivor" free="0" total="30343168" percent="0" />
    </mem>
    <mem type="tenure" free="48014168" total="176488448" percent="27">
      <mem type="soa" free="39190360" total="167664640" percent="23" />
      <mem type="loa" free="8823808" total="8823808" percent="100" />
    </mem>
    <remembered-set count="6975" />
  </mem-info>
</gc-start>
<allocation-stats totalBytes="193571304" >
  <allocated-bytes non-tlh="189930368" tlh="3640936" />
  <largest-consumer threadName="Thread-3" threadId="00000000016F7900" bytes="193534440" />
</allocation-stats>
<gc-op id="678" type="scavenge" timems="11.138" contextid="675" timestamp="2019-01-09T09:13:14.673">
  <scavenger-info tenureage="3" tenuremask="ffe8" tiltratio="86" />
  <memory-copied type="nursery" objects="134735" bytes="3608976" bytesdiscarded="129408" />
  <memory-copied type="tenure" objects="49540" bytes="1293040" bytesdiscarded="296" />
  <ownableSynchronizers candidates="19393" cleared="0" />
</gc-op>
<gc-end id="679" type="scavenge" contextid="675" durationms="11.716" usertimems="49.272" systemtimems="1.926" timestamp="2019-01-09T09:13:14.674" activeThreads="16">
  <mem-info id="680" free="245870408" total="404553728" percent="60">
    <mem type="nursery" free="199161072" total="228065280" percent="87">
      <mem type="allocate" free="199161072" total="202899456" percent="98" />
      <mem type="survivor" free="0" total="25165824" percent="0" />
    </mem>
    <mem type="tenure" free="46709336" total="176488448" percent="26" macro-fragmented="0">
      <mem type="soa" free="37885528" total="167664640" percent="22" />
      <mem type="loa" free="8823808" total="8823808" percent="100" />
    </mem>
    <remembered-set count="5490" />
  </mem-info>
</gc-end>
<cycle-end id="681" type="scavenge" contextid="675" timestamp="2019-01-09T09:13:14.674" />
<allocation-satisfied id="682" threadId="00000000016F7900" bytesRequested="91928" />
<af-end id="683" timestamp="2019-01-09T09:13:14.674" threadId="00000000016F8260" success="true" from="nursery"/>
<exclusive-end id="684" timestamp="2019-01-09T09:13:14.674" durationms="12.280" />

<exclusive-start id="685" timestamp="2019-01-09T09:13:14.748" intervalms="86.034">
  <response-info timems="0.039" idlems="0.039" threads="0" lastid="00000000016F7900" lastname="Thread-3" />
</exclusive-start>
<af-start id="686" threadId="00000000016F8260" totalBytesRequested="100128" timestamp="2019-01-09T09:13:14.748" intervalms="86.046" type="nursery" />
<cycle-start id="687" type="scavenge" contextid="0" timestamp="2019-01-09T09:13:14.748" intervalms="86.070" />
<gc-start id="688" type="scavenge" contextid="687" timestamp="2019-01-09T09:13:14.748">
  <mem-info id="689" free="46760240" total="404553728" percent="11">
    <mem type="nursery" free="50904" total="228065280" percent="0">
      <mem type="allocate" free="50904" total="202899456" percent="0" />
      <mem type="survivor" free="0" total="25165824" percent="0" />
    </mem>
    <mem type="tenure" free="46709336" total="176488448" percent="26">
      <mem type="soa" free="37885528" total="167664640" percent="22" />
      <mem type="loa" free="8823808" total="8823808" percent="100" />
    </mem>
    <remembered-set count="6901" />
  </mem-info>
</gc-start>
<allocation-stats totalBytes="199109832" >
  <allocated-bytes non-tlh="195143184" tlh="3966648" />
  <largest-consumer threadName="Thread-3" threadId="00000000016F7900" bytes="199081160" />
</allocation-stats>
<gc-op id="690" type="scavenge" timems="9.842" contextid="687" timestamp="2019-01-09T09:13:14.758">
  <scavenger-info tenureage="3" tenuremask="ffe8" tiltratio="88" />
  <memory-copied type="nursery" objects="137679" bytes="4455072" bytesdiscarded="116368" />
  <memory-copied type="tenure" objects="46893" bytes="1226600" bytesdiscarded="344" />
  <ownableSynchronizers candidates="18277" cleared="0" />
</gc-op>
<gc-end id="691" type="scavenge" contextid="687" durationms="10.439" usertimems="50.230" systemtimems="2.820" timestamp="2019-01-09T09:13:14.759" activeThreads="16">
  <mem-info id="692" free="246035752" total="404553728" percent="60">
    <mem type="nursery" free="200687312" total="228065280" percent="87">
      <mem type="allocate" free="200687312" total="205258752" percent="97" />
      <mem type="survivor" free="0" total="22806528" percent="0" />
    </mem>
    <mem type="tenure" free="45348440" total="176488448" percent="25" macro-fragmented="0">
      <mem type="soa" free="36524632" total="167664640" percent="21" />
      <mem type="loa" free="8823808" total="8823808" percent="100" />
    </mem>
    <remembered-set count="5887" />
  </mem-info>
</gc-end>
<cycle-end id="693" type="scavenge" contextid="687" timestamp="2019-01-09T09:13:14.759" />
<allocation-satisfied id="694" threadId="00000000016F7900" bytesRequested="100128" />
<af-end id="695" timestamp="2019-01-09T09:13:14.759" threadId="00000000016F8260" success="true" from="nursery"/>
<exclusive-end id="696" timestamp="2019-01-09T09:13:14.759" durationms="11.064" />

<exclusive-start id="697" timestamp="2019-01-09T09:13:14.819" intervalms="70.873">
  <response-info timems="0.037" idlems="0.037" threads="0" lastid="00000000016F7900" lastname="Thread-3" />
</exclusive-start>
<af-start id="698" threadId="00000000016F8260" totalBytesRequested="107800" timestamp="2019-01-09T09:13:14.819" intervalms="70.864" type="nursery" />
<cycle-start id="699" type="scavenge" contextid="0" timestamp="2019-01-09T09:13:14.819" intervalms="70.840" />
<gc-start id="700" type="scavenge" contextid="699" timestamp="2019-01-09T09:13:14.819">
  <mem-info id="701" free="45448472" total="404553728" percent="11">
    <mem type="nursery" free="100032" total="228065280" percent="0">
      <mem type="allocate" free="100032" total="205258752" percent="0" />
      <mem type="survivor" free="0" total="22806528" percent="0" />
    </mem>
    <mem type="tenure" free="45348440" total="176488448" percent="25">
      <mem type="soa" free="36524632" total="167664640" percent="21" />
      <mem type="loa" free="8823808" total="8823808" percent="100" />
    </mem>
    <remembered-set count="7818" />
  </mem-info>
</gc-start>
<allocation-stats totalBytes="200586752" >
  <allocated-bytes non-tlh="195643408" tlh="4943344" />
  <largest-consumer threadName="Thread-3" threadId="00000000016F7900" bytes="200558080" />
</allocation-stats>
<gc-op id="702" type="scavenge" timems="5.691" contextid="699" timestamp="2019-01-09T09:13:14.825">
  <scavenger-info tenureage="3" tenuremask="ffe8" tiltratio="90" />
  <memory-copied type="nursery" objects="129736" bytes="4254480" bytesdiscarded="202528" />
  <memory-copied type="tenure" objects="44404" bytes="1160096" bytesdiscarded="280" />
  <ownableSynchronizers candidates="17052" cleared="0" />
</gc-op>
<gc-end id="703" type="scavenge" contextid="699" durationms="6.180" usertimems="43.172" systemtimems="0.004" timestamp="2019-01-09T09:13:14.825" activeThreads="16">
  <mem-info id="704" free="245171120" total="404553728" percent="60">
    <mem type="nursery" free="200801744" total="228065280" percent="88">
      <mem type="allocate" free="200801744" total="205258752" percent="97" />
      <mem type="survivor" free="0" total="22806528" percent="0" />
    </mem>
    <mem type="tenure" free="44369376" total="176488448" percent="25" macro-fragmented="0">
      <mem type="soa" free="35545568" total="167664640" percent="21" />
      <mem type="loa" free="8823808" total="8823808" percent="100" />
    </mem>
    <remembered-set count="6580" />
  </mem-info>
</gc-end>
<cycle-end id="705" type="scavenge" contextid="699" timestamp="2019-01-09T09:13:14.826" />
<allocation-satisfied id="706" threadId="00000000016F7900" bytesRequested="107800" />
<af-end id="707" timestamp="2019-01-09T09:13:14.826" threadId="00000000016F8260" success="true" from="nursery"/>
<exclusive-end id="708" timestamp="2019-01-09T09:13:14.826" durationms="6.713" />

<exclusive-start id="709" timestamp="2019-01-09T09:13:14.886" intervalms="67.601">
  <response-info timems="0.025" idlems="0.025" threads="0" lastid="00000000016F7900" lastname="Thread-3" />
</exclusive-start>
<af-start id="710" threadId="00000000016F8260" totalBytesRequested="114976" timestamp="2019-01-09T09:13:14.887" intervalms="67.615" type="nursery" />
<cycle-start id="711" type="scavenge" contextid="0" timestamp="2019-01-09T09:13:14.887" intervalms="67.642" />
<gc-start id="712" type="scavenge" contextid="711" timestamp="2019-01-09T09:13:14.887">
  <mem-info id="713" free="44423424" total="404553728" percent="10">
    <mem type="nursery" free="54048" total="228065280" percent="0">
      <mem type="allocate" free="54048" total="205258752" percent="0" />
      <mem type="survivor" free="0" total="22806528" percent="0" />
    </mem>
    <mem type="tenure" free="44369376" total="176488448" percent="25">
      <mem type="soa" free="35545568" total="167664640" percent="21" />
      <mem type="loa" free="8823808" total="8823808" percent="100" />
    </mem>
    <remembered-set count="7541" />
  </mem-info>
</gc-start>
<allocation-stats totalBytes="200747064" >
  <allocated-bytes non-tlh="194577312" tlh="6169752" />
  <largest-consumer threadName="Thread-3" threadId="00000000016F7900" bytes="200693824" />
</allocation-stats>
<gc-op id="714" type="scavenge" timems="8.216" contextid="711" timestamp="2019-01-09T09:13:14.895">
  <scavenger-info tenureage="3" tenuremask="ffe8" tiltratio="90" />
  <memory-copied type="nursery" objects="122624" bytes="4074872" bytesdiscarded="254904" />
  <memory-copied type="tenure" objects="41190" bytes="1076440" bytesdiscarded="288" />
  <ownableSynchronizers candidates="15920" cleared="2" />
</gc-op>
<gc-end id="715" type="scavenge" contextid="711" durationms="8.681" usertimems="50.604" systemtimems="2.602" timestamp="2019-01-09T09:13:14.896" activeThreads="16">
  <mem-info id="716" free="244001200" total="404553728" percent="60">
    <mem type="nursery" free="200928976" total="228065280" percent="88">
      <mem type="allocate" free="200928976" total="205258752" percent="97" />
      <mem type="survivor" free="0" total="22806528" percent="0" />
    </mem>
    <mem type="tenure" free="43072224" total="176488448" percent="24" macro-fragmented="0">
      <mem type="soa" free="34248416" total="167664640" percent="20" />
      <mem type="loa" free="8823808" total="8823808" percent="100" />
    </mem>
    <remembered-set count="5869" />
  </mem-info>
</gc-end>
<cycle-end id="717" type="scavenge" contextid="711" timestamp="2019-01-09T09:13:14.896" />
<allocation-satisfied id="718" threadId="00000000016F7900" bytesRequested="114976" />
<af-end id="719" timestamp="2019-01-09T09:13:14.896" threadId="00000000016F8260" success="true" from="nursery"/>
<exclusive-end id="720" timestamp="2019-01-09T09:13:14.896" durationms="9.576" />

<exclusive-start id="721" timestamp="2019-01-09T09:13:14.954" intervalms="67.077">
  <response-info timems="0.035" idlems="0.035" threads="0" lastid="00000000016F7900" lastname="Thread-3" />
</exclusive-start>
<af-start id="722" threadId="00000000016F8260" totalBytesRequested="121728" timestamp="2019-01-09T09:13:14.954" intervalms="67.073" type="nursery" />
<cycle-start id="723" type="scavenge" contextid="0" timestamp="2019-01-09T09:13:14.954" intervalms="67.048" />
<gc-start id="724" type="scavenge" contextid="723" timestamp="2019-01-09T09:13:14.954">
  <mem-info id="725" free="43156912" total="404553728" percent="10">
    <mem type="nursery" free="84688" total="228065280" percent="0">
      <mem type="allocate" free="84688" total="205258752" percent="0" />
      <mem type="survivor" free="0" total="22806528" percent="0" />
    </mem>
    <mem type="tenure" free="43072224" total="176488448" percent="24">
      <mem type="soa" free="34248416" total="167664640" percent="20" />
      <mem type="loa" free="8823808" total="8823808" percent="100" />
    </mem>
    <remembered-set count="6786" />
  </mem-info>
</gc-start>
<allocation-stats totalBytes="200843496" >
  <allocated-bytes non-tlh="191575040" tlh="9268456" />
  <largest-consumer threadName="Thread-3" threadId="00000000016F7900" bytes="200814824" />
</allocation-stats>
<gc-op id="726" type="scavenge" timems="8.821" contextid="723" timestamp="2019-01-09T09:13:14.963">
  <scavenger-info tenureage="3" tenuremask="ffe8" tiltratio="90" />
  <memory-copied type="nursery" objects="102632" bytes="2800976" bytesdiscarded="105520" />
  <memory-copied type="tenure" objects="52083" bytes="2118400" bytesdiscarded="232" />
  <ownableSynchronizers candidates="14902" cleared="0" />
</gc-op>
<gc-end id="727" type="scavenge" contextid="723" durationms="9.421" usertimems="45.076" systemtimems="0.946" timestamp="2019-01-09T09:13:14.963" activeThreads="16">
  <mem-info id="728" free="243362376" total="404553728" percent="60">
    <mem type="nursery" free="202352256" total="228065280" percent="88">
      <mem type="allocate" free="202352256" total="205258752" percent="98" />
      <mem type="survivor" free="0" total="22806528" percent="0" />
    </mem>
    <mem type="tenure" free="41010120" total="176488448" percent="23" macro-fragmented="0">
      <mem type="soa" free="32186312" total="167664640" percent="19" />
      <mem type="loa" free="8823808" total="8823808" percent="100" />
    </mem>
    <remembered-set count="4959" />
  </mem-info>
</gc-end>
<cycle-end id="729" type="scavenge" contextid="723" timestamp="2019-01-09T09:13:14.963" />
<allocation-satisfied id="730" threadId="00000000016F7900" bytesRequested="121728" />
<af-end id="731" timestamp="2019-01-09T09:13:14.964" threadId="00000000016F8260" success="true" from="nursery"/>
<exclusive-end id="732" timestamp="2019-01-09T09:13:14.964" durationms="9.978" />

<exclusive-start id="733" timestamp="2019-01-09T09:13:15.029" intervalms="75.032">
  <response-info timems="0.033" idlems="0.033" threads="0" lastid="00000000016F7900" lastname="Thread-3" />
</exclusive-start>
<af-start id="734" threadId="00000000016F8260" totalBytesRequested="128176" timestamp="2019-01-09T09:13:15.029" intervalms="75.022" type="nursery" />
<cycle-start id="735" type="scavenge" contextid="0" timestamp="2019-01-09T09:13:15.029" intervalms="75.031" />
<gc-start id="736" type="scavenge" contextid="735" timestamp="2019-01-09T09:13:15.029">
  <mem-info id="737" free="41085712" total="404553728" percent="10">
    <mem type="nursery" free="75592" total="228065280" percent="0">
      <mem type="allocate" free="75592" total="205258752" percent="0" />
      <mem type="survivor" free="0" total="22806528" percent="0" />
    </mem>
    <mem type="tenure" free="41010120" total="176488448" percent="23">
      <mem type="soa" free="32186312" total="167664640" percent="19" />
      <mem type="loa" free="8823808" total="8823808" percent="100" />
    </mem>
    <remembered-set count="6550" />
  </mem-info>
</gc-start>
<allocation-stats totalBytes="202274944" >
  <allocated-bytes non-tlh="185252880" tlh="17022064" />
  <largest-consumer threadName="Thread-3" threadId="00000000016F7900" bytes="202172720" />
</allocation-stats>
<gc-op id="738" type="scavenge" timems="7.457" contextid="735" timestamp="2019-01-09T09:13:15.036">
  <scavenger-info tenureage="3" tenuremask="ffe8" tiltratio="90" />
  <memory-copied type="nursery" objects="97019" bytes="2662944" bytesdiscarded="107144" />
  <memory-copied type="tenure" objects="36461" bytes="951824" bytesdiscarded="232" />
  <ownableSynchronizers candidates="14031" cleared="4" />
</gc-op>
<gc-end id="739" type="scavenge" contextid="735" durationms="8.397" usertimems="36.595" systemtimems="0.000" timestamp="2019-01-09T09:13:15.037" activeThreads="16">
  <mem-info id="740" free="242562960" total="404553728" percent="59">
    <mem type="nursery" free="202488664" total="228065280" percent="88">
      <mem type="allocate" free="202488664" total="205258752" percent="98" />
      <mem type="survivor" free="0" total="22806528" percent="0" />
    </mem>
    <mem type="tenure" free="40074296" total="176488448" percent="22" macro-fragmented="0">
      <mem type="soa" free="31250488" total="167664640" percent="18" />
      <mem type="loa" free="8823808" total="8823808" percent="100" />
    </mem>
    <remembered-set count="4970" />
  </mem-info>
</gc-end>
<cycle-end id="741" type="scavenge" contextid="735" timestamp="2019-01-09T09:13:15.037" />
<allocation-satisfied id="742" threadId="00000000016F7900" bytesRequested="128176" />
<af-end id="743" timestamp="2019-01-09T09:13:15.038" threadId="00000000016F8260" success="true" from="nursery"/>
<exclusive-end id="744" timestamp="2019-01-09T09:13:15.038" durationms="8.933" />

<exclusive-start id="745" timestamp="2019-01-09T09:13:15.100" intervalms="71.031">
  <response-info timems="0.022" idlems="0.022" threads="0" lastid="00000000016F7900" lastname="Thread-3" />
</exclusive-start>
<af-start id="746" threadId="00000000016F8260" totalBytesRequested="134320" timestamp="2019-01-09T09:13:15.100" intervalms="71.038" type="nursery" />
<cycle-start id="747" type="scavenge" contextid="0" timestamp="2019-01-09T09:13:15.100" intervalms="71.027" />
<gc-start id="748" type="scavenge" contextid="747" timestamp="2019-01-09T09:13:15.100">
  <mem-info id="749" free="40084904" total="404553728" percent="9">
    <mem type="nursery" free="10608" total="228065280" percent="0">
      <mem type="allocate" free="10608" total="205258752" percent="0" />
      <mem type="survivor" free="0" total="22806528" percent="0" />
    </mem>
    <mem type="tenure" free="40074296" total="176488448" percent="22">
      <mem type="soa" free="31250488" total="167664640" percent="18" />
      <mem type="loa" free="8823808" total="8823808" percent="100" />
    </mem>
    <remembered-set count="5650" />
  </mem-info>
</gc-start>
<allocation-stats totalBytes="202475048" >
  <allocated-bytes non-tlh="174195176" tlh="28279872" />
  <largest-consumer threadName="Thread-3" threadId="00000000016F7900" bytes="202438184" />
</allocation-stats>
<gc-op id="750" type="scavenge" timems="5.603" contextid="747" timestamp="2019-01-09T09:13:15.106">
  <scavenger-info tenureage="3" tenuremask="ffe8" tiltratio="90" />
  <memory-copied type="nursery" objects="92126" bytes="2541296" bytesdiscarded="112824" />
  <memory-copied type="tenure" objects="34077" bytes="889648" bytesdiscarded="176" />
  <ownableSynchronizers candidates="13261" cleared="0" />
</gc-op>
<gc-end id="751" type="scavenge" contextid="747" durationms="6.173" usertimems="33.880" systemtimems="0.829" timestamp="2019-01-09T09:13:15.106" activeThreads="16">
  <mem-info id="752" free="241828344" total="404553728" percent="59">
    <mem type="nursery" free="202604632" total="228065280" percent="88">
      <mem type="allocate" free="202604632" total="205258752" percent="98" />
      <mem type="survivor" free="0" total="22806528" percent="0" />
    </mem>
    <mem type="tenure" free="39223712" total="176488448" percent="22" macro-fragmented="0">
      <mem type="soa" free="30399904" total="167664640" percent="18" />
      <mem type="loa" free="8823808" total="8823808" percent="100" />
    </mem>
    <remembered-set count="4985" />
  </mem-info>
</gc-end>
<cycle-end id="753" type="scavenge" contextid="747" timestamp="2019-01-09T09:13:15.106" />
<allocation-satisfied id="754" threadId="00000000016F7900" bytesRequested="134320" />
<af-end id="755" timestamp="2019-01-09T09:13:15.106" threadId="00000000016F8260" success="true" from="nursery"/>
<exclusive-end id="756" timestamp="2019-01-09T09:13:15.106" durationms="6.708" />

<exclusive-start id="757" timestamp="2019-01-09T09:13:15.169" intervalms="69.278">
  <response-info timems="0.034" idlems="0.034" threads="0" lastid="00000000016F7900" lastname="Thread-3" />
</exclusive-start>
<af-start id="758" threadId="00000000016F8260" totalBytesRequested="140200" timestamp="2019-01-09T09:13:15.169" intervalms="69.568" type="nursery" />
<cycle-start id="759" type="scavenge" contextid="0" timestamp="2019-01-09T09:13:15.169" intervalms="69.583" />
<gc-start id="760" type="scavenge" contextid="759" timestamp="2019-01-09T09:13:15.170">
  <mem-info id="761" free="39229368" total="404553728" percent="9">
    <mem type="nursery" free="5656" total="228065280" percent="0">
      <mem type="allocate" free="5656" total="205258752" percent="0" />
      <mem type="survivor" free="0" total="22806528" percent="0" />
    </mem>
    <mem type="tenure" free="39223712" total="176488448" percent="22">
      <mem type="soa" free="30399904" total="167664640" percent="18" />
      <mem type="loa" free="8823808" total="8823808" percent="100" />
    </mem>
    <remembered-set count="6238" />
  </mem-info>
</gc-start>
<allocation-stats totalBytes="202598872" >
  <allocated-bytes non-tlh="201766320" tlh="832552" />
  <largest-consumer threadName="Thread-3" threadId="00000000016F7900" bytes="202570200" />
</allocation-stats>
<gc-op id="762" type="scavenge" timems="7.293" contextid="759" timestamp="2019-01-09T09:13:15.177">
  <scavenger-info tenureage="3" tenuremask="ffe8" tiltratio="90" />
  <memory-copied type="nursery" objects="87965" bytes="2438552" bytesdiscarded="216072" />
  <memory-copied type="tenure" objects="32091" bytes="837744" bytesdiscarded="216" />
  <ownableSynchronizers candidates="12615" cleared="0" />
</gc-op>
<gc-end id="763" type="scavenge" contextid="759" durationms="7.901" usertimems="34.278" systemtimems="2.021" timestamp="2019-01-09T09:13:15.177" activeThreads="16">
  <mem-info id="764" free="240965752" total="404553728" percent="59">
    <mem type="nursery" free="202604128" total="228065280" percent="88">
      <mem type="allocate" free="202604128" total="205258752" percent="98" />
      <mem type="survivor" free="0" total="22806528" percent="0" />
    </mem>
    <mem type="tenure" free="38361624" total="176488448" percent="21" macro-fragmented="242284">
      <mem type="soa" free="29537816" total="167664640" percent="17" />
      <mem type="loa" free="8823808" total="8823808" percent="100" />
    </mem>
    <remembered-set count="4638" />
  </mem-info>
</gc-end>
<cycle-end id="765" type="scavenge" contextid="759" timestamp="2019-01-09T09:13:15.178" />
<allocation-satisfied id="766" threadId="00000000016F7900" bytesRequested="140200" />
<af-end id="767" timestamp="2019-01-09T09:13:15.178" threadId="00000000016F8260" success="true" from="nursery"/>
<exclusive-end id="768" timestamp="2019-01-09T09:13:15.178" durationms="8.774" />

<exclusive-start id="769" timestamp="2019-01-09T09:13:15.244" intervalms="74.684">
  <response-info timems="0.032" idlems="0.032" threads="0" lastid="00000000016F7900" lastname="Thread-3" />
</exclusive-start>
<af-start id="770" threadId="00000000016F8260" totalBytesRequested="145840" timestamp="2019-01-09T09:13:15.244" intervalms="74.389" type="nursery" />
<cycle-start id="771" type="scavenge" contextid="0" timestamp="2019-01-09T09:13:15.244" intervalms="74.387" />
<gc-start id="772" type="scavenge" contextid="771" timestamp="2019-01-09T09:13:15.244">
  <mem-info id="773" free="38473512" total="404553728" percent="9">
    <mem type="nursery" free="111888" total="228065280" percent="0">
      <mem type="allocate" free="111888" total="205258752" percent="0" />
      <mem type="survivor" free="0" total="22806528" percent="0" />
    </mem>
    <mem type="tenure" free="38361624" total="176488448" percent="21">
      <mem type="soa" free="29537816" total="167664640" percent="17" />
      <mem type="loa" free="8823808" total="8823808" percent="100" />
    </mem>
    <remembered-set count="6381" />
  </mem-info>
</gc-start>
<allocation-stats totalBytes="202492176" >
  <allocated-bytes non-tlh="201652560" tlh="839616" />
  <largest-consumer threadName="Thread-3" threadId="00000000016F7900" bytes="202463504" />
</allocation-stats>
<gc-op id="774" type="scavenge" timems="5.008" contextid="771" timestamp="2019-01-09T09:13:15.249">
  <scavenger-info tenureage="3" tenuremask="ffe8" tiltratio="90" />
  <memory-copied type="nursery" objects="83906" bytes="2336184" bytesdiscarded="186608" />
  <memory-copied type="tenure" objects="30849" bytes="807368" bytesdiscarded="144" />
  <ownableSynchronizers candidates="12057" cleared="0" />
</gc-op>
<gc-end id="775" type="scavenge" contextid="771" durationms="5.629" usertimems="29.788" systemtimems="0.907" timestamp="2019-01-09T09:13:15.250" activeThreads="16">
  <mem-info id="776" free="240332656" total="404553728" percent="59">
    <mem type="nursery" free="202735960" total="228065280" percent="88">
      <mem type="allocate" free="202735960" total="205258752" percent="98" />
      <mem type="survivor" free="0" total="22806528" percent="0" />
    </mem>
    <mem type="tenure" free="37596696" total="176488448" percent="21" macro-fragmented="0">
      <mem type="soa" free="28772888" total="167664640" percent="17" />
      <mem type="loa" free="8823808" total="8823808" percent="100" />
    </mem>
    <remembered-set count="4844" />
  </mem-info>
</gc-end>
<cycle-end id="777" type="scavenge" contextid="771" timestamp="2019-01-09T09:13:15.250" />
<allocation-satisfied id="778" threadId="00000000016F7900" bytesRequested="145840" />
<af-end id="779" timestamp="2019-01-09T09:13:15.250" threadId="00000000016F8260" success="true" from="nursery"/>
<exclusive-end id="780" timestamp="2019-01-09T09:13:15.250" durationms="6.193" />

<exclusive-start id="781" timestamp="2019-01-09T09:13:15.312" intervalms="68.557">
  <response-info timems="0.030" idlems="0.030" threads="0" lastid="00000000016F7900" lastname="Thread-3" />
</exclusive-start>
<af-start id="782" threadId="00000000016F8260" totalBytesRequested="151272" timestamp="2019-01-09T09:13:15.312" intervalms="68.581" type="nursery" />
<cycle-start id="783" type="scavenge" contextid="0" timestamp="2019-01-09T09:13:15.312" intervalms="68.577" />
<gc-start id="784" type="scavenge" contextid="783" timestamp="2019-01-09T09:13:15.312">
  <mem-info id="785" free="37645896" total="404553728" percent="9">
    <mem type="nursery" free="49200" total="228065280" percent="0">
      <mem type="allocate" free="49200" total="205258752" percent="0" />
      <mem type="survivor" free="0" total="22806528" percent="0" />
    </mem>
    <mem type="tenure" free="37596696" total="176488448" percent="21">
      <mem type="soa" free="28772888" total="167664640" percent="17" />
      <mem type="loa" free="8823808" total="8823808" percent="100" />
    </mem>
    <remembered-set count="5490" />
  </mem-info>
</gc-start>
<allocation-stats totalBytes="202686608" >
  <allocated-bytes non-tlh="201884888" tlh="801720" />
  <largest-consumer threadName="Thread-3" threadId="00000000016F7900" bytes="202649744" />
</allocation-stats>
<gc-op id="786" type="scavenge" timems="4.766" contextid="783" timestamp="2019-01-09T09:13:15.317">
  <scavenger-info tenureage="3" tenuremask="ffe8" tiltratio="90" />
  <memory-copied type="nursery" objects="80543" bytes="2253832" bytesdiscarded="205280" />
  <memory-copied type="tenure" objects="29184" bytes="761856" bytesdiscarded="336" />
  <ownableSynchronizers candidates="11550" cleared="0" />
</gc-op>
<gc-end id="787" type="scavenge" contextid="783" durationms="5.402" usertimems="26.944" systemtimems="1.060" timestamp="2019-01-09T09:13:15.318" activeThreads="16">
  <mem-info id="788" free="239725728" total="404553728" percent="59">
    <mem type="nursery" free="202799640" total="228065280" percent="88">
      <mem type="allocate" free="202799640" total="205258752" percent="98" />
      <mem type="survivor" free="0" total="22806528" percent="0" />
    </mem>
    <mem type="tenure" free="36926088" total="176488448" percent="20" macro-fragmented="0">
      <mem type="soa" free="28102280" total="167664640" percent="16" />
      <mem type="loa" free="8823808" total="8823808" percent="100" />
    </mem>
    <remembered-set count="4444" />
  </mem-info>
</gc-end>
<cycle-end id="789" type="scavenge" contextid="783" timestamp="2019-01-09T09:13:15.318" />
<allocation-satisfied id="790" threadId="00000000016F7900" bytesRequested="151272" />
<af-end id="791" timestamp="2019-01-09T09:13:15.318" threadId="00000000016F8260" success="true" from="nursery"/>
<exclusive-end id="792" timestamp="2019-01-09T09:13:15.318" durationms="5.982" />

<exclusive-start id="793" timestamp="2019-01-09T09:13:15.381" intervalms="69.051">
  <response-info timems="0.033" idlems="0.033" threads="0" lastid="00000000016F7900" lastname="Thread-3" />
</exclusive-start>
<af-start id="794" threadId="00000000016F8260" totalBytesRequested="156520" timestamp="2019-01-09T09:13:15.381" intervalms="69.030" type="nursery" />
<cycle-start id="795" type="scavenge" contextid="0" timestamp="2019-01-09T09:13:15.381" intervalms="69.035" />
<gc-start id="796" type="scavenge" contextid="795" timestamp="2019-01-09T09:13:15.382">
  <mem-info id="797" free="37019552" total="404553728" percent="9">
    <mem type="nursery" free="93464" total="228065280" percent="0">
      <mem type="allocate" free="93464" total="205258752" percent="0" />
      <mem type="survivor" free="0" total="22806528" percent="0" />
    </mem>
    <mem type="tenure" free="36926088" total="176488448" percent="20">
      <mem type="soa" free="28102280" total="167664640" percent="16" />
      <mem type="loa" free="8823808" total="8823808" percent="100" />
    </mem>
    <remembered-set count="5684" />
  </mem-info>
</gc-start>
<allocation-stats totalBytes="202706024" >
  <allocated-bytes non-tlh="201911552" tlh="794472" />
  <largest-consumer threadName="Thread-3" threadId="00000000016F7900" bytes="202677352" />
</allocation-stats>
<gc-op id="798" type="scavenge" timems="4.214" contextid="795" timestamp="2019-01-09T09:13:15.386">
  <scavenger-info tenureage="14" tenuremask="4000" tiltratio="90" />
  <memory-copied type="nursery" objects="105471" bytes="2909832" bytesdiscarded="148960" />
  <ownableSynchronizers candidates="11102" cleared="0" />
</gc-op>
<gc-end id="799" type="scavenge" contextid="795" durationms="4.798" usertimems="29.933" systemtimems="0.000" timestamp="2019-01-09T09:13:15.386" activeThreads="16">
  <mem-info id="800" free="239126048" total="404553728" percent="59">
    <mem type="nursery" free="202199960" total="228065280" percent="88">
      <mem type="allocate" free="202199960" total="205258752" percent="98" />
      <mem type="survivor" free="0" total="22806528" percent="0" />
    </mem>
    <mem type="tenure" free="36926088" total="176488448" percent="20" macro-fragmented="0">
      <mem type="soa" free="28102280" total="167664640" percent="16" />
      <mem type="loa" free="8823808" total="8823808" percent="100" />
    </mem>
    <remembered-set count="5683" />
  </mem-info>
</gc-end>
<cycle-end id="801" type="scavenge" contextid="795" timestamp="2019-01-09T09:13:15.386" />
<allocation-satisfied id="802" threadId="00000000016F7900" bytesRequested="156520" />
<af-end id="803" timestamp="2019-01-09T09:13:15.387" threadId="00000000016F8260" success="true" from="nursery"/>
<exclusive-end id="804" timestamp="2019-01-09T09:13:15.387" durationms="5.370" />

<exclusive-start id="805" timestamp="2019-01-09T09:13:15.445" intervalms="63.412">
  <response-info timems="0.032" idlems="0.032" threads="0" lastid="00000000016F7900" lastname="Thread-3" />
</exclusive-start>
<af-start id="806" threadId="00000000016F8260" totalBytesRequested="161584" timestamp="2019-01-09T09:13:15.445" intervalms="63.421" type="nursery" />
<cycle-start id="807" type="scavenge" contextid="0" timestamp="2019-01-09T09:13:15.445" intervalms="63.417" />
<gc-start id="808" type="scavenge" contextid="807" timestamp="2019-01-09T09:13:15.445">
  <mem-info id="809" free="36990344" total="404553728" percent="9">
    <mem type="nursery" free="64256" total="228065280" percent="0">
      <mem type="allocate" free="64256" total="205258752" percent="0" />
      <mem type="survivor" free="0" total="22806528" percent="0" />
    </mem>
    <mem type="tenure" free="36926088" total="176488448" percent="20">
      <mem type="soa" free="28102280" total="167664640" percent="16" />
      <mem type="loa" free="8823808" total="8823808" percent="100" />
    </mem>
    <remembered-set count="7067" />
  </mem-info>
</gc-start>
<allocation-stats totalBytes="202135552" >
  <allocated-bytes non-tlh="201359832" tlh="775720" />
  <largest-consumer threadName="Thread-3" threadId="00000000016F7900" bytes="202106880" />
</allocation-stats>
<gc-op id="810" type="scavenge" timems="5.904" contextid="807" timestamp="2019-01-09T09:13:15.451">
  <scavenger-info tenureage="2" tenuremask="4014" tiltratio="90" />
  <memory-copied type="nursery" objects="75773" bytes="2139632" bytesdiscarded="152384" />
  <memory-copied type="tenure" objects="53752" bytes="1403200" bytesdiscarded="392" />
  <ownableSynchronizers candidates="13634" cleared="0" />
</gc-op>
<gc-end id="811" type="scavenge" contextid="807" durationms="6.444" usertimems="37.393" systemtimems="0.793" timestamp="2019-01-09T09:13:15.451" activeThreads="16">
  <mem-info id="812" free="238455584" total="404553728" percent="58">
    <mem type="nursery" free="202966736" total="228065280" percent="88">
      <mem type="allocate" free="202966736" total="205258752" percent="98" />
      <mem type="survivor" free="0" total="22806528" percent="0" />
    </mem>
    <mem type="tenure" free="35488848" total="176488448" percent="20" macro-fragmented="0">
      <mem type="soa" free="26665040" total="167664640" percent="15" />
      <mem type="loa" free="8823808" total="8823808" percent="100" />
    </mem>
    <remembered-set count="5373" />
  </mem-info>
</gc-end>
<cycle-end id="813" type="scavenge" contextid="807" timestamp="2019-01-09T09:13:15.452" />
<allocation-satisfied id="814" threadId="00000000016F7900" bytesRequested="161584" />
<af-end id="815" timestamp="2019-01-09T09:13:15.452" threadId="00000000016F8260" success="true" from="nursery"/>
<exclusive-end id="816" timestamp="2019-01-09T09:13:15.452" durationms="7.588" />

<exclusive-start id="817" timestamp="2019-01-09T09:13:15.508" intervalms="63.868">
  <response-info timems="0.031" idlems="0.031" threads="0" lastid="00000000016F7900" lastname="Thread-3" />
</exclusive-start>
<af-start id="818" threadId="00000000016F8260" totalBytesRequested="166512" timestamp="2019-01-09T09:13:15.509" intervalms="63.849" type="nursery" />
<cycle-start id="819" type="scavenge" contextid="0" timestamp="2019-01-09T09:13:15.509" intervalms="63.837" />
<gc-start id="820" type="scavenge" contextid="819" timestamp="2019-01-09T09:13:15.509">
  <mem-info id="821" free="35635744" total="404553728" percent="8">
    <mem type="nursery" free="146896" total="228065280" percent="0">
      <mem type="allocate" free="146896" total="205258752" percent="0" />
      <mem type="survivor" free="0" total="22806528" percent="0" />
    </mem>
    <mem type="tenure" free="35488848" total="176488448" percent="20">
      <mem type="soa" free="26665040" total="167664640" percent="15" />
      <mem type="loa" free="8823808" total="8823808" percent="100" />
    </mem>
    <remembered-set count="6770" />
  </mem-info>
</gc-start>
<allocation-stats totalBytes="202819688" >
  <allocated-bytes non-tlh="202107136" tlh="712552" />
  <largest-consumer threadName="Thread-3" threadId="00000000016F7900" bytes="202782824" />
</allocation-stats>
<gc-op id="822" type="scavenge" timems="4.521" contextid="819" timestamp="2019-01-09T09:13:15.514">
  <scavenger-info tenureage="2" tenuremask="4014" tiltratio="90" />
  <memory-copied type="nursery" objects="47464" bytes="1405536" bytesdiscarded="134160" />
  <memory-copied type="tenure" objects="51718" bytes="1350112" bytesdiscarded="256" />
  <ownableSynchronizers candidates="10440" cleared="0" />
</gc-op>
<gc-end id="823" type="scavenge" contextid="819" durationms="5.676" usertimems="27.733" systemtimems="1.272" timestamp="2019-01-09T09:13:15.514" activeThreads="16">
  <mem-info id="824" free="237844704" total="404553728" percent="58">
    <mem type="nursery" free="203719056" total="228065280" percent="89">
      <mem type="allocate" free="203719056" total="205258752" percent="99" />
      <mem type="survivor" free="0" total="22806528" percent="0" />
    </mem>
    <mem type="tenure" free="34125648" total="176488448" percent="19" macro-fragmented="0">
      <mem type="soa" free="25301840" total="167664640" percent="15" />
      <mem type="loa" free="8823808" total="8823808" percent="100" />
    </mem>
    <remembered-set count="3399" />
  </mem-info>
</gc-end>
<cycle-end id="825" type="scavenge" contextid="819" timestamp="2019-01-09T09:13:15.515" />
<allocation-satisfied id="826" threadId="00000000016F7900" bytesRequested="166512" />
<af-end id="827" timestamp="2019-01-09T09:13:15.515" threadId="00000000016F8260" success="true" from="nursery"/>
<exclusive-end id="828" timestamp="2019-01-09T09:13:15.515" durationms="6.446" />

<exclusive-start id="829" timestamp="2019-01-09T09:13:15.903" intervalms="394.260">
  <response-info timems="0.027" idlems="0.027" threads="0" lastid="00000000016F7900" lastname="Thread-3" />
</exclusive-start>
<af-start id="830" threadId="00000000016F8260" totalBytesRequested="3184" timestamp="2019-01-09T09:13:15.903" intervalms="394.252" type="nursery" />
<cycle-start id="831" type="scavenge" contextid="0" timestamp="2019-01-09T09:13:15.903" intervalms="394.251" />
<gc-start id="832" type="scavenge" contextid="831" timestamp="2019-01-09T09:13:15.903">
  <mem-info id="833" free="34125648" total="404553728" percent="8">
    <mem type="nursery" free="0" total="228065280" percent="0">
      <mem type="allocate" free="0" total="205258752" percent="0" />
      <mem type="survivor" free="0" total="22806528" percent="0" />
    </mem>
    <mem type="tenure" free="34125648" total="176488448" percent="19">
      <mem type="soa" free="25301840" total="167664640" percent="15" />
      <mem type="loa" free="8823808" total="8823808" percent="100" />
    </mem>
    <remembered-set count="42004" />
  </mem-info>
</gc-start>
<allocation-stats totalBytes="203631232" >
  <allocated-bytes non-tlh="108183288" tlh="95447944" />
  <largest-consumer threadName="Thread-3" threadId="00000000016F7900" bytes="203516656" />
</allocation-stats>
<gc-op id="834" type="scavenge" timems="105.442" contextid="831" timestamp="2019-01-09T09:13:16.008">
  <scavenger-info tenureage="2" tenuremask="4004" tiltratio="90" />
  <memory-copied type="nursery" objects="784429" bytes="22803304" bytesdiscarded="3224" />
  <memory-copied type="tenure" objects="1030684" bytes="24666928" bytesdiscarded="4488" />
  <copy-failed type="nursery" objects="1007081" bytes="24048840" />
  <ownableSynchronizers candidates="218421" cleared="2" />
</gc-op>
<gc-end id="835" type="scavenge" contextid="831" durationms="106.039" usertimems="531.910" systemtimems="29.550" timestamp="2019-01-09T09:13:16.009" activeThreads="16">
  <mem-info id="836" free="104011880" total="404553728" percent="25">
    <mem type="nursery" free="94437376" total="228065280" percent="41">
      <mem type="allocate" free="94437376" total="117243904" percent="80" />
      <mem type="survivor" free="0" total="110821376" percent="0" />
    </mem>
    <mem type="tenure" free="9574504" total="176488448" percent="5" macro-fragmented="56347">
      <mem type="soa" free="750696" total="167664640" percent="0" />
      <mem type="loa" free="8823808" total="8823808" percent="100" />
    </mem>
    <remembered-set count="248800" />
  </mem-info>
</gc-end>
<cycle-end id="837" type="scavenge" contextid="831" timestamp="2019-01-09T09:13:16.010" />
<allocation-satisfied id="838" threadId="00000000016F7900" bytesRequested="3184" />
<af-end id="839" timestamp="2019-01-09T09:13:16.010" threadId="00000000016F8260" success="true" from="nursery"/>
<exclusive-end id="840" timestamp="2019-01-09T09:13:16.010" durationms="106.847" />

<concurrent-kickoff id="841" timestamp="2019-01-09T09:13:16.237">
  <kickoff reason="threshold reached" targetBytes="43906834" thresholdFreeBytes="6141596"  remainingFree="6120320" tenureFreeBytes="9574504" nurseryFreeBytes="6120320" />
</concurrent-kickoff>
<exclusive-start id="842" timestamp="2019-01-09T09:13:16.239" intervalms="336.310">
  <response-info timems="0.027" idlems="0.027" threads="0" lastid="00000000016F7900" lastname="Thread-3" />
</exclusive-start>
<cycle-start id="843" type="global" contextid="0" timestamp="2019-01-09T09:13:16.239" intervalms="2012.822" />
<exclusive-end id="844" timestamp="2019-01-09T09:13:16.239" durationms="0.033" />

<exclusive-start id="845" timestamp="2019-01-09T09:13:16.349" intervalms="110.232">
  <response-info timems="0.022" idlems="0.022" threads="0" lastid="00000000016F7900" lastname="Thread-3" />
</exclusive-start>
<concurrent-collection-start id="846" timestamp="2019-01-09T09:13:16.349" intervalms="2010.400" >
  <concurrent-trace-info reason="card cleaning threshold reached" tracedByMutators="19320236" tracedByHelpers="22724600" cardsCleaned="3278" workStackOverflowCount="0" />
</concurrent-collection-start>
<gc-start id="847" type="global" contextid="843" timestamp="2019-01-09T09:13:16.350">
  <mem-info id="848" free="10320872" total="404553728" percent="2">
    <mem type="nursery" free="746368" total="228065280" percent="0">
      <mem type="allocate" free="746368" total="117243904" percent="0" />
      <mem type="survivor" free="0" total="110821376" percent="0" />
    </mem>
    <mem type="tenure" free="9574504" total="176488448" percent="5">
      <mem type="soa" free="750696" total="167664640" percent="0" />
      <mem type="loa" free="8823808" total="8823808" percent="100" />
    </mem>
    <remembered-set count="286449" />
  </mem-info>
</gc-start>
<allocation-stats totalBytes="93612224" >
  <allocated-bytes non-tlh="4197504" tlh="89414720" />
  <largest-consumer threadName="Thread-3" threadId="00000000016F7900" bytes="93477120" />
</allocation-stats>
<gc-op id="849" type="rs-scan" timems="1.422" contextid="843" timestamp="2019-01-09T09:13:16.351">
  <scan objectsFound="260" bytesTraced="17140" workStackOverflowCount="0" />
</gc-op>
<gc-op id="850" type="card-cleaning" timems="54.266" contextid="843" timestamp="2019-01-09T09:13:16.405">
  <card-cleaning cardsCleaned="33" bytesTraced="98861560" workStackOverflowCount="0" />
</gc-op>
<gc-op id="851" type="mark" timems="19.749" contextid="843" timestamp="2019-01-09T09:13:16.425">
  <trace-info objectcount="167416" scancount="167397" scanbytes="3872840" />
  <finalization candidates="701" enqueued="0" />
  <ownableSynchronizers candidates="477700" cleared="13" />
  <references type="soft" candidates="10511" cleared="0" enqueued="0" dynamicThreshold="9" maxThreshold="32" />
  <references type="weak" candidates="5151" cleared="0" enqueued="0" />
  <references type="phantom" candidates="27" cleared="0" enqueued="0" />
  <stringconstants candidates="16073" cleared="0"  />
</gc-op>
<gc-op id="852" type="sweep" timems="3.497" contextid="843" timestamp="2019-01-09T09:13:16.429" />
<heap-resize id="853" type="expand" space="tenure" amount="59965440" count="1" timems="0.061" reason="insufficient free space following gc" timestamp="2019-01-09T09:13:16.429" />
<gc-end id="854" type="global" contextid="843" durationms="79.876" usertimems="613.783" systemtimems="14.553" timestamp="2019-01-09T09:13:16.429" activeThreads="16">
  <mem-info id="855" free="93593064" total="464519168" percent="20">
    <mem type="nursery" free="22627056" total="228065280" percent="9">
      <mem type="allocate" free="22627056" total="117243904" percent="19" />
      <mem type="survivor" free="0" total="110821376" percent="0" />
    </mem>
    <mem type="tenure" free="70966008" total="236453888" percent="30" micro-fragmented="6597482" macro-fragmented="67617">
      <mem type="soa" free="59143928" total="224631808" percent="26" />
      <mem type="loa" free="11822080" total="11822080" percent="100" />
    </mem>
    <remembered-set count="199784" />
  </mem-info>
</gc-end>
<cycle-end id="856" type="global" contextid="843" timestamp="2019-01-09T09:13:16.430" />
<concurrent-collection-end id="857" timestamp="2019-01-09T09:13:16.430" />
<exclusive-end id="858" timestamp="2019-01-09T09:13:16.430" durationms="80.554" />

<exclusive-start id="859" timestamp="2019-01-09T09:13:16.490" intervalms="140.268">
  <response-info timems="0.029" idlems="0.029" threads="0" lastid="00000000016F7900" lastname="Thread-3" />
</exclusive-start>
<af-start id="860" threadId="00000000016F8260" totalBytesRequested="262152" timestamp="2019-01-09T09:13:16.490" intervalms="586.797" type="nursery" />
<cycle-start id="861" type="scavenge" contextid="0" timestamp="2019-01-09T09:13:16.490" intervalms="586.806" />
<gc-start id="862" type="scavenge" contextid="861" timestamp="2019-01-09T09:13:16.490">
  <mem-info id="863" free="76318088" total="464519168" percent="16">
    <mem type="nursery" free="5355672" total="228065280" percent="2">
      <mem type="allocate" free="5355672" total="117243904" percent="4" />
      <mem type="survivor" free="0" total="110821376" percent="0" />
    </mem>
    <mem type="tenure" free="70962416" total="236453888" percent="30">
      <mem type="soa" free="59140336" total="224631808" percent="26" />
      <mem type="loa" free="11822080" total="11822080" percent="100" />
    </mem>
    <remembered-set count="207015" />
  </mem-info>
</gc-start>
<allocation-stats totalBytes="15460320" >
  <allocated-bytes non-tlh="1907424" tlh="13552896" />
  <largest-consumer threadName="Thread-3" threadId="00000000016F7900" bytes="15396192" />
</allocation-stats>
<gc-op id="864" type="scavenge" timems="63.993" contextid="861" timestamp="2019-01-09T09:13:16.554">
  <scavenger-info tenureage="4" tenuremask="fff0" tiltratio="51" />
  <memory-copied type="nursery" objects="2419109" bytes="63406216" bytesdiscarded="272640" />
  <finalization candidates="39" enqueued="36" />
  <ownableSynchronizers candidates="976002" cleared="653171" />
  <references type="soft" candidates="16" cleared="0" enqueued="0" dynamicThreshold="9" maxThreshold="32" />
  <references type="weak" candidates="65" cleared="43" enqueued="38" />
</gc-op>
<gc-end id="865" type="scavenge" contextid="861" durationms="64.917" usertimems="729.775" systemtimems="2.261" timestamp="2019-01-09T09:13:16.555" activeThreads="16">
  <mem-info id="866" free="136389208" total="464519168" percent="29">
    <mem type="nursery" free="65426792" total="228065280" percent="28">
      <mem type="allocate" free="65426792" total="129105920" percent="50" />
      <mem type="survivor" free="0" total="98959360" percent="0" />
    </mem>
    <mem type="tenure" free="70962416" total="236453888" percent="30" macro-fragmented="0">
      <mem type="soa" free="59140336" total="224631808" percent="26" />
      <mem type="loa" free="11822080" total="11822080" percent="100" />
    </mem>
    <pending-finalizers system="36" default="0" reference="38" classloader="0" />
    <remembered-set count="206840" />
  </mem-info>
</gc-end>
<cycle-end id="867" type="scavenge" contextid="861" timestamp="2019-01-09T09:13:16.555" />
<allocation-satisfied id="868" threadId="00000000016F7900" bytesRequested="262152" />
<af-end id="869" timestamp="2019-01-09T09:13:16.555" threadId="00000000016F8260" success="true" from="nursery"/>
<exclusive-end id="870" timestamp="2019-01-09T09:13:16.555" durationms="65.701" />

<exclusive-start id="871" timestamp="2019-01-09T09:13:16.799" intervalms="309.802">
  <response-info timems="0.060" idlems="0.060" threads="0" lastid="00000000016F7900" lastname="Thread-3" />
</exclusive-start>
<af-start id="872" threadId="00000000016F8260" totalBytesRequested="72" timestamp="2019-01-09T09:13:16.799" intervalms="309.849" type="nursery" />
<cycle-start id="873" type="scavenge" contextid="0" timestamp="2019-01-09T09:13:16.800" intervalms="309.859" />
<gc-start id="874" type="scavenge" contextid="873" timestamp="2019-01-09T09:13:16.800">
  <mem-info id="875" free="70937688" total="464519168" percent="15">
    <mem type="nursery" free="0" total="228065280" percent="0">
      <mem type="allocate" free="0" total="129105920" percent="0" />
      <mem type="survivor" free="0" total="98959360" percent="0" />
    </mem>
    <mem type="tenure" free="70937688" total="236453888" percent="30">
      <mem type="soa" free="59115608" total="224631808" percent="26" />
      <mem type="loa" free="11822080" total="11822080" percent="100" />
    </mem>
    <remembered-set count="207970" />
  </mem-info>
</gc-start>
<allocation-stats totalBytes="65414376" >
  <allocated-bytes non-tlh="744944" tlh="64669432" />
  <largest-consumer threadName="Thread-3" threadId="00000000016F7900" bytes="12918056" />
</allocation-stats>
<gc-op id="876" type="scavenge" timems="65.968" contextid="873" timestamp="2019-01-09T09:13:16.866">
  <scavenger-info tenureage="4" tenuremask="fff0" tiltratio="56" />
  <memory-copied type="nursery" objects="2818508" bytes="81578440" bytesdiscarded="179376" />
  <finalization candidates="405" enqueued="397" />
  <ownableSynchronizers candidates="322888" cleared="22" />
  <references type="soft" candidates="165" cleared="0" enqueued="0" dynamicThreshold="9" maxThreshold="32" />
  <references type="weak" candidates="398" cleared="189" enqueued="178" />
  <references type="phantom" candidates="3" cleared="0" enqueued="0" />
</gc-op>
<gc-end id="877" type="scavenge" contextid="873" durationms="66.616" usertimems="707.079" systemtimems="5.011" timestamp="2019-01-09T09:13:16.866" activeThreads="16">
  <mem-info id="878" free="103211168" total="464519168" percent="22">
    <mem type="nursery" free="32273480" total="228065280" percent="14">
      <mem type="allocate" free="32273480" total="114032640" percent="28" />
      <mem type="survivor" free="0" total="114032640" percent="0" />
    </mem>
    <mem type="tenure" free="70937688" total="236453888" percent="30" macro-fragmented="0">
      <mem type="soa" free="59115608" total="224631808" percent="26" />
      <mem type="loa" free="11822080" total="11822080" percent="100" />
    </mem>
    <pending-finalizers system="397" default="0" reference="178" classloader="0" />
    <remembered-set count="207794" />
  </mem-info>
</gc-end>
<cycle-end id="879" type="scavenge" contextid="873" timestamp="2019-01-09T09:13:16.866" />
<allocation-satisfied id="880" threadId="00000000016F7900" bytesRequested="72" />
<af-end id="881" timestamp="2019-01-09T09:13:16.867" threadId="00000000016F8260" success="true" from="nursery"/>
<exclusive-end id="882" timestamp="2019-01-09T09:13:16.867" durationms="67.180" />

<exclusive-start id="883" timestamp="2019-01-09T09:13:17.152" intervalms="352.876">
  <response-info timems="0.066" idlems="0.066" threads="0" lastid="00000000016F7900" lastname="Thread-3" />
</exclusive-start>
<af-start id="884" threadId="00000000016F8260" totalBytesRequested="200" timestamp="2019-01-09T09:13:17.152" intervalms="352.863" type="nursery" />
<cycle-start id="885" type="scavenge" contextid="0" timestamp="2019-01-09T09:13:17.152" intervalms="352.853" />
<gc-start id="886" type="scavenge" contextid="885" timestamp="2019-01-09T09:13:17.153">
  <mem-info id="887" free="70832968" total="464519168" percent="15">
    <mem type="nursery" free="0" total="228065280" percent="0">
      <mem type="allocate" free="0" total="114032640" percent="0" />
      <mem type="survivor" free="0" total="114032640" percent="0" />
    </mem>
    <mem type="tenure" free="70832968" total="236453888" percent="29">
      <mem type="soa" free="59010888" total="224631808" percent="26" />
      <mem type="loa" free="11822080" total="11822080" percent="100" />
    </mem>
    <remembered-set count="209660" />
  </mem-info>
</gc-start>
<allocation-stats totalBytes="32352256" >
  <allocated-bytes non-tlh="690600" tlh="31661656" />
  <largest-consumer threadName="Thread-3" threadId="00000000016F7900" bytes="29915240" />
</allocation-stats>
<gc-op id="888" type="scavenge" timems="110.803" contextid="885" timestamp="2019-01-09T09:13:17.263">
  <scavenger-info tenureage="2" tenuremask="fffc" tiltratio="50" />
  <memory-copied type="nursery" objects="25327" bytes="2690536" bytesdiscarded="535168" />
  <memory-copied type="tenure" objects="2418098" bytes="63160248" bytesdiscarded="15184" />
  <finalization candidates="851" enqueued="832" />
  <ownableSynchronizers candidates="323066" cleared="40" />
  <references type="soft" candidates="349" cleared="0" enqueued="0" dynamicThreshold="9" maxThreshold="32" />
  <references type="weak" candidates="1494" cleared="949" enqueued="899" />
  <references type="phantom" candidates="3" cleared="0" enqueued="0" />
  <heap-resize type="expand" space="tenure" amount="4718592" count="12" timems="2.101" reason="continue current collection" />
</gc-op>
<gc-end id="889" type="scavenge" contextid="885" durationms="111.752" usertimems="627.409" systemtimems="56.251" timestamp="2019-01-09T09:13:17.264" activeThreads="16">
  <mem-info id="890" free="125005824" total="469237760" percent="26">
    <mem type="nursery" free="112766464" total="228065280" percent="49">
      <mem type="allocate" free="112766464" total="115998720" percent="97" />
      <mem type="survivor" free="0" total="112066560" percent="0" />
    </mem>
    <mem type="tenure" free="12239360" total="241172480" percent="5" macro-fragmented="6450429">
      <mem type="soa" free="180736" total="229113856" percent="0" />
      <mem type="loa" free="12058624" total="12058624" percent="100" />
    </mem>
    <pending-finalizers system="831" default="1" reference="899" classloader="0" />
    <remembered-set count="2795" />
  </mem-info>
</gc-end>
<cycle-end id="891" type="scavenge" contextid="885" timestamp="2019-01-09T09:13:17.265" />
<allocation-satisfied id="892" threadId="00000000016F7900" bytesRequested="200" />
<af-end id="893" timestamp="2019-01-09T09:13:17.265" threadId="00000000016F8260" success="true" from="nursery"/>
<exclusive-end id="894" timestamp="2019-01-09T09:13:17.265" durationms="112.847" />

<exclusive-start id="895" timestamp="2019-01-09T09:13:18.311" intervalms="1158.482">
  <response-info timems="0.115" idlems="0.092" threads="1" lastid="00000000015CE600" lastname="JIT Compilation Thread-1" />
</exclusive-start>
<af-start id="896" threadId="00000000016F8260" totalBytesRequested="16" timestamp="2019-01-09T09:13:18.311" intervalms="1158.486" type="tenure" />
<cycle-start id="897" type="global" contextid="0" timestamp="2019-01-09T09:13:18.311" intervalms="2071.841" />
<gc-start id="898" type="global" contextid="897" timestamp="2019-01-09T09:13:18.311">
  <mem-info id="899" free="23748096" total="469237760" percent="5">
    <mem type="nursery" free="11689472" total="228065280" percent="5">
      <mem type="allocate" free="11689472" total="115998720" percent="10" />
      <mem type="survivor" free="0" total="112066560" percent="0" />
    </mem>
    <mem type="tenure" free="12058624" total="241172480" percent="5">
      <mem type="soa" free="0" total="229113856" percent="0" />
      <mem type="loa" free="12058624" total="12058624" percent="100" />
    </mem>
    <remembered-set count="5442" />
  </mem-info>
</gc-start>
<allocation-stats totalBytes="101205176" >
  <allocated-bytes non-tlh="180296" tlh="101024880" />
  <largest-consumer threadName="Thread-3" threadId="00000000016F7900" bytes="100980888" />
</allocation-stats>
<gc-op id="900" type="mark" timems="81.118" contextid="897" timestamp="2019-01-09T09:13:18.392">
  <trace-info objectcount="6318444" scancount="5704238" scanbytes="143458392" />
  <finalization candidates="1963" enqueued="1242" />
  <ownableSynchronizers candidates="500774" cleared="2093" />
  <references type="soft" candidates="13469" cleared="0" enqueued="0" dynamicThreshold="9" maxThreshold="32" />
  <references type="weak" candidates="8629" cleared="2120" enqueued="2109" />
  <references type="phantom" candidates="30" cleared="0" enqueued="0" />
  <stringconstants candidates="18266" cleared="6"  />
</gc-op>
<gc-op id="901" type="classunload" timems="0.065" contextid="897" timestamp="2019-01-09T09:13:18.392">
  <classunload-info classloadercandidates="115" classloadersunloaded="0" classesunloaded="0" anonymousclassesunloaded="0" quiescems="0.000" setupms="0.060" scanms="0.005" postms="0.000" />
</gc-op>
<gc-op id="902" type="sweep" timems="3.002" contextid="897" timestamp="2019-01-09T09:13:18.396" />
<heap-resize id="903" type="expand" space="tenure" amount="70320128" count="1" timems="0.079" reason="insufficient free space following gc" timestamp="2019-01-09T09:13:18.396" />
<gc-end id="904" type="global" contextid="897" durationms="85.131" usertimems="720.310" systemtimems="11.469" timestamp="2019-01-09T09:13:18.396" activeThreads="16">
  <mem-info id="905" free="192591592" total="539557888" percent="35">
    <mem type="nursery" free="99108352" total="228065280" percent="43">
      <mem type="allocate" free="99108352" total="115998720" percent="85" />
      <mem type="survivor" free="0" total="112066560" percent="0" />
    </mem>
    <mem type="tenure" free="93483240" total="311492608" percent="30" micro-fragmented="6679595" macro-fragmented="0">
      <mem type="soa" free="77909224" total="295918592" percent="26" />
      <mem type="loa" free="15574016" total="15574016" percent="100" />
    </mem>
    <pending-finalizers system="1242" default="0" reference="2109" classloader="0" />
    <remembered-set count="5316" />
  </mem-info>
</gc-end>
<cycle-end id="906" type="global" contextid="897" timestamp="2019-01-09T09:13:18.397" />
<allocation-satisfied id="907" threadId="00000000016F7900" bytesRequested="16" />
<af-end id="908" timestamp="2019-01-09T09:13:18.397" threadId="00000000016F8260" success="true" from="tenure-soa"/>
<exclusive-end id="909" timestamp="2019-01-09T09:13:18.397" durationms="86.022" />

<exclusive-start id="910" timestamp="2019-01-09T09:13:22.195" intervalms="3883.948">
  <response-info timems="0.180" idlems="0.124" threads="2" lastid="000000000168FB00" lastname="dw-98 - PUT /api/res/v1/director.cloudenvs/774d9eac-04d6-40b1-a" />
</exclusive-start>
<af-start id="911" threadId="0000000002546360" totalBytesRequested="152" timestamp="2019-01-09T09:13:22.195" intervalms="3883.980" type="nursery" />
<cycle-start id="912" type="scavenge" contextid="0" timestamp="2019-01-09T09:13:22.195" intervalms="5042.475" />
<gc-start id="913" type="scavenge" contextid="912" timestamp="2019-01-09T09:13:22.195">
  <mem-info id="914" free="93193120" total="539557888" percent="17">
    <mem type="nursery" free="0" total="228065280" percent="0">
      <mem type="allocate" free="0" total="115998720" percent="0" />
      <mem type="survivor" free="0" total="112066560" percent="0" />
    </mem>
    <mem type="tenure" free="93193120" total="311492608" percent="29">
      <mem type="soa" free="77619104" total="295918592" percent="26" />
      <mem type="loa" free="15574016" total="15574016" percent="100" />
    </mem>
    <remembered-set count="8814" />
  </mem-info>
</gc-start>
<allocation-stats totalBytes="98687280" >
  <allocated-bytes non-tlh="4457000" tlh="94230280" />
  <largest-consumer threadName="dw-98 - PUT /api/res/v1/director.cloudenvs/774d9eac-04d6-40b1-a7bd-f746ca6cc333" threadId="000000000168FB00" bytes="12443888" />
</allocation-stats>
<gc-op id="915" type="scavenge" timems="21.818" contextid="912" timestamp="2019-01-09T09:13:22.217">
  <scavenger-info tenureage="6" tenuremask="ffc0" tiltratio="50" />
  <memory-copied type="nursery" objects="233975" bytes="11033512" bytesdiscarded="193352" />
  <finalization candidates="921" enqueued="897" />
  <ownableSynchronizers candidates="997465" cleared="996580" />
  <references type="soft" candidates="4288" cleared="0" enqueued="0" dynamicThreshold="9" maxThreshold="32" />
  <references type="weak" candidates="2810" cleared="1084" enqueued="1056" />
  <references type="phantom" candidates="23" cleared="0" enqueued="0" />
</gc-op>
<gc-end id="916" type="scavenge" contextid="912" durationms="22.406" usertimems="76.271" systemtimems="4.851" timestamp="2019-01-09T09:13:22.217" activeThreads="16">
  <mem-info id="917" free="215697968" total="539557888" percent="39">
    <mem type="nursery" free="122504848" total="228065280" percent="53">
      <mem type="allocate" free="122504848" total="133758976" percent="91" />
      <mem type="survivor" free="0" total="94306304" percent="0" />
    </mem>
    <mem type="tenure" free="93193120" total="311492608" percent="29" macro-fragmented="0">
      <mem type="soa" free="77619104" total="295918592" percent="26" />
      <mem type="loa" free="15574016" total="15574016" percent="100" />
    </mem>
    <pending-finalizers system="896" default="1" reference="1056" classloader="0" />
    <remembered-set count="8130" />
  </mem-info>
</gc-end>
<cycle-end id="918" type="scavenge" contextid="912" timestamp="2019-01-09T09:13:22.218" />
<allocation-satisfied id="919" threadId="0000000002545A00" bytesRequested="152" />
<af-end id="920" timestamp="2019-01-09T09:13:22.218" threadId="0000000002546360" success="true" from="nursery"/>
<exclusive-end id="921" timestamp="2019-01-09T09:13:22.218" durationms="23.571" />

<exclusive-start id="922" timestamp="2019-01-09T09:13:23.565" intervalms="1370.320">
  <response-info timems="2.385" idlems="2.361" threads="3" lastid="000000000168FB00" lastname="dw-98 - PUT /api/res/v1/director.cloudenvs/0e1773cc-84ce-49d7-a" />
</exclusive-start>
<af-start id="923" threadId="0000000002546360" totalBytesRequested="176" timestamp="2019-01-09T09:13:23.565" intervalms="1370.310" type="nursery" />
<cycle-start id="924" type="scavenge" contextid="0" timestamp="2019-01-09T09:13:23.565" intervalms="1370.326" />
<gc-start id="925" type="scavenge" contextid="924" timestamp="2019-01-09T09:13:23.565">
  <mem-info id="926" free="93171416" total="539557888" percent="17">
    <mem type="nursery" free="0" total="228065280" percent="0">
      <mem type="allocate" free="0" total="133758976" percent="0" />
      <mem type="survivor" free="0" total="94306304" percent="0" />
    </mem>
    <mem type="tenure" free="93171416" total="311492608" percent="29">
      <mem type="soa" free="77597400" total="295918592" percent="26" />
      <mem type="loa" free="15574016" total="15574016" percent="100" />
    </mem>
    <remembered-set count="11124" />
  </mem-info>
</gc-start>
<allocation-stats totalBytes="122451440" >
  <allocated-bytes non-tlh="38236984" tlh="84214456" />
  <largest-consumer threadName="dw-98 - PUT /api/res/v1/director.cloudenvs/0e1773cc-84ce-49d7-ada5-6b19cb8d1d2a" threadId="000000000168FB00" bytes="29824344" />
</allocation-stats>
<gc-op id="927" type="scavenge" timems="11.278" contextid="924" timestamp="2019-01-09T09:13:23.577">
  <scavenger-info tenureage="4" tenuremask="fff0" tiltratio="58" />
  <memory-copied type="nursery" objects="242369" bytes="11215088" bytesdiscarded="188728" />
  <finalization candidates="139" enqueued="115" />
  <ownableSynchronizers candidates="7854" cleared="6938" />
  <references type="soft" candidates="4626" cleared="0" enqueued="0" dynamicThreshold="9" maxThreshold="32" />
  <references type="weak" candidates="1857" cleared="143" enqueued="140" />
  <references type="phantom" candidates="50" cleared="0" enqueued="0" />
</gc-op>
<gc-end id="928" type="scavenge" contextid="924" durationms="11.845" usertimems="65.474" systemtimems="2.142" timestamp="2019-01-09T09:13:23.577" activeThreads="16">
  <mem-info id="929" free="231633336" total="539557888" percent="42">
    <mem type="nursery" free="138461920" total="228065280" percent="60">
      <mem type="allocate" free="138461920" total="149880832" percent="92" />
      <mem type="survivor" free="0" total="78184448" percent="0" />
    </mem>
    <mem type="tenure" free="93171416" total="311492608" percent="29" macro-fragmented="0">
      <mem type="soa" free="77597400" total="295918592" percent="26" />
      <mem type="loa" free="15574016" total="15574016" percent="100" />
    </mem>
    <pending-finalizers system="114" default="1" reference="140" classloader="0" />
    <remembered-set count="10007" />
  </mem-info>
</gc-end>
<cycle-end id="930" type="scavenge" contextid="924" timestamp="2019-01-09T09:13:23.577" />
<allocation-satisfied id="931" threadId="0000000002545A00" bytesRequested="176" />
<af-end id="932" timestamp="2019-01-09T09:13:23.577" threadId="0000000002546360" success="true" from="nursery"/>
<exclusive-end id="933" timestamp="2019-01-09T09:13:23.577" durationms="12.490" />

<exclusive-start id="934" timestamp="2019-01-09T09:13:24.175" intervalms="610.120">
  <response-info timems="0.054" idlems="0.032" threads="4" lastid="000000000256E400" lastname="dw-94 - GET /api/res/v1/tree?includeMocs=director.vdc" />
</exclusive-start>
<af-start id="935" threadId="0000000002546360" totalBytesRequested="16" timestamp="2019-01-09T09:13:24.175" intervalms="610.166" type="nursery" />
<cycle-start id="936" type="scavenge" contextid="0" timestamp="2019-01-09T09:13:24.175" intervalms="610.154" />
<gc-start id="937" type="scavenge" contextid="936" timestamp="2019-01-09T09:13:24.176">
  <mem-info id="938" free="93170344" total="539557888" percent="17">
    <mem type="nursery" free="0" total="228065280" percent="0">
      <mem type="allocate" free="0" total="149880832" percent="0" />
      <mem type="survivor" free="0" total="78184448" percent="0" />
    </mem>
    <mem type="tenure" free="93170344" total="311492608" percent="29">
      <mem type="soa" free="77596328" total="295918592" percent="26" />
      <mem type="loa" free="15574016" total="15574016" percent="100" />
    </mem>
    <remembered-set count="10732" />
  </mem-info>
</gc-start>
<allocation-stats totalBytes="138431296" >
  <allocated-bytes non-tlh="12174208" tlh="126257088" />
  <largest-consumer threadName="dw-98 - GET /api/res/v1/tree?includeMocs=director.vdc" threadId="000000000168FB00" bytes="30819360" />
</allocation-stats>
<gc-op id="939" type="scavenge" timems="44.655" contextid="936" timestamp="2019-01-09T09:13:24.220">
  <scavenger-info tenureage="3" tenuremask="fff8" tiltratio="65" />
  <memory-copied type="nursery" objects="1610433" bytes="58220848" bytesdiscarded="333528" />
  <memory-copied type="tenure" objects="18496" bytes="922992" bytesdiscarded="1728" />
  <finalization candidates="28" enqueued="4" />
  <ownableSynchronizers candidates="3390" cleared="2478" />
  <references type="soft" candidates="4281" cleared="0" enqueued="0" dynamicThreshold="9" maxThreshold="32" />
  <references type="weak" candidates="1318" cleared="10" enqueued="10" />
  <references type="phantom" candidates="53" cleared="0" enqueued="0" />
</gc-op>
<gc-end id="940" type="scavenge" contextid="936" durationms="45.261" usertimems="399.200" systemtimems="2.838" timestamp="2019-01-09T09:13:24.221" activeThreads="16">
  <mem-info id="941" free="147281040" total="539557888" percent="27">
    <mem type="nursery" free="55465880" total="228065280" percent="24">
      <mem type="allocate" free="55465880" total="114032640" percent="48" />
      <mem type="survivor" free="0" total="114032640" percent="0" />
    </mem>
    <mem type="tenure" free="91815160" total="311492608" percent="29" macro-fragmented="0">
      <mem type="soa" free="76241144" total="295918592" percent="25" />
      <mem type="loa" free="15574016" total="15574016" percent="100" />
    </mem>
    <pending-finalizers system="4" default="0" reference="10" classloader="0" />
    <remembered-set count="5962" />
  </mem-info>
</gc-end>
<cycle-end id="942" type="scavenge" contextid="936" timestamp="2019-01-09T09:13:24.221" />
<allocation-satisfied id="943" threadId="0000000002545A00" bytesRequested="16" />
<af-end id="944" timestamp="2019-01-09T09:13:24.221" threadId="0000000002546360" success="true" from="nursery"/>
<exclusive-end id="945" timestamp="2019-01-09T09:13:24.221" durationms="45.967" />

<exclusive-start id="946" timestamp="2019-01-09T09:13:24.253" intervalms="77.692">
  <response-info timems="0.046" idlems="0.039" threads="6" lastid="0000000001817000" lastname="dw-99 - GET /api/res/v1/tree?includeMocs=director.vdc" />
</exclusive-start>
<af-start id="947" threadId="000000000258CE60" totalBytesRequested="72" timestamp="2019-01-09T09:13:24.253" intervalms="77.639" type="nursery" />
<cycle-start id="948" type="scavenge" contextid="0" timestamp="2019-01-09T09:13:24.253" intervalms="77.635" />
<gc-start id="949" type="scavenge" contextid="948" timestamp="2019-01-09T09:13:24.253">
  <mem-info id="950" free="91815160" total="539557888" percent="17">
    <mem type="nursery" free="0" total="228065280" percent="0">
      <mem type="allocate" free="0" total="114032640" percent="0" />
      <mem type="survivor" free="0" total="114032640" percent="0" />
    </mem>
    <mem type="tenure" free="91815160" total="311492608" percent="29">
      <mem type="soa" free="76241144" total="295918592" percent="25" />
      <mem type="loa" free="15574016" total="15574016" percent="100" />
    </mem>
    <remembered-set count="5963" />
  </mem-info>
</gc-start>
<allocation-stats totalBytes="55457200" >
  <allocated-bytes non-tlh="1132952" tlh="54324248" />
  <largest-consumer threadName="dw-103 - GET /api/res/v1/tree?includeMocs=director.vdc" threadId="000000000258EC00" bytes="9664752" />
</allocation-stats>
<gc-op id="951" type="scavenge" timems="59.078" contextid="948" timestamp="2019-01-09T09:13:24.312">
  <scavenger-info tenureage="3" tenuremask="ffc8" tiltratio="50" />
  <memory-copied type="nursery" objects="2184242" bytes="76946472" bytesdiscarded="552064" />
  <memory-copied type="tenure" objects="204537" bytes="7709096" bytesdiscarded="8560" />
  <finalization candidates="7" enqueued="0" />
  <ownableSynchronizers candidates="723" cleared="0" />
  <references type="soft" candidates="376" cleared="0" enqueued="0" dynamicThreshold="9" maxThreshold="32" />
  <references type="weak" candidates="93" cleared="0" enqueued="0" />
  <references type="phantom" candidates="37" cleared="0" enqueued="0" />
</gc-op>
<gc-end id="952" type="scavenge" contextid="948" durationms="59.720" usertimems="544.067" systemtimems="8.132" timestamp="2019-01-09T09:13:24.313" activeThreads="16">
  <mem-info id="953" free="120295544" total="539557888" percent="22">
    <mem type="nursery" free="36532048" total="228065280" percent="16">
      <mem type="allocate" free="36532048" total="114032640" percent="32" />
      <mem type="survivor" free="0" total="114032640" percent="0" />
    </mem>
    <mem type="tenure" free="83763496" total="311492608" percent="26" macro-fragmented="0">
      <mem type="soa" free="68189480" total="295918592" percent="23" />
      <mem type="loa" free="15574016" total="15574016" percent="100" />
    </mem>
    <remembered-set count="3904" />
  </mem-info>
</gc-end>
<cycle-end id="954" type="scavenge" contextid="948" timestamp="2019-01-09T09:13:24.313" />
<allocation-satisfied id="955" threadId="000000000258C500" bytesRequested="72" />
<af-end id="956" timestamp="2019-01-09T09:13:24.313" threadId="000000000258CE60" success="true" from="nursery"/>
<exclusive-end id="957" timestamp="2019-01-09T09:13:24.313" durationms="60.343" />

<exclusive-start id="958" timestamp="2019-01-09T09:13:24.333" intervalms="80.298">
  <response-info timems="0.062" idlems="0.039" threads="6" lastid="000000000168FB00" lastname="dw-98 - GET /api/res/v1/tree?includeMocs=director.vdc" />
</exclusive-start>
<af-start id="959" threadId="0000000001817960" totalBytesRequested="48" timestamp="2019-01-09T09:13:24.333" intervalms="80.316" type="nursery" />
<cycle-start id="960" type="scavenge" contextid="0" timestamp="2019-01-09T09:13:24.333" intervalms="80.315" />
<gc-start id="961" type="scavenge" contextid="960" timestamp="2019-01-09T09:13:24.333">
  <mem-info id="962" free="83763496" total="539557888" percent="15">
    <mem type="nursery" free="0" total="228065280" percent="0">
      <mem type="allocate" free="0" total="114032640" percent="0" />
      <mem type="survivor" free="0" total="114032640" percent="0" />
    </mem>
    <mem type="tenure" free="83763496" total="311492608" percent="26">
      <mem type="soa" free="68189480" total="295918592" percent="23" />
      <mem type="loa" free="15574016" total="15574016" percent="100" />
    </mem>
    <remembered-set count="3904" />
  </mem-info>
</gc-start>
<allocation-stats totalBytes="36526760" >
  <allocated-bytes non-tlh="402776" tlh="36123984" />
  <largest-consumer threadName="dw-101 - GET /api/res/v1/tree?includeMocs=director.vdc" threadId="0000000002545A00" bytes="5864576" />
</allocation-stats>
<gc-op id="963" type="scavenge" timems="62.672" contextid="960" timestamp="2019-01-09T09:13:24.396">
  <scavenger-info tenureage="3" tenuremask="ffe8" tiltratio="50" />
  <memory-copied type="nursery" objects="2672408" bytes="92294496" bytesdiscarded="320160" />
  <memory-copied type="tenure" objects="12077" bytes="1951816" bytesdiscarded="776" />
  <ownableSynchronizers candidates="58" cleared="0" />
  <references type="soft" candidates="5" cleared="0" enqueued="0" dynamicThreshold="9" maxThreshold="32" />
  <references type="weak" candidates="39" cleared="0" enqueued="0" />
  <references type="phantom" candidates="4" cleared="0" enqueued="0" />
</gc-op>
<gc-end id="964" type="scavenge" contextid="960" durationms="63.294" usertimems="576.574" systemtimems="5.597" timestamp="2019-01-09T09:13:24.397" activeThreads="16">
  <mem-info id="965" free="103222840" total="539557888" percent="19">
    <mem type="nursery" free="21417456" total="228065280" percent="9">
      <mem type="allocate" free="21417456" total="114032640" percent="18" />
      <mem type="survivor" free="0" total="114032640" percent="0" />
    </mem>
    <mem type="tenure" free="81805384" total="311492608" percent="26" macro-fragmented="0">
      <mem type="soa" free="66231368" total="295918592" percent="22" />
      <mem type="loa" free="15574016" total="15574016" percent="100" />
    </mem>
    <remembered-set count="1560" />
  </mem-info>
</gc-end>
<cycle-end id="966" type="scavenge" contextid="960" timestamp="2019-01-09T09:13:24.397" />
<allocation-satisfied id="967" threadId="0000000001817000" bytesRequested="48" />
<af-end id="968" timestamp="2019-01-09T09:13:24.397" threadId="0000000001817960" success="true" from="nursery"/>
<exclusive-end id="969" timestamp="2019-01-09T09:13:24.397" durationms="64.314" />

<exclusive-start id="970" timestamp="2019-01-09T09:13:24.409" intervalms="75.540">
  <response-info timems="0.049" idlems="0.030" threads="4" lastid="0000000001817000" lastname="dw-99 - GET /api/res/v1/tree?includeMocs=director.vdc" />
</exclusive-start>
<af-start id="971" threadId="0000000002546360" totalBytesRequested="524296" timestamp="2019-01-09T09:13:24.409" intervalms="75.518" type="nursery" />
<cycle-start id="972" type="scavenge" contextid="0" timestamp="2019-01-09T09:13:24.409" intervalms="75.517" />
<gc-start id="973" type="scavenge" contextid="972" timestamp="2019-01-09T09:13:24.409">
  <mem-info id="974" free="81805384" total="539557888" percent="15">
    <mem type="nursery" free="0" total="228065280" percent="0">
      <mem type="allocate" free="0" total="114032640" percent="0" />
      <mem type="survivor" free="0" total="114032640" percent="0" />
    </mem>
    <mem type="tenure" free="81805384" total="311492608" percent="26">
      <mem type="soa" free="66231368" total="295918592" percent="22" />
      <mem type="loa" free="15574016" total="15574016" percent="100" />
    </mem>
    <remembered-set count="1560" />
  </mem-info>
</gc-start>
<allocation-stats totalBytes="21413496" >
  <allocated-bytes non-tlh="524344" tlh="20889152" />
  <largest-consumer threadName="dw-99 - GET /api/res/v1/tree?includeMocs=director.vdc" threadId="0000000001817000" bytes="3505408" />
</allocation-stats>
<gc-op id="975" type="scavenge" timems="77.525" contextid="972" timestamp="2019-01-09T09:13:24.487">
  <scavenger-info tenureage="2" tenuremask="ffec" tiltratio="50" />
  <memory-copied type="nursery" objects="774450" bytes="27574072" bytesdiscarded="584664" />
  <memory-copied type="tenure" objects="2172085" bytes="74823736" bytesdiscarded="12296" />
  <ownableSynchronizers candidates="24" cleared="0" />
  <heap-resize type="expand" space="tenure" amount="9371648" count="13" timems="5.524" reason="continue current collection" />
</gc-op>
<gc-end id="976" type="scavenge" contextid="972" durationms="79.459" usertimems="647.799" systemtimems="55.799" timestamp="2019-01-09T09:13:24.488" activeThreads="16">
  <mem-info id="977" free="102303216" total="548929536" percent="18">
    <mem type="nursery" free="85873904" total="228065280" percent="37">
      <mem type="allocate" free="85873904" total="114032640" percent="75" />
      <mem type="survivor" free="0" total="114032640" percent="0" />
    </mem>
    <mem type="tenure" free="16429312" total="320864256" percent="5" macro-fragmented="0">
      <mem type="soa" free="386304" total="304821248" percent="0" />
      <mem type="loa" free="16043008" total="16043008" percent="100" />
    </mem>
    <remembered-set count="31602" />
  </mem-info>
</gc-end>
<cycle-end id="978" type="scavenge" contextid="972" timestamp="2019-01-09T09:13:24.489" />
<allocation-satisfied id="979" threadId="0000000002545A00" bytesRequested="524296" />
<af-end id="980" timestamp="2019-01-09T09:13:24.489" threadId="0000000002546360" success="true" from="nursery"/>
<exclusive-end id="981" timestamp="2019-01-09T09:13:24.490" durationms="81.252" />

<concurrent-kickoff id="982" timestamp="2019-01-09T09:13:24.530">
  <kickoff reason="threshold reached" targetBytes="80627360" thresholdFreeBytes="11231308"  remainingFree="11216064" tenureFreeBytes="16429312" nurseryFreeBytes="11216064" />
</concurrent-kickoff>
<exclusive-start id="983" timestamp="2019-01-09T09:13:24.531" intervalms="122.320">
  <response-info timems="0.184" idlems="0.141" threads="2" lastid="0000000002546A00" lastname="dw-102 - GET /api/res/v1/tree?includeMocs=director.vdc" />
</exclusive-start>
<cycle-start id="984" type="global" contextid="0" timestamp="2019-01-09T09:13:24.531" intervalms="6220.108" />
<exclusive-end id="985" timestamp="2019-01-09T09:13:24.531" durationms="0.127" />

<exclusive-start id="986" timestamp="2019-01-09T09:13:24.610" intervalms="79.048">
  <response-info timems="0.091" idlems="0.050" threads="10" lastid="0000000002546A00" lastname="dw-102 - GET /api/res/v1/tree?includeMocs=director.vdc" />
</exclusive-start>
<af-start id="987" threadId="0000000002749860" totalBytesRequested="48" timestamp="2019-01-09T09:13:24.610" intervalms="201.387" type="nursery" />
<cycle-start id="988" type="scavenge" contextid="0" timestamp="2019-01-09T09:13:24.610" intervalms="201.422" />
<gc-start id="989" type="scavenge" contextid="988" timestamp="2019-01-09T09:13:24.610">
  <mem-info id="990" free="16429312" total="548929536" percent="2">
    <mem type="nursery" free="0" total="228065280" percent="0">
      <mem type="allocate" free="0" total="114032640" percent="0" />
      <mem type="survivor" free="0" total="114032640" percent="0" />
    </mem>
    <mem type="tenure" free="16429312" total="320864256" percent="5">
      <mem type="soa" free="386304" total="304821248" percent="0" />
      <mem type="loa" free="16043008" total="16043008" percent="100" />
    </mem>
    <remembered-set count="81505" />
  </mem-info>
</gc-start>
<allocation-stats totalBytes="85859456" >
  <allocated-bytes non-tlh="3149880" tlh="82709576" />
  <largest-consumer threadName="dw-103 - GET /api/res/v1/tree?includeMocs=director.vdc" threadId="000000000258EC00" bytes="13071544" />
</allocation-stats>
<gc-op id="991" type="scavenge" timems="83.200" contextid="988" timestamp="2019-01-09T09:13:24.694">
  <scavenger-info tenureage="2" tenuremask="ffe4" tiltratio="50" />
  <memory-copied type="nursery" objects="1361310" bytes="51463032" bytesdiscarded="377336" />
  <memory-copied type="tenure" objects="500192" bytes="17202160" bytesdiscarded="2504" />
  <ownableSynchronizers candidates="18" cleared="4" />
  <references type="weak" candidates="28" cleared="0" enqueued="0" />
  <references type="phantom" candidates="2" cleared="0" enqueued="0" />
  <heap-resize type="expand" space="tenure" amount="18874368" count="18" timems="23.532" reason="continue current collection" />
</gc-op>
<gc-end id="992" type="scavenge" contextid="988" durationms="83.904" usertimems="494.684" systemtimems="19.111" timestamp="2019-01-09T09:13:24.694" activeThreads="16">
  <mem-info id="993" free="79941064" total="567803904" percent="14">
    <mem type="nursery" free="62192072" total="228065280" percent="27">
      <mem type="allocate" free="62192072" total="114032640" percent="54" />
      <mem type="survivor" free="0" total="114032640" percent="0" />
    </mem>
    <mem type="tenure" free="17748992" total="339738624" percent="5" macro-fragmented="0">
      <mem type="soa" free="762880" total="322752512" percent="0" />
      <mem type="loa" free="16986112" total="16986112" percent="100" />
    </mem>
    <remembered-set count="38599" />
  </mem-info>
</gc-end>
<cycle-end id="994" type="scavenge" contextid="988" timestamp="2019-01-09T09:13:24.695" />
<allocation-satisfied id="995" threadId="0000000002748F00" bytesRequested="48" />
<af-end id="996" timestamp="2019-01-09T09:13:24.695" threadId="0000000002749860" success="true" from="nursery"/>
<exclusive-end id="997" timestamp="2019-01-09T09:13:24.695" durationms="84.616" />

<exclusive-start id="998" timestamp="2019-01-09T09:13:24.744" intervalms="133.968">
  <response-info timems="0.085" idlems="0.051" threads="9" lastid="0000000002546A00" lastname="dw-102 - GET /api/res/v1/tree?includeMocs=director.vdc" />
</exclusive-start>
<concurrent-collection-start id="999" timestamp="2019-01-09T09:13:24.744" intervalms="8394.720" >
  <concurrent-trace-info reason="card cleaning threshold reached" tracedByMutators="162639464" tracedByHelpers="17568088" cardsCleaned="3762" workStackOverflowCount="0" />
</concurrent-collection-start>
<gc-start id="1000" type="global" contextid="984" timestamp="2019-01-09T09:13:24.744">
  <mem-info id="1001" free="74910896" total="567803904" percent="13">
    <mem type="nursery" free="57162120" total="228065280" percent="25">
      <mem type="allocate" free="57162120" total="114032640" percent="50" />
      <mem type="survivor" free="0" total="114032640" percent="0" />
    </mem>
    <mem type="tenure" free="17748776" total="339738624" percent="5">
      <mem type="soa" free="762664" total="322752512" percent="0" />
      <mem type="loa" free="16986112" total="16986112" percent="100" />
    </mem>
    <remembered-set count="39745" />
  </mem-info>
</gc-start>
<allocation-stats totalBytes="5028288" >
  <allocated-bytes non-tlh="8472" tlh="5019816" />
  <largest-consumer threadName="dw-101 - GET /api/res/v1/tree?includeMocs=director.vdc" threadId="0000000002545A00" bytes="544728" />
</allocation-stats>
<gc-op id="1002" type="rs-scan" timems="0.855" contextid="984" timestamp="2019-01-09T09:13:24.745">
  <scan objectsFound="779" bytesTraced="83512" workStackOverflowCount="0" />
</gc-op>
<gc-op id="1003" type="card-cleaning" timems="44.754" contextid="984" timestamp="2019-01-09T09:13:24.790">
  <card-cleaning cardsCleaned="154" bytesTraced="44541060" workStackOverflowCount="0" />
</gc-op>
<gc-op id="1004" type="mark" timems="15.759" contextid="984" timestamp="2019-01-09T09:13:24.806">
  <trace-info objectcount="19152" scancount="12942" scanbytes="384444" />
  <finalization candidates="727" enqueued="0" />
  <ownableSynchronizers candidates="499151" cleared="9" />
  <references type="soft" candidates="15119" cleared="0" enqueued="0" dynamicThreshold="9" maxThreshold="32" />
  <references type="weak" candidates="6935" cleared="19" enqueued="16" />
  <references type="phantom" candidates="88" cleared="3" enqueued="3" />
  <stringconstants candidates="20491" cleared="14"  />
</gc-op>
<gc-op id="1005" type="classunload" timems="2.418" contextid="984" timestamp="2019-01-09T09:13:24.808">
  <classunload-info classloadercandidates="157" classloadersunloaded="1" classesunloaded="16" anonymousclassesunloaded="15" quiescems="0.000" setupms="2.368" scanms="0.046" postms="0.004" />
</gc-op>
<gc-op id="1006" type="sweep" timems="7.172" contextid="984" timestamp="2019-01-09T09:13:24.816" />
<heap-resize id="1007" type="expand" space="tenure" amount="55181312" count="1" timems="0.074" reason="insufficient free space following gc" timestamp="2019-01-09T09:13:24.816" />
<gc-end id="1008" type="global" contextid="984" durationms="71.794" usertimems="338.482" systemtimems="6.799" timestamp="2019-01-09T09:13:24.816" activeThreads="16">
  <mem-info id="1009" free="176712064" total="622985216" percent="28">
    <mem type="nursery" free="58197072" total="228065280" percent="25">
      <mem type="allocate" free="58197072" total="114032640" percent="51" />
      <mem type="survivor" free="0" total="114032640" percent="0" />
    </mem>
    <mem type="tenure" free="118514992" total="394919936" percent="30" micro-fragmented="8506474" macro-fragmented="290741">
      <mem type="soa" free="98769200" total="375174144" percent="26" />
      <mem type="loa" free="19745792" total="19745792" percent="100" />
    </mem>
    <pending-finalizers system="0" default="0" reference="19" classloader="0" />
    <remembered-set count="39742" />
  </mem-info>
</gc-end>
<cycle-end id="1010" type="global" contextid="984" timestamp="2019-01-09T09:13:24.817" />
<concurrent-collection-end id="1011" timestamp="2019-01-09T09:13:24.817" />
<exclusive-end id="1012" timestamp="2019-01-09T09:13:24.817" durationms="72.652" />

<exclusive-start id="1013" timestamp="2019-01-09T09:13:24.844" intervalms="99.642">
  <response-info timems="0.073" idlems="0.055" threads="8" lastid="000000000168FB00" lastname="dw-98 - GET /api/res/v1/tree?includeMocs=director.vdc" />
</exclusive-start>
<af-start id="1014" threadId="0000000001817960" totalBytesRequested="32" timestamp="2019-01-09T09:13:24.844" intervalms="233.617" type="nursery" />
<cycle-start id="1015" type="scavenge" contextid="0" timestamp="2019-01-09T09:13:24.844" intervalms="233.597" />
<gc-start id="1016" type="scavenge" contextid="1015" timestamp="2019-01-09T09:13:24.844">
  <mem-info id="1017" free="118514992" total="622985216" percent="19">
    <mem type="nursery" free="0" total="228065280" percent="0">
      <mem type="allocate" free="0" total="114032640" percent="0" />
      <mem type="survivor" free="0" total="114032640" percent="0" />
    </mem>
    <mem type="tenure" free="118514992" total="394919936" percent="30">
      <mem type="soa" free="98769200" total="375174144" percent="26" />
      <mem type="loa" free="19745792" total="19745792" percent="100" />
    </mem>
    <remembered-set count="51471" />
  </mem-info>
</gc-start>
<allocation-stats totalBytes="58187960" >
  <allocated-bytes non-tlh="139288" tlh="58048672" />
  <largest-consumer threadName="dw-108 - GET /api/res/v1/tree?includeMocs=director.vdc" threadId="000000000285F300" bytes="7497760" />
</allocation-stats>
<gc-op id="1018" type="scavenge" timems="49.102" contextid="1015" timestamp="2019-01-09T09:13:24.893">
  <scavenger-info tenureage="2" tenuremask="7c04" tiltratio="50" />
  <memory-copied type="nursery" objects="1883694" bytes="69175784" bytesdiscarded="471592" />
  <memory-copied type="tenure" objects="274118" bytes="10102088" bytesdiscarded="2336" />
  <ownableSynchronizers candidates="998284" cleared="998259" />
  <references type="weak" candidates="44" cleared="0" enqueued="0" />
  <references type="phantom" candidates="8" cleared="0" enqueued="0" />
</gc-op>
<gc-end id="1019" type="scavenge" contextid="1015" durationms="49.652" usertimems="522.460" systemtimems="9.299" timestamp="2019-01-09T09:13:24.894" activeThreads="16">
  <mem-info id="1020" free="151851328" total="622985216" percent="24">
    <mem type="nursery" free="44384824" total="228065280" percent="19">
      <mem type="allocate" free="44384824" total="114032640" percent="38" />
      <mem type="survivor" free="0" total="114032640" percent="0" />
    </mem>
    <mem type="tenure" free="107466504" total="394919936" percent="27" macro-fragmented="0">
      <mem type="soa" free="87720712" total="375174144" percent="23" />
      <mem type="loa" free="19745792" total="19745792" percent="100" />
    </mem>
    <remembered-set count="48469" />
  </mem-info>
</gc-end>
<cycle-end id="1021" type="scavenge" contextid="1015" timestamp="2019-01-09T09:13:24.894" />
<allocation-satisfied id="1022" threadId="0000000001817000" bytesRequested="32" />
<af-end id="1023" timestamp="2019-01-09T09:13:24.894" threadId="0000000001817960" success="true" from="nursery"/>
<exclusive-end id="1024" timestamp="2019-01-09T09:13:24.894" durationms="50.359" />

<exclusive-start id="1025" timestamp="2019-01-09T09:13:24.910" intervalms="66.460">
  <response-info timems="0.059" idlems="0.037" threads="8" lastid="000000000168FB00" lastname="dw-98 - GET /api/res/v1/tree?includeMocs=director.vdc" />
</exclusive-start>
<af-start id="1026" threadId="0000000002546360" totalBytesRequested="72" timestamp="2019-01-09T09:13:24.910" intervalms="66.472" type="nursery" />
<cycle-start id="1027" type="scavenge" contextid="0" timestamp="2019-01-09T09:13:24.910" intervalms="66.463" />
<gc-start id="1028" type="scavenge" contextid="1027" timestamp="2019-01-09T09:13:24.911">
  <mem-info id="1029" free="107466504" total="622985216" percent="17">
    <mem type="nursery" free="0" total="228065280" percent="0">
      <mem type="allocate" free="0" total="114032640" percent="0" />
      <mem type="survivor" free="0" total="114032640" percent="0" />
    </mem>
    <mem type="tenure" free="107466504" total="394919936" percent="27">
      <mem type="soa" free="87720712" total="375174144" percent="23" />
      <mem type="loa" free="19745792" total="19745792" percent="100" />
    </mem>
    <remembered-set count="59100" />
  </mem-info>
</gc-start>
<allocation-stats totalBytes="44378048" >
  <allocated-bytes non-tlh="393272" tlh="43984776" />
  <largest-consumer threadName="dw-94 - GET /api/res/v1/tree?includeMocs=director.vdc" threadId="000000000256E400" bytes="5050144" />
</allocation-stats>
<gc-op id="1030" type="scavenge" timems="54.417" contextid="1027" timestamp="2019-01-09T09:13:24.965">
  <scavenger-info tenureage="2" tenuremask="7e04" tiltratio="50" />
  <memory-copied type="nursery" objects="1343917" bytes="47255288" bytesdiscarded="478784" />
  <memory-copied type="tenure" objects="1087017" bytes="41345920" bytesdiscarded="5472" />
  <ownableSynchronizers candidates="27" cleared="2" />
  <references type="weak" candidates="16" cleared="0" enqueued="0" />
  <references type="phantom" candidates="6" cleared="0" enqueued="0" />
</gc-op>
<gc-end id="1031" type="scavenge" contextid="1027" durationms="55.249" usertimems="579.908" systemtimems="17.683" timestamp="2019-01-09T09:13:24.966" activeThreads="16">
  <mem-info id="1032" free="138743984" total="622985216" percent="22">
    <mem type="nursery" free="72327656" total="228065280" percent="31">
      <mem type="allocate" free="72327656" total="120061952" percent="60" />
      <mem type="survivor" free="0" total="108003328" percent="0" />
    </mem>
    <mem type="tenure" free="66416328" total="394919936" percent="16" macro-fragmented="0">
      <mem type="soa" free="46670536" total="375174144" percent="12" />
      <mem type="loa" free="19745792" total="19745792" percent="100" />
    </mem>
    <remembered-set count="37050" />
  </mem-info>
</gc-end>
<cycle-end id="1033" type="scavenge" contextid="1027" timestamp="2019-01-09T09:13:24.966" />
<allocation-satisfied id="1034" threadId="0000000002545A00" bytesRequested="72" />
<af-end id="1035" timestamp="2019-01-09T09:13:24.966" threadId="0000000002546360" success="true" from="nursery"/>
<exclusive-end id="1036" timestamp="2019-01-09T09:13:24.966" durationms="55.928" />

<exclusive-start id="1037" timestamp="2019-01-09T09:13:24.996" intervalms="85.712">
  <response-info timems="0.389" idlems="0.344" threads="9" lastid="0000000002546A00" lastname="dw-102 - GET /api/res/v1/tree?includeMocs=director.vdc" />
</exclusive-start>
<af-start id="1038" threadId="000000000258CE60" totalBytesRequested="16" timestamp="2019-01-09T09:13:24.996" intervalms="85.685" type="nursery" />
<cycle-start id="1039" type="scavenge" contextid="0" timestamp="2019-01-09T09:13:24.996" intervalms="85.699" />
<gc-start id="1040" type="scavenge" contextid="1039" timestamp="2019-01-09T09:13:24.996">
  <mem-info id="1041" free="66416328" total="622985216" percent="10">
    <mem type="nursery" free="0" total="228065280" percent="0">
      <mem type="allocate" free="0" total="120061952" percent="0" />
      <mem type="survivor" free="0" total="108003328" percent="0" />
    </mem>
    <mem type="tenure" free="66416328" total="394919936" percent="16">
      <mem type="soa" free="46670536" total="375174144" percent="12" />
      <mem type="loa" free="19745792" total="19745792" percent="100" />
    </mem>
    <remembered-set count="60919" />
  </mem-info>
</gc-start>
<allocation-stats totalBytes="72313544" >
  <allocated-bytes non-tlh="524376" tlh="71789168" />
  <largest-consumer threadName="dw-103 - GET /api/res/v1/tree?includeMocs=director.vdc" threadId="000000000258EC00" bytes="8485488" />
</allocation-stats>
<gc-op id="1042" type="scavenge" timems="60.732" contextid="1039" timestamp="2019-01-09T09:13:25.057">
  <scavenger-info tenureage="2" tenuremask="7f04" tiltratio="52" />
  <memory-copied type="nursery" objects="1476265" bytes="51901848" bytesdiscarded="445472" />
  <memory-copied type="tenure" objects="796472" bytes="27550504" bytesdiscarded="4424" />
  <ownableSynchronizers candidates="11" cleared="0" />
</gc-op>
<gc-end id="1043" type="scavenge" contextid="1039" durationms="61.348" usertimems="548.872" systemtimems="27.670" timestamp="2019-01-09T09:13:25.058" activeThreads="16">
  <mem-info id="1044" free="114456184" total="622985216" percent="18">
    <mem type="nursery" free="75775560" total="228065280" percent="33">
      <mem type="allocate" free="75775560" total="128122880" percent="59" />
      <mem type="survivor" free="0" total="99942400" percent="0" />
    </mem>
    <mem type="tenure" free="38680624" total="394919936" percent="9" macro-fragmented="0">
      <mem type="soa" free="18934832" total="375174144" percent="5" />
      <mem type="loa" free="19745792" total="19745792" percent="100" />
    </mem>
    <remembered-set count="54070" />
  </mem-info>
</gc-end>
<cycle-end id="1045" type="scavenge" contextid="1039" timestamp="2019-01-09T09:13:25.058" />
<allocation-satisfied id="1046" threadId="000000000258C500" bytesRequested="16" />
<af-end id="1047" timestamp="2019-01-09T09:13:25.058" threadId="000000000258CE60" success="true" from="nursery"/>
<exclusive-end id="1048" timestamp="2019-01-09T09:13:25.058" durationms="62.013" />

<concurrent-kickoff id="1049" timestamp="2019-01-09T09:13:25.089">
  <kickoff reason="threshold reached" targetBytes="119468416" thresholdFreeBytes="16562335"  remainingFree="16542544" tenureFreeBytes="38680624" nurseryFreeBytes="16542544" />
</concurrent-kickoff>
<exclusive-start id="1050" timestamp="2019-01-09T09:13:25.091" intervalms="95.623">
  <response-info timems="1.579" idlems="1.287" threads="5" lastid="0000000002545A00" lastname="dw-101 - GET /api/res/v1/tree?includeMocs=director.vdc" />
</exclusive-start>
<cycle-start id="1051" type="global" contextid="0" timestamp="2019-01-09T09:13:25.091" intervalms="560.409" />
<exclusive-end id="1052" timestamp="2019-01-09T09:13:25.091" durationms="0.080" />

<exclusive-start id="1053" timestamp="2019-01-09T09:13:25.187" intervalms="96.054">
  <response-info timems="0.075" idlems="0.036" threads="10" lastid="000000000168FB00" lastname="dw-98 - GET /api/res/v1/tree?includeMocs=director.vdc" />
</exclusive-start>
<af-start id="1054" threadId="0000000002749860" totalBytesRequested="16" timestamp="2019-01-09T09:13:25.188" intervalms="191.676" type="nursery" />
<cycle-start id="1055" type="scavenge" contextid="0" timestamp="2019-01-09T09:13:25.188" intervalms="191.663" />
<gc-start id="1056" type="scavenge" contextid="1055" timestamp="2019-01-09T09:13:25.188">
  <mem-info id="1057" free="38680624" total="622985216" percent="6">
    <mem type="nursery" free="0" total="228065280" percent="0">
      <mem type="allocate" free="0" total="128122880" percent="0" />
      <mem type="survivor" free="0" total="99942400" percent="0" />
    </mem>
    <mem type="tenure" free="38680624" total="394919936" percent="9">
      <mem type="soa" free="18934832" total="375174144" percent="5" />
      <mem type="loa" free="19745792" total="19745792" percent="100" />
    </mem>
    <remembered-set count="117890" />
  </mem-info>
</gc-start>
<allocation-stats totalBytes="75762168" >
  <allocated-bytes non-tlh="4709488" tlh="71052680" />
  <largest-consumer threadName="dw-94 - GET /api/res/v1/tree?includeMocs=director.vdc" threadId="000000000256E400" bytes="10713096" />
</allocation-stats>
<gc-op id="1058" type="scavenge" timems="69.545" contextid="1055" timestamp="2019-01-09T09:13:25.257">
  <scavenger-info tenureage="7" tenuremask="7f80" tiltratio="56" />
  <memory-copied type="nursery" objects="2374247" bytes="87490328" bytesdiscarded="388848" />
  <ownableSynchronizers candidates="5" cleared="4" />
</gc-op>
<gc-end id="1059" type="scavenge" contextid="1055" durationms="70.516" usertimems="611.120" systemtimems="0.603" timestamp="2019-01-09T09:13:25.258" activeThreads="16">
  <mem-info id="1060" free="64834088" total="622985216" percent="10">
    <mem type="nursery" free="26153464" total="228065280" percent="11">
      <mem type="allocate" free="26153464" total="114032640" percent="22" />
      <mem type="survivor" free="0" total="114032640" percent="0" />
    </mem>
    <mem type="tenure" free="38680624" total="394919936" percent="9" macro-fragmented="0">
      <mem type="soa" free="18934832" total="375174144" percent="5" />
      <mem type="loa" free="19745792" total="19745792" percent="100" />
    </mem>
    <remembered-set count="65008" />
  </mem-info>
</gc-end>
<cycle-end id="1061" type="scavenge" contextid="1055" timestamp="2019-01-09T09:13:25.259" />
<allocation-satisfied id="1062" threadId="0000000002748F00" bytesRequested="16" />
<af-end id="1063" timestamp="2019-01-09T09:13:25.259" threadId="0000000002749860" success="true" from="nursery"/>
<exclusive-end id="1064" timestamp="2019-01-09T09:13:25.259" durationms="71.174" />

<exclusive-start id="1065" timestamp="2019-01-09T09:13:25.316" intervalms="128.946">
  <response-info timems="0.049" idlems="0.033" threads="11" lastid="000000000256E400" lastname="dw-94 - GET /api/res/v1/tree?includeMocs=director.vdc" />
</exclusive-start>
<concurrent-collection-start id="1066" timestamp="2019-01-09T09:13:25.317" intervalms="572.435" >
  <concurrent-trace-info reason="card cleaning threshold reached" tracedByMutators="203759816" tracedByHelpers="24153608" cardsCleaned="8452" workStackOverflowCount="0" />
</concurrent-collection-start>
<gc-start id="1067" type="global" contextid="1051" timestamp="2019-01-09T09:13:25.317">
  <mem-info id="1068" free="53180448" total="622985216" percent="8">
    <mem type="nursery" free="14500304" total="228065280" percent="6">
      <mem type="allocate" free="14500304" total="114032640" percent="12" />
      <mem type="survivor" free="0" total="114032640" percent="0" />
    </mem>
    <mem type="tenure" free="38680144" total="394919936" percent="9">
      <mem type="soa" free="18934352" total="375174144" percent="5" />
      <mem type="loa" free="19745792" total="19745792" percent="100" />
    </mem>
    <remembered-set count="67933" />
  </mem-info>
</gc-start>
<allocation-stats totalBytes="11648400" >
  <allocated-bytes non-tlh="1057288" tlh="10591112" />
  <largest-consumer threadName="dw-102 - GET /api/res/v1/tree?includeMocs=director.vdc" threadId="0000000002546A00" bytes="1994504" />
</allocation-stats>
<gc-op id="1069" type="rs-scan" timems="69.937" contextid="1051" timestamp="2019-01-09T09:13:25.387">
  <scan objectsFound="32774" bytesTraced="65809352" workStackOverflowCount="0" />
</gc-op>
<gc-op id="1070" type="card-cleaning" timems="6.950" contextid="1051" timestamp="2019-01-09T09:13:25.394">
  <card-cleaning cardsCleaned="2023" bytesTraced="5599892" workStackOverflowCount="0" />
</gc-op>
<gc-op id="1071" type="mark" timems="12.857" contextid="1051" timestamp="2019-01-09T09:13:25.407">
  <trace-info objectcount="510" scancount="461" scanbytes="13788" />
  <finalization candidates="727" enqueued="0" />
  <ownableSynchronizers candidates="499165" cleared="13" />
  <references type="soft" candidates="15122" cleared="0" enqueued="0" dynamicThreshold="9" maxThreshold="32" />
  <references type="weak" candidates="6941" cleared="3" enqueued="3" />
  <references type="phantom" candidates="85" cleared="0" enqueued="0" />
  <stringconstants candidates="20479" cleared="0"  />
</gc-op>
<gc-op id="1072" type="sweep" timems="4.938" contextid="1051" timestamp="2019-01-09T09:13:25.412" />
<heap-resize id="1073" type="expand" space="tenure" amount="110624768" count="1" timems="0.064" reason="insufficient free space following gc" timestamp="2019-01-09T09:13:25.413" />
<gc-end id="1074" type="global" contextid="1051" durationms="95.922" usertimems="427.255" systemtimems="6.709" timestamp="2019-01-09T09:13:25.413" activeThreads="16">
  <mem-info id="1075" free="167885536" total="733609984" percent="22">
    <mem type="nursery" free="16179400" total="228065280" percent="7">
      <mem type="allocate" free="16179400" total="114032640" percent="14" />
      <mem type="survivor" free="0" total="114032640" percent="0" />
    </mem>
    <mem type="tenure" free="151706136" total="505544704" percent="30" micro-fragmented="8792729" macro-fragmented="97368">
      <mem type="soa" free="126429720" total="480268288" percent="26" />
      <mem type="loa" free="25276416" total="25276416" percent="100" />
    </mem>
    <pending-finalizers system="0" default="0" reference="3" classloader="0" />
    <remembered-set count="67921" />
  </mem-info>
</gc-end>
<cycle-end id="1076" type="global" contextid="1051" timestamp="2019-01-09T09:13:25.413" />
<concurrent-collection-end id="1077" timestamp="2019-01-09T09:13:25.413" />
<exclusive-end id="1078" timestamp="2019-01-09T09:13:25.413" durationms="96.457" />

<exclusive-start id="1079" timestamp="2019-01-09T09:13:25.422" intervalms="105.530">
  <response-info timems="1.045" idlems="0.367" threads="2" lastid="00000000015C4300" lastname="kafka-coordinator-heartbeat-thread | sm_logout_bb03412b-c164-46" />
</exclusive-start>
<af-start id="1080" threadId="0000000001817960" totalBytesRequested="16" timestamp="2019-01-09T09:13:25.422" intervalms="234.481" type="nursery" />
<cycle-start id="1081" type="scavenge" contextid="0" timestamp="2019-01-09T09:13:25.422" intervalms="234.476" />
<gc-start id="1082" type="scavenge" contextid="1081" timestamp="2019-01-09T09:13:25.422">
  <mem-info id="1083" free="151705576" total="733609984" percent="20">
    <mem type="nursery" free="0" total="228065280" percent="0">
      <mem type="allocate" free="0" total="114032640" percent="0" />
      <mem type="survivor" free="0" total="114032640" percent="0" />
    </mem>
    <mem type="tenure" free="151705576" total="505544704" percent="30">
      <mem type="soa" free="126429160" total="480268288" percent="26" />
      <mem type="loa" free="25276416" total="25276416" percent="100" />
    </mem>
    <remembered-set count="80179" />
  </mem-info>
</gc-start>
<allocation-stats totalBytes="16173424" >
  <allocated-bytes non-tlh="1544" tlh="16171880" />
  <largest-consumer threadName="dw-103 - GET /api/res/v1/tree?includeMocs=director.vdc" threadId="000000000258EC00" bytes="2509304" />
</allocation-stats>
<gc-op id="1084" type="scavenge" timems="75.604" contextid="1081" timestamp="2019-01-09T09:13:25.498">
  <scavenger-info tenureage="2" tenuremask="7fcc" tiltratio="50" />
  <memory-copied type="nursery" objects="1206925" bytes="47699048" bytesdiscarded="549976" />
  <memory-copied type="tenure" objects="1476066" bytes="51612280" bytesdiscarded="7744" />
  <ownableSynchronizers candidates="998324" cleared="998307" />
  <references type="soft" candidates="29" cleared="0" enqueued="0" dynamicThreshold="9" maxThreshold="32" />
  <references type="weak" candidates="40" cleared="5" enqueued="4" />
  <references type="phantom" candidates="4" cleared="0" enqueued="0" />
</gc-op>
<gc-end id="1085" type="scavenge" contextid="1081" durationms="76.176" usertimems="627.400" systemtimems="28.774" timestamp="2019-01-09T09:13:25.499" activeThreads="16">
  <mem-info id="1086" free="165400512" total="733609984" percent="22">
    <mem type="nursery" free="65783360" total="228065280" percent="28">
      <mem type="allocate" free="65783360" total="114032640" percent="57" />
      <mem type="survivor" free="0" total="114032640" percent="0" />
    </mem>
    <mem type="tenure" free="99617152" total="505544704" percent="19" macro-fragmented="0">
      <mem type="soa" free="74340736" total="480268288" percent="15" />
      <mem type="loa" free="25276416" total="25276416" percent="100" />
    </mem>
    <pending-finalizers system="0" default="0" reference="4" classloader="0" />
    <remembered-set count="43853" />
  </mem-info>
</gc-end>
<cycle-end id="1087" type="scavenge" contextid="1081" timestamp="2019-01-09T09:13:25.499" />
<allocation-satisfied id="1088" threadId="0000000001817000" bytesRequested="16" />
<af-end id="1089" timestamp="2019-01-09T09:13:25.499" threadId="0000000001817960" success="true" from="nursery"/>
<exclusive-end id="1090" timestamp="2019-01-09T09:13:25.499" durationms="77.273" />

<exclusive-start id="1091" timestamp="2019-01-09T09:13:25.531" intervalms="108.953">
  <response-info timems="0.063" idlems="0.035" threads="8" lastid="000000000168FB00" lastname="dw-98 - GET /api/res/v1/tree?includeMocs=director.vdc" />
</exclusive-start>
<af-start id="1092" threadId="0000000002749860" totalBytesRequested="72" timestamp="2019-01-09T09:13:25.531" intervalms="108.951" type="nursery" />
<cycle-start id="1093" type="scavenge" contextid="0" timestamp="2019-01-09T09:13:25.531" intervalms="108.966" />
<gc-start id="1094" type="scavenge" contextid="1093" timestamp="2019-01-09T09:13:25.531">
  <mem-info id="1095" free="99615472" total="733609984" percent="13">
    <mem type="nursery" free="0" total="228065280" percent="0">
      <mem type="allocate" free="0" total="114032640" percent="0" />
      <mem type="survivor" free="0" total="114032640" percent="0" />
    </mem>
    <mem type="tenure" free="99615472" total="505544704" percent="19">
      <mem type="soa" free="74339056" total="480268288" percent="15" />
      <mem type="loa" free="25276416" total="25276416" percent="100" />
    </mem>
    <remembered-set count="83199" />
  </mem-info>
</gc-start>
<allocation-stats totalBytes="65754712" >
  <allocated-bytes non-tlh="2458536" tlh="63296176" />
  <largest-consumer threadName="dw-102 - GET /api/res/v1/tree?includeMocs=director.vdc" threadId="0000000002546A00" bytes="9931184" />
</allocation-stats>
<gc-op id="1096" type="scavenge" timems="71.837" contextid="1093" timestamp="2019-01-09T09:13:25.603">
  <scavenger-info tenureage="2" tenuremask="7fe4" tiltratio="50" />
  <memory-copied type="nursery" objects="1081588" bytes="41031248" bytesdiscarded="512776" />
  <memory-copied type="tenure" objects="897949" bytes="35863688" bytesdiscarded="6176" />
  <finalization candidates="2" enqueued="2" />
  <ownableSynchronizers candidates="45" cleared="23" />
  <references type="soft" candidates="46" cleared="0" enqueued="0" dynamicThreshold="9" maxThreshold="32" />
  <references type="weak" candidates="76" cleared="4" enqueued="4" />
  <references type="phantom" candidates="8" cleared="0" enqueued="0" />
</gc-op>
<gc-end id="1097" type="scavenge" contextid="1093" durationms="72.333" usertimems="558.859" systemtimems="32.340" timestamp="2019-01-09T09:13:25.604" activeThreads="16">
  <mem-info id="1098" free="136104728" total="733609984" percent="18">
    <mem type="nursery" free="72488336" total="228065280" percent="31">
      <mem type="allocate" free="72488336" total="114032640" percent="63" />
      <mem type="survivor" free="0" total="114032640" percent="0" />
    </mem>
    <mem type="tenure" free="63616392" total="505544704" percent="12" macro-fragmented="0">
      <mem type="soa" free="38339976" total="480268288" percent="7" />
      <mem type="loa" free="25276416" total="25276416" percent="100" />
    </mem>
    <pending-finalizers system="2" default="0" reference="4" classloader="0" />
    <remembered-set count="40443" />
  </mem-info>
</gc-end>
<cycle-end id="1099" type="scavenge" contextid="1093" timestamp="2019-01-09T09:13:25.604" />
<allocation-satisfied id="1100" threadId="0000000002748F00" bytesRequested="72" />
<af-end id="1101" timestamp="2019-01-09T09:13:25.604" threadId="0000000002749860" success="true" from="nursery"/>
<exclusive-end id="1102" timestamp="2019-01-09T09:13:25.604" durationms="73.042" />

<concurrent-kickoff id="1103" timestamp="2019-01-09T09:13:25.634">
  <kickoff reason="threshold reached" targetBytes="177665053" thresholdFreeBytes="24567310"  remainingFree="24524080" tenureFreeBytes="63616392" nurseryFreeBytes="24524080" />
</concurrent-kickoff>
<exclusive-start id="1104" timestamp="2019-01-09T09:13:25.635" intervalms="104.088">
  <response-info timems="0.140" idlems="0.068" threads="7" lastid="0000000002545A00" lastname="dw-101 - GET /api/res/v1/tree?includeMocs=director.vdc" />
</exclusive-start>
<cycle-start id="1105" type="global" contextid="0" timestamp="2019-01-09T09:13:25.635" intervalms="543.580" />
<exclusive-end id="1106" timestamp="2019-01-09T09:13:25.635" durationms="0.069" />

<exclusive-start id="1107" timestamp="2019-01-09T09:13:25.768" intervalms="132.839">
  <response-info timems="0.658" idlems="0.537" threads="10" lastid="0000000002546A00" lastname="dw-102 - GET /api/res/v1/tree?includeMocs=director.vdc" />
</exclusive-start>
<af-start id="1108" threadId="000000000285FC60" totalBytesRequested="48" timestamp="2019-01-09T09:13:25.768" intervalms="236.923" type="nursery" />
<cycle-start id="1109" type="scavenge" contextid="0" timestamp="2019-01-09T09:13:25.768" intervalms="236.904" />
<gc-start id="1110" type="scavenge" contextid="1109" timestamp="2019-01-09T09:13:25.768">
  <mem-info id="1111" free="63615592" total="733609984" percent="8">
    <mem type="nursery" free="0" total="228065280" percent="0">
      <mem type="allocate" free="0" total="114032640" percent="0" />
      <mem type="survivor" free="0" total="114032640" percent="0" />
    </mem>
    <mem type="tenure" free="63615592" total="505544704" percent="12">
      <mem type="soa" free="38339176" total="480268288" percent="7" />
      <mem type="loa" free="25276416" total="25276416" percent="100" />
    </mem>
    <remembered-set count="86733" />
  </mem-info>
</gc-start>
<allocation-stats totalBytes="72475952" >
  <allocated-bytes non-tlh="2098048" tlh="70377904" />
  <largest-consumer threadName="dw-107 - GET /api/res/v1/tree?includeMocs=director.vdc" threadId="000000000285B700" bytes="10844528" />
</allocation-stats>
<gc-op id="1112" type="scavenge" timems="50.171" contextid="1109" timestamp="2019-01-09T09:13:25.818">
  <scavenger-info tenureage="2" tenuremask="7ff4" tiltratio="50" />
  <memory-copied type="nursery" objects="1638664" bytes="61782976" bytesdiscarded="404064" />
  <memory-copied type="tenure" objects="306722" bytes="11745648" bytesdiscarded="1688" />
  <ownableSynchronizers candidates="40" cleared="11" />
  <references type="soft" candidates="17" cleared="0" enqueued="0" dynamicThreshold="9" maxThreshold="32" />
  <references type="weak" candidates="42" cleared="0" enqueued="0" />
  <references type="phantom" candidates="6" cleared="0" enqueued="0" />
</gc-op>
<gc-end id="1113" type="scavenge" contextid="1109" durationms="50.751" usertimems="499.754" systemtimems="11.585" timestamp="2019-01-09T09:13:25.819" activeThreads="16">
  <mem-info id="1114" free="104065608" total="733609984" percent="14">
    <mem type="nursery" free="52697024" total="228065280" percent="23">
      <mem type="allocate" free="52697024" total="114884608" percent="45" />
      <mem type="survivor" free="0" total="113180672" percent="0" />
    </mem>
    <mem type="tenure" free="51368584" total="505544704" percent="10" macro-fragmented="0">
      <mem type="soa" free="26092168" total="480268288" percent="5" />
      <mem type="loa" free="25276416" total="25276416" percent="100" />
    </mem>
    <remembered-set count="52810" />
  </mem-info>
</gc-end>
<cycle-end id="1115" type="scavenge" contextid="1109" timestamp="2019-01-09T09:13:25.819" />
<allocation-satisfied id="1116" threadId="000000000285F300" bytesRequested="48" />
<af-end id="1117" timestamp="2019-01-09T09:13:25.819" threadId="000000000285FC60" success="true" from="nursery"/>
<exclusive-end id="1118" timestamp="2019-01-09T09:13:25.819" durationms="51.654" />

<exclusive-start id="1119" timestamp="2019-01-09T09:13:25.863" intervalms="95.417">
  <response-info timems="0.135" idlems="0.109" threads="11" lastid="000000000258C500" lastname="dw-89 - GET /api/res/v1/tree?includeMocs=director.vdc" />
</exclusive-start>
<concurrent-collection-start id="1120" timestamp="2019-01-09T09:13:25.863" intervalms="546.844" >
  <concurrent-trace-info reason="card cleaning threshold reached" tracedByMutators="261035132" tracedByHelpers="27163980" cardsCleaned="9102" workStackOverflowCount="0" />
</concurrent-collection-start>
<gc-start id="1121" type="global" contextid="1105" timestamp="2019-01-09T09:13:25.864">
  <mem-info id="1122" free="99547720" total="733609984" percent="13">
    <mem type="nursery" free="48179136" total="228065280" percent="21">
      <mem type="allocate" free="48179136" total="114884608" percent="41" />
      <mem type="survivor" free="0" total="113180672" percent="0" />
    </mem>
    <mem type="tenure" free="51368584" total="505544704" percent="10">
      <mem type="soa" free="26092168" total="480268288" percent="5" />
      <mem type="loa" free="25276416" total="25276416" percent="100" />
    </mem>
    <remembered-set count="54224" />
  </mem-info>
</gc-start>
<allocation-stats totalBytes="4514720" >
  <allocated-bytes non-tlh="48" tlh="4514672" />
  <largest-consumer threadName="dw-89 - GET /api/res/v1/tree?includeMocs=director.vdc" threadId="000000000258C500" bytes="454624" />
</allocation-stats>
<gc-op id="1123" type="rs-scan" timems="38.265" contextid="1105" timestamp="2019-01-09T09:13:25.902">
  <scan objectsFound="32740" bytesTraced="49453368" workStackOverflowCount="0" />
</gc-op>
<gc-op id="1124" type="card-cleaning" timems="4.016" contextid="1105" timestamp="2019-01-09T09:13:25.906">
  <card-cleaning cardsCleaned="254" bytesTraced="6330636" workStackOverflowCount="0" />
</gc-op>
<gc-op id="1125" type="mark" timems="10.689" contextid="1105" timestamp="2019-01-09T09:13:25.917">
  <trace-info objectcount="10801" scancount="10116" scanbytes="112316" />
  <finalization candidates="727" enqueued="0" />
  <ownableSynchronizers candidates="499193" cleared="28" />
  <references type="soft" candidates="15165" cleared="0" enqueued="0" dynamicThreshold="9" maxThreshold="32" />
  <references type="weak" candidates="6994" cleared="1" enqueued="1" />
  <references type="phantom" candidates="93" cleared="0" enqueued="0" />
  <stringconstants candidates="20519" cleared="1"  />
</gc-op>
<gc-op id="1126" type="sweep" timems="4.652" contextid="1105" timestamp="2019-01-09T09:13:25.922" />
<heap-resize id="1127" type="expand" space="tenure" amount="137560064" count="1" timems="0.081" reason="insufficient free space following gc" timestamp="2019-01-09T09:13:25.922" />
<gc-end id="1128" type="global" contextid="1105" durationms="58.815" usertimems="356.360" systemtimems="9.082" timestamp="2019-01-09T09:13:25.922" activeThreads="16">
  <mem-info id="1129" free="242573960" total="871170048" percent="27">
    <mem type="nursery" free="49635968" total="228065280" percent="21">
      <mem type="allocate" free="49635968" total="114884608" percent="43" />
      <mem type="survivor" free="0" total="113180672" percent="0" />
    </mem>
    <mem type="tenure" free="192937992" total="643104768" percent="30" micro-fragmented="8987601" macro-fragmented="0">
      <mem type="soa" free="160783368" total="610950144" percent="26" />
      <mem type="loa" free="32154624" total="32154624" percent="100" />
    </mem>
    <pending-finalizers system="0" default="0" reference="1" classloader="0" />
    <remembered-set count="54197" />
  </mem-info>
</gc-end>
<cycle-end id="1130" type="global" contextid="1105" timestamp="2019-01-09T09:13:25.923" />
<concurrent-collection-end id="1131" timestamp="2019-01-09T09:13:25.923" />
<exclusive-end id="1132" timestamp="2019-01-09T09:13:25.923" durationms="59.476" />

<exclusive-start id="1133" timestamp="2019-01-09T09:13:25.939" intervalms="75.410">
  <response-info timems="0.069" idlems="0.050" threads="9" lastid="0000000001817000" lastname="dw-99 - GET /api/res/v1/tree?includeMocs=director.vdc" />
</exclusive-start>
<af-start id="1134" threadId="0000000002546360" totalBytesRequested="48" timestamp="2019-01-09T09:13:25.939" intervalms="170.840" type="nursery" />
<cycle-start id="1135" type="scavenge" contextid="0" timestamp="2019-01-09T09:13:25.939" intervalms="170.854" />
<gc-start id="1136" type="scavenge" contextid="1135" timestamp="2019-01-09T09:13:25.939">
  <mem-info id="1137" free="192937992" total="871170048" percent="22">
    <mem type="nursery" free="0" total="228065280" percent="0">
      <mem type="allocate" free="0" total="114884608" percent="0" />
      <mem type="survivor" free="0" total="113180672" percent="0" />
    </mem>
    <mem type="tenure" free="192937992" total="643104768" percent="30">
      <mem type="soa" free="160783368" total="610950144" percent="26" />
      <mem type="loa" free="32154624" total="32154624" percent="100" />
    </mem>
    <remembered-set count="72380" />
  </mem-info>
</gc-start>
<allocation-stats totalBytes="49625528" >
  <allocated-bytes non-tlh="198096" tlh="49427432" />
  <largest-consumer threadName="dw-104 - GET /api/res/v1/tree?includeMocs=director.vdc" threadId="0000000002748F00" bytes="5226776" />
</allocation-stats>
<gc-op id="1138" type="scavenge" timems="51.772" contextid="1135" timestamp="2019-01-09T09:13:25.991">
  <scavenger-info tenureage="2" tenuremask="7ffc" tiltratio="50" />
  <memory-copied type="nursery" objects="1546400" bytes="56284000" bytesdiscarded="684800" />
  <memory-copied type="tenure" objects="774632" bytes="29267640" bytesdiscarded="4592" />
  <ownableSynchronizers candidates="998326" cleared="998295" />
  <references type="weak" candidates="8" cleared="1" enqueued="1" />
  <references type="phantom" candidates="3" cleared="0" enqueued="0" />
</gc-op>
<gc-end id="1139" type="scavenge" contextid="1135" durationms="52.792" usertimems="565.725" systemtimems="23.966" timestamp="2019-01-09T09:13:25.992" activeThreads="16">
  <mem-info id="1140" free="228705760" total="871170048" percent="26">
    <mem type="nursery" free="65714144" total="228065280" percent="28">
      <mem type="allocate" free="65714144" total="122683392" percent="53" />
      <mem type="survivor" free="0" total="105381888" percent="0" />
    </mem>
    <mem type="tenure" free="162991616" total="643104768" percent="25" macro-fragmented="0">
      <mem type="soa" free="130836992" total="610950144" percent="21" />
      <mem type="loa" free="32154624" total="32154624" percent="100" />
    </mem>
    <pending-finalizers system="0" default="0" reference="1" classloader="0" />
    <remembered-set count="54241" />
  </mem-info>
</gc-end>
<cycle-end id="1141" type="scavenge" contextid="1135" timestamp="2019-01-09T09:13:25.992" />
<allocation-satisfied id="1142" threadId="0000000002545A00" bytesRequested="48" />
<af-end id="1143" timestamp="2019-01-09T09:13:25.992" threadId="0000000002546360" success="true" from="nursery"/>
<exclusive-end id="1144" timestamp="2019-01-09T09:13:25.992" durationms="53.538" />

<exclusive-start id="1145" timestamp="2019-01-09T09:13:26.014" intervalms="75.531">
  <response-info timems="0.192" idlems="0.135" threads="9" lastid="0000000002866F00" lastname="dw-109 - POST /api/res/v1/director.tenants/batch" />
</exclusive-start>
<af-start id="1146" threadId="0000000002749860" totalBytesRequested="72" timestamp="2019-01-09T09:13:26.014" intervalms="75.548" type="nursery" />
<cycle-start id="1147" type="scavenge" contextid="0" timestamp="2019-01-09T09:13:26.014" intervalms="75.541" />
<gc-start id="1148" type="scavenge" contextid="1147" timestamp="2019-01-09T09:13:26.015">
  <mem-info id="1149" free="162991616" total="871170048" percent="18">
    <mem type="nursery" free="0" total="228065280" percent="0">
      <mem type="allocate" free="0" total="122683392" percent="0" />
      <mem type="survivor" free="0" total="105381888" percent="0" />
    </mem>
    <mem type="tenure" free="162991616" total="643104768" percent="25">
      <mem type="soa" free="130836992" total="610950144" percent="21" />
      <mem type="loa" free="32154624" total="32154624" percent="100" />
    </mem>
    <remembered-set count="80456" />
  </mem-info>
</gc-start>
<allocation-stats totalBytes="65701640" >
  <allocated-bytes non-tlh="140600" tlh="65561040" />
  <largest-consumer threadName="dw-108 - GET /api/res/v1/tree?includeMocs=director.vdc" threadId="000000000285F300" bytes="7306096" />
</allocation-stats>
<gc-op id="1150" type="scavenge" timems="60.025" contextid="1147" timestamp="2019-01-09T09:13:26.075">
  <scavenger-info tenureage="2" tenuremask="7ffc" tiltratio="53" />
  <memory-copied type="nursery" objects="1558669" bytes="53660448" bytesdiscarded="553536" />
  <memory-copied type="tenure" objects="863728" bytes="32496296" bytesdiscarded="4240" />
  <ownableSynchronizers candidates="18" cleared="4" />
  <references type="weak" candidates="6" cleared="0" enqueued="0" />
  <references type="phantom" candidates="1" cleared="0" enqueued="0" />
</gc-op>
<gc-end id="1151" type="scavenge" contextid="1147" durationms="60.592" usertimems="602.882" systemtimems="18.362" timestamp="2019-01-09T09:13:26.075" activeThreads="16">
  <mem-info id="1152" free="206500384" total="871170048" percent="23">
    <mem type="nursery" free="76071512" total="228065280" percent="33">
      <mem type="allocate" free="76071512" total="130285568" percent="58" />
      <mem type="survivor" free="0" total="97779712" percent="0" />
    </mem>
    <mem type="tenure" free="130428872" total="643104768" percent="20" macro-fragmented="0">
      <mem type="soa" free="98274248" total="610950144" percent="16" />
      <mem type="loa" free="32154624" total="32154624" percent="100" />
    </mem>
    <remembered-set count="56589" />
  </mem-info>
</gc-end>
<cycle-end id="1153" type="scavenge" contextid="1147" timestamp="2019-01-09T09:13:26.076" />
<allocation-satisfied id="1154" threadId="0000000002748F00" bytesRequested="72" />
<af-end id="1155" timestamp="2019-01-09T09:13:26.076" threadId="0000000002749860" success="true" from="nursery"/>
<exclusive-end id="1156" timestamp="2019-01-09T09:13:26.076" durationms="61.605" />

<exclusive-start id="1157" timestamp="2019-01-09T09:13:26.107" intervalms="92.978">
  <response-info timems="0.219" idlems="0.187" threads="8" lastid="0000000002866F00" lastname="dw-109 - POST /api/res/v1/director.tenants/batch" />
</exclusive-start>
<af-start id="1158" threadId="0000000001690460" totalBytesRequested="72" timestamp="2019-01-09T09:13:26.107" intervalms="92.972" type="nursery" />
<cycle-start id="1159" type="scavenge" contextid="0" timestamp="2019-01-09T09:13:26.107" intervalms="92.968" />
<gc-start id="1160" type="scavenge" contextid="1159" timestamp="2019-01-09T09:13:26.108">
  <mem-info id="1161" free="130428096" total="871170048" percent="14">
    <mem type="nursery" free="0" total="228065280" percent="0">
      <mem type="allocate" free="0" total="130285568" percent="0" />
      <mem type="survivor" free="0" total="97779712" percent="0" />
    </mem>
    <mem type="tenure" free="130428096" total="643104768" percent="20">
      <mem type="soa" free="98273472" total="610950144" percent="16" />
      <mem type="loa" free="32154624" total="32154624" percent="100" />
    </mem>
    <remembered-set count="88399" />
  </mem-info>
</gc-start>
<allocation-stats totalBytes="76055640" >
  <allocated-bytes non-tlh="808600" tlh="75247040" />
  <largest-consumer threadName="dw-98 - GET /api/res/v1/tree?includeMocs=director.vdc" threadId="000000000168FB00" bytes="9796424" />
</allocation-stats>
<gc-op id="1162" type="scavenge" timems="70.030" contextid="1159" timestamp="2019-01-09T09:13:26.178">
  <scavenger-info tenureage="1" tenuremask="7ffe" tiltratio="57" />
  <memory-copied type="nursery" objects="1013057" bytes="34319328" bytesdiscarded="535320" />
  <memory-copied type="tenure" objects="1558466" bytes="53560920" bytesdiscarded="7704" />
  <finalization candidates="5" enqueued="5" />
  <ownableSynchronizers candidates="15" cleared="4" />
</gc-op>
<gc-end id="1163" type="scavenge" contextid="1159" durationms="70.561" usertimems="619.896" systemtimems="50.002" timestamp="2019-01-09T09:13:26.178" activeThreads="16">
  <mem-info id="1164" free="179035152" total="871170048" percent="20">
    <mem type="nursery" free="102049896" total="228065280" percent="44">
      <mem type="allocate" free="102049896" total="136904704" percent="74" />
      <mem type="survivor" free="0" total="91160576" percent="0" />
    </mem>
    <mem type="tenure" free="76985256" total="643104768" percent="11" macro-fragmented="201903">
      <mem type="soa" free="44830632" total="610950144" percent="7" />
      <mem type="loa" free="32154624" total="32154624" percent="100" />
    </mem>
    <pending-finalizers system="4" default="1" reference="0" classloader="0" />
    <remembered-set count="39443" />
  </mem-info>
</gc-end>
<cycle-end id="1165" type="scavenge" contextid="1159" timestamp="2019-01-09T09:13:26.178" />
<allocation-satisfied id="1166" threadId="000000000168FB00" bytesRequested="72" />
<af-end id="1167" timestamp="2019-01-09T09:13:26.178" threadId="0000000001690460" success="true" from="nursery"/>
<exclusive-end id="1168" timestamp="2019-01-09T09:13:26.178" durationms="71.278" />

<concurrent-kickoff id="1169" timestamp="2019-01-09T09:13:26.215">
  <kickoff reason="threshold reached" targetBytes="251783849" thresholdFreeBytes="34724072"  remainingFree="34702416" tenureFreeBytes="76985256" nurseryFreeBytes="34702416" />
</concurrent-kickoff>
<exclusive-start id="1170" timestamp="2019-01-09T09:13:26.216" intervalms="109.239">
  <response-info timems="0.177" idlems="0.113" threads="7" lastid="000000000285B700" lastname="dw-107 - GET /api/res/v1/tree?includeMocs=director.vdc" />
</exclusive-start>
<cycle-start id="1171" type="global" contextid="0" timestamp="2019-01-09T09:13:26.216" intervalms="581.407" />
<exclusive-end id="1172" timestamp="2019-01-09T09:13:26.216" durationms="0.087" />

<exclusive-start id="1173" timestamp="2019-01-09T09:13:26.417" intervalms="200.761">
  <response-info timems="0.157" idlems="0.089" threads="12" lastid="0000000002748F00" lastname="dw-104 - GET /api/res/v1/tree?includeMocs=director.vdc" />
</exclusive-start>
<af-start id="1174" threadId="0000000002867860" totalBytesRequested="426848" timestamp="2019-01-09T09:13:26.417" intervalms="310.000" type="nursery" />
<cycle-start id="1175" type="scavenge" contextid="0" timestamp="2019-01-09T09:13:26.417" intervalms="310.005" />
<gc-start id="1176" type="scavenge" contextid="1175" timestamp="2019-01-09T09:13:26.418">
  <mem-info id="1177" free="76985256" total="871170048" percent="8">
    <mem type="nursery" free="0" total="228065280" percent="0">
      <mem type="allocate" free="0" total="136904704" percent="0" />
      <mem type="survivor" free="0" total="91160576" percent="0" />
    </mem>
    <mem type="tenure" free="76985256" total="643104768" percent="11">
      <mem type="soa" free="44830632" total="610950144" percent="7" />
      <mem type="loa" free="32154624" total="32154624" percent="100" />
    </mem>
    <remembered-set count="110314" />
  </mem-info>
</gc-start>
<allocation-stats totalBytes="102030040" >
  <allocated-bytes non-tlh="2765352" tlh="99264688" />
  <largest-consumer threadName="dw-101 - GET /api/res/v1/tree?includeMocs=director.vdc" threadId="0000000002545A00" bytes="15300192" />
</allocation-stats>
<gc-op id="1178" type="scavenge" timems="63.930" contextid="1175" timestamp="2019-01-09T09:13:26.482">
  <scavenger-info tenureage="1" tenuremask="7ffe" tiltratio="60" />
  <memory-copied type="nursery" objects="1426262" bytes="49863008" bytesdiscarded="506520" />
  <memory-copied type="tenure" objects="1012615" bytes="34107064" bytesdiscarded="5576" />
  <ownableSynchronizers candidates="50" cleared="36" />
  <references type="weak" candidates="7" cleared="1" enqueued="1" />
  <references type="phantom" candidates="1" cleared="0" enqueued="0" />
</gc-op>
<gc-end id="1179" type="scavenge" contextid="1175" durationms="64.859" usertimems="615.151" systemtimems="26.536" timestamp="2019-01-09T09:13:26.482" activeThreads="16">
  <mem-info id="1180" free="131602208" total="871170048" percent="15">
    <mem type="nursery" free="89090960" total="228065280" percent="39">
      <mem type="allocate" free="89090960" total="139460608" percent="63" />
      <mem type="survivor" free="0" total="88604672" percent="0" />
    </mem>
    <mem type="tenure" free="42511248" total="643104768" percent="6" macro-fragmented="0">
      <mem type="soa" free="10356624" total="610950144" percent="1" />
      <mem type="loa" free="32154624" total="32154624" percent="100" />
    </mem>
    <pending-finalizers system="0" default="0" reference="1" classloader="0" />
    <remembered-set count="52435" />
  </mem-info>
</gc-end>
<cycle-end id="1181" type="scavenge" contextid="1175" timestamp="2019-01-09T09:13:26.483" />
<allocation-satisfied id="1182" threadId="0000000002866F00" bytesRequested="426848" />
<af-end id="1183" timestamp="2019-01-09T09:13:26.520" threadId="0000000002867860" success="true" from="nursery"/>
<exclusive-end id="1184" timestamp="2019-01-09T09:13:26.520" durationms="102.379" />

<exclusive-start id="1185" timestamp="2019-01-09T09:13:26.580" intervalms="162.598">
  <response-info timems="0.156" idlems="0.131" threads="10" lastid="0000000002748F00" lastname="dw-104 - GET /api/res/v1/tree?includeMocs=director.vdc" />
</exclusive-start>
<concurrent-collection-start id="1186" timestamp="2019-01-09T09:13:26.580" intervalms="716.505" >
  <concurrent-trace-info reason="card cleaning threshold reached" tracedByMutators="363286608" tracedByHelpers="22329484" cardsCleaned="24120" workStackOverflowCount="0" />
</concurrent-collection-start>
<gc-start id="1187" type="global" contextid="1171" timestamp="2019-01-09T09:13:26.580">
  <mem-info id="1188" free="125236656" total="871170048" percent="14">
    <mem type="nursery" free="82725408" total="228065280" percent="36">
      <mem type="allocate" free="82725408" total="139460608" percent="59" />
      <mem type="survivor" free="0" total="88604672" percent="0" />
    </mem>
    <mem type="tenure" free="42511248" total="643104768" percent="6">
      <mem type="soa" free="10356624" total="610950144" percent="1" />
      <mem type="loa" free="32154624" total="32154624" percent="100" />
    </mem>
    <remembered-set count="55009" />
  </mem-info>
</gc-start>
<allocation-stats totalBytes="6363552" >
  <allocated-bytes non-tlh="553328" tlh="5810224" />
  <largest-consumer threadName="dw-109 - POST /api/res/v1/director.tenants/batch" threadId="0000000002866F00" bytes="971560" />
</allocation-stats>
<gc-op id="1189" type="rs-scan" timems="30.281" contextid="1171" timestamp="2019-01-09T09:13:26.610">
  <scan objectsFound="50964" bytesTraced="35522264" workStackOverflowCount="0" />
</gc-op>
<gc-op id="1190" type="card-cleaning" timems="9.507" contextid="1171" timestamp="2019-01-09T09:13:26.620">
  <card-cleaning cardsCleaned="986" bytesTraced="10955084" workStackOverflowCount="0" />
</gc-op>
<gc-op id="1191" type="mark" timems="20.522" contextid="1171" timestamp="2019-01-09T09:13:26.641">
  <trace-info objectcount="672" scancount="592" scanbytes="14664" />
  <finalization candidates="727" enqueued="0" />
  <ownableSynchronizers candidates="499220" cleared="45" />
  <references type="soft" candidates="15165" cleared="0" enqueued="0" dynamicThreshold="9" maxThreshold="32" />
  <references type="weak" candidates="7002" cleared="1" enqueued="1" />
  <references type="phantom" candidates="94" cleared="0" enqueued="0" />
  <stringconstants candidates="20518" cleared="0"  />
</gc-op>
<gc-op id="1192" type="classunload" timems="0.081" contextid="1171" timestamp="2019-01-09T09:13:26.641">
  <classunload-info classloadercandidates="162" classloadersunloaded="0" classesunloaded="0" anonymousclassesunloaded="0" quiescems="0.000" setupms="0.076" scanms="0.005" postms="0.000" />
</gc-op>
<gc-op id="1193" type="sweep" timems="7.879" contextid="1171" timestamp="2019-01-09T09:13:26.649" />
<heap-resize id="1194" type="expand" space="tenure" amount="41091072" count="1" timems="0.072" reason="insufficient free space following gc" timestamp="2019-01-09T09:13:26.649" />
<gc-end id="1195" type="global" contextid="1171" durationms="69.193" usertimems="388.375" systemtimems="8.679" timestamp="2019-01-09T09:13:26.649" activeThreads="16">
  <mem-info id="1196" free="170256344" total="912261120" percent="18">
    <mem type="nursery" free="84454616" total="228065280" percent="37">
      <mem type="allocate" free="84454616" total="139460608" percent="60" />
      <mem type="survivor" free="0" total="88604672" percent="0" />
    </mem>
    <mem type="tenure" free="85801728" total="684195840" percent="12" micro-fragmented="9435768" macro-fragmented="0">
      <mem type="soa" free="51591936" total="649986048" percent="7" />
      <mem type="loa" free="34209792" total="34209792" percent="100" />
    </mem>
    <pending-finalizers system="0" default="0" reference="1" classloader="0" />
    <remembered-set count="54989" />
  </mem-info>
</gc-end>
<cycle-end id="1197" type="global" contextid="1171" timestamp="2019-01-09T09:13:26.649" />
<concurrent-collection-end id="1198" timestamp="2019-01-09T09:13:26.649" />
<exclusive-end id="1199" timestamp="2019-01-09T09:13:26.650" durationms="69.761" />

<concurrent-kickoff id="1200" timestamp="2019-01-09T09:13:26.669">
  <kickoff reason="threshold reached" targetBytes="294307970" thresholdFreeBytes="40417284"  remainingFree="40409368" tenureFreeBytes="85801728" nurseryFreeBytes="40278296" />
</concurrent-kickoff>
<exclusive-start id="1201" timestamp="2019-01-09T09:13:26.670" intervalms="90.163">
  <response-info timems="0.113" idlems="0.067" threads="12" lastid="000000000285F300" lastname="dw-108 - GET /api/res/v1/tree?includeMocs=director.vdc" />
</exclusive-start>
<cycle-start id="1202" type="global" contextid="0" timestamp="2019-01-09T09:13:26.670" intervalms="453.534" />
<exclusive-end id="1203" timestamp="2019-01-09T09:13:26.670" durationms="0.075" />

<exclusive-start id="1204" timestamp="2019-01-09T09:13:26.894" intervalms="223.688">
  <response-info timems="0.226" idlems="0.181" threads="12" lastid="0000000002748F00" lastname="dw-104 - GET /api/res/v1/tree?includeMocs=director.vdc" />
</exclusive-start>
<af-start id="1205" threadId="0000000002546360" totalBytesRequested="72" timestamp="2019-01-09T09:13:26.894" intervalms="476.444" type="nursery" />
<cycle-start id="1206" type="scavenge" contextid="0" timestamp="2019-01-09T09:13:26.894" intervalms="476.443" />
<gc-start id="1207" type="scavenge" contextid="1206" timestamp="2019-01-09T09:13:26.894">
  <mem-info id="1208" free="85801728" total="912261120" percent="9">
    <mem type="nursery" free="0" total="228065280" percent="0">
      <mem type="allocate" free="0" total="139460608" percent="0" />
      <mem type="survivor" free="0" total="88604672" percent="0" />
    </mem>
    <mem type="tenure" free="85801728" total="684195840" percent="12">
      <mem type="soa" free="51591936" total="649986048" percent="7" />
      <mem type="loa" free="34209792" total="34209792" percent="100" />
    </mem>
    <remembered-set count="95614" />
  </mem-info>
</gc-start>
<allocation-stats totalBytes="84439648" >
  <allocated-bytes non-tlh="1755232" tlh="82684416" />
  <largest-consumer threadName="dw-101 - GET /api/res/v1/tree?includeMocs=director.vdc" threadId="0000000002545A00" bytes="10332272" />
</allocation-stats>
<gc-op id="1209" type="scavenge" timems="79.422" contextid="1206" timestamp="2019-01-09T09:13:26.973">
  <scavenger-info tenureage="1" tenuremask="7ffe" tiltratio="61" />
  <memory-copied type="nursery" objects="1277784" bytes="44029728" bytesdiscarded="488960" />
  <memory-copied type="tenure" objects="1425431" bytes="49285336" bytesdiscarded="6752" />
  <ownableSynchronizers candidates="998470" cleared="998461" />
  <references type="soft" candidates="1" cleared="0" enqueued="0" dynamicThreshold="4" maxThreshold="32" />
  <references type="weak" candidates="19" cleared="1" enqueued="1" />
  <references type="phantom" candidates="3" cleared="0" enqueued="0" />
</gc-op>
<gc-end id="1210" type="scavenge" contextid="1206" durationms="80.144" usertimems="704.730" systemtimems="32.566" timestamp="2019-01-09T09:13:26.974" activeThreads="16">
  <mem-info id="1211" free="136467072" total="912261120" percent="14">
    <mem type="nursery" free="100709088" total="228065280" percent="44">
      <mem type="allocate" free="100709088" total="145227776" percent="69" />
      <mem type="survivor" free="0" total="82837504" percent="0" />
    </mem>
    <mem type="tenure" free="35757984" total="684195840" percent="5" macro-fragmented="0">
      <mem type="soa" free="1548192" total="649986048" percent="0" />
      <mem type="loa" free="34209792" total="34209792" percent="100" />
    </mem>
    <pending-finalizers system="0" default="0" reference="1" classloader="0" />
    <remembered-set count="48552" />
  </mem-info>
</gc-end>
<cycle-end id="1212" type="scavenge" contextid="1206" timestamp="2019-01-09T09:13:26.974" />
<allocation-satisfied id="1213" threadId="0000000002545A00" bytesRequested="72" />
<af-end id="1214" timestamp="2019-01-09T09:13:26.974" threadId="0000000002546360" success="true" from="nursery"/>
<exclusive-end id="1215" timestamp="2019-01-09T09:13:26.974" durationms="80.900" />

<exclusive-start id="1216" timestamp="2019-01-09T09:13:27.008" intervalms="114.644">
  <response-info timems="1.127" idlems="0.844" threads="11" lastid="000000000258C500" lastname="dw-89 - GET /api/res/v1/tree?includeMocs=director.vdc" />
</exclusive-start>
<concurrent-collection-start id="1217" timestamp="2019-01-09T09:13:27.008" intervalms="428.500" >
  <concurrent-trace-info reason="card cleaning threshold reached" tracedByMutators="372320516" tracedByHelpers="34816680" cardsCleaned="44473" workStackOverflowCount="0" />
</concurrent-collection-start>
<gc-start id="1218" type="global" contextid="1202" timestamp="2019-01-09T09:13:27.009">
  <mem-info id="1219" free="132125240" total="912261120" percent="14">
    <mem type="nursery" free="96367256" total="228065280" percent="42">
      <mem type="allocate" free="96367256" total="145227776" percent="66" />
      <mem type="survivor" free="0" total="82837504" percent="0" />
    </mem>
    <mem type="tenure" free="35757984" total="684195840" percent="5">
      <mem type="soa" free="1548192" total="649986048" percent="0" />
      <mem type="loa" free="34209792" total="34209792" percent="100" />
    </mem>
    <remembered-set count="50560" />
  </mem-info>
</gc-start>
<allocation-stats totalBytes="4340672" >
  <allocated-bytes non-tlh="72" tlh="4340600" />
  <largest-consumer threadName="dw-107 - GET /api/res/v1/tree?includeMocs=director.vdc" threadId="000000000285B700" bytes="544632" />
</allocation-stats>
<gc-op id="1220" type="rs-scan" timems="38.064" contextid="1202" timestamp="2019-01-09T09:13:27.047">
  <scan objectsFound="36906" bytesTraced="40109396" workStackOverflowCount="0" />
</gc-op>
<gc-op id="1221" type="card-cleaning" timems="6.376" contextid="1202" timestamp="2019-01-09T09:13:27.053">
  <card-cleaning cardsCleaned="1455" bytesTraced="12074536" workStackOverflowCount="0" />
</gc-op>
<gc-op id="1222" type="mark" timems="17.896" contextid="1202" timestamp="2019-01-09T09:13:27.071">
  <trace-info objectcount="1180" scancount="1121" scanbytes="37520" />
  <finalization candidates="727" enqueued="0" />
  <ownableSynchronizers candidates="499174" cleared="5" />
  <references type="soft" candidates="15166" cleared="8791" enqueued="7492" dynamicThreshold="4" maxThreshold="32" />
  <references type="weak" candidates="7016" cleared="8" enqueued="8" />
  <references type="phantom" candidates="97" cleared="0" enqueued="0" />
  <stringconstants candidates="20518" cleared="70"  />
</gc-op>
<gc-op id="1223" type="sweep" timems="9.235" contextid="1202" timestamp="2019-01-09T09:13:27.081" />
<gc-end id="1224" type="global" contextid="1202" durationms="72.754" usertimems="379.052" systemtimems="6.163" timestamp="2019-01-09T09:13:27.081" activeThreads="16">
  <mem-info id="1225" free="137816760" total="912261120" percent="15">
    <mem type="nursery" free="97470344" total="228065280" percent="42">
      <mem type="allocate" free="97470344" total="145227776" percent="67" />
      <mem type="survivor" free="0" total="82837504" percent="0" />
    </mem>
    <mem type="tenure" free="40346416" total="684195840" percent="5" micro-fragmented="10564671" macro-fragmented="0">
      <mem type="soa" free="6136624" total="649986048" percent="0" />
      <mem type="loa" free="34209792" total="34209792" percent="100" />
    </mem>
    <pending-finalizers system="0" default="0" reference="7500" classloader="0" />
    <remembered-set count="50557" />
  </mem-info>
</gc-end>
<cycle-end id="1226" type="global" contextid="1202" timestamp="2019-01-09T09:13:27.082" />
<concurrent-collection-end id="1227" timestamp="2019-01-09T09:13:27.082" />
<exclusive-end id="1228" timestamp="2019-01-09T09:13:27.082" durationms="73.396" />

<concurrent-kickoff id="1229" timestamp="2019-01-09T09:13:27.114">
  <kickoff reason="threshold reached" targetBytes="318036098" thresholdFreeBytes="43230216"  remainingFree="43160856" tenureFreeBytes="40346416" nurseryFreeBytes="43160856" />
</concurrent-kickoff>
<exclusive-start id="1230" timestamp="2019-01-09T09:13:27.116" intervalms="107.835">
  <response-info timems="1.121" idlems="0.971" threads="7" lastid="0000000002866F00" lastname="dw-109 - POST /api/res/v1/director.tenants/batch" />
</exclusive-start>
<cycle-start id="1231" type="global" contextid="0" timestamp="2019-01-09T09:13:27.116" intervalms="446.155" />
<exclusive-end id="1232" timestamp="2019-01-09T09:13:27.116" durationms="0.093" />

<exclusive-start id="1233" timestamp="2019-01-09T09:13:27.355" intervalms="239.233">
  <response-info timems="0.321" idlems="0.254" threads="11" lastid="000000000168FB00" lastname="dw-98 - GET /api/res/v1/tree?includeMocs=director.vdc" />
</exclusive-start>
<af-start id="1234" threadId="000000000258CE60" totalBytesRequested="48" timestamp="2019-01-09T09:13:27.355" intervalms="461.707" type="nursery" />
<cycle-start id="1235" type="scavenge" contextid="0" timestamp="2019-01-09T09:13:27.356" intervalms="461.705" />
<gc-start id="1236" type="scavenge" contextid="1235" timestamp="2019-01-09T09:13:27.356">
  <mem-info id="1237" free="40346416" total="912261120" percent="4">
    <mem type="nursery" free="0" total="228065280" percent="0">
      <mem type="allocate" free="0" total="145227776" percent="0" />
      <mem type="survivor" free="0" total="82837504" percent="0" />
    </mem>
    <mem type="tenure" free="40346416" total="684195840" percent="5">
      <mem type="soa" free="6136624" total="649986048" percent="0" />
      <mem type="loa" free="34209792" total="34209792" percent="100" />
    </mem>
    <remembered-set count="109646" />
  </mem-info>
</gc-start>
<allocation-stats totalBytes="97447992" >
  <allocated-bytes non-tlh="3566456" tlh="93881536" />
  <largest-consumer threadName="dw-98 - GET /api/res/v1/tree?includeMocs=director.vdc" threadId="000000000168FB00" bytes="12117584" />
</allocation-stats>
<gc-op id="1238" type="scavenge" timems="531.263" contextid="1235" timestamp="2019-01-09T09:13:27.887">
  <scavenger-info tenureage="1" tenuremask="7ffe" tiltratio="63" />
  <memory-copied type="nursery" objects="2336897" bytes="82089752" bytesdiscarded="747680" />
  <memory-copied type="tenure" objects="142409" bytes="6129856" bytesdiscarded="6768" />
  <copy-failed type="nursery" objects="2" bytes="48" />
  <copy-failed type="tenure" objects="1067587" bytes="35548928" />
  <ownableSynchronizers candidates="998592" cleared="0" />
  <warning details="aborted collection due to insufficient free space" />
</gc-op>
<gc-end id="1239" type="scavenge" contextid="1235" durationms="531.946" usertimems="1157.354" systemtimems="10.297" timestamp="2019-01-09T09:13:27.888" activeThreads="16">
  <mem-info id="1240" free="34209792" total="912261120" percent="3">
    <mem type="nursery" free="0" total="228065280" percent="0">
      <mem type="allocate" free="0" total="145227776" percent="0" />
      <mem type="survivor" free="0" total="82837504" percent="0" />
    </mem>
    <mem type="tenure" free="34209792" total="684195840" percent="5" macro-fragmented="0">
      <mem type="soa" free="0" total="649986048" percent="0" />
      <mem type="loa" free="34209792" total="34209792" percent="100" />
    </mem>
    <remembered-set count="109614" />
  </mem-info>
</gc-end>
<cycle-end id="1241" type="scavenge" contextid="1235" timestamp="2019-01-09T09:13:27.888" />
<percolate-collect id="1242" from="nursery" to="global" reason="failed tenure threshold reached" timestamp="2019-01-09T09:13:27.888"/>
<gc-start id="1243" type="global" contextid="1231" timestamp="2019-01-09T09:13:27.888">
  <mem-info id="1244" free="34209792" total="912261120" percent="3">
    <mem type="nursery" free="0" total="228065280" percent="0">
      <mem type="allocate" free="0" total="145227776" percent="0" />
      <mem type="survivor" free="0" total="82837504" percent="0" />
    </mem>
    <mem type="tenure" free="34209792" total="684195840" percent="5">
      <mem type="soa" free="0" total="649986048" percent="0" />
      <mem type="loa" free="34209792" total="34209792" percent="100" />
    </mem>
    <remembered-set count="109618" />
  </mem-info>
</gc-start>
<allocation-stats totalBytes="0" >
  <allocated-bytes non-tlh="0" tlh="0" />
</allocation-stats>
<heap-resize id="1245" type="loa expand" space="tenure" amount="6841344" count="1" timems="0.000" reason="expand on failed allocate" timestamp="2019-01-09T09:13:27.888" />
<concurrent-halted id="1246" timestamp="2019-01-09T09:13:27.888">
  <halted state="Tracing incomplete" status="clean trace" />
  <traced bytesTarget="318036098" bytesTotal="389735424" bytesByMutator="369544656" bytesByHelper="20190768" percent="122" />
  <cards cleaned="13885" thresholdBytes="17030084" />
</concurrent-halted>
<gc-op id="1247" type="tracing" timems="9.348" contextid="1231" timestamp="2019-01-09T09:13:27.898">
  <trace bytesTraced="9224160" workStackOverflowCount="0" />
</gc-op>
<gc-op id="1248" type="rs-scan" timems="45.014" contextid="1231" timestamp="2019-01-09T09:13:27.943">
  <scan objectsFound="90100" bytesTraced="46422200" workStackOverflowCount="0" />
</gc-op>
<gc-op id="1249" type="card-cleaning" timems="14.664" contextid="1231" timestamp="2019-01-09T09:13:27.957">
  <card-cleaning cardsCleaned="4290" bytesTraced="21887492" workStackOverflowCount="0" />
</gc-op>
<gc-op id="1250" type="mark" timems="17.009" contextid="1231" timestamp="2019-01-09T09:13:27.974">
  <trace-info objectcount="1605" scancount="1488" scanbytes="47880" />
  <finalization candidates="727" enqueued="0" />
  <ownableSynchronizers candidates="499423" cleared="244" />
  <references type="soft" candidates="6375" cleared="41" enqueued="33" dynamicThreshold="1" maxThreshold="32" />
  <references type="weak" candidates="7015" cleared="1" enqueued="1" />
  <references type="phantom" candidates="97" cleared="0" enqueued="0" />
  <stringconstants candidates="20448" cleared="986"  />
</gc-op>
<gc-op id="1251" type="sweep" timems="7.956" contextid="1231" timestamp="2019-01-09T09:13:27.982" />
<gc-end id="1252" type="global" contextid="1231" durationms="95.104" usertimems="559.587" systemtimems="12.868" timestamp="2019-01-09T09:13:27.983" activeThreads="16">
  <mem-info id="1253" free="45493008" total="912261120" percent="4">
    <mem type="nursery" free="3865312" total="228065280" percent="1">
      <mem type="allocate" free="3865312" total="145227776" percent="2" />
      <mem type="survivor" free="0" total="82837504" percent="0" />
    </mem>
    <mem type="tenure" free="41627696" total="684195840" percent="6" micro-fragmented="10747608" macro-fragmented="290741">
      <mem type="soa" free="7417904" total="643144704" percent="1" />
      <mem type="loa" free="34209792" total="41051136" percent="83" />
    </mem>
    <pending-finalizers system="0" default="0" reference="34" classloader="0" />
    <remembered-set count="103478" />
  </mem-info>
</gc-end>
<cycle-end id="1254" type="global" contextid="1231" timestamp="2019-01-09T09:13:27.984" />
<concurrent-kickoff id="1255" timestamp="2019-01-09T09:13:27.984">
  <kickoff reason="threshold reached" targetBytes="420847076" thresholdFreeBytes="57347124"  remainingFree="3865312" tenureFreeBytes="41627648" nurseryFreeBytes="3865312" />
</concurrent-kickoff>
<allocation-satisfied id="1256" threadId="000000000258C500" bytesRequested="48" />
<af-end id="1257" timestamp="2019-01-09T09:13:27.984" threadId="000000000258CE60" success="true" from="tenure-soa"/>
<exclusive-end id="1258" timestamp="2019-01-09T09:13:27.984" durationms="628.337" />

<exclusive-start id="1259" timestamp="2019-01-09T09:13:27.986" intervalms="630.433">
  <response-info timems="2.021" idlems="0.752" threads="2" lastid="0000000002203C00" lastname="kafka-coordinator-heartbeat-thread | query_group" />
</exclusive-start>
<af-start id="1260" threadId="000000000256ED60" totalBytesRequested="48" timestamp="2019-01-09T09:13:27.986" intervalms="630.363" type="nursery" />
<cycle-start id="1261" type="scavenge" contextid="0" timestamp="2019-01-09T09:13:27.986" intervalms="630.356" />
<gc-start id="1262" type="scavenge" contextid="1261" timestamp="2019-01-09T09:13:27.986">
  <mem-info id="1263" free="45492960" total="912261120" percent="4">
    <mem type="nursery" free="3865312" total="228065280" percent="1">
      <mem type="allocate" free="3865312" total="145227776" percent="2" />
      <mem type="survivor" free="0" total="82837504" percent="0" />
    </mem>
    <mem type="tenure" free="41627648" total="684195840" percent="6">
      <mem type="soa" free="7417856" total="643144704" percent="1" />
      <mem type="loa" free="34209792" total="41051136" percent="83" />
    </mem>
    <remembered-set count="105250" />
  </mem-info>
</gc-start>
<allocation-stats totalBytes="48" >
  <allocated-bytes non-tlh="48" tlh="0" />
  <largest-consumer threadName="dw-89 - GET /api/res/v1/tree?includeMocs=director.vdc" threadId="000000000258C500" bytes="48" />
</allocation-stats>
<gc-op id="1264" type="scavenge" timems="86.786" contextid="1261" timestamp="2019-01-09T09:13:28.073">
  <scavenger-info tenureage="1" tenuremask="7ffe" tiltratio="63" />
  <memory-copied type="nursery" objects="2395099" bytes="80611360" bytesdiscarded="337312" />
  <memory-copied type="tenure" objects="195423" bytes="10535336" bytesdiscarded="10280" />
  <copy-failed type="tenure" objects="2260287" bytes="76243488" />
  <ownableSynchronizers candidates="998358" cleared="998342" />
  <references type="soft" candidates="1" cleared="1" enqueued="0" dynamicThreshold="1" maxThreshold="32" />
  <references type="weak" candidates="21" cleared="0" enqueued="0" />
  <references type="phantom" candidates="2" cleared="0" enqueued="0" />
</gc-op>
<gc-end id="1265" type="scavenge" contextid="1261" durationms="87.539" usertimems="780.388" systemtimems="10.301" timestamp="2019-01-09T09:13:28.074" activeThreads="16">
  <mem-info id="1266" free="64148016" total="912261120" percent="7">
    <mem type="nursery" free="33083968" total="228065280" percent="14">
      <mem type="allocate" free="33083968" total="114032640" percent="29" />
      <mem type="survivor" free="0" total="114032640" percent="0" />
    </mem>
    <mem type="tenure" free="31064048" total="684195840" percent="4" macro-fragmented="0">
      <mem type="soa" free="0" total="643144704" percent="0" />
      <mem type="loa" free="31064048" total="41051136" percent="75" />
    </mem>
    <remembered-set count="112237" />
  </mem-info>
</gc-end>
<cycle-end id="1267" type="scavenge" contextid="1261" timestamp="2019-01-09T09:13:28.074" />
<allocation-satisfied id="1268" threadId="000000000256E400" bytesRequested="48" />
<af-end id="1269" timestamp="2019-01-09T09:13:28.074" threadId="000000000256ED60" success="true" from="nursery"/>
<exclusive-end id="1270" timestamp="2019-01-09T09:13:28.074" durationms="88.261" />

<exclusive-start id="1271" timestamp="2019-01-09T09:13:28.077" intervalms="90.903">
  <response-info timems="0.690" idlems="0.241" threads="2" lastid="0000000002546A00" lastname="dw-102 - GET /api/res/v1/tree?includeMocs=director.vdc" />
</exclusive-start>
<cycle-start id="1272" type="global" contextid="0" timestamp="2019-01-09T09:13:28.077" intervalms="960.583" />
<exclusive-end id="1273" timestamp="2019-01-09T09:13:28.077" durationms="0.133" />

<exclusive-start id="1274" timestamp="2019-01-09T09:13:28.411" intervalms="334.705">
  <response-info timems="1.702" idlems="1.497" threads="9" lastid="000000000258C500" lastname="dw-89 - GET /api/res/v1/tree?includeMocs=director.vdc" />
</exclusive-start>
<af-start id="1275" threadId="0000000002749860" totalBytesRequested="16" timestamp="2019-01-09T09:13:28.412" intervalms="425.677" type="nursery" />
<percolate-collect id="1276" from="nursery" to="global" reason="failed tenure threshold reached" timestamp="2019-01-09T09:13:28.412"/>
<gc-start id="1277" type="global" contextid="1272" timestamp="2019-01-09T09:13:28.412">
  <mem-info id="1278" free="31064048" total="912261120" percent="3">
    <mem type="nursery" free="0" total="228065280" percent="0">
      <mem type="allocate" free="0" total="114032640" percent="0" />
      <mem type="survivor" free="0" total="114032640" percent="0" />
    </mem>
    <mem type="tenure" free="31064048" total="684195840" percent="4">
      <mem type="soa" free="0" total="643144704" percent="0" />
      <mem type="loa" free="31064048" total="41051136" percent="75" />
    </mem>
    <remembered-set count="128270" />
  </mem-info>
</gc-start>
<allocation-stats totalBytes="33064848" >
  <allocated-bytes non-tlh="2476648" tlh="30588200" />
  <largest-consumer threadName="dw-94 - GET /api/res/v1/tree?includeMocs=director.vdc" threadId="000000000256E400" bytes="3899800" />
</allocation-stats>
<heap-resize id="1279" type="loa contract" space="tenure" amount="34209792" count="1" timems="0.000" reason="contract on aggressive gc" timestamp="2019-01-09T09:13:28.412" />
<concurrent-halted id="1280" timestamp="2019-01-09T09:13:28.412">
  <halted state="Complete" status="exhausted" />
  <traced bytesTarget="420847076" bytesTotal="429889376" bytesByMutator="387077652" bytesByHelper="42811724" percent="102" />
  <cards cleaned="24794" thresholdBytes="22591292" />
</concurrent-halted>
<gc-op id="1281" type="rs-scan" timems="23.541" contextid="1272" timestamp="2019-01-09T09:13:28.435">
  <scan objectsFound="119070" bytesTraced="42090504" workStackOverflowCount="0" />
</gc-op>
<gc-op id="1282" type="card-cleaning" timems="12.988" contextid="1272" timestamp="2019-01-09T09:13:28.448">
  <card-cleaning cardsCleaned="2818" bytesTraced="26605440" workStackOverflowCount="0" />
</gc-op>
<gc-op id="1283" type="mark" timems="15.070" contextid="1272" timestamp="2019-01-09T09:13:28.464">
  <trace-info objectcount="559" scancount="502" scanbytes="12124" />
  <finalization candidates="727" enqueued="0" />
  <ownableSynchronizers candidates="499449" cleared="269" />
  <references type="soft" candidates="6334" cleared="0" enqueued="0" dynamicThreshold="1" maxThreshold="32" />
  <references type="weak" candidates="7013" cleared="1" enqueued="1" />
  <references type="phantom" candidates="98" cleared="0" enqueued="0" />
  <stringconstants candidates="19462" cleared="429"  />
</gc-op>
<gc-op id="1284" type="classunload" timems="5.010" contextid="1272" timestamp="2019-01-09T09:13:28.469">
  <classunload-info classloadercandidates="162" classloadersunloaded="104" classesunloaded="104" anonymousclassesunloaded="0" quiescems="0.000" setupms="3.245" scanms="1.571" postms="0.194" />
</gc-op>
<gc-op id="1285" type="sweep" timems="7.802" contextid="1272" timestamp="2019-01-09T09:13:28.476" />
<mem-info id="1286" free="34526608" total="912261120" percent="3">
  <mem type="nursery" free="2898240" total="228065280" percent="1">
    <mem type="allocate" free="2898240" total="114032640" percent="2" />
    <mem type="survivor" free="0" total="114032640" percent="0" />
  </mem>
  <mem type="tenure" free="31628368" total="684195840" percent="4" micro-fragmented="10740973" macro-fragmented="0">
    <mem type="soa" free="24787024" total="677354496" percent="3" />
    <mem type="loa" free="6841344" total="6841344" percent="100" />
  </mem>
  <pending-finalizers system="0" default="0" reference="1" classloader="0" />
  <remembered-set count="126332" />
</mem-info>
<gc-op id="1287" type="compact" timems="1272.713" contextid="1272" timestamp="2019-01-09T09:13:29.750">
  <compact-info movecount="22100336" movebytes="735691968" reason="compact on aggressive collection" />
</gc-op>
<gc-end id="1288" type="global" contextid="1272" durationms="1338.449" usertimems="14544.452" systemtimems="79.460" timestamp="2019-01-09T09:13:29.750" activeThreads="16">
  <mem-info id="1289" free="59437888" total="912261120" percent="6">
    <mem type="nursery" free="17256216" total="228065280" percent="7">
      <mem type="allocate" free="17256216" total="114032640" percent="15" />
      <mem type="survivor" free="0" total="114032640" percent="0" />
    </mem>
    <mem type="tenure" free="42181672" total="684195840" percent="6">
      <mem type="soa" free="35340328" total="677354496" percent="5" />
      <mem type="loa" free="6841344" total="6841344" percent="100" />
    </mem>
    <pending-finalizers system="0" default="0" reference="1" classloader="0" />
    <remembered-set count="126332" />
  </mem-info>
</gc-end>
<cycle-end id="1290" type="global" contextid="1272" timestamp="2019-01-09T09:13:29.751" />
<concurrent-kickoff id="1291" timestamp="2019-01-09T09:13:29.751">
  <kickoff reason="threshold reached" targetBytes="422953273" thresholdFreeBytes="57500136"  remainingFree="17256200" tenureFreeBytes="42181672" nurseryFreeBytes="17256200" />
</concurrent-kickoff>
<allocation-satisfied id="1292" threadId="0000000002748F00" bytesRequested="16" />
<af-end id="1293" timestamp="2019-01-09T09:13:29.751" threadId="0000000002749860" success="true" from="nursery"/>
<exclusive-end id="1294" timestamp="2019-01-09T09:13:29.751" durationms="1339.971" />

<exclusive-start id="1295" timestamp="2019-01-09T09:13:29.753" intervalms="1341.858">
  <response-info timems="0.583" idlems="0.166" threads="4" lastid="000000000258C500" lastname="dw-89 - GET /api/res/v1/tree?includeMocs=director.vdc" />
</exclusive-start>
<cycle-start id="1296" type="global" contextid="0" timestamp="2019-01-09T09:13:29.753" intervalms="1676.563" />
<exclusive-end id="1297" timestamp="2019-01-09T09:13:29.753" durationms="0.144" />

<exclusive-start id="1298" timestamp="2019-01-09T09:13:29.896" intervalms="142.600">
  <response-info timems="0.097" idlems="0.064" threads="13" lastid="000000000168FB00" lastname="dw-98 - GET /api/res/v1/tree?includeMocs=director.vdc" />
</exclusive-start>
<af-start id="1299" threadId="0000000002546360" totalBytesRequested="2097160" timestamp="2019-01-09T09:13:29.896" intervalms="1484.454" type="nursery" />
<cycle-start id="1300" type="scavenge" contextid="0" timestamp="2019-01-09T09:13:29.896" intervalms="1910.140" />
<gc-start id="1301" type="scavenge" contextid="1300" timestamp="2019-01-09T09:13:29.896">
  <mem-info id="1302" free="43958240" total="912261120" percent="4">
    <mem type="nursery" free="1778016" total="228065280" percent="0">
      <mem type="allocate" free="1778016" total="114032640" percent="1" />
      <mem type="survivor" free="0" total="114032640" percent="0" />
    </mem>
    <mem type="tenure" free="42180224" total="684195840" percent="6">
      <mem type="soa" free="35338880" total="677354496" percent="5" />
      <mem type="loa" free="6841344" total="6841344" percent="100" />
    </mem>
    <remembered-set count="131804" />
  </mem-info>
</gc-start>
<allocation-stats totalBytes="15459520" >
  <allocated-bytes non-tlh="516968" tlh="14942552" />
  <largest-consumer threadName="dw-109 - POST /api/res/v1/director.tenants/batch" threadId="0000000002866F00" bytes="1933152" />
</allocation-stats>
<gc-op id="1303" type="scavenge" timems="78.002" contextid="1300" timestamp="2019-01-09T09:13:29.974">
  <scavenger-info tenureage="1" tenuremask="7ffe" tiltratio="50" />
  <memory-copied type="nursery" objects="2033893" bytes="68036192" bytesdiscarded="349312" />
  <memory-copied type="tenure" objects="978304" bytes="35333992" bytesdiscarded="4888" />
  <copy-failed type="tenure" objects="1416548" bytes="45268136" />
  <finalization candidates="1" enqueued="0" />
  <ownableSynchronizers candidates="998476" cleared="998467" />
  <references type="soft" candidates="6" cleared="0" enqueued="0" dynamicThreshold="1" maxThreshold="32" />
  <references type="weak" candidates="26" cleared="1" enqueued="1" />
  <references type="phantom" candidates="3" cleared="0" enqueued="0" />
</gc-op>
<gc-end id="1304" type="scavenge" contextid="1300" durationms="78.501" usertimems="797.185" systemtimems="14.213" timestamp="2019-01-09T09:13:29.975" activeThreads="16">
  <mem-info id="1305" free="52488000" total="912261120" percent="5">
    <mem type="nursery" free="45646656" total="228065280" percent="20">
      <mem type="allocate" free="45646656" total="114032640" percent="40" />
      <mem type="survivor" free="0" total="114032640" percent="0" />
    </mem>
    <mem type="tenure" free="6841344" total="684195840" percent="0" macro-fragmented="4479464">
      <mem type="soa" free="0" total="677354496" percent="0" />
      <mem type="loa" free="6841344" total="6841344" percent="100" />
    </mem>
    <pending-finalizers system="0" default="0" reference="1" classloader="0" />
    <remembered-set count="115717" />
  </mem-info>
</gc-end>
<cycle-end id="1306" type="scavenge" contextid="1300" timestamp="2019-01-09T09:13:29.976" />
<allocation-satisfied id="1307" threadId="0000000002545A00" bytesRequested="2097160" />
<af-end id="1308" timestamp="2019-01-09T09:13:30.010" threadId="0000000002546360" success="true" from="nursery"/>
<exclusive-end id="1309" timestamp="2019-01-09T09:13:30.010" durationms="114.146" />

<exclusive-start id="1310" timestamp="2019-01-09T09:13:30.171" intervalms="275.536">
  <response-info timems="0.147" idlems="0.122" threads="10" lastid="0000000001817000" lastname="dw-99 - GET /api/res/v1/tree?includeMocs=director.vdc" />
</exclusive-start>
<concurrent-collection-start id="1311" timestamp="2019-01-09T09:13:30.172" intervalms="3163.109" >
  <concurrent-trace-info reason="card cleaning threshold reached" tracedByMutators="414139320" tracedByHelpers="38486276" cardsCleaned="59174" workStackOverflowCount="0" />
</concurrent-collection-start>
<gc-start id="1312" type="global" contextid="1296" timestamp="2019-01-09T09:13:30.172">
  <mem-info id="1313" free="10958640" total="912261120" percent="1">
    <mem type="nursery" free="4117296" total="228065280" percent="1">
      <mem type="allocate" free="4117296" total="114032640" percent="3" />
      <mem type="survivor" free="0" total="114032640" percent="0" />
    </mem>
    <mem type="tenure" free="6841344" total="684195840" percent="0">
      <mem type="soa" free="0" total="677354496" percent="0" />
      <mem type="loa" free="6841344" total="6841344" percent="100" />
    </mem>
    <remembered-set count="131603" />
  </mem-info>
</gc-start>
<allocation-stats totalBytes="41513528" >
  <allocated-bytes non-tlh="4194320" tlh="37319208" />
  <largest-consumer threadName="dw-101 - GET /api/res/v1/tree?includeMocs=director.vdc" threadId="0000000002545A00" bytes="5209568" />
</allocation-stats>
<gc-op id="1314" type="rs-scan" timems="33.746" contextid="1296" timestamp="2019-01-09T09:13:30.205">
  <scan objectsFound="121638" bytesTraced="45529076" workStackOverflowCount="0" />
</gc-op>
<gc-op id="1315" type="card-cleaning" timems="14.937" contextid="1296" timestamp="2019-01-09T09:13:30.220">
  <card-cleaning cardsCleaned="1132" bytesTraced="24221616" workStackOverflowCount="0" />
</gc-op>
<gc-op id="1316" type="mark" timems="12.257" contextid="1296" timestamp="2019-01-09T09:13:30.233">
  <trace-info objectcount="1007" scancount="933" scanbytes="24624" />
  <finalization candidates="732" enqueued="5" />
  <ownableSynchronizers candidates="499370" cleared="188" />
  <references type="soft" candidates="6340" cleared="1" enqueued="1" dynamicThreshold="1" maxThreshold="32" />
  <references type="weak" candidates="7018" cleared="1" enqueued="1" />
  <references type="phantom" candidates="99" cleared="0" enqueued="0" />
  <stringconstants candidates="19036" cleared="0"  />
</gc-op>
<gc-op id="1317" type="sweep" timems="11.793" contextid="1296" timestamp="2019-01-09T09:13:30.245" />
<mem-info id="1318" free="15365496" total="912261120" percent="1">
  <mem type="nursery" free="7203136" total="228065280" percent="3">
    <mem type="allocate" free="7203136" total="114032640" percent="6" />
    <mem type="survivor" free="0" total="114032640" percent="0" />
  </mem>
  <mem type="tenure" free="8162360" total="684195840" percent="1" micro-fragmented="236378" macro-fragmented="6450429">
    <mem type="soa" free="1321016" total="677354496" percent="0" />
    <mem type="loa" free="6841344" total="6841344" percent="100" />
  </mem>
  <pending-finalizers system="4" default="1" reference="2" classloader="0" />
  <remembered-set count="131477" />
</mem-info>
<gc-op id="1319" type="compact" timems="688.011" contextid="1296" timestamp="2019-01-09T09:13:30.933">
  <compact-info movecount="10711784" movebytes="360589256" reason="low free space (less than 4%)" />
</gc-op>
<gc-end id="1320" type="global" contextid="1296" durationms="761.554" usertimems="6926.354" systemtimems="8.469" timestamp="2019-01-09T09:13:30.933" activeThreads="16">
  <mem-info id="1321" free="32452480" total="912261120" percent="3">
    <mem type="nursery" free="24207992" total="228065280" percent="10">
      <mem type="allocate" free="24207992" total="114032640" percent="21" />
      <mem type="survivor" free="0" total="114032640" percent="0" />
    </mem>
    <mem type="tenure" free="8244488" total="684195840" percent="1">
      <mem type="soa" free="1403144" total="677354496" percent="0" />
      <mem type="loa" free="6841344" total="6841344" percent="100" />
    </mem>
    <pending-finalizers system="4" default="1" reference="2" classloader="0" />
    <remembered-set count="131477" />
  </mem-info>
</gc-end>
<cycle-end id="1322" type="global" contextid="1296" timestamp="2019-01-09T09:13:30.933" />
<concurrent-collection-end id="1323" timestamp="2019-01-09T09:13:30.933" />
<exclusive-end id="1324" timestamp="2019-01-09T09:13:30.934" durationms="762.163" />

<concurrent-kickoff id="1325" timestamp="2019-01-09T09:13:30.934">
  <kickoff reason="threshold reached" targetBytes="429987827" thresholdFreeBytes="57815232"  remainingFree="24142456" tenureFreeBytes="8244488" nurseryFreeBytes="24076920" />
</concurrent-kickoff>
<exclusive-start id="1326" timestamp="2019-01-09T09:13:30.937" intervalms="765.907">
  <response-info timems="2.443" idlems="2.443" threads="0" lastid="000000000285F300" lastname="dw-108 - GET /api/res/v1/tree?includeMocs=director.vdc" />
</exclusive-start>
<cycle-start id="1327" type="global" contextid="0" timestamp="2019-01-09T09:13:30.937" intervalms="1184.024" />
<exclusive-end id="1328" timestamp="2019-01-09T09:13:30.937" durationms="0.116" />

<exclusive-start id="1329" timestamp="2019-01-09T09:13:31.170" intervalms="233.102">
  <response-info timems="5.575" idlems="5.055" threads="11" lastid="000000000168FB00" lastname="dw-98 - GET /api/res/v1/tree?includeMocs=director.vdc" />
</exclusive-start>
<concurrent-collection-start id="1330" timestamp="2019-01-09T09:13:31.171" intervalms="999.010" >
  <concurrent-trace-info reason="card cleaning threshold reached" tracedByMutators="363812300" tracedByHelpers="37243932" cardsCleaned="311" workStackOverflowCount="0" />
</concurrent-collection-start>
<gc-start id="1331" type="global" contextid="1327" timestamp="2019-01-09T09:13:31.171">
  <mem-info id="1332" free="16983176" total="912261120" percent="1">
    <mem type="nursery" free="8739232" total="228065280" percent="3">
      <mem type="allocate" free="8739232" total="114032640" percent="7" />
      <mem type="survivor" free="0" total="114032640" percent="0" />
    </mem>
    <mem type="tenure" free="8243944" total="684195840" percent="1">
      <mem type="soa" free="1402600" total="677354496" percent="0" />
      <mem type="loa" free="6841344" total="6841344" percent="100" />
    </mem>
    <remembered-set count="137260" />
  </mem-info>
</gc-start>
<allocation-stats totalBytes="15466832" >
  <allocated-bytes non-tlh="965048" tlh="14501784" />
  <largest-consumer threadName="dw-107 - GET /api/res/v1/tree?includeMocs=director.vdc" threadId="000000000285B700" bytes="1640296" />
</allocation-stats>
<gc-op id="1333" type="rs-scan" timems="33.649" contextid="1327" timestamp="2019-01-09T09:13:31.204">
  <scan objectsFound="122300" bytesTraced="53389480" workStackOverflowCount="0" />
</gc-op>
<gc-op id="1334" type="card-cleaning" timems="17.046" contextid="1327" timestamp="2019-01-09T09:13:31.221">
  <card-cleaning cardsCleaned="5681" bytesTraced="28589788" workStackOverflowCount="0" />
</gc-op>
<gc-op id="1335" type="mark" timems="19.046" contextid="1327" timestamp="2019-01-09T09:13:31.241">
  <trace-info objectcount="1459" scancount="1320" scanbytes="39180" />
  <finalization candidates="727" enqueued="0" />
  <ownableSynchronizers candidates="499196" cleared="28" />
  <references type="soft" candidates="6348" cleared="25" enqueued="17" dynamicThreshold="0" maxThreshold="32" />
  <references type="weak" candidates="7009" cleared="1" enqueued="1" />
  <references type="phantom" candidates="100" cleared="0" enqueued="0" />
  <stringconstants candidates="19040" cleared="3"  />
</gc-op>
<gc-op id="1336" type="sweep" timems="10.543" contextid="1327" timestamp="2019-01-09T09:13:31.251" />
<mem-info id="1337" free="21874936" total="912261120" percent="2">
  <mem type="nursery" free="10476984" total="228065280" percent="4">
    <mem type="allocate" free="10476984" total="114032640" percent="9" />
    <mem type="survivor" free="0" total="114032640" percent="0" />
  </mem>
  <mem type="tenure" free="11397952" total="684195840" percent="1" micro-fragmented="275003" macro-fragmented="0">
    <mem type="soa" free="4556608" total="677354496" percent="0" />
    <mem type="loa" free="6841344" total="6841344" percent="100" />
  </mem>
  <pending-finalizers system="0" default="0" reference="18" classloader="0" />
  <remembered-set count="137224" />
</mem-info>
<gc-op id="1338" type="compact" timems="768.047" contextid="1327" timestamp="2019-01-09T09:13:32.020">
  <compact-info movecount="9022974" movebytes="308156192" reason="low free space (less than 4%)" />
</gc-op>
<gc-end id="1339" type="global" contextid="1327" durationms="849.220" usertimems="8811.079" systemtimems="14.795" timestamp="2019-01-09T09:13:32.020" activeThreads="16">
  <mem-info id="1340" free="28862880" total="912261120" percent="3">
    <mem type="nursery" free="17367624" total="228065280" percent="7">
      <mem type="allocate" free="17367624" total="114032640" percent="15" />
      <mem type="survivor" free="0" total="114032640" percent="0" />
    </mem>
    <mem type="tenure" free="11495256" total="684195840" percent="1">
      <mem type="soa" free="4653912" total="677354496" percent="0" />
      <mem type="loa" free="6841344" total="6841344" percent="100" />
    </mem>
    <pending-finalizers system="0" default="0" reference="18" classloader="0" />
    <remembered-set count="137224" />
  </mem-info>
</gc-end>
<cycle-end id="1341" type="global" contextid="1327" timestamp="2019-01-09T09:13:32.020" />
<concurrent-collection-end id="1342" timestamp="2019-01-09T09:13:32.020" />
<exclusive-end id="1343" timestamp="2019-01-09T09:13:32.020" durationms="849.852" />

<concurrent-kickoff id="1344" timestamp="2019-01-09T09:13:32.020">
  <kickoff reason="threshold reached" targetBytes="423271717" thresholdFreeBytes="51736856"  remainingFree="17362880" tenureFreeBytes="11495256" nurseryFreeBytes="17354144" />
</concurrent-kickoff>
<exclusive-start id="1345" timestamp="2019-01-09T09:13:32.025" intervalms="854.223">
  <response-info timems="2.888" idlems="2.888" threads="0" lastid="00000000016F6900" lastname="dw-114 - GET /api/res/v1/director.cloudenvs/a016b631-1a4f-40d2-" />
</exclusive-start>
<cycle-start id="1346" type="global" contextid="0" timestamp="2019-01-09T09:13:32.025" intervalms="1087.328" />
<exclusive-end id="1347" timestamp="2019-01-09T09:13:32.025" durationms="0.150" />

<exclusive-start id="1348" timestamp="2019-01-09T09:13:32.172" intervalms="147.780">
  <response-info timems="1.688" idlems="1.512" threads="12" lastid="0000000001817000" lastname="dw-99 - GET /api/res/v1/tree?includeMocs=director.vdc" />
</exclusive-start>
<af-start id="1349" threadId="0000000002867860" totalBytesRequested="32" timestamp="2019-01-09T09:13:32.173" intervalms="2276.577" type="nursery" />
<percolate-collect id="1350" from="nursery" to="global" reason="insufficient remaining tenure space" timestamp="2019-01-09T09:13:32.173"/>
<gc-start id="1351" type="global" contextid="1346" timestamp="2019-01-09T09:13:32.173">
  <mem-info id="1352" free="11494760" total="912261120" percent="1">
    <mem type="nursery" free="0" total="228065280" percent="0">
      <mem type="allocate" free="0" total="114032640" percent="0" />
      <mem type="survivor" free="0" total="114032640" percent="0" />
    </mem>
    <mem type="tenure" free="11494760" total="684195840" percent="1">
      <mem type="soa" free="4653416" total="677354496" percent="0" />
      <mem type="loa" free="6841344" total="6841344" percent="100" />
    </mem>
    <remembered-set count="143425" />
  </mem-info>
</gc-start>
<allocation-stats totalBytes="17364504" >
  <allocated-bytes non-tlh="496" tlh="17364008" />
  <largest-consumer threadName="dw-108 - GET /api/res/v1/tree?includeMocs=director.vdc" threadId="000000000285F300" bytes="1823776" />
</allocation-stats>
<concurrent-halted id="1353" timestamp="2019-01-09T09:13:32.173">
  <halted state="Tracing incomplete" status="clean trace" />
  <traced bytesTarget="423271717" bytesTotal="265534592" bytesByMutator="245411344" bytesByHelper="20123248" percent="62" />
  <cards cleaned="5178" thresholdBytes="20381188" />
</concurrent-halted>
<gc-op id="1354" type="tracing" timems="49.405" contextid="1346" timestamp="2019-01-09T09:13:32.222">
  <trace bytesTraced="94355168" workStackOverflowCount="0" />
</gc-op>
<gc-op id="1355" type="rs-scan" timems="54.886" contextid="1346" timestamp="2019-01-09T09:13:32.277">
  <scan objectsFound="80363" bytesTraced="90569444" workStackOverflowCount="0" />
</gc-op>
<gc-op id="1356" type="card-cleaning" timems="25.597" contextid="1346" timestamp="2019-01-09T09:13:32.303">
  <card-cleaning cardsCleaned="1100" bytesTraced="34828576" workStackOverflowCount="0" />
</gc-op>
<gc-op id="1357" type="mark" timems="13.121" contextid="1346" timestamp="2019-01-09T09:13:32.316">
  <trace-info objectcount="3337" scancount="3087" scanbytes="98124" />
  <finalization candidates="727" enqueued="0" />
  <ownableSynchronizers candidates="499180" cleared="12" />
  <references type="soft" candidates="6327" cleared="4" enqueued="4" dynamicThreshold="0" maxThreshold="32" />
  <references type="weak" candidates="7008" cleared="0" enqueued="0" />
  <references type="phantom" candidates="100" cleared="0" enqueued="0" />
  <stringconstants candidates="19040" cleared="4"  />
</gc-op>
<gc-op id="1358" type="classunload" timems="2.328" contextid="1346" timestamp="2019-01-09T09:13:32.318">
  <classunload-info classloadercandidates="66" classloadersunloaded="6" classesunloaded="6" anonymousclassesunloaded="0" quiescems="0.000" setupms="2.037" scanms="0.277" postms="0.014" />
</gc-op>
<gc-op id="1359" type="sweep" timems="8.206" contextid="1346" timestamp="2019-01-09T09:13:32.327" />
<mem-info id="1360" free="14398736" total="912261120" percent="1">
  <mem type="nursery" free="2262400" total="228065280" percent="0">
    <mem type="allocate" free="2262400" total="114032640" percent="1" />
    <mem type="survivor" free="0" total="114032640" percent="0" />
  </mem>
  <mem type="tenure" free="12136336" total="684195840" percent="1" micro-fragmented="177895" macro-fragmented="0">
    <mem type="soa" free="5294992" total="677354496" percent="0" />
    <mem type="loa" free="6841344" total="6841344" percent="100" />
  </mem>
  <pending-finalizers system="0" default="0" reference="4" classloader="0" />
  <remembered-set count="143413" />
</mem-info>
<gc-op id="1361" type="compact" timems="313.513" contextid="1346" timestamp="2019-01-09T09:13:32.640">
  <compact-info movecount="2934935" movebytes="103190736" reason="low free space (less than 4%)" />
</gc-op>
<gc-end id="1362" type="global" contextid="1346" durationms="467.964" usertimems="4626.564" systemtimems="11.474" timestamp="2019-01-09T09:13:32.641" activeThreads="16">
  <mem-info id="1363" free="21709240" total="912261120" percent="2">
    <mem type="nursery" free="9572320" total="228065280" percent="4">
      <mem type="allocate" free="9572320" total="114032640" percent="8" />
      <mem type="survivor" free="0" total="114032640" percent="0" />
    </mem>
    <mem type="tenure" free="12136920" total="684195840" percent="1">
      <mem type="soa" free="5295576" total="677354496" percent="0" />
      <mem type="loa" free="6841344" total="6841344" percent="100" />
    </mem>
    <pending-finalizers system="0" default="0" reference="4" classloader="0" />
    <remembered-set count="143413" />
  </mem-info>
</gc-end>
<cycle-end id="1364" type="global" contextid="1346" timestamp="2019-01-09T09:13:32.641" />
<concurrent-kickoff id="1365" timestamp="2019-01-09T09:13:32.641">
  <kickoff reason="threshold reached" targetBytes="394718336" thresholdFreeBytes="48213636"  remainingFree="9572288" tenureFreeBytes="12136920" nurseryFreeBytes="9572288" />
</concurrent-kickoff>
<allocation-satisfied id="1366" threadId="0000000002866F00" bytesRequested="32" />
<af-end id="1367" timestamp="2019-01-09T09:13:32.641" threadId="0000000002867860" success="true" from="nursery"/>
<exclusive-end id="1368" timestamp="2019-01-09T09:13:32.641" durationms="468.734" />

<exclusive-start id="1369" timestamp="2019-01-09T09:13:32.644" intervalms="471.423">
  <response-info timems="0.333" idlems="0.074" threads="5" lastid="0000000002569C00" lastname="AuthLogoutListener" />
</exclusive-start>
<cycle-start id="1370" type="global" contextid="0" timestamp="2019-01-09T09:13:32.644" intervalms="619.223" />
<exclusive-end id="1371" timestamp="2019-01-09T09:13:32.644" durationms="0.177" />

<exclusive-start id="1372" timestamp="2019-01-09T09:13:32.725" intervalms="81.036">
  <response-info timems="0.238" idlems="0.191" threads="14" lastid="0000000002866F00" lastname="dw-109 - POST /api/res/v1/director.tenants/batch" />
</exclusive-start>
<af-start id="1373" threadId="0000000002547360" totalBytesRequested="48" timestamp="2019-01-09T09:13:32.725" intervalms="552.428" type="nursery" />
<percolate-collect id="1374" from="nursery" to="global" reason="insufficient remaining tenure space" timestamp="2019-01-09T09:13:32.725"/>
<gc-start id="1375" type="global" contextid="1370" timestamp="2019-01-09T09:13:32.725">
  <mem-info id="1376" free="12136376" total="912261120" percent="1">
    <mem type="nursery" free="0" total="228065280" percent="0">
      <mem type="allocate" free="0" total="114032640" percent="0" />
      <mem type="survivor" free="0" total="114032640" percent="0" />
    </mem>
    <mem type="tenure" free="12136376" total="684195840" percent="1">
      <mem type="soa" free="5295032" total="677354496" percent="0" />
      <mem type="loa" free="6841344" total="6841344" percent="100" />
    </mem>
    <remembered-set count="146377" />
  </mem-info>
</gc-start>
<allocation-stats totalBytes="9568328" >
  <allocated-bytes non-tlh="4680" tlh="9563648" />
  <largest-consumer threadName="dw-107 - GET /api/res/v1/tree?includeMocs=director.vdc" threadId="000000000285B700" bytes="1169288" />
</allocation-stats>
<concurrent-halted id="1377" timestamp="2019-01-09T09:13:32.725">
  <halted state="Tracing incomplete" status="clean trace" />
  <traced bytesTarget="394718336" bytesTotal="141751436" bytesByMutator="125640020" bytesByHelper="16111416" percent="35" />
  <cards cleaned="0" thresholdBytes="18993252" />
</concurrent-halted>
<gc-op id="1378" type="tracing" timems="21.885" contextid="1370" timestamp="2019-01-09T09:13:32.747">
  <trace bytesTraced="53861096" workStackOverflowCount="0" />
</gc-op>
<gc-op id="1379" type="rs-scan" timems="71.072" contextid="1370" timestamp="2019-01-09T09:13:32.818">
  <scan objectsFound="47022" bytesTraced="134337700" workStackOverflowCount="0" />
</gc-op>
<gc-op id="1380" type="card-cleaning" timems="78.520" contextid="1370" timestamp="2019-01-09T09:13:32.897">
  <card-cleaning cardsCleaned="3066" bytesTraced="152071624" workStackOverflowCount="0" />
</gc-op>
<gc-op id="1381" type="mark" timems="12.042" contextid="1370" timestamp="2019-01-09T09:13:32.909">
  <trace-info objectcount="5410" scancount="5044" scanbytes="165168" />
  <finalization candidates="727" enqueued="0" />
  <ownableSynchronizers candidates="499184" cleared="8" />
  <references type="soft" candidates="6335" cleared="12" enqueued="9" dynamicThreshold="0" maxThreshold="32" />
  <references type="weak" candidates="7027" cleared="1" enqueued="1" />
  <references type="phantom" candidates="101" cleared="0" enqueued="0" />
  <stringconstants candidates="19040" cleared="4"  />
</gc-op>
<gc-op id="1382" type="sweep" timems="8.028" contextid="1370" timestamp="2019-01-09T09:13:32.917" />
<mem-info id="1383" free="14279056" total="912261120" percent="1">
  <mem type="nursery" free="2139320" total="228065280" percent="0">
    <mem type="allocate" free="2139320" total="114032640" percent="1" />
    <mem type="survivor" free="0" total="114032640" percent="0" />
  </mem>
  <mem type="tenure" free="12139736" total="684195840" percent="1" micro-fragmented="167012" macro-fragmented="5375357">
    <mem type="soa" free="5298392" total="677354496" percent="0" />
    <mem type="loa" free="6841344" total="6841344" percent="100" />
  </mem>
  <pending-finalizers system="0" default="0" reference="10" classloader="0" />
  <remembered-set count="146373" />
</mem-info>
<gc-op id="1384" type="compact" timems="500.283" contextid="1370" timestamp="2019-01-09T09:13:33.418">
  <compact-info movecount="3250968" movebytes="111708088" reason="low free space (less than 4%)" />
</gc-op>
<gc-end id="1385" type="global" contextid="1370" durationms="692.687" usertimems="6539.670" systemtimems="12.687" timestamp="2019-01-09T09:13:33.418" activeThreads="16">
  <mem-info id="1386" free="18044664" total="912261120" percent="1">
    <mem type="nursery" free="5900712" total="228065280" percent="2">
      <mem type="allocate" free="5900712" total="114032640" percent="5" />
      <mem type="survivor" free="0" total="114032640" percent="0" />
    </mem>
    <mem type="tenure" free="12143952" total="684195840" percent="1">
      <mem type="soa" free="5302608" total="677354496" percent="0" />
      <mem type="loa" free="6841344" total="6841344" percent="100" />
    </mem>
    <pending-finalizers system="0" default="0" reference="10" classloader="0" />
    <remembered-set count="146373" />
  </mem-info>
</gc-end>
<cycle-end id="1387" type="global" contextid="1370" timestamp="2019-01-09T09:13:33.418" />
<concurrent-kickoff id="1388" timestamp="2019-01-09T09:13:33.418">
  <kickoff reason="threshold reached" targetBytes="347684156" thresholdFreeBytes="42505756"  remainingFree="5900664" tenureFreeBytes="12143952" nurseryFreeBytes="5900664" />
</concurrent-kickoff>
<allocation-satisfied id="1389" threadId="0000000002546A00" bytesRequested="48" />
<af-end id="1390" timestamp="2019-01-09T09:13:33.418" threadId="0000000002547360" success="true" from="nursery"/>
<exclusive-end id="1391" timestamp="2019-01-09T09:13:33.418" durationms="693.297" />

<exclusive-start id="1392" timestamp="2019-01-09T09:13:33.421" intervalms="696.580">
  <response-info timems="0.887" idlems="0.174" threads="5" lastid="00000000015C4300" lastname="kafka-coordinator-heartbeat-thread | sm_logout_bb03412b-c164-46" />
</exclusive-start>
<cycle-start id="1393" type="global" contextid="0" timestamp="2019-01-09T09:13:33.421" intervalms="777.604" />
<exclusive-end id="1394" timestamp="2019-01-09T09:13:33.422" durationms="0.160" />

<exclusive-start id="1395" timestamp="2019-01-09T09:13:33.466" intervalms="44.378">
  <response-info timems="0.670" idlems="0.585" threads="16" lastid="0000000001817000" lastname="dw-99 - GET /api/res/v1/tree?includeMocs=director.vdc" />
</exclusive-start>
<af-start id="1396" threadId="0000000002749860" totalBytesRequested="48" timestamp="2019-01-09T09:13:33.466" intervalms="740.968" type="nursery" />
<percolate-collect id="1397" from="nursery" to="global" reason="insufficient remaining tenure space" timestamp="2019-01-09T09:13:33.466"/>
<gc-start id="1398" type="global" contextid="1393" timestamp="2019-01-09T09:13:33.466">
  <mem-info id="1399" free="12143096" total="912261120" percent="1">
    <mem type="nursery" free="0" total="228065280" percent="0">
      <mem type="allocate" free="0" total="114032640" percent="0" />
      <mem type="survivor" free="0" total="114032640" percent="0" />
    </mem>
    <mem type="tenure" free="12143096" total="684195840" percent="1">
      <mem type="soa" free="5301752" total="677354496" percent="0" />
      <mem type="loa" free="6841344" total="6841344" percent="100" />
    </mem>
    <remembered-set count="147996" />
  </mem-info>
</gc-start>
<allocation-stats totalBytes="5896088" >
  <allocated-bytes non-tlh="58272" tlh="5837816" />
  <largest-consumer threadName="dw-108 - GET /api/res/v1/tree?includeMocs=director.vdc" threadId="000000000285F300" bytes="586288" />
</allocation-stats>
<concurrent-halted id="1400" timestamp="2019-01-09T09:13:33.466">
  <halted state="Tracing incomplete" status="clean trace" />
  <traced bytesTarget="347684156" bytesTotal="81858084" bytesByMutator="74240800" bytesByHelper="7617284" percent="23" />
  <cards cleaned="39" thresholdBytes="16744692" />
</concurrent-halted>
<gc-op id="1401" type="tracing" timems="112.878" contextid="1393" timestamp="2019-01-09T09:13:33.579">
  <trace bytesTraced="189515660" workStackOverflowCount="0" />
</gc-op>
<gc-op id="1402" type="rs-scan" timems="32.957" contextid="1393" timestamp="2019-01-09T09:13:33.612">
  <scan objectsFound="43084" bytesTraced="60374832" workStackOverflowCount="0" />
</gc-op>
<gc-op id="1403" type="card-cleaning" timems="93.003" contextid="1393" timestamp="2019-01-09T09:13:33.705">
  <card-cleaning cardsCleaned="1666" bytesTraced="150906312" workStackOverflowCount="0" />
</gc-op>
<gc-op id="1404" type="mark" timems="15.159" contextid="1393" timestamp="2019-01-09T09:13:33.721">
  <trace-info objectcount="6192" scancount="5743" scanbytes="187672" />
  <finalization candidates="728" enqueued="0" />
  <ownableSynchronizers candidates="499208" cleared="21" />
  <references type="soft" candidates="6340" cleared="17" enqueued="13" dynamicThreshold="0" maxThreshold="32" />
  <references type="weak" candidates="7032" cleared="1" enqueued="1" />
  <references type="phantom" candidates="103" cleared="0" enqueued="0" />
  <stringconstants candidates="19040" cleared="4"  />
</gc-op>
<gc-op id="1405" type="classunload" timems="2.219" contextid="1393" timestamp="2019-01-09T09:13:33.723">
  <classunload-info classloadercandidates="71" classloadersunloaded="7" classesunloaded="7" anonymousclassesunloaded="0" quiescems="0.000" setupms="2.141" scanms="0.062" postms="0.016" />
</gc-op>
<gc-op id="1406" type="sweep" timems="6.532" contextid="1393" timestamp="2019-01-09T09:13:33.729" />
<mem-info id="1407" free="14011328" total="912261120" percent="1">
  <mem type="nursery" free="1864912" total="228065280" percent="0">
    <mem type="allocate" free="1864912" total="114032640" percent="1" />
    <mem type="survivor" free="0" total="114032640" percent="0" />
  </mem>
  <mem type="tenure" free="12146416" total="684195840" percent="1" micro-fragmented="165726" macro-fragmented="0">
    <mem type="soa" free="5305072" total="677354496" percent="0" />
    <mem type="loa" free="6841344" total="6841344" percent="100" />
  </mem>
  <pending-finalizers system="0" default="0" reference="14" classloader="0" />
  <remembered-set count="147981" />
</mem-info>
<gc-op id="1408" type="compact" timems="326.537" contextid="1393" timestamp="2019-01-09T09:13:34.056">
  <compact-info movecount="2694190" movebytes="95205472" reason="low free space (less than 4%)" />
</gc-op>
<gc-end id="1409" type="global" contextid="1393" durationms="590.308" usertimems="5557.076" systemtimems="18.888" timestamp="2019-01-09T09:13:34.056" activeThreads="16">
  <mem-info id="1410" free="15985168" total="912261120" percent="1">
    <mem type="nursery" free="3838600" total="228065280" percent="1">
      <mem type="allocate" free="3838600" total="114032640" percent="3" />
      <mem type="survivor" free="0" total="114032640" percent="0" />
    </mem>
    <mem type="tenure" free="12146568" total="684195840" percent="1">
      <mem type="soa" free="5305224" total="677354496" percent="0" />
      <mem type="loa" free="6841344" total="6841344" percent="100" />
    </mem>
    <pending-finalizers system="0" default="0" reference="14" classloader="0" />
    <remembered-set count="147981" />
  </mem-info>
</gc-end>
<cycle-end id="1411" type="global" contextid="1393" timestamp="2019-01-09T09:13:34.057" />
<concurrent-kickoff id="1412" timestamp="2019-01-09T09:13:34.057">
  <kickoff reason="threshold reached" targetBytes="422280056" thresholdFreeBytes="51575700"  remainingFree="3838552" tenureFreeBytes="12146568" nurseryFreeBytes="3838552" />
</concurrent-kickoff>
<allocation-satisfied id="1413" threadId="0000000002748F00" bytesRequested="48" />
<af-end id="1414" timestamp="2019-01-09T09:13:34.057" threadId="0000000002749860" success="true" from="nursery"/>
<exclusive-end id="1415" timestamp="2019-01-09T09:13:34.057" durationms="591.039" />

<exclusive-start id="1416" timestamp="2019-01-09T09:13:34.058" intervalms="592.293">
  <response-info timems="0.471" idlems="0.251" threads="6" lastid="0000000001D9BB00" lastname="BroadcastReceiver" />
</exclusive-start>
<cycle-start id="1417" type="global" contextid="0" timestamp="2019-01-09T09:13:34.058" intervalms="636.666" />
<exclusive-end id="1418" timestamp="2019-01-09T09:13:34.058" durationms="0.141" />

<exclusive-start id="1419" timestamp="2019-01-09T09:13:34.106" intervalms="47.788">
  <response-info timems="0.829" idlems="0.627" threads="17" lastid="000000000258C500" lastname="dw-89 - GET /api/res/v1/tree?includeMocs=director.vdc" />
</exclusive-start>
<af-start id="1420" threadId="0000000001690460" totalBytesRequested="24" timestamp="2019-01-09T09:13:34.106" intervalms="640.081" type="nursery" />
<percolate-collect id="1421" from="nursery" to="global" reason="insufficient remaining tenure space" timestamp="2019-01-09T09:13:34.106"/>
<gc-start id="1422" type="global" contextid="1417" timestamp="2019-01-09T09:13:34.106">
  <mem-info id="1423" free="12143680" total="912261120" percent="1">
    <mem type="nursery" free="0" total="228065280" percent="0">
      <mem type="allocate" free="0" total="114032640" percent="0" />
      <mem type="survivor" free="0" total="114032640" percent="0" />
    </mem>
    <mem type="tenure" free="12143680" total="684195840" percent="1">
      <mem type="soa" free="5302336" total="677354496" percent="0" />
      <mem type="loa" free="6841344" total="6841344" percent="100" />
    </mem>
    <remembered-set count="148804" />
  </mem-info>
</gc-start>
<allocation-stats totalBytes="3834776" >
  <allocated-bytes non-tlh="67272" tlh="3767504" />
  <largest-consumer threadName="dw-108 - GET /api/res/v1/tree?includeMocs=director.vdc" threadId="000000000285F300" bytes="407408" />
</allocation-stats>
<concurrent-halted id="1424" timestamp="2019-01-09T09:13:34.106">
  <halted state="Tracing incomplete" status="clean trace" />
  <traced bytesTarget="422280056" bytesTotal="81840472" bytesByMutator="74922968" bytesByHelper="6917504" percent="19" />
  <cards cleaned="229" thresholdBytes="20317700" />
</concurrent-halted>
<gc-op id="1425" type="tracing" timems="150.232" contextid="1417" timestamp="2019-01-09T09:13:34.257">
  <trace bytesTraced="316295876" workStackOverflowCount="0" />
</gc-op>
<gc-op id="1426" type="rs-scan" timems="33.000" contextid="1417" timestamp="2019-01-09T09:13:34.290">
  <scan objectsFound="142360" bytesTraced="66376836" workStackOverflowCount="0" />
</gc-op>
<gc-op id="1427" type="card-cleaning" timems="8.789" contextid="1417" timestamp="2019-01-09T09:13:34.298">
  <card-cleaning cardsCleaned="654" bytesTraced="22083840" workStackOverflowCount="0" />
</gc-op>
<gc-op id="1428" type="mark" timems="12.542" contextid="1417" timestamp="2019-01-09T09:13:34.311">
  <trace-info objectcount="7310" scancount="6784" scanbytes="221280" />
  <finalization candidates="728" enqueued="0" />
  <ownableSynchronizers candidates="499203" cleared="24" />
  <references type="soft" candidates="6332" cleared="9" enqueued="6" dynamicThreshold="0" maxThreshold="32" />
  <references type="weak" candidates="7034" cleared="1" enqueued="1" />
  <references type="phantom" candidates="103" cleared="0" enqueued="0" />
  <stringconstants candidates="19042" cleared="1"  />
</gc-op>
<gc-op id="1429" type="classunload" timems="1.622" contextid="1417" timestamp="2019-01-09T09:13:34.313">
  <classunload-info classloadercandidates="72" classloadersunloaded="2" classesunloaded="2" anonymousclassesunloaded="0" quiescems="0.000" setupms="1.585" scanms="0.031" postms="0.006" />
</gc-op>
<gc-op id="1430" type="sweep" timems="10.456" contextid="1417" timestamp="2019-01-09T09:13:34.323" />
<mem-info id="1431" free="13903304" total="912261120" percent="1">
  <mem type="nursery" free="1756344" total="228065280" percent="0">
    <mem type="allocate" free="1756344" total="114032640" percent="1" />
    <mem type="survivor" free="0" total="114032640" percent="0" />
  </mem>
  <mem type="tenure" free="12146960" total="684195840" percent="1" micro-fragmented="163346" macro-fragmented="5375357">
    <mem type="soa" free="5305616" total="677354496" percent="0" />
    <mem type="loa" free="6841344" total="6841344" percent="100" />
  </mem>
  <pending-finalizers system="0" default="0" reference="7" classloader="0" />
  <remembered-set count="148795" />
</mem-info>
<gc-op id="1432" type="compact" timems="293.181" contextid="1417" timestamp="2019-01-09T09:13:34.617">
  <compact-info movecount="1873806" movebytes="66472240" reason="low free space (less than 4%)" />
</gc-op>
<gc-end id="1433" type="global" contextid="1417" durationms="510.732" usertimems="5177.663" systemtimems="14.741" timestamp="2019-01-09T09:13:34.617" activeThreads="16">
  <mem-info id="1434" free="14915392" total="912261120" percent="1">
    <mem type="nursery" free="2771432" total="228065280" percent="1">
      <mem type="allocate" free="2771432" total="114032640" percent="2" />
      <mem type="survivor" free="0" total="114032640" percent="0" />
    </mem>
    <mem type="tenure" free="12143960" total="684195840" percent="1">
      <mem type="soa" free="5302616" total="677354496" percent="0" />
      <mem type="loa" free="6841344" total="6841344" percent="100" />
    </mem>
    <pending-finalizers system="0" default="0" reference="7" classloader="0" />
    <remembered-set count="148795" />
  </mem-info>
</gc-end>
<cycle-end id="1435" type="global" contextid="1417" timestamp="2019-01-09T09:13:34.617" />
<concurrent-kickoff id="1436" timestamp="2019-01-09T09:13:34.617">
  <kickoff reason="threshold reached" targetBytes="420220188" thresholdFreeBytes="51328980"  remainingFree="2771408" tenureFreeBytes="12143960" nurseryFreeBytes="2771408" />
</concurrent-kickoff>
<allocation-satisfied id="1437" threadId="000000000168FB00" bytesRequested="24" />
<af-end id="1438" timestamp="2019-01-09T09:13:34.617" threadId="0000000001690460" success="true" from="nursery"/>
<exclusive-end id="1439" timestamp="2019-01-09T09:13:34.617" durationms="511.448" />

<exclusive-start id="1440" timestamp="2019-01-09T09:13:34.620" intervalms="513.902">
  <response-info timems="1.061" idlems="0.356" threads="2" lastid="0000000002569C00" lastname="AuthLogoutListener" />
</exclusive-start>
<cycle-start id="1441" type="global" contextid="0" timestamp="2019-01-09T09:13:34.620" intervalms="561.688" />
<exclusive-end id="1442" timestamp="2019-01-09T09:13:34.620" durationms="0.132" />

<exclusive-start id="1443" timestamp="2019-01-09T09:13:34.643" intervalms="23.525">
  <response-info timems="0.510" idlems="0.384" threads="16" lastid="000000000285C300" lastname="dw-110 - GET /api/res/v1/director.cloudenvs/94241672-c98f-4159-" />
</exclusive-start>
<af-start id="1444" threadId="000000000258F560" totalBytesRequested="24" timestamp="2019-01-09T09:13:34.643" intervalms="537.420" type="nursery" />
<percolate-collect id="1445" from="nursery" to="global" reason="insufficient remaining tenure space" timestamp="2019-01-09T09:13:34.643"/>
<gc-start id="1446" type="global" contextid="1441" timestamp="2019-01-09T09:13:34.644">
  <mem-info id="1447" free="12143912" total="912261120" percent="1">
    <mem type="nursery" free="0" total="228065280" percent="0">
      <mem type="allocate" free="0" total="114032640" percent="0" />
      <mem type="survivor" free="0" total="114032640" percent="0" />
    </mem>
    <mem type="tenure" free="12143912" total="684195840" percent="1">
      <mem type="soa" free="5302568" total="677354496" percent="0" />
      <mem type="loa" free="6841344" total="6841344" percent="100" />
    </mem>
    <remembered-set count="149453" />
  </mem-info>
</gc-start>
<allocation-stats totalBytes="2766872" >
  <allocated-bytes non-tlh="4176" tlh="2762696" />
  <largest-consumer threadName="dw-103 - GET /api/res/v1/tree?includeMocs=director.vdc" threadId="000000000258EC00" bytes="344672" />
</allocation-stats>
<concurrent-halted id="1448" timestamp="2019-01-09T09:13:34.644">
  <halted state="Tracing incomplete" status="clean trace" />
  <traced bytesTarget="420220188" bytesTotal="32889276" bytesByMutator="28960324" bytesByHelper="3928952" percent="7" />
  <cards cleaned="0" thresholdBytes="20220508" />
</concurrent-halted>
<gc-op id="1449" type="tracing" timems="148.951" contextid="1441" timestamp="2019-01-09T09:13:34.793">
  <trace bytesTraced="304627996" workStackOverflowCount="0" />
</gc-op>
<gc-op id="1450" type="rs-scan" timems="51.681" contextid="1441" timestamp="2019-01-09T09:13:34.844">
  <scan objectsFound="104100" bytesTraced="89974472" workStackOverflowCount="0" />
</gc-op>
<gc-op id="1451" type="card-cleaning" timems="14.832" contextid="1441" timestamp="2019-01-09T09:13:34.859">
  <card-cleaning cardsCleaned="665" bytesTraced="23127956" workStackOverflowCount="0" />
</gc-op>
<gc-op id="1452" type="mark" timems="28.156" contextid="1441" timestamp="2019-01-09T09:13:34.888">
  <trace-info objectcount="1715579" scancount="1147740" scanbytes="34173956" />
  <finalization candidates="728" enqueued="0" />
  <ownableSynchronizers candidates="499191" cleared="13" />
  <references type="soft" candidates="6327" cleared="3" enqueued="3" dynamicThreshold="0" maxThreshold="32" />
  <references type="weak" candidates="7032" cleared="0" enqueued="0" />
  <references type="phantom" candidates="104" cleared="0" enqueued="0" />
  <stringconstants candidates="19042" cleared="3"  />
</gc-op>
<gc-op id="1453" type="sweep" timems="6.865" contextid="1441" timestamp="2019-01-09T09:13:34.894" />
<mem-info id="1454" free="13076720" total="912261120" percent="1">
  <mem type="nursery" free="931184" total="228065280" percent="0">
    <mem type="allocate" free="931184" total="114032640" percent="0" />
    <mem type="survivor" free="0" total="114032640" percent="0" />
  </mem>
  <mem type="tenure" free="12145536" total="684195840" percent="1" micro-fragmented="144898" macro-fragmented="0">
    <mem type="soa" free="5304192" total="677354496" percent="0" />
    <mem type="loa" free="6841344" total="6841344" percent="100" />
  </mem>
  <pending-finalizers system="0" default="0" reference="3" classloader="0" />
  <remembered-set count="149446" />
</mem-info>
<gc-op id="1455" type="compact" timems="241.326" contextid="1441" timestamp="2019-01-09T09:13:35.136">
  <compact-info movecount="956585" movebytes="34622672" reason="low free space (less than 4%)" />
</gc-op>
<gc-end id="1456" type="global" contextid="1441" durationms="492.770" usertimems="5148.354" systemtimems="23.596" timestamp="2019-01-09T09:13:35.136" activeThreads="16">
  <mem-info id="1457" free="13981176" total="912261120" percent="1">
    <mem type="nursery" free="1836496" total="228065280" percent="0">
      <mem type="allocate" free="1836496" total="114032640" percent="1" />
      <mem type="survivor" free="0" total="114032640" percent="0" />
    </mem>
    <mem type="tenure" free="12144680" total="684195840" percent="1">
      <mem type="soa" free="5303336" total="677354496" percent="0" />
      <mem type="loa" free="6841344" total="6841344" percent="100" />
    </mem>
    <pending-finalizers system="0" default="0" reference="3" classloader="0" />
    <remembered-set count="149446" />
  </mem-info>
</gc-end>
<cycle-end id="1458" type="global" contextid="1441" timestamp="2019-01-09T09:13:35.137" />
<concurrent-kickoff id="1459" timestamp="2019-01-09T09:13:35.137">
  <kickoff reason="threshold reached" targetBytes="360645228" thresholdFreeBytes="44090048"  remainingFree="1836472" tenureFreeBytes="12144680" nurseryFreeBytes="1836472" />
</concurrent-kickoff>
<allocation-satisfied id="1460" threadId="000000000258EC00" bytesRequested="24" />
<af-end id="1461" timestamp="2019-01-09T09:13:35.137" threadId="000000000258F560" success="true" from="nursery"/>
<exclusive-end id="1462" timestamp="2019-01-09T09:13:35.137" durationms="493.477" />

<exclusive-start id="1463" timestamp="2019-01-09T09:13:35.140" intervalms="496.577">
  <response-info timems="1.737" idlems="1.737" threads="0" lastid="00000000016F6900" lastname="dw-114 - GET /api/res/v1/director.cloudenvs/a016b631-1a4f-40d2-" />
</exclusive-start>
<cycle-start id="1464" type="global" contextid="0" timestamp="2019-01-09T09:13:35.140" intervalms="520.105" />
<exclusive-end id="1465" timestamp="2019-01-09T09:13:35.140" durationms="0.160" />

<exclusive-start id="1466" timestamp="2019-01-09T09:13:35.154" intervalms="14.489">
  <response-info timems="1.339" idlems="0.741" threads="13" lastid="0000000002545A00" lastname="dw-101 - GET /api/res/v1/tree?includeMocs=director.vdc" />
</exclusive-start>
<af-start id="1467" threadId="0000000002749860" totalBytesRequested="16" timestamp="2019-01-09T09:13:35.155" intervalms="511.065" type="nursery" />
<percolate-collect id="1468" from="nursery" to="global" reason="insufficient remaining tenure space" timestamp="2019-01-09T09:13:35.155"/>
<gc-start id="1469" type="global" contextid="1464" timestamp="2019-01-09T09:13:35.155">
  <mem-info id="1470" free="12144160" total="912261120" percent="1">
    <mem type="nursery" free="0" total="228065280" percent="0">
      <mem type="allocate" free="0" total="114032640" percent="0" />
      <mem type="survivor" free="0" total="114032640" percent="0" />
    </mem>
    <mem type="tenure" free="12144160" total="684195840" percent="1">
      <mem type="soa" free="5302816" total="677354496" percent="0" />
      <mem type="loa" free="6841344" total="6841344" percent="100" />
    </mem>
    <remembered-set count="149936" />
  </mem-info>
</gc-start>
<allocation-stats totalBytes="1828928" >
  <allocated-bytes non-tlh="139824" tlh="1689104" />
  <largest-consumer threadName="dw-108 - GET /api/res/v1/tree?includeMocs=director.vdc" threadId="000000000285F300" bytes="197496" />
</allocation-stats>
<concurrent-halted id="1471" timestamp="2019-01-09T09:13:35.155">
  <halted state="Class scanning incomplete" status="clean trace" />
  <traced bytesTarget="360645228" bytesTotal="18859176" bytesByMutator="17036504" bytesByHelper="1822672" percent="5" />
  <cards cleaned="2" thresholdBytes="17368808" />
</concurrent-halted>
<gc-op id="1472" type="tracing" timems="147.808" contextid="1464" timestamp="2019-01-09T09:13:35.303">
  <trace bytesTraced="352577584" workStackOverflowCount="0" />
</gc-op>
<gc-op id="1473" type="rs-scan" timems="32.487" contextid="1464" timestamp="2019-01-09T09:13:35.335">
  <scan objectsFound="112745" bytesTraced="54135876" workStackOverflowCount="0" />
</gc-op>
<gc-op id="1474" type="card-cleaning" timems="9.551" contextid="1464" timestamp="2019-01-09T09:13:35.345">
  <card-cleaning cardsCleaned="520" bytesTraced="22086752" workStackOverflowCount="0" />
</gc-op>
<gc-op id="1475" type="mark" timems="38.823" contextid="1464" timestamp="2019-01-09T09:13:35.384">
  <trace-info objectcount="1876395" scancount="1258420" scanbytes="38517428" />
  <finalization candidates="729" enqueued="0" />
  <ownableSynchronizers candidates="499182" cleared="4" />
  <references type="soft" candidates="6337" cleared="12" enqueued="8" dynamicThreshold="0" maxThreshold="32" />
  <references type="weak" candidates="7033" cleared="1" enqueued="1" />
  <references type="phantom" candidates="104" cleared="0" enqueued="0" />
  <stringconstants candidates="19041" cleared="2"  />
</gc-op>
<gc-op id="1476" type="classunload" timems="2.380" contextid="1464" timestamp="2019-01-09T09:13:35.386">
  <classunload-info classloadercandidates="76" classloadersunloaded="9" classesunloaded="9" anonymousclassesunloaded="0" quiescems="0.000" setupms="2.141" scanms="0.220" postms="0.019" />
</gc-op>
<gc-op id="1477" type="sweep" timems="8.759" contextid="1464" timestamp="2019-01-09T09:13:35.395" />
<mem-info id="1478" free="12821392" total="912261120" percent="1">
  <mem type="nursery" free="675656" total="228065280" percent="0">
    <mem type="allocate" free="675656" total="114032640" percent="0" />
    <mem type="survivor" free="0" total="114032640" percent="0" />
  </mem>
  <mem type="tenure" free="12145736" total="684195840" percent="1" micro-fragmented="164121" macro-fragmented="8610664">
    <mem type="soa" free="5304392" total="677354496" percent="0" />
    <mem type="loa" free="6841344" total="6841344" percent="100" />
  </mem>
  <pending-finalizers system="0" default="0" reference="9" classloader="0" />
  <remembered-set count="149925" />
</mem-info>
<gc-op id="1479" type="compact" timems="280.883" contextid="1464" timestamp="2019-01-09T09:13:35.676">
  <compact-info movecount="660485" movebytes="24967800" reason="low free space (less than 4%)" />
</gc-op>
<gc-end id="1480" type="global" contextid="1464" durationms="521.586" usertimems="4920.828" systemtimems="14.098" timestamp="2019-01-09T09:13:35.676" activeThreads="16">
  <mem-info id="1481" free="13388488" total="912261120" percent="1">
    <mem type="nursery" free="1243552" total="228065280" percent="0">
      <mem type="allocate" free="1243552" total="114032640" percent="1" />
      <mem type="survivor" free="0" total="114032640" percent="0" />
    </mem>
    <mem type="tenure" free="12144936" total="684195840" percent="1">
      <mem type="soa" free="5303592" total="677354496" percent="0" />
      <mem type="loa" free="6841344" total="6841344" percent="100" />
    </mem>
    <pending-finalizers system="0" default="0" reference="9" classloader="0" />
    <remembered-set count="149925" />
  </mem-info>
</gc-end>
<cycle-end id="1482" type="global" contextid="1464" timestamp="2019-01-09T09:13:35.677" />
<concurrent-kickoff id="1483" timestamp="2019-01-09T09:13:35.677">
  <kickoff reason="threshold reached" targetBytes="393523512" thresholdFreeBytes="48085512"  remainingFree="1243536" tenureFreeBytes="12144936" nurseryFreeBytes="1243536" />
</concurrent-kickoff>
<allocation-satisfied id="1484" threadId="0000000002748F00" bytesRequested="16" />
<af-end id="1485" timestamp="2019-01-09T09:13:35.677" threadId="0000000002749860" success="true" from="nursery"/>
<exclusive-end id="1486" timestamp="2019-01-09T09:13:35.677" durationms="522.330" />

<exclusive-start id="1487" timestamp="2019-01-09T09:13:35.683" intervalms="528.194">
  <response-info timems="4.971" idlems="4.971" threads="0" lastid="000000000256E400" lastname="dw-94 - GET /api/res/v1/tree?includeMocs=director.vdc" />
</exclusive-start>
<cycle-start id="1488" type="global" contextid="0" timestamp="2019-01-09T09:13:35.683" intervalms="542.695" />
<exclusive-end id="1489" timestamp="2019-01-09T09:13:35.683" durationms="0.233" />

<exclusive-start id="1490" timestamp="2019-01-09T09:13:35.689" intervalms="6.293">
  <response-info timems="0.261" idlems="0.181" threads="18" lastid="00000000016F5200" lastname="dw-112 - GET /api/res/v1/director.cloudenvs/375999c0-7442-4a17-" />
</exclusive-start>
<af-start id="1491" threadId="0000000002547360" totalBytesRequested="48" timestamp="2019-01-09T09:13:35.689" intervalms="534.479" type="nursery" />
<percolate-collect id="1492" from="nursery" to="global" reason="insufficient remaining tenure space" timestamp="2019-01-09T09:13:35.689"/>
<gc-start id="1493" type="global" contextid="1488" timestamp="2019-01-09T09:13:35.689">
  <mem-info id="1494" free="12144616" total="912261120" percent="1">
    <mem type="nursery" free="0" total="228065280" percent="0">
      <mem type="allocate" free="0" total="114032640" percent="0" />
      <mem type="survivor" free="0" total="114032640" percent="0" />
    </mem>
    <mem type="tenure" free="12144616" total="684195840" percent="1">
      <mem type="soa" free="5303272" total="677354496" percent="0" />
      <mem type="loa" free="6841344" total="6841344" percent="100" />
    </mem>
    <remembered-set count="150201" />
  </mem-info>
</gc-start>
<allocation-stats totalBytes="1236576" >
  <allocated-bytes non-tlh="49504" tlh="1187072" />
  <largest-consumer threadName="Thread-13" threadId="00000000020FF000" bytes="134984" />
</allocation-stats>
<concurrent-halted id="1495" timestamp="2019-01-09T09:13:35.689">
  <halted state="Class scanning incomplete" status="clean trace" />
  <traced bytesTarget="393523512" bytesTotal="9338200" bytesByMutator="8497480" bytesByHelper="840720" percent="2" />
  <cards cleaned="11" thresholdBytes="18942780" />
</concurrent-halted>
<gc-op id="1496" type="tracing" timems="125.011" contextid="1488" timestamp="2019-01-09T09:13:35.814">
  <trace bytesTraced="286312320" workStackOverflowCount="0" />
</gc-op>
<gc-op id="1497" type="rs-scan" timems="57.417" contextid="1488" timestamp="2019-01-09T09:13:35.872">
  <scan objectsFound="79965" bytesTraced="90831828" workStackOverflowCount="0" />
</gc-op>
<gc-op id="1498" type="card-cleaning" timems="25.473" contextid="1488" timestamp="2019-01-09T09:13:35.897">
  <card-cleaning cardsCleaned="232" bytesTraced="44810364" workStackOverflowCount="0" />
</gc-op>
<gc-op id="1499" type="mark" timems="36.523" contextid="1488" timestamp="2019-01-09T09:13:35.934">
  <trace-info objectcount="2537791" scancount="1705511" scanbytes="51669392" />
  <finalization candidates="729" enqueued="0" />
  <ownableSynchronizers candidates="499180" cleared="2" />
  <references type="soft" candidates="6325" cleared="1" enqueued="1" dynamicThreshold="0" maxThreshold="32" />
  <references type="weak" candidates="7032" cleared="0" enqueued="0" />
  <references type="phantom" candidates="104" cleared="0" enqueued="0" />
  <stringconstants candidates="19039" cleared="0"  />
</gc-op>
<gc-op id="1500" type="sweep" timems="8.186" contextid="1488" timestamp="2019-01-09T09:13:35.942" />
<mem-info id="1501" free="12860368" total="912261120" percent="1">
  <mem type="nursery" free="713224" total="228065280" percent="0">
    <mem type="allocate" free="713224" total="114032640" percent="0" />
    <mem type="survivor" free="0" total="114032640" percent="0" />
  </mem>
  <mem type="tenure" free="12147144" total="684195840" percent="1" micro-fragmented="148505" macro-fragmented="0">
    <mem type="soa" free="5305800" total="677354496" percent="0" />
    <mem type="loa" free="6841344" total="6841344" percent="100" />
  </mem>
  <pending-finalizers system="0" default="0" reference="1" classloader="0" />
  <remembered-set count="150201" />
</mem-info>
<gc-op id="1502" type="compact" timems="277.758" contextid="1488" timestamp="2019-01-09T09:13:36.220">
  <compact-info movecount="358263" movebytes="12608416" reason="low free space (less than 4%)" />
</gc-op>
<gc-end id="1503" type="global" contextid="1488" durationms="531.287" usertimems="4704.531" systemtimems="17.831" timestamp="2019-01-09T09:13:36.221" activeThreads="16">
  <mem-info id="1504" free="13151920" total="912261120" percent="1">
    <mem type="nursery" free="1007304" total="228065280" percent="0">
      <mem type="allocate" free="1007304" total="114032640" percent="0" />
      <mem type="survivor" free="0" total="114032640" percent="0" />
    </mem>
    <mem type="tenure" free="12144616" total="684195840" percent="1">
      <mem type="soa" free="5303272" total="677354496" percent="0" />
      <mem type="loa" free="6841344" total="6841344" percent="100" />
    </mem>
    <pending-finalizers system="0" default="0" reference="1" classloader="0" />
    <remembered-set count="150201" />
  </mem-info>
</gc-end>
<cycle-end id="1505" type="global" contextid="1488" timestamp="2019-01-09T09:13:36.221" />
<concurrent-kickoff id="1506" timestamp="2019-01-09T09:13:36.221">
  <kickoff reason="threshold reached" targetBytes="340460884" thresholdFreeBytes="41643204"  remainingFree="1007256" tenureFreeBytes="12144616" nurseryFreeBytes="1007256" />
</concurrent-kickoff>
<allocation-satisfied id="1507" threadId="0000000002546A00" bytesRequested="48" />
<af-end id="1508" timestamp="2019-01-09T09:13:36.221" threadId="0000000002547360" success="true" from="nursery"/>
<exclusive-end id="1509" timestamp="2019-01-09T09:13:36.222" durationms="532.823" />

<exclusive-start id="1510" timestamp="2019-01-09T09:13:36.225" intervalms="535.796">
  <response-info timems="1.827" idlems="0.924" threads="1" lastid="00000000015D2200" lastname="JIT Compilation Thread-2" />
</exclusive-start>
<cycle-start id="1511" type="global" contextid="0" timestamp="2019-01-09T09:13:36.225" intervalms="542.073" />
<exclusive-end id="1512" timestamp="2019-01-09T09:13:36.225" durationms="0.176" />

<exclusive-start id="1513" timestamp="2019-01-09T09:13:36.227" intervalms="1.981">
  <response-info timems="0.280" idlems="0.169" threads="10" lastid="00000000015D2200" lastname="JIT Compilation Thread-2" />
</exclusive-start>
<af-start id="1514" threadId="000000000258CE60" totalBytesRequested="16" timestamp="2019-01-09T09:13:36.227" intervalms="537.753" type="nursery" />
<percolate-collect id="1515" from="nursery" to="global" reason="insufficient remaining tenure space" timestamp="2019-01-09T09:13:36.227"/>
<gc-start id="1516" type="global" contextid="1511" timestamp="2019-01-09T09:13:36.227">
  <mem-info id="1517" free="12144616" total="912261120" percent="1">
    <mem type="nursery" free="0" total="228065280" percent="0">
      <mem type="allocate" free="0" total="114032640" percent="0" />
      <mem type="survivor" free="0" total="114032640" percent="0" />
    </mem>
    <mem type="tenure" free="12144616" total="684195840" percent="1">
      <mem type="soa" free="5303272" total="677354496" percent="0" />
      <mem type="loa" free="6841344" total="6841344" percent="100" />
    </mem>
    <remembered-set count="150400" />
  </mem-info>
</gc-start>
<allocation-stats totalBytes="1006384" >
  <allocated-bytes non-tlh="48" tlh="1006336" />
  <largest-consumer threadName="dw-108 - GET /api/res/v1/tree?includeMocs=director.vdc" threadId="000000000285F300" bytes="220944" />
</allocation-stats>
<concurrent-halted id="1518" timestamp="2019-01-09T09:13:36.227">
  <halted state="Class scanning incomplete" status="clean trace" />
  <traced bytesTarget="340460884" bytesTotal="2286584" bytesByMutator="2286584" bytesByHelper="0" percent="0" />
  <cards cleaned="16" thresholdBytes="16404900" />
</concurrent-halted>
<gc-op id="1519" type="tracing" timems="92.119" contextid="1511" timestamp="2019-01-09T09:13:36.319">
  <trace bytesTraced="221852212" workStackOverflowCount="0" />
</gc-op>
<gc-op id="1520" type="rs-scan" timems="71.007" contextid="1511" timestamp="2019-01-09T09:13:36.390">
  <scan objectsFound="40813" bytesTraced="71246620" workStackOverflowCount="0" />
</gc-op>
<gc-op id="1521" type="card-cleaning" timems="5.190" contextid="1511" timestamp="2019-01-09T09:13:36.395">
  <card-cleaning cardsCleaned="106" bytesTraced="7917964" workStackOverflowCount="0" />
</gc-op>
<gc-op id="1522" type="mark" timems="89.043" contextid="1511" timestamp="2019-01-09T09:13:36.485">
  <trace-info objectcount="8659844" scancount="5796963" scanbytes="174951256" />
  <finalization candidates="729" enqueued="0" />
  <ownableSynchronizers candidates="499178" cleared="0" />
  <references type="soft" candidates="6326" cleared="2" enqueued="2" dynamicThreshold="0" maxThreshold="32" />
  <references type="weak" candidates="7032" cleared="0" enqueued="0" />
  <references type="phantom" candidates="104" cleared="0" enqueued="0" />
  <stringconstants candidates="19039" cleared="0"  />
</gc-op>
<gc-op id="1523" type="sweep" timems="9.479" contextid="1511" timestamp="2019-01-09T09:13:36.494" />
<mem-info id="1524" free="12649392" total="912261120" percent="1">
  <mem type="nursery" free="502248" total="228065280" percent="0">
    <mem type="allocate" free="502248" total="114032640" percent="0" />
    <mem type="survivor" free="0" total="114032640" percent="0" />
  </mem>
  <mem type="tenure" free="12147144" total="684195840" percent="1" micro-fragmented="148505" macro-fragmented="0">
    <mem type="soa" free="5305800" total="677354496" percent="0" />
    <mem type="loa" free="6841344" total="6841344" percent="100" />
  </mem>
  <pending-finalizers system="0" default="0" reference="2" classloader="0" />
  <remembered-set count="150400" />
</mem-info>
<gc-op id="1525" type="compact" timems="200.995" contextid="1511" timestamp="2019-01-09T09:13:36.695">
  <compact-info movecount="15950" movebytes="567448" reason="low free space (less than 4%)" />
</gc-op>
<gc-end id="1526" type="global" contextid="1511" durationms="468.811" usertimems="4611.024" systemtimems="26.225" timestamp="2019-01-09T09:13:36.696" activeThreads="16">
  <mem-info id="1527" free="12902984" total="912261120" percent="1">
    <mem type="nursery" free="758368" total="228065280" percent="0">
      <mem type="allocate" free="758368" total="114032640" percent="0" />
      <mem type="survivor" free="0" total="114032640" percent="0" />
    </mem>
    <mem type="tenure" free="12144616" total="684195840" percent="1">
      <mem type="soa" free="5303272" total="677354496" percent="0" />
      <mem type="loa" free="6841344" total="6841344" percent="100" />
    </mem>
    <pending-finalizers system="0" default="0" reference="2" classloader="0" />
    <remembered-set count="150400" />
  </mem-info>
</gc-end>
<cycle-end id="1528" type="global" contextid="1511" timestamp="2019-01-09T09:13:36.696" />
<concurrent-kickoff id="1529" timestamp="2019-01-09T09:13:36.696">
  <kickoff reason="threshold reached" targetBytes="232056760" thresholdFreeBytes="28471050"  remainingFree="758352" tenureFreeBytes="12144616" nurseryFreeBytes="758352" />
</concurrent-kickoff>
<allocation-satisfied id="1530" threadId="000000000258C500" bytesRequested="16" />
<af-end id="1531" timestamp="2019-01-09T09:13:36.696" threadId="000000000258CE60" success="true" from="nursery"/>
<exclusive-end id="1532" timestamp="2019-01-09T09:13:36.696" durationms="469.410" />

<exclusive-start id="1533" timestamp="2019-01-09T09:13:36.697" intervalms="470.817">
  <response-info timems="0.462" idlems="0.165" threads="2" lastid="000000000256D800" lastname="threshold_check_thread" />
</exclusive-start>
<cycle-start id="1534" type="global" contextid="0" timestamp="2019-01-09T09:13:36.697" intervalms="472.802" />
<exclusive-end id="1535" timestamp="2019-01-09T09:13:36.698" durationms="0.140" />

<exclusive-start id="1536" timestamp="2019-01-09T09:13:36.701" intervalms="3.646">
  <response-info timems="0.236" idlems="0.173" threads="11" lastid="00000000015D2200" lastname="JIT Compilation Thread-2" />
</exclusive-start>
<af-start id="1537" threadId="0000000001690460" totalBytesRequested="48" timestamp="2019-01-09T09:13:36.701" intervalms="474.481" type="nursery" />
<percolate-collect id="1538" from="nursery" to="global" reason="insufficient remaining tenure space" timestamp="2019-01-09T09:13:36.701"/>
<gc-start id="1539" type="global" contextid="1534" timestamp="2019-01-09T09:13:36.701">
  <mem-info id="1540" free="12144616" total="912261120" percent="1">
    <mem type="nursery" free="0" total="228065280" percent="0">
      <mem type="allocate" free="0" total="114032640" percent="0" />
      <mem type="survivor" free="0" total="114032640" percent="0" />
    </mem>
    <mem type="tenure" free="12144616" total="684195840" percent="1">
      <mem type="soa" free="5303272" total="677354496" percent="0" />
      <mem type="loa" free="6841344" total="6841344" percent="100" />
    </mem>
    <remembered-set count="150546" />
  </mem-info>
</gc-start>
<allocation-stats totalBytes="757816" >
  <allocated-bytes non-tlh="16" tlh="757800" />
  <largest-consumer threadName="dw-108 - GET /api/res/v1/tree?includeMocs=director.vdc" threadId="000000000285F300" bytes="114592" />
</allocation-stats>
<concurrent-halted id="1541" timestamp="2019-01-09T09:13:36.701">
  <halted state="Class scanning incomplete" status="clean trace" />
  <traced bytesTarget="232056760" bytesTotal="4940260" bytesByMutator="4431768" bytesByHelper="508492" percent="2" />
  <cards cleaned="0" thresholdBytes="11215869" />
</concurrent-halted>
<gc-op id="1542" type="tracing" timems="103.628" contextid="1534" timestamp="2019-01-09T09:13:36.805">
  <trace bytesTraced="219923452" workStackOverflowCount="0" />
</gc-op>
<gc-op id="1543" type="rs-scan" timems="32.176" contextid="1534" timestamp="2019-01-09T09:13:36.837">
  <scan objectsFound="33524" bytesTraced="24481596" workStackOverflowCount="0" />
</gc-op>
<gc-op id="1544" type="card-cleaning" timems="11.744" contextid="1534" timestamp="2019-01-09T09:13:36.849">
  <card-cleaning cardsCleaned="114" bytesTraced="12778940" workStackOverflowCount="0" />
</gc-op>
<gc-op id="1545" type="mark" timems="123.710" contextid="1534" timestamp="2019-01-09T09:13:36.973">
  <trace-info objectcount="10666610" scancount="7135441" scanbytes="216597196" />
  <finalization candidates="729" enqueued="0" />
  <ownableSynchronizers candidates="499196" cleared="6" />
  <references type="soft" candidates="6324" cleared="0" enqueued="0" dynamicThreshold="0" maxThreshold="32" />
  <references type="weak" candidates="7032" cleared="0" enqueued="0" />
  <references type="phantom" candidates="104" cleared="0" enqueued="0" />
  <stringconstants candidates="19039" cleared="0"  />
</gc-op>
<gc-op id="1546" type="sweep" timems="7.051" contextid="1534" timestamp="2019-01-09T09:13:36.980" />
<mem-info id="1547" free="12546264" total="912261120" percent="1">
  <mem type="nursery" free="399120" total="228065280" percent="0">
    <mem type="allocate" free="399120" total="114032640" percent="0" />
    <mem type="survivor" free="0" total="114032640" percent="0" />
  </mem>
  <mem type="tenure" free="12147144" total="684195840" percent="1" micro-fragmented="148505" macro-fragmented="0">
    <mem type="soa" free="5305800" total="677354496" percent="0" />
    <mem type="loa" free="6841344" total="6841344" percent="100" />
  </mem>
  <remembered-set count="150546" />
</mem-info>
<gc-op id="1548" type="compact" timems="235.285" contextid="1534" timestamp="2019-01-09T09:13:37.216">
  <compact-info movecount="133536" movebytes="4252888" reason="low free space (less than 4%)" />
</gc-op>
<gc-end id="1549" type="global" contextid="1534" durationms="514.503" usertimems="4744.791" systemtimems="11.706" timestamp="2019-01-09T09:13:37.216" activeThreads="16">
  <mem-info id="1550" free="12743000" total="912261120" percent="1">
    <mem type="nursery" free="598384" total="228065280" percent="0">
      <mem type="allocate" free="598384" total="114032640" percent="0" />
      <mem type="survivor" free="0" total="114032640" percent="0" />
    </mem>
    <mem type="tenure" free="12144616" total="684195840" percent="1">
      <mem type="soa" free="5303272" total="677354496" percent="0" />
      <mem type="loa" free="6841344" total="6841344" percent="100" />
    </mem>
    <remembered-set count="150546" />
  </mem-info>
</gc-end>
<cycle-end id="1551" type="global" contextid="1534" timestamp="2019-01-09T09:13:37.216" />
<concurrent-kickoff id="1552" timestamp="2019-01-09T09:13:37.216">
  <kickoff reason="threshold reached" targetBytes="237642652" thresholdFreeBytes="29148330"  remainingFree="598336" tenureFreeBytes="12144616" nurseryFreeBytes="598336" />
</concurrent-kickoff>
<allocation-satisfied id="1553" threadId="000000000168FB00" bytesRequested="48" />
<af-end id="1554" timestamp="2019-01-09T09:13:37.216" threadId="0000000001690460" success="true" from="nursery"/>
<exclusive-end id="1555" timestamp="2019-01-09T09:13:37.216" durationms="515.228" />

<exclusive-start id="1556" timestamp="2019-01-09T09:13:37.219" intervalms="517.598">
  <response-info timems="0.999" idlems="0.513" threads="1" lastid="000000000285C300" lastname="dw-110 - GET /api/res/v1/director.cloudenvs/94241672-c98f-4159-" />
</exclusive-start>
<cycle-start id="1557" type="global" contextid="0" timestamp="2019-01-09T09:13:37.219" intervalms="521.252" />
<exclusive-end id="1558" timestamp="2019-01-09T09:13:37.219" durationms="0.162" />

<exclusive-start id="1559" timestamp="2019-01-09T09:13:37.219" intervalms="0.730">
  <response-info timems="0.130" idlems="0.101" threads="10" lastid="0000000001BA4300" lastname="MemoryMXBean notification dispatcher" />
</exclusive-start>
<af-start id="1560" threadId="0000000001D9C460" totalBytesRequested="48" timestamp="2019-01-09T09:13:37.220" intervalms="518.290" type="nursery" />
<percolate-collect id="1561" from="nursery" to="global" reason="insufficient remaining tenure space" timestamp="2019-01-09T09:13:37.220"/>
<gc-start id="1562" type="global" contextid="1557" timestamp="2019-01-09T09:13:37.220">
  <mem-info id="1563" free="12144496" total="912261120" percent="1">
    <mem type="nursery" free="0" total="228065280" percent="0">
      <mem type="allocate" free="0" total="114032640" percent="0" />
      <mem type="survivor" free="0" total="114032640" percent="0" />
    </mem>
    <mem type="tenure" free="12144496" total="684195840" percent="1">
      <mem type="soa" free="5303152" total="677354496" percent="0" />
      <mem type="loa" free="6841344" total="6841344" percent="100" />
    </mem>
    <remembered-set count="150625" />
  </mem-info>
</gc-start>
<allocation-stats totalBytes="596896" >
  <allocated-bytes non-tlh="168" tlh="596728" />
  <largest-consumer threadName="dw-104 - GET /api/res/v1/tree?includeMocs=director.vdc" threadId="0000000002748F00" bytes="135448" />
</allocation-stats>
<concurrent-halted id="1564" timestamp="2019-01-09T09:13:37.220">
  <halted state="Class scanning incomplete" status="clean trace" />
  <traced bytesTarget="237642652" bytesTotal="87324" bytesByMutator="87324" bytesByHelper="0" percent="0" />
  <cards cleaned="29" thresholdBytes="11482675" />
</concurrent-halted>
<gc-op id="1565" type="tracing" timems="81.446" contextid="1557" timestamp="2019-01-09T09:13:37.301">
  <trace bytesTraced="159359972" workStackOverflowCount="0" />
</gc-op>
<gc-op id="1566" type="rs-scan" timems="4.197" contextid="1557" timestamp="2019-01-09T09:13:37.305">
  <scan objectsFound="12314" bytesTraced="6890168" workStackOverflowCount="0" />
</gc-op>
<gc-op id="1567" type="card-cleaning" timems="5.959" contextid="1557" timestamp="2019-01-09T09:13:37.311">
  <card-cleaning cardsCleaned="34" bytesTraced="7242868" workStackOverflowCount="0" />
</gc-op>
<gc-op id="1568" type="mark" timems="143.622" contextid="1557" timestamp="2019-01-09T09:13:37.455">
  <trace-info objectcount="15807136" scancount="10989822" scanbytes="300234092" />
  <finalization candidates="729" enqueued="0" />
  <ownableSynchronizers candidates="499197" cleared="9" />
  <references type="soft" candidates="6327" cleared="3" enqueued="3" dynamicThreshold="0" maxThreshold="32" />
  <references type="weak" candidates="7032" cleared="0" enqueued="0" />
  <references type="phantom" candidates="104" cleared="0" enqueued="0" />
  <stringconstants candidates="19041" cleared="2"  />
</gc-op>
<gc-op id="1569" type="sweep" timems="6.771" contextid="1557" timestamp="2019-01-09T09:13:37.462" />
<mem-info id="1570" free="12479152" total="912261120" percent="1">
  <mem type="nursery" free="332008" total="228065280" percent="0">
    <mem type="allocate" free="332008" total="114032640" percent="0" />
    <mem type="survivor" free="0" total="114032640" percent="0" />
  </mem>
  <mem type="tenure" free="12147144" total="684195840" percent="1" micro-fragmented="149785" macro-fragmented="7535592">
    <mem type="soa" free="5305800" total="677354496" percent="0" />
    <mem type="loa" free="6841344" total="6841344" percent="100" />
  </mem>
  <pending-finalizers system="0" default="0" reference="3" classloader="0" />
  <remembered-set count="150623" />
</mem-info>
<gc-op id="1571" type="compact" timems="224.310" contextid="1557" timestamp="2019-01-09T09:13:37.687">
  <compact-info movecount="413500" movebytes="15381448" reason="low free space (less than 4%)" />
</gc-op>
<gc-end id="1572" type="global" contextid="1557" durationms="467.441" usertimems="4615.892" systemtimems="8.111" timestamp="2019-01-09T09:13:37.687" activeThreads="16">
  <mem-info id="1573" free="12597280" total="912261120" percent="1">
    <mem type="nursery" free="452144" total="228065280" percent="0">
      <mem type="allocate" free="452144" total="114032640" percent="0" />
      <mem type="survivor" free="0" total="114032640" percent="0" />
    </mem>
    <mem type="tenure" free="12145136" total="684195840" percent="1">
      <mem type="soa" free="5303792" total="677354496" percent="0" />
      <mem type="loa" free="6841344" total="6841344" percent="100" />
    </mem>
    <pending-finalizers system="0" default="0" reference="3" classloader="0" />
    <remembered-set count="150623" />
  </mem-info>
</gc-end>
<cycle-end id="1574" type="global" contextid="1557" timestamp="2019-01-09T09:13:37.687" />
<concurrent-kickoff id="1575" timestamp="2019-01-09T09:13:37.687">
  <kickoff reason="threshold reached" targetBytes="166690164" thresholdFreeBytes="20530830"  remainingFree="452096" tenureFreeBytes="12145136" nurseryFreeBytes="452096" />
</concurrent-kickoff>
<allocation-satisfied id="1576" threadId="0000000001D9BB00" bytesRequested="48" />
<af-end id="1577" timestamp="2019-01-09T09:13:37.687" threadId="0000000001D9C460" success="true" from="nursery"/>
<exclusive-end id="1578" timestamp="2019-01-09T09:13:37.688" durationms="468.142" />

<exclusive-start id="1579" timestamp="2019-01-09T09:13:37.689" intervalms="469.502">
  <response-info timems="0.493" idlems="0.435" threads="8" lastid="000000000285B700" lastname="dw-107 - GET /api/res/v1/tree?includeMocs=director.vdc" />
</exclusive-start>
<cycle-start id="1580" type="global" contextid="0" timestamp="2019-01-09T09:13:37.689" intervalms="470.225" />
<exclusive-end id="1581" timestamp="2019-01-09T09:13:37.689" durationms="0.131" />

<exclusive-start id="1582" timestamp="2019-01-09T09:13:37.690" intervalms="0.599">
  <response-info timems="0.301" idlems="0.136" threads="8" lastid="000000000168FB00" lastname="dw-98 - GET /api/res/v1/tree?includeMocs=director.vdc" />
</exclusive-start>
<af-start id="1583" threadId="0000000001DA0460" totalBytesRequested="2056" timestamp="2019-01-09T09:13:37.690" intervalms="470.126" type="nursery" />
<percolate-collect id="1584" from="nursery" to="global" reason="insufficient remaining tenure space" timestamp="2019-01-09T09:13:37.690"/>
<gc-start id="1585" type="global" contextid="1580" timestamp="2019-01-09T09:13:37.690">
  <mem-info id="1586" free="12145016" total="912261120" percent="1">
    <mem type="nursery" free="0" total="228065280" percent="0">
      <mem type="allocate" free="0" total="114032640" percent="0" />
      <mem type="survivor" free="0" total="114032640" percent="0" />
    </mem>
    <mem type="tenure" free="12145016" total="684195840" percent="1">
      <mem type="soa" free="5303672" total="677354496" percent="0" />
      <mem type="loa" free="6841344" total="6841344" percent="100" />
    </mem>
    <pending-finalizers system="0" default="0" reference="3" classloader="0" />
    <remembered-set count="150701" />
  </mem-info>
</gc-start>
<allocation-stats totalBytes="451152" >
  <allocated-bytes non-tlh="168" tlh="450984" />
  <largest-consumer threadName="dw-89 - GET /api/res/v1/tree?includeMocs=director.vdc" threadId="000000000258C500" bytes="83704" />
</allocation-stats>
<concurrent-halted id="1587" timestamp="2019-01-09T09:13:37.690">
  <halted state="Class scanning incomplete" status="clean trace" />
  <traced bytesTarget="166690164" bytesTotal="16056" bytesByMutator="16056" bytesByHelper="0" percent="0" />
  <cards cleaned="9" thresholdBytes="8087903" />
</concurrent-halted>
<gc-op id="1588" type="tracing" timems="108.000" contextid="1580" timestamp="2019-01-09T09:13:37.798">
  <trace bytesTraced="250592124" workStackOverflowCount="0" />
</gc-op>
<gc-op id="1589" type="rs-scan" timems="36.584" contextid="1580" timestamp="2019-01-09T09:13:37.834">
  <scan objectsFound="51708" bytesTraced="36315920" workStackOverflowCount="0" />
</gc-op>
<gc-op id="1590" type="card-cleaning" timems="3.216" contextid="1580" timestamp="2019-01-09T09:13:37.838">
  <card-cleaning cardsCleaned="20" bytesTraced="3084460" workStackOverflowCount="0" />
</gc-op>
<gc-op id="1591" type="mark" timems="103.810" contextid="1580" timestamp="2019-01-09T09:13:37.942">
  <trace-info objectcount="9369132" scancount="6271701" scanbytes="189656344" />
  <finalization candidates="729" enqueued="0" />
  <ownableSynchronizers candidates="499191" cleared="3" />
  <references type="soft" candidates="6326" cleared="2" enqueued="2" dynamicThreshold="0" maxThreshold="32" />
  <references type="weak" candidates="7032" cleared="0" enqueued="0" />
  <references type="phantom" candidates="104" cleared="0" enqueued="0" />
  <stringconstants candidates="19041" cleared="2"  />
</gc-op>
<gc-op id="1592" type="sweep" timems="6.289" contextid="1580" timestamp="2019-01-09T09:13:37.948" />
<mem-info id="1593" free="12409000" total="912261120" percent="1">
  <mem type="nursery" free="261336" total="228065280" percent="0">
    <mem type="allocate" free="261336" total="114032640" percent="0" />
    <mem type="survivor" free="0" total="114032640" percent="0" />
  </mem>
  <mem type="tenure" free="12147664" total="684195840" percent="1" micro-fragmented="148505" macro-fragmented="0">
    <mem type="soa" free="5306320" total="677354496" percent="0" />
    <mem type="loa" free="6841344" total="6841344" percent="100" />
  </mem>
  <pending-finalizers system="0" default="0" reference="5" classloader="0" />
  <remembered-set count="150698" />
</mem-info>
<gc-op id="1594" type="compact" timems="242.692" contextid="1580" timestamp="2019-01-09T09:13:38.191">
  <compact-info movecount="719464" movebytes="23474864" reason="low free space (less than 4%)" />
</gc-op>
<gc-end id="1595" type="global" contextid="1580" durationms="501.484" usertimems="4745.691" systemtimems="15.827" timestamp="2019-01-09T09:13:38.191" activeThreads="16">
  <mem-info id="1596" free="12499704" total="912261120" percent="1">
    <mem type="nursery" free="352904" total="228065280" percent="0">
      <mem type="allocate" free="352904" total="114032640" percent="0" />
      <mem type="survivor" free="0" total="114032640" percent="0" />
    </mem>
    <mem type="tenure" free="12146800" total="684195840" percent="1">
      <mem type="soa" free="5305456" total="677354496" percent="0" />
      <mem type="loa" free="6841344" total="6841344" percent="100" />
    </mem>
    <pending-finalizers system="0" default="0" reference="5" classloader="0" />
    <remembered-set count="150698" />
  </mem-info>
</gc-end>
<cycle-end id="1597" type="global" contextid="1580" timestamp="2019-01-09T09:13:38.191" />
<concurrent-kickoff id="1598" timestamp="2019-01-09T09:13:38.192">
  <kickoff reason="threshold reached" targetBytes="253692640" thresholdFreeBytes="31103594"  remainingFree="350848" tenureFreeBytes="12146800" nurseryFreeBytes="350848" />
</concurrent-kickoff>
<allocation-satisfied id="1599" threadId="0000000001D9FB00" bytesRequested="2056" />
<af-end id="1600" timestamp="2019-01-09T09:13:38.192" threadId="0000000001DA0460" success="true" from="nursery"/>
<exclusive-end id="1601" timestamp="2019-01-09T09:13:38.192" durationms="502.234" />

<exclusive-start id="1602" timestamp="2019-01-09T09:13:38.197" intervalms="507.446">
  <response-info timems="1.250" idlems="1.250" threads="0" lastid="000000000285F300" lastname="dw-108 - GET /api/res/v1/tree?includeMocs=director.vdc" />
</exclusive-start>
<cycle-start id="1603" type="global" contextid="0" timestamp="2019-01-09T09:13:38.197" intervalms="508.041" />
<exclusive-end id="1604" timestamp="2019-01-09T09:13:38.197" durationms="0.168" />

<exclusive-start id="1605" timestamp="2019-01-09T09:13:38.197" intervalms="0.287">
  <response-info timems="0.062" idlems="0.043" threads="1" lastid="000000000285F300" lastname="dw-108 - GET /api/res/v1/tree?includeMocs=director.vdc" />
</exclusive-start>
<af-start id="1606" threadId="00000000021BCE60" totalBytesRequested="48" timestamp="2019-01-09T09:13:38.197" intervalms="507.759" type="nursery" />
<percolate-collect id="1607" from="nursery" to="global" reason="insufficient remaining tenure space" timestamp="2019-01-09T09:13:38.197"/>
<concurrent-aborted id="1608" timestamp="2019-01-09T09:13:38.197">
  <reason value="insufficient progress made" />
</concurrent-aborted>
<cycle-end id="1609" type="global" contextid="1603" timestamp="2019-01-09T09:13:38.197" />
<cycle-start id="1610" type="global" contextid="0" timestamp="2019-01-09T09:13:38.198" intervalms="0.584" />
<gc-start id="1611" type="global" contextid="1610" timestamp="2019-01-09T09:13:38.198">
  <mem-info id="1612" free="12146800" total="912261120" percent="1">
    <mem type="nursery" free="0" total="228065280" percent="0">
      <mem type="allocate" free="0" total="114032640" percent="0" />
      <mem type="survivor" free="0" total="114032640" percent="0" />
    </mem>
    <mem type="tenure" free="12146800" total="684195840" percent="1">
      <mem type="soa" free="5305456" total="677354496" percent="0" />
      <mem type="loa" free="6841344" total="6841344" percent="100" />
    </mem>
    <remembered-set count="150783" />
  </mem-info>
</gc-start>
<allocation-stats totalBytes="352664" >
  <allocated-bytes non-tlh="2056" tlh="350608" />
  <largest-consumer threadName="dw-108 - GET /api/res/v1/tree?includeMocs=director.vdc" threadId="000000000285F300" bytes="196264" />
</allocation-stats>
<gc-op id="1613" type="mark" timems="201.586" contextid="1610" timestamp="2019-01-09T09:13:38.399">
  <trace-info objectcount="23571753" scancount="17621365" scanbytes="473123164" />
  <finalization candidates="729" enqueued="0" />
  <ownableSynchronizers candidates="499193" cleared="8" />
  <references type="soft" candidates="6324" cleared="0" enqueued="0" dynamicThreshold="0" maxThreshold="32" />
  <references type="weak" candidates="7032" cleared="0" enqueued="0" />
  <references type="phantom" candidates="104" cleared="0" enqueued="0" />
  <stringconstants candidates="19039" cleared="0"  />
</gc-op>
<gc-op id="1614" type="sweep" timems="10.356" contextid="1610" timestamp="2019-01-09T09:13:38.410" />
<mem-info id="1615" free="12329048" total="912261120" percent="1">
  <mem type="nursery" free="179720" total="228065280" percent="0">
    <mem type="allocate" free="179720" total="114032640" percent="0" />
    <mem type="survivor" free="0" total="114032640" percent="0" />
  </mem>
  <mem type="tenure" free="12149328" total="684195840" percent="1" micro-fragmented="148505" macro-fragmented="0">
    <mem type="soa" free="5307984" total="677354496" percent="0" />
    <mem type="loa" free="6841344" total="6841344" percent="100" />
  </mem>
  <remembered-set count="150782" />
</mem-info>
<gc-op id="1616" type="compact" timems="214.583" contextid="1610" timestamp="2019-01-09T09:13:38.625">
  <compact-info movecount="265291" movebytes="8930040" reason="low free space (less than 4%)" />
</gc-op>
<gc-end id="1617" type="global" contextid="1610" durationms="427.127" usertimems="4730.121" systemtimems="28.595" timestamp="2019-01-09T09:13:38.625" activeThreads="16">
  <mem-info id="1618" free="12432664" total="912261120" percent="1">
    <mem type="nursery" free="285664" total="228065280" percent="0">
      <mem type="allocate" free="285664" total="114032640" percent="0" />
      <mem type="survivor" free="0" total="114032640" percent="0" />
    </mem>
    <mem type="tenure" free="12147000" total="684195840" percent="1">
      <mem type="soa" free="5305656" total="677354496" percent="0" />
      <mem type="loa" free="6841344" total="6841344" percent="100" />
    </mem>
    <remembered-set count="150782" />
  </mem-info>
</gc-end>
<cycle-end id="1619" type="global" contextid="1610" timestamp="2019-01-09T09:13:38.625" />
<concurrent-kickoff id="1620" timestamp="2019-01-09T09:13:38.625">
  <kickoff reason="threshold reached" targetBytes="76351484" thresholdFreeBytes="9514007"  remainingFree="285616" tenureFreeBytes="12147000" nurseryFreeBytes="285616" />
</concurrent-kickoff>
<allocation-satisfied id="1621" threadId="00000000021BC500" bytesRequested="48" />
<af-end id="1622" timestamp="2019-01-09T09:13:38.625" threadId="00000000021BCE60" success="true" from="nursery"/>
<exclusive-end id="1623" timestamp="2019-01-09T09:13:38.625" durationms="428.026" />

<exclusive-start id="1624" timestamp="2019-01-09T09:13:38.627" intervalms="429.749">
  <response-info timems="0.474" idlems="0.474" threads="0" lastid="000000000168EC00" lastname="dw-106 - GET /api/res/v1/director.volumetypes?cloudEnvId=942416" />
</exclusive-start>
<cycle-start id="1625" type="global" contextid="0" timestamp="2019-01-09T09:13:38.627" intervalms="429.452" />
<exclusive-end id="1626" timestamp="2019-01-09T09:13:38.627" durationms="0.149" />

<exclusive-start id="1627" timestamp="2019-01-09T09:13:38.627" intervalms="0.492">
  <response-info timems="0.298" idlems="0.161" threads="1" lastid="000000000168EC00" lastname="dw-106 - GET /api/res/v1/director.volumetypes?cloudEnvId=942416" />
</exclusive-start>
<af-start id="1628" threadId="00000000021BCE60" totalBytesRequested="32" timestamp="2019-01-09T09:13:38.628" intervalms="430.173" type="nursery" />
<percolate-collect id="1629" from="nursery" to="global" reason="insufficient remaining tenure space" timestamp="2019-01-09T09:13:38.628"/>
<concurrent-aborted id="1630" timestamp="2019-01-09T09:13:38.628">
  <reason value="insufficient progress made" />
</concurrent-aborted>
<cycle-end id="1631" type="global" contextid="1625" timestamp="2019-01-09T09:13:38.628" />
<cycle-start id="1632" type="global" contextid="0" timestamp="2019-01-09T09:13:38.628" intervalms="0.699" />
<gc-start id="1633" type="global" contextid="1632" timestamp="2019-01-09T09:13:38.628">
  <mem-info id="1634" free="12147000" total="912261120" percent="1">
    <mem type="nursery" free="0" total="228065280" percent="0">
      <mem type="allocate" free="0" total="114032640" percent="0" />
      <mem type="survivor" free="0" total="114032640" percent="0" />
    </mem>
    <mem type="tenure" free="12147000" total="684195840" percent="1">
      <mem type="soa" free="5305656" total="677354496" percent="0" />
      <mem type="loa" free="6841344" total="6841344" percent="100" />
    </mem>
    <remembered-set count="150889" />
  </mem-info>
</gc-start>
<allocation-stats totalBytes="285280" >
  <allocated-bytes non-tlh="48" tlh="285232" />
  <largest-consumer threadName="dw-99 - GET /api/res/v1/tree?includeMocs=director.vdc" threadId="0000000001817000" bytes="81816" />
</allocation-stats>
<gc-op id="1635" type="mark" timems="198.400" contextid="1632" timestamp="2019-01-09T09:13:38.826">
  <trace-info objectcount="23574409" scancount="17623268" scanbytes="473174224" />
  <finalization candidates="729" enqueued="0" />
  <ownableSynchronizers candidates="499187" cleared="0" />
  <references type="soft" candidates="6324" cleared="0" enqueued="0" dynamicThreshold="0" maxThreshold="32" />
  <references type="weak" candidates="7032" cleared="0" enqueued="0" />
  <references type="phantom" candidates="104" cleared="0" enqueued="0" />
  <stringconstants candidates="19039" cleared="0"  />
</gc-op>
<gc-op id="1636" type="sweep" timems="6.459" contextid="1632" timestamp="2019-01-09T09:13:38.833" />
<mem-info id="1637" free="12223032" total="912261120" percent="1">
  <mem type="nursery" free="73464" total="228065280" percent="0">
    <mem type="allocate" free="73464" total="114032640" percent="0" />
    <mem type="survivor" free="0" total="114032640" percent="0" />
  </mem>
  <mem type="tenure" free="12149568" total="684195840" percent="1" micro-fragmented="148505" macro-fragmented="0">
    <mem type="soa" free="5308224" total="677354496" percent="0" />
    <mem type="loa" free="6841344" total="6841344" percent="100" />
  </mem>
  <remembered-set count="150889" />
</mem-info>
<gc-op id="1638" type="compact" timems="209.905" contextid="1632" timestamp="2019-01-09T09:13:39.043">
  <compact-info movecount="124986" movebytes="4781312" reason="low free space (less than 4%)" />
</gc-op>
<gc-end id="1639" type="global" contextid="1632" durationms="415.373" usertimems="4537.694" systemtimems="24.707" timestamp="2019-01-09T09:13:39.043" activeThreads="16">
  <mem-info id="1640" free="12338288" total="912261120" percent="1">
    <mem type="nursery" free="191856" total="228065280" percent="0">
      <mem type="allocate" free="191856" total="114032640" percent="0" />
      <mem type="survivor" free="0" total="114032640" percent="0" />
    </mem>
    <mem type="tenure" free="12146432" total="684195840" percent="1">
      <mem type="soa" free="5305088" total="677354496" percent="0" />
      <mem type="loa" free="6841344" total="6841344" percent="100" />
    </mem>
    <remembered-set count="150889" />
  </mem-info>
</gc-end>
<cycle-end id="1641" type="global" contextid="1632" timestamp="2019-01-09T09:13:39.043" />
<concurrent-kickoff id="1642" timestamp="2019-01-09T09:13:39.043">
  <kickoff reason="threshold reached" targetBytes="76351484" thresholdFreeBytes="9514007"  remainingFree="191824" tenureFreeBytes="12146432" nurseryFreeBytes="191824" />
</concurrent-kickoff>
<allocation-satisfied id="1643" threadId="00000000021BC500" bytesRequested="32" />
<af-end id="1644" timestamp="2019-01-09T09:13:39.043" threadId="00000000021BCE60" success="true" from="nursery"/>
<exclusive-end id="1645" timestamp="2019-01-09T09:13:39.044" durationms="416.317" />

<exclusive-start id="1646" timestamp="2019-01-09T09:13:39.046" intervalms="418.977">
  <response-info timems="1.746" idlems="0.882" threads="1" lastid="0000000001BA4300" lastname="MemoryMXBean notification dispatcher" />
</exclusive-start>
<af-start id="1647" threadId="0000000002867860" totalBytesRequested="16" timestamp="2019-01-09T09:13:39.047" intervalms="419.026" type="nursery" />
<percolate-collect id="1648" from="nursery" to="global" reason="insufficient remaining tenure space" timestamp="2019-01-09T09:13:39.047"/>
<concurrent-aborted id="1649" timestamp="2019-01-09T09:13:39.047">
  <reason value="insufficient progress made" />
</concurrent-aborted>
<cycle-end id="1650" type="global" contextid="1625" timestamp="2019-01-09T09:13:39.047" />
<cycle-start id="1651" type="global" contextid="0" timestamp="2019-01-09T09:13:39.047" intervalms="419.034" />
<gc-start id="1652" type="global" contextid="1651" timestamp="2019-01-09T09:13:39.047">
  <mem-info id="1653" free="12146312" total="912261120" percent="1">
    <mem type="nursery" free="0" total="228065280" percent="0">
      <mem type="allocate" free="0" total="114032640" percent="0" />
      <mem type="survivor" free="0" total="114032640" percent="0" />
    </mem>
    <mem type="tenure" free="12146312" total="684195840" percent="1">
      <mem type="soa" free="5304968" total="677354496" percent="0" />
      <mem type="loa" free="6841344" total="6841344" percent="100" />
    </mem>
    <remembered-set count="150953" />
  </mem-info>
</gc-start>
<allocation-stats totalBytes="191752" >
  <allocated-bytes non-tlh="152" tlh="191600" />
  <largest-consumer threadName="dw-89 - GET /api/res/v1/tree?includeMocs=director.vdc" threadId="000000000258C500" bytes="52456" />
</allocation-stats>
<gc-op id="1654" type="mark" timems="226.759" contextid="1651" timestamp="2019-01-09T09:13:39.274">
  <trace-info objectcount="23576556" scancount="17625004" scanbytes="473201496" />
  <finalization candidates="729" enqueued="0" />
  <ownableSynchronizers candidates="499190" cleared="3" />
  <references type="soft" candidates="6327" cleared="4" enqueued="3" dynamicThreshold="0" maxThreshold="32" />
  <references type="weak" candidates="7033" cleared="0" enqueued="0" />
  <references type="phantom" candidates="104" cleared="0" enqueued="0" />
  <stringconstants candidates="19041" cleared="2"  />
</gc-op>
<gc-op id="1655" type="sweep" timems="10.486" contextid="1651" timestamp="2019-01-09T09:13:39.284" />
<mem-info id="1656" free="12199848" total="912261120" percent="1">
  <mem type="nursery" free="50848" total="228065280" percent="0">
    <mem type="allocate" free="50848" total="114032640" percent="0" />
    <mem type="survivor" free="0" total="114032640" percent="0" />
  </mem>
  <mem type="tenure" free="12149000" total="684195840" percent="1" micro-fragmented="148249" macro-fragmented="0">
    <mem type="soa" free="5307656" total="677354496" percent="0" />
    <mem type="loa" free="6841344" total="6841344" percent="100" />
  </mem>
  <pending-finalizers system="0" default="0" reference="3" classloader="0" />
  <remembered-set count="150951" />
</mem-info>
<gc-op id="1657" type="compact" timems="291.215" contextid="1651" timestamp="2019-01-09T09:13:39.576">
  <compact-info movecount="72963" movebytes="2461936" reason="low free space (less than 4%)" />
</gc-op>
<gc-end id="1658" type="global" contextid="1651" durationms="529.144" usertimems="4399.014" systemtimems="41.471" timestamp="2019-01-09T09:13:39.576" activeThreads="16">
  <mem-info id="1659" free="12270840" total="912261120" percent="1">
    <mem type="nursery" free="124408" total="228065280" percent="0">
      <mem type="allocate" free="124408" total="114032640" percent="0" />
      <mem type="survivor" free="0" total="114032640" percent="0" />
    </mem>
    <mem type="tenure" free="12146432" total="684195840" percent="1">
      <mem type="soa" free="5305088" total="677354496" percent="0" />
      <mem type="loa" free="6841344" total="6841344" percent="100" />
    </mem>
    <pending-finalizers system="0" default="0" reference="3" classloader="0" />
    <remembered-set count="150951" />
  </mem-info>
</gc-end>
<cycle-end id="1660" type="global" contextid="1651" timestamp="2019-01-09T09:13:39.576" />
<concurrent-kickoff id="1661" timestamp="2019-01-09T09:13:39.576">
  <kickoff reason="threshold reached" targetBytes="76351484" thresholdFreeBytes="9514007"  remainingFree="124392" tenureFreeBytes="12146432" nurseryFreeBytes="124392" />
</concurrent-kickoff>
<allocation-satisfied id="1662" threadId="0000000002866F00" bytesRequested="16" />
<af-end id="1663" timestamp="2019-01-09T09:13:39.576" threadId="0000000002867860" success="true" from="nursery"/>
<exclusive-end id="1664" timestamp="2019-01-09T09:13:39.576" durationms="529.972" />

<exclusive-start id="1665" timestamp="2019-01-09T09:13:39.578" intervalms="531.221">
  <response-info timems="0.656" idlems="0.656" threads="0" lastid="000000000285B700" lastname="dw-107 - GET /api/res/v1/tree?includeMocs=director.vdc" />
</exclusive-start>
<af-start id="1666" threadId="000000000285C060" totalBytesRequested="72" timestamp="2019-01-09T09:13:39.578" intervalms="531.230" type="nursery" />
<percolate-collect id="1667" from="nursery" to="global" reason="insufficient remaining tenure space" timestamp="2019-01-09T09:13:39.578"/>
<concurrent-aborted id="1668" timestamp="2019-01-09T09:13:39.578">
  <reason value="insufficient progress made" />
</concurrent-aborted>
<cycle-end id="1669" type="global" contextid="1625" timestamp="2019-01-09T09:13:39.578" />
<cycle-start id="1670" type="global" contextid="0" timestamp="2019-01-09T09:13:39.578" intervalms="531.212" />
<gc-start id="1671" type="global" contextid="1670" timestamp="2019-01-09T09:13:39.578">
  <mem-info id="1672" free="12146312" total="912261120" percent="1">
    <mem type="nursery" free="0" total="228065280" percent="0">
      <mem type="allocate" free="0" total="114032640" percent="0" />
      <mem type="survivor" free="0" total="114032640" percent="0" />
    </mem>
    <mem type="tenure" free="12146312" total="684195840" percent="1">
      <mem type="soa" free="5304968" total="677354496" percent="0" />
      <mem type="loa" free="6841344" total="6841344" percent="100" />
    </mem>
    <remembered-set count="150998" />
  </mem-info>
</gc-start>
<allocation-stats totalBytes="122872" >
  <allocated-bytes non-tlh="136" tlh="122736" />
  <largest-consumer threadName="getKeyCenterExecuter" threadId="0000000001D9FB00" bytes="36472" />
</allocation-stats>
<gc-op id="1673" type="mark" timems="254.948" contextid="1670" timestamp="2019-01-09T09:13:39.833">
  <trace-info objectcount="23576753" scancount="17625098" scanbytes="473203872" />
  <finalization candidates="729" enqueued="0" />
  <ownableSynchronizers candidates="499187" cleared="6" />
  <references type="soft" candidates="6328" cleared="5" enqueued="4" dynamicThreshold="0" maxThreshold="32" />
  <references type="weak" candidates="7033" cleared="0" enqueued="0" />
  <references type="phantom" candidates="104" cleared="0" enqueued="0" />
  <stringconstants candidates="19041" cleared="2"  />
</gc-op>
<gc-op id="1674" type="sweep" timems="6.978" contextid="1670" timestamp="2019-01-09T09:13:39.840" />
<mem-info id="1675" free="12240688" total="912261120" percent="1">
  <mem type="nursery" free="91688" total="228065280" percent="0">
    <mem type="allocate" free="91688" total="114032640" percent="0" />
    <mem type="survivor" free="0" total="114032640" percent="0" />
  </mem>
  <mem type="tenure" free="12149000" total="684195840" percent="1" micro-fragmented="148249" macro-fragmented="0">
    <mem type="soa" free="5307656" total="677354496" percent="0" />
    <mem type="loa" free="6841344" total="6841344" percent="100" />
  </mem>
  <pending-finalizers system="0" default="0" reference="4" classloader="0" />
  <remembered-set count="150996" />
</mem-info>
<gc-op id="1676" type="compact" timems="212.604" contextid="1670" timestamp="2019-01-09T09:13:40.053">
  <compact-info movecount="27055" movebytes="1071408" reason="low free space (less than 4%)" />
</gc-op>
<gc-end id="1677" type="global" contextid="1670" durationms="475.487" usertimems="4345.628" systemtimems="29.657" timestamp="2019-01-09T09:13:40.053" activeThreads="16">
  <mem-info id="1678" free="12266480" total="912261120" percent="1">
    <mem type="nursery" free="120048" total="228065280" percent="0">
      <mem type="allocate" free="120048" total="114032640" percent="0" />
      <mem type="survivor" free="0" total="114032640" percent="0" />
    </mem>
    <mem type="tenure" free="12146432" total="684195840" percent="1">
      <mem type="soa" free="5305088" total="677354496" percent="0" />
      <mem type="loa" free="6841344" total="6841344" percent="100" />
    </mem>
    <pending-finalizers system="0" default="0" reference="4" classloader="0" />
    <remembered-set count="150996" />
  </mem-info>
</gc-end>
<cycle-end id="1679" type="global" contextid="1670" timestamp="2019-01-09T09:13:40.054" />
<concurrent-kickoff id="1680" timestamp="2019-01-09T09:13:40.054">
  <kickoff reason="threshold reached" targetBytes="76351484" thresholdFreeBytes="9514007"  remainingFree="119976" tenureFreeBytes="12146432" nurseryFreeBytes="119976" />
</concurrent-kickoff>
<allocation-satisfied id="1681" threadId="000000000285B700" bytesRequested="72" />
<af-end id="1682" timestamp="2019-01-09T09:13:40.054" threadId="000000000285C060" success="true" from="nursery"/>
<exclusive-end id="1683" timestamp="2019-01-09T09:13:40.054" durationms="476.160" />

<exclusive-start id="1684" timestamp="2019-01-09T09:13:40.056" intervalms="477.952">
  <response-info timems="1.721" idlems="1.721" threads="0" lastid="000000000258EC00" lastname="dw-103 - GET /api/res/v1/tree?includeMocs=director.vdc" />
</exclusive-start>
<af-start id="1685" threadId="000000000258F560" totalBytesRequested="48" timestamp="2019-01-09T09:13:40.056" intervalms="477.912" type="nursery" />
<percolate-collect id="1686" from="nursery" to="global" reason="insufficient remaining tenure space" timestamp="2019-01-09T09:13:40.056"/>
<concurrent-aborted id="1687" timestamp="2019-01-09T09:13:40.056">
  <reason value="insufficient progress made" />
</concurrent-aborted>
<cycle-end id="1688" type="global" contextid="1625" timestamp="2019-01-09T09:13:40.056" />
<cycle-start id="1689" type="global" contextid="0" timestamp="2019-01-09T09:13:40.056" intervalms="477.930" />
<gc-start id="1690" type="global" contextid="1689" timestamp="2019-01-09T09:13:40.056">
  <mem-info id="1691" free="12146432" total="912261120" percent="1">
    <mem type="nursery" free="0" total="228065280" percent="0">
      <mem type="allocate" free="0" total="114032640" percent="0" />
      <mem type="survivor" free="0" total="114032640" percent="0" />
    </mem>
    <mem type="tenure" free="12146432" total="684195840" percent="1">
      <mem type="soa" free="5305088" total="677354496" percent="0" />
      <mem type="loa" free="6841344" total="6841344" percent="100" />
    </mem>
    <remembered-set count="151023" />
  </mem-info>
</gc-start>
<allocation-stats totalBytes="119896" >
  <allocated-bytes non-tlh="72" tlh="119824" />
  <largest-consumer threadName="dw-89 - GET /api/res/v1/tree?includeMocs=director.vdc" threadId="000000000258C500" bytes="36520" />
</allocation-stats>
<gc-op id="1692" type="mark" timems="212.529" contextid="1689" timestamp="2019-01-09T09:13:40.269">
  <trace-info objectcount="23578745" scancount="17626941" scanbytes="473227080" />
  <finalization candidates="729" enqueued="0" />
  <ownableSynchronizers candidates="499186" cleared="0" />
  <references type="soft" candidates="6326" cleared="3" enqueued="2" dynamicThreshold="0" maxThreshold="32" />
  <references type="weak" candidates="7033" cleared="0" enqueued="0" />
  <references type="phantom" candidates="104" cleared="0" enqueued="0" />
  <stringconstants candidates="19039" cleared="0"  />
</gc-op>
<gc-op id="1693" type="sweep" timems="6.384" contextid="1689" timestamp="2019-01-09T09:13:40.275" />
<mem-info id="1694" free="12178360" total="912261120" percent="1">
  <mem type="nursery" free="29360" total="228065280" percent="0">
    <mem type="allocate" free="29360" total="114032640" percent="0" />
    <mem type="survivor" free="0" total="114032640" percent="0" />
  </mem>
  <mem type="tenure" free="12149000" total="684195840" percent="1" micro-fragmented="148249" macro-fragmented="0">
    <mem type="soa" free="5307656" total="677354496" percent="0" />
    <mem type="loa" free="6841344" total="6841344" percent="100" />
  </mem>
  <pending-finalizers system="0" default="0" reference="2" classloader="0" />
  <remembered-set count="151023" />
</mem-info>
<gc-op id="1695" type="compact" timems="232.761" contextid="1689" timestamp="2019-01-09T09:13:40.508">
  <compact-info movecount="54352" movebytes="1588240" reason="low free space (less than 4%)" />
</gc-op>
<gc-end id="1696" type="global" contextid="1689" durationms="452.405" usertimems="4466.879" systemtimems="4.749" timestamp="2019-01-09T09:13:40.508" activeThreads="16">
  <mem-info id="1697" free="12207608" total="912261120" percent="1">
    <mem type="nursery" free="61176" total="228065280" percent="0">
      <mem type="allocate" free="61176" total="114032640" percent="0" />
      <mem type="survivor" free="0" total="114032640" percent="0" />
    </mem>
    <mem type="tenure" free="12146432" total="684195840" percent="1">
      <mem type="soa" free="5305088" total="677354496" percent="0" />
      <mem type="loa" free="6841344" total="6841344" percent="100" />
    </mem>
    <pending-finalizers system="0" default="0" reference="2" classloader="0" />
    <remembered-set count="151023" />
  </mem-info>
</gc-end>
<cycle-end id="1698" type="global" contextid="1689" timestamp="2019-01-09T09:13:40.509" />
<concurrent-kickoff id="1699" timestamp="2019-01-09T09:13:40.509">
  <kickoff reason="threshold reached" targetBytes="76351484" thresholdFreeBytes="9514007"  remainingFree="61128" tenureFreeBytes="12146432" nurseryFreeBytes="61128" />
</concurrent-kickoff>
<allocation-satisfied id="1700" threadId="000000000258EC00" bytesRequested="48" />
<af-end id="1701" timestamp="2019-01-09T09:13:40.509" threadId="000000000258F560" success="true" from="nursery"/>
<exclusive-end id="1702" timestamp="2019-01-09T09:13:40.509" durationms="453.174" />

<exclusive-start id="1703" timestamp="2019-01-09T09:13:40.510" intervalms="454.116">
  <response-info timems="0.907" idlems="0.907" threads="0" lastid="00000000020FF000" lastname="Thread-13" />
</exclusive-start>
<af-start id="1704" threadId="00000000020FF960" totalBytesRequested="1104" timestamp="2019-01-09T09:13:40.510" intervalms="454.145" type="nursery" />
<percolate-collect id="1705" from="nursery" to="global" reason="insufficient remaining tenure space" timestamp="2019-01-09T09:13:40.510"/>
<concurrent-aborted id="1706" timestamp="2019-01-09T09:13:40.510">
  <reason value="insufficient progress made" />
</concurrent-aborted>
<cycle-end id="1707" type="global" contextid="1625" timestamp="2019-01-09T09:13:40.510" />
<cycle-start id="1708" type="global" contextid="0" timestamp="2019-01-09T09:13:40.510" intervalms="454.125" />
<gc-start id="1709" type="global" contextid="1708" timestamp="2019-01-09T09:13:40.510">
  <mem-info id="1710" free="12146432" total="912261120" percent="1">
    <mem type="nursery" free="0" total="228065280" percent="0">
      <mem type="allocate" free="0" total="114032640" percent="0" />
      <mem type="survivor" free="0" total="114032640" percent="0" />
    </mem>
    <mem type="tenure" free="12146432" total="684195840" percent="1">
      <mem type="soa" free="5305088" total="677354496" percent="0" />
      <mem type="loa" free="6841344" total="6841344" percent="100" />
    </mem>
    <remembered-set count="151037" />
  </mem-info>
</gc-start>
<allocation-stats totalBytes="60984" >
  <allocated-bytes non-tlh="48" tlh="60936" />
  <largest-consumer threadName="dw-109 - POST /api/res/v1/director.tenants/batch" threadId="0000000002866F00" bytes="28872" />
</allocation-stats>
<gc-op id="1711" type="mark" timems="245.956" contextid="1708" timestamp="2019-01-09T09:13:40.756">
  <trace-info objectcount="23580056" scancount="17628171" scanbytes="473235916" />
  <finalization candidates="729" enqueued="0" />
  <ownableSynchronizers candidates="499186" cleared="2" />
  <references type="soft" candidates="6324" cleared="1" enqueued="0" dynamicThreshold="0" maxThreshold="32" />
  <references type="weak" candidates="7033" cleared="0" enqueued="0" />
  <references type="phantom" candidates="104" cleared="0" enqueued="0" />
  <stringconstants candidates="19039" cleared="0"  />
</gc-op>
<gc-op id="1712" type="sweep" timems="7.750" contextid="1708" timestamp="2019-01-09T09:13:40.764" />
<mem-info id="1713" free="12160464" total="912261120" percent="1">
  <mem type="nursery" free="11464" total="228065280" percent="0">
    <mem type="allocate" free="11464" total="114032640" percent="0" />
    <mem type="survivor" free="0" total="114032640" percent="0" />
  </mem>
  <mem type="tenure" free="12149000" total="684195840" percent="1" micro-fragmented="135620" macro-fragmented="0">
    <mem type="soa" free="5307656" total="677354496" percent="0" />
    <mem type="loa" free="6841344" total="6841344" percent="100" />
  </mem>
  <remembered-set count="151037" />
</mem-info>
<gc-op id="1714" type="compact" timems="222.636" contextid="1708" timestamp="2019-01-09T09:13:40.987">
  <compact-info movecount="3429" movebytes="106368" reason="low free space (less than 4%)" />
</gc-op>
<gc-end id="1715" type="global" contextid="1708" durationms="477.017" usertimems="4452.702" systemtimems="19.386" timestamp="2019-01-09T09:13:40.987" activeThreads="16">
  <mem-info id="1716" free="12170536" total="912261120" percent="1">
    <mem type="nursery" free="24104" total="228065280" percent="0">
      <mem type="allocate" free="24104" total="114032640" percent="0" />
      <mem type="survivor" free="0" total="114032640" percent="0" />
    </mem>
    <mem type="tenure" free="12146432" total="684195840" percent="1">
      <mem type="soa" free="5305088" total="677354496" percent="0" />
      <mem type="loa" free="6841344" total="6841344" percent="100" />
    </mem>
    <remembered-set count="151037" />
  </mem-info>
</gc-end>
<cycle-end id="1717" type="global" contextid="1708" timestamp="2019-01-09T09:13:40.989" />
<concurrent-kickoff id="1718" timestamp="2019-01-09T09:13:40.989">
  <kickoff reason="threshold reached" targetBytes="76351484" thresholdFreeBytes="9514007"  remainingFree="23000" tenureFreeBytes="12146432" nurseryFreeBytes="23000" />
</concurrent-kickoff>
<allocation-satisfied id="1719" threadId="00000000020FF000" bytesRequested="1104" />
<af-end id="1720" timestamp="2019-01-09T09:13:40.989" threadId="00000000020FF960" success="true" from="nursery"/>
<exclusive-end id="1721" timestamp="2019-01-09T09:13:40.990" durationms="479.971" />

<exclusive-start id="1722" timestamp="2019-01-09T09:13:40.990" intervalms="480.193">
  <response-info timems="0.033" idlems="0.015" threads="2" lastid="0000000002418800" lastname="Tomcat JDBC Pool Cleaner[2052115384:1547025187870]" />
</exclusive-start>
<event id="1723" timestamp="2019-01-09T09:13:40.990">
  <warning details="exclusive access acquired to satisfy allocation" />
</event>
<exclusive-end id="1724" timestamp="2019-01-09T09:13:40.990" durationms="0.179" />

<exclusive-start id="1725" timestamp="2019-01-09T09:13:40.990" intervalms="0.310">
  <response-info timems="0.045" idlems="0.029" threads="2" lastid="00000000020FF000" lastname="Thread-13" />
</exclusive-start>
<af-start id="1726" threadId="0000000002419160" totalBytesRequested="48" timestamp="2019-01-09T09:13:40.990" intervalms="480.497" type="nursery" />
<percolate-collect id="1727" from="nursery" to="global" reason="insufficient remaining tenure space" timestamp="2019-01-09T09:13:40.990"/>
<concurrent-aborted id="1728" timestamp="2019-01-09T09:13:40.990">
  <reason value="insufficient progress made" />
</concurrent-aborted>
<cycle-end id="1729" type="global" contextid="1625" timestamp="2019-01-09T09:13:40.990" />
<cycle-start id="1730" type="global" contextid="0" timestamp="2019-01-09T09:13:40.991" intervalms="480.516" />
<gc-start id="1731" type="global" contextid="1730" timestamp="2019-01-09T09:13:40.991">
  <mem-info id="1732" free="12146432" total="912261120" percent="1">
    <mem type="nursery" free="0" total="228065280" percent="0">
      <mem type="allocate" free="0" total="114032640" percent="0" />
      <mem type="survivor" free="0" total="114032640" percent="0" />
    </mem>
    <mem type="tenure" free="12146432" total="684195840" percent="1">
      <mem type="soa" free="5305088" total="677354496" percent="0" />
      <mem type="loa" free="6841344" total="6841344" percent="100" />
    </mem>
    <remembered-set count="151037" />
  </mem-info>
</gc-start>
<allocation-stats totalBytes="22304" >
  <allocated-bytes non-tlh="5216" tlh="17088" />
  <largest-consumer threadName="Thread-13" threadId="00000000020FF000" bytes="9696" />
</allocation-stats>
<gc-op id="1733" type="mark" timems="205.283" contextid="1730" timestamp="2019-01-09T09:13:41.196">
  <trace-info objectcount="23580050" scancount="17628166" scanbytes="473235624" />
  <finalization candidates="729" enqueued="0" />
  <ownableSynchronizers candidates="499184" cleared="0" />
  <references type="soft" candidates="6324" cleared="1" enqueued="0" dynamicThreshold="0" maxThreshold="32" />
  <references type="weak" candidates="7033" cleared="0" enqueued="0" />
  <references type="phantom" candidates="104" cleared="0" enqueued="0" />
  <stringconstants candidates="19039" cleared="0"  />
</gc-op>
<gc-op id="1734" type="sweep" timems="7.412" contextid="1730" timestamp="2019-01-09T09:13:41.203" />
<mem-info id="1735" free="12175256" total="912261120" percent="1">
  <mem type="nursery" free="26256" total="228065280" percent="0">
    <mem type="allocate" free="26256" total="114032640" percent="0" />
    <mem type="survivor" free="0" total="114032640" percent="0" />
  </mem>
  <mem type="tenure" free="12149000" total="684195840" percent="1" micro-fragmented="135620" macro-fragmented="0">
    <mem type="soa" free="5307656" total="677354496" percent="0" />
    <mem type="loa" free="6841344" total="6841344" percent="100" />
  </mem>
  <remembered-set count="151037" />
</mem-info>
<gc-op id="1736" type="compact" timems="258.383" contextid="1730" timestamp="2019-01-09T09:13:41.462">
  <compact-info movecount="14871" movebytes="527520" reason="low free space (less than 4%)" />
</gc-op>
<gc-end id="1737" type="global" contextid="1730" durationms="471.790" usertimems="4518.783" systemtimems="23.430" timestamp="2019-01-09T09:13:41.462" activeThreads="16">
  <mem-info id="1738" free="12171672" total="912261120" percent="1">
    <mem type="nursery" free="25240" total="228065280" percent="0">
      <mem type="allocate" free="25240" total="114032640" percent="0" />
      <mem type="survivor" free="0" total="114032640" percent="0" />
    </mem>
    <mem type="tenure" free="12146432" total="684195840" percent="1">
      <mem type="soa" free="5305088" total="677354496" percent="0" />
      <mem type="loa" free="6841344" total="6841344" percent="100" />
    </mem>
    <remembered-set count="151037" />
  </mem-info>
</gc-end>
<cycle-end id="1739" type="global" contextid="1730" timestamp="2019-01-09T09:13:41.463" />
<concurrent-kickoff id="1740" timestamp="2019-01-09T09:13:41.463">
  <kickoff reason="threshold reached" targetBytes="76351484" thresholdFreeBytes="9514007"  remainingFree="25192" tenureFreeBytes="12146432" nurseryFreeBytes="25192" />
</concurrent-kickoff>
<allocation-satisfied id="1741" threadId="0000000002418800" bytesRequested="48" />
<af-end id="1742" timestamp="2019-01-09T09:13:41.463" threadId="0000000002419160" success="true" from="nursery"/>
<exclusive-end id="1743" timestamp="2019-01-09T09:13:41.463" durationms="472.535" />

<exclusive-start id="1744" timestamp="2019-01-09T09:13:41.466" intervalms="475.724">
  <response-info timems="3.147" idlems="3.147" threads="0" lastid="00000000016F5200" lastname="dw-112 - GET /api/res/v1/director.cloudenvs/375999c0-7442-4a17-" />
</exclusive-start>
<af-start id="1745" threadId="00000000016F5B60" totalBytesRequested="16" timestamp="2019-01-09T09:13:41.466" intervalms="475.693" type="nursery" />
<percolate-collect id="1746" from="nursery" to="global" reason="insufficient remaining tenure space" timestamp="2019-01-09T09:13:41.466"/>
<concurrent-aborted id="1747" timestamp="2019-01-09T09:13:41.466">
  <reason value="insufficient progress made" />
</concurrent-aborted>
<cycle-end id="1748" type="global" contextid="1625" timestamp="2019-01-09T09:13:41.466" />
<cycle-start id="1749" type="global" contextid="0" timestamp="2019-01-09T09:13:41.466" intervalms="475.684" />
<gc-start id="1750" type="global" contextid="1749" timestamp="2019-01-09T09:13:41.466">
  <mem-info id="1751" free="12146432" total="912261120" percent="1">
    <mem type="nursery" free="0" total="228065280" percent="0">
      <mem type="allocate" free="0" total="114032640" percent="0" />
      <mem type="survivor" free="0" total="114032640" percent="0" />
    </mem>
    <mem type="tenure" free="12146432" total="684195840" percent="1">
      <mem type="soa" free="5305088" total="677354496" percent="0" />
      <mem type="loa" free="6841344" total="6841344" percent="100" />
    </mem>
    <remembered-set count="151040" />
  </mem-info>
</gc-start>
<allocation-stats totalBytes="25184" >
  <allocated-bytes non-tlh="48" tlh="25136" />
  <largest-consumer threadName="AuthLogoutListener" threadId="0000000002569C00" bytes="14016" />
</allocation-stats>
<gc-op id="1752" type="mark" timems="212.332" contextid="1749" timestamp="2019-01-09T09:13:41.679">
  <trace-info objectcount="23580119" scancount="17628228" scanbytes="473237352" />
  <finalization candidates="729" enqueued="0" />
  <ownableSynchronizers candidates="499191" cleared="2" />
  <references type="soft" candidates="6323" cleared="0" enqueued="0" dynamicThreshold="0" maxThreshold="32" />
  <references type="weak" candidates="7033" cleared="0" enqueued="0" />
  <references type="phantom" candidates="104" cleared="0" enqueued="0" />
  <stringconstants candidates="19039" cleared="0"  />
</gc-op>
<gc-op id="1753" type="sweep" timems="7.245" contextid="1749" timestamp="2019-01-09T09:13:41.686" />
<mem-info id="1754" free="12164976" total="912261120" percent="1">
  <mem type="nursery" free="15976" total="228065280" percent="0">
    <mem type="allocate" free="15976" total="114032640" percent="0" />
    <mem type="survivor" free="0" total="114032640" percent="0" />
  </mem>
  <mem type="tenure" free="12149000" total="684195840" percent="1" micro-fragmented="135620" macro-fragmented="0">
    <mem type="soa" free="5307656" total="677354496" percent="0" />
    <mem type="loa" free="6841344" total="6841344" percent="100" />
  </mem>
  <remembered-set count="151040" />
</mem-info>
<gc-op id="1755" type="compact" timems="226.361" contextid="1749" timestamp="2019-01-09T09:13:41.913">
  <compact-info movecount="13349" movebytes="472408" reason="low free space (less than 4%)" />
</gc-op>
<gc-end id="1756" type="global" contextid="1749" durationms="446.591" usertimems="4354.659" systemtimems="18.280" timestamp="2019-01-09T09:13:41.913" activeThreads="16">
  <mem-info id="1757" free="12170480" total="912261120" percent="1">
    <mem type="nursery" free="24048" total="228065280" percent="0">
      <mem type="allocate" free="24048" total="114032640" percent="0" />
      <mem type="survivor" free="0" total="114032640" percent="0" />
    </mem>
    <mem type="tenure" free="12146432" total="684195840" percent="1">
      <mem type="soa" free="5305088" total="677354496" percent="0" />
      <mem type="loa" free="6841344" total="6841344" percent="100" />
    </mem>
    <remembered-set count="151040" />
  </mem-info>
</gc-end>
<cycle-end id="1758" type="global" contextid="1749" timestamp="2019-01-09T09:13:41.913" />
<concurrent-kickoff id="1759" timestamp="2019-01-09T09:13:41.913">
  <kickoff reason="threshold reached" targetBytes="76351484" thresholdFreeBytes="9514007"  remainingFree="24032" tenureFreeBytes="12146432" nurseryFreeBytes="24032" />
</concurrent-kickoff>
<allocation-satisfied id="1760" threadId="00000000016F5200" bytesRequested="16" />
<af-end id="1761" timestamp="2019-01-09T09:13:41.913" threadId="00000000016F5B60" success="true" from="nursery"/>
<exclusive-end id="1762" timestamp="2019-01-09T09:13:41.914" durationms="447.704" />

<exclusive-start id="1763" timestamp="2019-01-09T09:13:41.914" intervalms="448.424">
  <response-info timems="0.050" idlems="0.034" threads="2" lastid="0000000001D7E600" lastname="kafka-coordinator-heartbeat-thread | rm_tenantChange_consumer_g" />
</exclusive-start>
<af-start id="1764" threadId="000000000256F860" totalBytesRequested="48" timestamp="2019-01-09T09:13:41.914" intervalms="448.417" type="nursery" />
<percolate-collect id="1765" from="nursery" to="global" reason="insufficient remaining tenure space" timestamp="2019-01-09T09:13:41.915"/>
<concurrent-aborted id="1766" timestamp="2019-01-09T09:13:41.915">
  <reason value="insufficient progress made" />
</concurrent-aborted>
<cycle-end id="1767" type="global" contextid="1625" timestamp="2019-01-09T09:13:41.915" />
<cycle-start id="1768" type="global" contextid="0" timestamp="2019-01-09T09:13:41.915" intervalms="448.400" />
<gc-start id="1769" type="global" contextid="1768" timestamp="2019-01-09T09:13:41.915">
  <mem-info id="1770" free="12146432" total="912261120" percent="1">
    <mem type="nursery" free="0" total="228065280" percent="0">
      <mem type="allocate" free="0" total="114032640" percent="0" />
      <mem type="survivor" free="0" total="114032640" percent="0" />
    </mem>
    <mem type="tenure" free="12146432" total="684195840" percent="1">
      <mem type="soa" free="5305088" total="677354496" percent="0" />
      <mem type="loa" free="6841344" total="6841344" percent="100" />
    </mem>
    <remembered-set count="151042" />
  </mem-info>
</gc-start>
<allocation-stats totalBytes="22752" >
  <allocated-bytes non-tlh="2072" tlh="20680" />
  <largest-consumer threadName="getKeyCenterExecuter" threadId="0000000001D9FB00" bytes="15016" />
</allocation-stats>
<gc-op id="1771" type="mark" timems="217.686" contextid="1768" timestamp="2019-01-09T09:13:42.132">
  <trace-info objectcount="23580192" scancount="17628299" scanbytes="473238956" />
  <finalization candidates="729" enqueued="0" />
  <ownableSynchronizers candidates="499193" cleared="0" />
  <references type="soft" candidates="6323" cleared="0" enqueued="0" dynamicThreshold="0" maxThreshold="32" />
  <references type="weak" candidates="7034" cleared="0" enqueued="0" />
  <references type="phantom" candidates="106" cleared="0" enqueued="0" />
  <stringconstants candidates="19039" cleared="0"  />
</gc-op>
<gc-op id="1772" type="sweep" timems="10.853" contextid="1768" timestamp="2019-01-09T09:13:42.143" />
<mem-info id="1773" free="12168632" total="912261120" percent="1">
  <mem type="nursery" free="19632" total="228065280" percent="0">
    <mem type="allocate" free="19632" total="114032640" percent="0" />
    <mem type="survivor" free="0" total="114032640" percent="0" />
  </mem>
  <mem type="tenure" free="12149000" total="684195840" percent="1" micro-fragmented="135620" macro-fragmented="0">
    <mem type="soa" free="5307656" total="677354496" percent="0" />
    <mem type="loa" free="6841344" total="6841344" percent="100" />
  </mem>
  <remembered-set count="151042" />
</mem-info>
<gc-op id="1774" type="compact" timems="276.124" contextid="1768" timestamp="2019-01-09T09:13:42.420">
  <compact-info movecount="11571" movebytes="392544" reason="low free space (less than 4%)" />
</gc-op>
<gc-end id="1775" type="global" contextid="1768" durationms="505.431" usertimems="4452.474" systemtimems="22.612" timestamp="2019-01-09T09:13:42.420" activeThreads="16">
  <mem-info id="1776" free="12166480" total="912261120" percent="1">
    <mem type="nursery" free="20048" total="228065280" percent="0">
      <mem type="allocate" free="20048" total="114032640" percent="0" />
      <mem type="survivor" free="0" total="114032640" percent="0" />
    </mem>
    <mem type="tenure" free="12146432" total="684195840" percent="1">
      <mem type="soa" free="5305088" total="677354496" percent="0" />
      <mem type="loa" free="6841344" total="6841344" percent="100" />
    </mem>
    <remembered-set count="151042" />
  </mem-info>
</gc-end>
<cycle-end id="1777" type="global" contextid="1768" timestamp="2019-01-09T09:13:42.420" />
<concurrent-kickoff id="1778" timestamp="2019-01-09T09:13:42.420">
  <kickoff reason="threshold reached" targetBytes="76351484" thresholdFreeBytes="9514007"  remainingFree="20000" tenureFreeBytes="12146432" nurseryFreeBytes="20000" />
</concurrent-kickoff>
<allocation-satisfied id="1779" threadId="000000000256EF00" bytesRequested="48" />
<af-end id="1780" timestamp="2019-01-09T09:13:42.420" threadId="000000000256F860" success="true" from="nursery"/>
<exclusive-end id="1781" timestamp="2019-01-09T09:13:42.421" durationms="506.145" />

<exclusive-start id="1782" timestamp="2019-01-09T09:13:42.421" intervalms="506.621">
  <response-info timems="0.435" idlems="0.240" threads="1" lastid="000000000256EF00" lastname="BayeuxServer1108259945 Scheduler" />
</exclusive-start>
<af-start id="1783" threadId="00000000021BCE60" totalBytesRequested="24" timestamp="2019-01-09T09:13:42.421" intervalms="506.769" type="nursery" />
<percolate-collect id="1784" from="nursery" to="global" reason="insufficient remaining tenure space" timestamp="2019-01-09T09:13:42.421"/>
<concurrent-aborted id="1785" timestamp="2019-01-09T09:13:42.421">
  <reason value="insufficient progress made" />
</concurrent-aborted>
<cycle-end id="1786" type="global" contextid="1625" timestamp="2019-01-09T09:13:42.421" />
<cycle-start id="1787" type="global" contextid="0" timestamp="2019-01-09T09:13:42.421" intervalms="506.870" />
<gc-start id="1788" type="global" contextid="1787" timestamp="2019-01-09T09:13:42.422">
  <mem-info id="1789" free="12146432" total="912261120" percent="1">
    <mem type="nursery" free="0" total="228065280" percent="0">
      <mem type="allocate" free="0" total="114032640" percent="0" />
      <mem type="survivor" free="0" total="114032640" percent="0" />
    </mem>
    <mem type="tenure" free="12146432" total="684195840" percent="1">
      <mem type="soa" free="5305088" total="677354496" percent="0" />
      <mem type="loa" free="6841344" total="6841344" percent="100" />
    </mem>
    <remembered-set count="151053" />
  </mem-info>
</gc-start>
<allocation-stats totalBytes="19992" >
  <allocated-bytes non-tlh="48" tlh="19944" />
  <largest-consumer threadName="dw-94 - GET /api/res/v1/tree?includeMocs=director.vdc" threadId="000000000256E400" bytes="12032" />
</allocation-stats>
<gc-op id="1790" type="mark" timems="225.046" contextid="1787" timestamp="2019-01-09T09:13:42.647">
  <trace-info objectcount="23580463" scancount="17628478" scanbytes="473243948" />
  <finalization candidates="729" enqueued="0" />
  <ownableSynchronizers candidates="499194" cleared="0" />
  <references type="soft" candidates="6323" cleared="0" enqueued="0" dynamicThreshold="0" maxThreshold="32" />
  <references type="weak" candidates="7034" cleared="0" enqueued="0" />
  <references type="phantom" candidates="106" cleared="0" enqueued="0" />
  <stringconstants candidates="19039" cleared="0"  />
</gc-op>
<gc-op id="1791" type="sweep" timems="12.115" contextid="1787" timestamp="2019-01-09T09:13:42.659" />
<mem-info id="1792" free="12152120" total="912261120" percent="1">
  <mem type="nursery" free="3120" total="228065280" percent="0">
    <mem type="allocate" free="3120" total="114032640" percent="0" />
    <mem type="survivor" free="0" total="114032640" percent="0" />
  </mem>
  <mem type="tenure" free="12149000" total="684195840" percent="1" micro-fragmented="135620" macro-fragmented="0">
    <mem type="soa" free="5307656" total="677354496" percent="0" />
    <mem type="loa" free="6841344" total="6841344" percent="100" />
  </mem>
  <remembered-set count="151053" />
</mem-info>
<gc-op id="1793" type="compact" timems="228.748" contextid="1787" timestamp="2019-01-09T09:13:42.888">
  <compact-info movecount="11816" movebytes="397728" reason="low free space (less than 4%)" />
</gc-op>
<gc-end id="1794" type="global" contextid="1787" durationms="466.743" usertimems="4377.494" systemtimems="26.023" timestamp="2019-01-09T09:13:42.888" activeThreads="16">
  <mem-info id="1795" free="12157208" total="912261120" percent="1">
    <mem type="nursery" free="10776" total="228065280" percent="0">
      <mem type="allocate" free="10776" total="114032640" percent="0" />
      <mem type="survivor" free="0" total="114032640" percent="0" />
    </mem>
    <mem type="tenure" free="12146432" total="684195840" percent="1">
      <mem type="soa" free="5305088" total="677354496" percent="0" />
      <mem type="loa" free="6841344" total="6841344" percent="100" />
    </mem>
    <remembered-set count="151053" />
  </mem-info>
</gc-end>
<cycle-end id="1796" type="global" contextid="1787" timestamp="2019-01-09T09:13:42.889" />
<concurrent-kickoff id="1797" timestamp="2019-01-09T09:13:42.889">
  <kickoff reason="threshold reached" targetBytes="76351484" thresholdFreeBytes="9514007"  remainingFree="10752" tenureFreeBytes="12146432" nurseryFreeBytes="10752" />
</concurrent-kickoff>
<allocation-satisfied id="1798" threadId="00000000021BC500" bytesRequested="24" />
<af-end id="1799" timestamp="2019-01-09T09:13:42.889" threadId="00000000021BCE60" success="true" from="nursery"/>
<exclusive-end id="1800" timestamp="2019-01-09T09:13:42.889" durationms="467.723" />

<exclusive-start id="1801" timestamp="2019-01-09T09:13:42.890" intervalms="468.581">
  <response-info timems="0.836" idlems="0.836" threads="0" lastid="000000000253D200" lastname="Thread-19" />
</exclusive-start>
<af-start id="1802" threadId="000000000253DB60" totalBytesRequested="32" timestamp="2019-01-09T09:13:42.890" intervalms="468.514" type="nursery" />
<percolate-collect id="1803" from="nursery" to="global" reason="insufficient remaining tenure space" timestamp="2019-01-09T09:13:42.890"/>
<concurrent-aborted id="1804" timestamp="2019-01-09T09:13:42.890">
  <reason value="insufficient progress made" />
</concurrent-aborted>
<cycle-end id="1805" type="global" contextid="1625" timestamp="2019-01-09T09:13:42.890" />
<cycle-start id="1806" type="global" contextid="0" timestamp="2019-01-09T09:13:42.890" intervalms="468.432" />
<gc-start id="1807" type="global" contextid="1806" timestamp="2019-01-09T09:13:42.890">
  <mem-info id="1808" free="12146432" total="912261120" percent="1">
    <mem type="nursery" free="0" total="228065280" percent="0">
      <mem type="allocate" free="0" total="114032640" percent="0" />
      <mem type="survivor" free="0" total="114032640" percent="0" />
    </mem>
    <mem type="tenure" free="12146432" total="684195840" percent="1">
      <mem type="soa" free="5305088" total="677354496" percent="0" />
      <mem type="loa" free="6841344" total="6841344" percent="100" />
    </mem>
    <remembered-set count="151059" />
  </mem-info>
</gc-start>
<allocation-stats totalBytes="10688" >
  <allocated-bytes non-tlh="24" tlh="10664" />
  <largest-consumer threadName="dw-101 - GET /api/res/v1/tree?includeMocs=director.vdc" threadId="0000000002545A00" bytes="10664" />
</allocation-stats>
<gc-op id="1809" type="mark" timems="192.056" contextid="1806" timestamp="2019-01-09T09:13:43.082">
  <trace-info objectcount="23580586" scancount="17628563" scanbytes="473246380" />
  <finalization candidates="729" enqueued="0" />
  <ownableSynchronizers candidates="499194" cleared="0" />
  <references type="soft" candidates="6323" cleared="0" enqueued="0" dynamicThreshold="0" maxThreshold="32" />
  <references type="weak" candidates="7034" cleared="0" enqueued="0" />
  <references type="phantom" candidates="106" cleared="0" enqueued="0" />
  <stringconstants candidates="19039" cleared="0"  />
</gc-op>
<gc-op id="1810" type="sweep" timems="8.394" contextid="1806" timestamp="2019-01-09T09:13:43.091" />
<mem-info id="1811" free="12151304" total="912261120" percent="1">
  <mem type="nursery" free="2304" total="228065280" percent="0">
    <mem type="allocate" free="2304" total="114032640" percent="0" />
    <mem type="survivor" free="0" total="114032640" percent="0" />
  </mem>
  <mem type="tenure" free="12149000" total="684195840" percent="1" micro-fragmented="135620" macro-fragmented="0">
    <mem type="soa" free="5307656" total="677354496" percent="0" />
    <mem type="loa" free="6841344" total="6841344" percent="100" />
  </mem>
  <remembered-set count="151059" />
</mem-info>
<gc-op id="1812" type="compact" timems="212.085" contextid="1806" timestamp="2019-01-09T09:13:43.303">
  <compact-info movecount="6265" movebytes="207296" reason="low free space (less than 4%)" />
</gc-op>
<gc-end id="1813" type="global" contextid="1806" durationms="413.208" usertimems="4456.481" systemtimems="29.929" timestamp="2019-01-09T09:13:43.303" activeThreads="16">
  <mem-info id="1814" free="12151648" total="912261120" percent="1">
    <mem type="nursery" free="5216" total="228065280" percent="0">
      <mem type="allocate" free="5216" total="114032640" percent="0" />
      <mem type="survivor" free="0" total="114032640" percent="0" />
    </mem>
    <mem type="tenure" free="12146432" total="684195840" percent="1">
      <mem type="soa" free="5305088" total="677354496" percent="0" />
      <mem type="loa" free="6841344" total="6841344" percent="100" />
    </mem>
    <remembered-set count="151059" />
  </mem-info>
</gc-end>
<cycle-end id="1815" type="global" contextid="1806" timestamp="2019-01-09T09:13:43.303" />
<concurrent-kickoff id="1816" timestamp="2019-01-09T09:13:43.303">
  <kickoff reason="threshold reached" targetBytes="76351484" thresholdFreeBytes="9514007"  remainingFree="5184" tenureFreeBytes="12146432" nurseryFreeBytes="5184" />
</concurrent-kickoff>
<allocation-satisfied id="1817" threadId="000000000253D200" bytesRequested="32" />
<af-end id="1818" timestamp="2019-01-09T09:13:43.303" threadId="000000000253DB60" success="true" from="nursery"/>
<exclusive-end id="1819" timestamp="2019-01-09T09:13:43.304" durationms="414.829" />

<exclusive-start id="1820" timestamp="2019-01-09T09:13:43.305" intervalms="415.647">
  <response-info timems="0.354" idlems="0.342" threads="1" lastid="000000000253D200" lastname="Thread-19" />
</exclusive-start>
<af-start id="1821" threadId="0000000001DA4060" totalBytesRequested="24" timestamp="2019-01-09T09:13:43.305" intervalms="415.564" type="nursery" />
<percolate-collect id="1822" from="nursery" to="global" reason="insufficient remaining tenure space" timestamp="2019-01-09T09:13:43.305"/>
<concurrent-aborted id="1823" timestamp="2019-01-09T09:13:43.305">
  <reason value="insufficient progress made" />
</concurrent-aborted>
<cycle-end id="1824" type="global" contextid="1625" timestamp="2019-01-09T09:13:43.305" />
<cycle-start id="1825" type="global" contextid="0" timestamp="2019-01-09T09:13:43.305" intervalms="415.546" />
<gc-start id="1826" type="global" contextid="1825" timestamp="2019-01-09T09:13:43.306">
  <mem-info id="1827" free="12146432" total="912261120" percent="1">
    <mem type="nursery" free="0" total="228065280" percent="0">
      <mem type="allocate" free="0" total="114032640" percent="0" />
      <mem type="survivor" free="0" total="114032640" percent="0" />
    </mem>
    <mem type="tenure" free="12146432" total="684195840" percent="1">
      <mem type="soa" free="5305088" total="677354496" percent="0" />
      <mem type="loa" free="6841344" total="6841344" percent="100" />
    </mem>
    <remembered-set count="151063" />
  </mem-info>
</gc-start>
<allocation-stats totalBytes="5208" >
  <allocated-bytes non-tlh="32" tlh="5176" />
  <largest-consumer threadName="Thread-19" threadId="000000000253D200" bytes="2648" />
</allocation-stats>
<gc-op id="1828" type="mark" timems="218.057" contextid="1825" timestamp="2019-01-09T09:13:43.524">
  <trace-info objectcount="23580577" scancount="17628557" scanbytes="473246124" />
  <finalization candidates="729" enqueued="0" />
  <ownableSynchronizers candidates="499194" cleared="0" />
  <references type="soft" candidates="6324" cleared="1" enqueued="0" dynamicThreshold="0" maxThreshold="32" />
  <references type="weak" candidates="7034" cleared="0" enqueued="0" />
  <references type="phantom" candidates="106" cleared="0" enqueued="0" />
  <stringconstants candidates="19039" cleared="0"  />
</gc-op>
<gc-op id="1829" type="sweep" timems="8.177" contextid="1825" timestamp="2019-01-09T09:13:43.532" />
<mem-info id="1830" free="12151304" total="912261120" percent="1">
  <mem type="nursery" free="2304" total="228065280" percent="0">
    <mem type="allocate" free="2304" total="114032640" percent="0" />
    <mem type="survivor" free="0" total="114032640" percent="0" />
  </mem>
  <mem type="tenure" free="12149000" total="684195840" percent="1" micro-fragmented="135620" macro-fragmented="0">
    <mem type="soa" free="5307656" total="677354496" percent="0" />
    <mem type="loa" free="6841344" total="6841344" percent="100" />
  </mem>
  <remembered-set count="151063" />
</mem-info>
<gc-op id="1831" type="compact" timems="225.154" contextid="1825" timestamp="2019-01-09T09:13:43.757">
  <compact-info movecount="31044" movebytes="1004440" reason="low free space (less than 4%)" />
</gc-op>
<gc-end id="1832" type="global" contextid="1825" durationms="452.032" usertimems="4383.973" systemtimems="14.798" timestamp="2019-01-09T09:13:43.758" activeThreads="16">
  <mem-info id="1833" free="12153088" total="912261120" percent="1">
    <mem type="nursery" free="6656" total="228065280" percent="0">
      <mem type="allocate" free="6656" total="114032640" percent="0" />
      <mem type="survivor" free="0" total="114032640" percent="0" />
    </mem>
    <mem type="tenure" free="12146432" total="684195840" percent="1">
      <mem type="soa" free="5305088" total="677354496" percent="0" />
      <mem type="loa" free="6841344" total="6841344" percent="100" />
    </mem>
    <remembered-set count="151063" />
  </mem-info>
</gc-end>
<cycle-end id="1834" type="global" contextid="1825" timestamp="2019-01-09T09:13:43.758" />
<concurrent-kickoff id="1835" timestamp="2019-01-09T09:13:43.758">
  <kickoff reason="threshold reached" targetBytes="76351484" thresholdFreeBytes="9514007"  remainingFree="6632" tenureFreeBytes="12146432" nurseryFreeBytes="6632" />
</concurrent-kickoff>
<allocation-satisfied id="1836" threadId="0000000001DA3700" bytesRequested="24" />
<af-end id="1837" timestamp="2019-01-09T09:13:43.758" threadId="0000000001DA4060" success="true" from="nursery"/>
<exclusive-end id="1838" timestamp="2019-01-09T09:13:43.758" durationms="452.690" />

<exclusive-start id="1839" timestamp="2019-01-09T09:13:43.759" intervalms="453.827">
  <response-info timems="0.045" idlems="0.045" threads="0" lastid="0000000002748F00" lastname="dw-104 - GET /api/res/v1/tree?includeMocs=director.vdc" />
</exclusive-start>
<af-start id="1840" threadId="0000000002749860" totalBytesRequested="32" timestamp="2019-01-09T09:13:43.759" intervalms="453.833" type="nursery" />
<percolate-collect id="1841" from="nursery" to="global" reason="insufficient remaining tenure space" timestamp="2019-01-09T09:13:43.759"/>
<concurrent-aborted id="1842" timestamp="2019-01-09T09:13:43.759">
  <reason value="insufficient progress made" />
</concurrent-aborted>
<cycle-end id="1843" type="global" contextid="1625" timestamp="2019-01-09T09:13:43.759" />
<cycle-start id="1844" type="global" contextid="0" timestamp="2019-01-09T09:13:43.759" intervalms="453.856" />
<gc-start id="1845" type="global" contextid="1844" timestamp="2019-01-09T09:13:43.759">
  <mem-info id="1846" free="12146432" total="912261120" percent="1">
    <mem type="nursery" free="0" total="228065280" percent="0">
      <mem type="allocate" free="0" total="114032640" percent="0" />
      <mem type="survivor" free="0" total="114032640" percent="0" />
    </mem>
    <mem type="tenure" free="12146432" total="684195840" percent="1">
      <mem type="soa" free="5305088" total="677354496" percent="0" />
      <mem type="loa" free="6841344" total="6841344" percent="100" />
    </mem>
    <remembered-set count="151064" />
  </mem-info>
</gc-start>
<allocation-stats totalBytes="6456" >
  <allocated-bytes non-tlh="24" tlh="6432" />
  <largest-consumer threadName="Thread-19" threadId="000000000253D200" bytes="6432" />
</allocation-stats>
<gc-op id="1847" type="mark" timems="229.038" contextid="1844" timestamp="2019-01-09T09:13:43.988">
  <trace-info objectcount="23580634" scancount="17628616" scanbytes="473247800" />
  <finalization candidates="729" enqueued="0" />
  <ownableSynchronizers candidates="499196" cleared="3" />
  <references type="soft" candidates="6323" cleared="0" enqueued="0" dynamicThreshold="0" maxThreshold="32" />
  <references type="weak" candidates="7034" cleared="0" enqueued="0" />
  <references type="phantom" candidates="106" cleared="0" enqueued="0" />
  <stringconstants candidates="19039" cleared="0"  />
</gc-op>
<gc-op id="1848" type="sweep" timems="9.470" contextid="1844" timestamp="2019-01-09T09:13:43.998" />
<mem-info id="1849" free="12150536" total="912261120" percent="1">
  <mem type="nursery" free="1536" total="228065280" percent="0">
    <mem type="allocate" free="1536" total="114032640" percent="0" />
    <mem type="survivor" free="0" total="114032640" percent="0" />
  </mem>
  <mem type="tenure" free="12149000" total="684195840" percent="1" micro-fragmented="135620" macro-fragmented="0">
    <mem type="soa" free="5307656" total="677354496" percent="0" />
    <mem type="loa" free="6841344" total="6841344" percent="100" />
  </mem>
  <remembered-set count="151064" />
</mem-info>
<gc-op id="1850" type="compact" timems="210.423" contextid="1844" timestamp="2019-01-09T09:13:44.209">
  <compact-info movecount="26884" movebytes="883152" reason="low free space (less than 4%)" />
</gc-op>
<gc-end id="1851" type="global" contextid="1844" durationms="449.554" usertimems="4379.556" systemtimems="8.594" timestamp="2019-01-09T09:13:44.209" activeThreads="16">
  <mem-info id="1852" free="12149656" total="912261120" percent="1">
    <mem type="nursery" free="3224" total="228065280" percent="0">
      <mem type="allocate" free="3224" total="114032640" percent="0" />
      <mem type="survivor" free="0" total="114032640" percent="0" />
    </mem>
    <mem type="tenure" free="12146432" total="684195840" percent="1">
      <mem type="soa" free="5305088" total="677354496" percent="0" />
      <mem type="loa" free="6841344" total="6841344" percent="100" />
    </mem>
    <remembered-set count="151064" />
  </mem-info>
</gc-end>
<cycle-end id="1853" type="global" contextid="1844" timestamp="2019-01-09T09:13:44.209" />
<concurrent-kickoff id="1854" timestamp="2019-01-09T09:13:44.209">
  <kickoff reason="threshold reached" targetBytes="76351484" thresholdFreeBytes="9514007"  remainingFree="3192" tenureFreeBytes="12146432" nurseryFreeBytes="3192" />
</concurrent-kickoff>
<allocation-satisfied id="1855" threadId="0000000002748F00" bytesRequested="32" />
<af-end id="1856" timestamp="2019-01-09T09:13:44.209" threadId="0000000002749860" success="true" from="nursery"/>
<exclusive-end id="1857" timestamp="2019-01-09T09:13:44.209" durationms="450.263" />

<exclusive-start id="1858" timestamp="2019-01-09T09:13:44.210" intervalms="450.965">
  <response-info timems="0.666" idlems="0.666" threads="0" lastid="000000000168EC00" lastname="dw-106 - GET /api/res/v1/director.volumetypes?cloudEnvId=942416" />
</exclusive-start>
<af-start id="1859" threadId="000000000168F560" totalBytesRequested="16" timestamp="2019-01-09T09:13:44.210" intervalms="450.961" type="nursery" />
<percolate-collect id="1860" from="nursery" to="global" reason="insufficient remaining tenure space" timestamp="2019-01-09T09:13:44.210"/>
<concurrent-aborted id="1861" timestamp="2019-01-09T09:13:44.210">
  <reason value="insufficient progress made" />
</concurrent-aborted>
<cycle-end id="1862" type="global" contextid="1625" timestamp="2019-01-09T09:13:44.210" />
<cycle-start id="1863" type="global" contextid="0" timestamp="2019-01-09T09:13:44.210" intervalms="450.977" />
<gc-start id="1864" type="global" contextid="1863" timestamp="2019-01-09T09:13:44.210">
  <mem-info id="1865" free="12146432" total="912261120" percent="1">
    <mem type="nursery" free="0" total="228065280" percent="0">
      <mem type="allocate" free="0" total="114032640" percent="0" />
      <mem type="survivor" free="0" total="114032640" percent="0" />
    </mem>
    <mem type="tenure" free="12146432" total="684195840" percent="1">
      <mem type="soa" free="5305088" total="677354496" percent="0" />
      <mem type="loa" free="6841344" total="6841344" percent="100" />
    </mem>
    <remembered-set count="151064" />
  </mem-info>
</gc-start>
<allocation-stats totalBytes="3200" >
  <allocated-bytes non-tlh="32" tlh="3168" />
  <largest-consumer threadName="MemoryMXBean notification dispatcher" threadId="0000000001BA4300" bytes="1968" />
</allocation-stats>
<gc-op id="1866" type="mark" timems="224.261" contextid="1863" timestamp="2019-01-09T09:13:44.435">
  <trace-info objectcount="23580689" scancount="17628665" scanbytes="473249472" />
  <finalization candidates="729" enqueued="0" />
  <ownableSynchronizers candidates="499193" cleared="0" />
  <references type="soft" candidates="6324" cleared="1" enqueued="0" dynamicThreshold="0" maxThreshold="32" />
  <references type="weak" candidates="7034" cleared="0" enqueued="0" />
  <references type="phantom" candidates="106" cleared="0" enqueued="0" />
  <stringconstants candidates="19039" cleared="0"  />
</gc-op>
<gc-op id="1867" type="sweep" timems="8.540" contextid="1863" timestamp="2019-01-09T09:13:44.443" />
<mem-info id="1868" free="12150536" total="912261120" percent="1">
  <mem type="nursery" free="1536" total="228065280" percent="0">
    <mem type="allocate" free="1536" total="114032640" percent="0" />
    <mem type="survivor" free="0" total="114032640" percent="0" />
  </mem>
  <mem type="tenure" free="12149000" total="684195840" percent="1" micro-fragmented="135620" macro-fragmented="0">
    <mem type="soa" free="5307656" total="677354496" percent="0" />
    <mem type="loa" free="6841344" total="6841344" percent="100" />
  </mem>
  <remembered-set count="151064" />
</mem-info>
<gc-op id="1869" type="compact" timems="220.781" contextid="1863" timestamp="2019-01-09T09:13:44.664">
  <compact-info movecount="9374" movebytes="315600" reason="low free space (less than 4%)" />
</gc-op>
<gc-end id="1870" type="global" contextid="1863" durationms="454.173" usertimems="4306.994" systemtimems="8.627" timestamp="2019-01-09T09:13:44.665" activeThreads="16">
  <mem-info id="1871" free="12146432" total="912261120" percent="1">
    <mem type="nursery" free="0" total="228065280" percent="0">
      <mem type="allocate" free="0" total="114032640" percent="0" />
      <mem type="survivor" free="0" total="114032640" percent="0" />
    </mem>
    <mem type="tenure" free="12146432" total="684195840" percent="1">
      <mem type="soa" free="5305088" total="677354496" percent="0" />
      <mem type="loa" free="6841344" total="6841344" percent="100" />
    </mem>
    <remembered-set count="151064" />
  </mem-info>
</gc-end>
<cycle-end id="1872" type="global" contextid="1863" timestamp="2019-01-09T09:13:44.665" />
<percolate-collect id="1873" from="nursery" to="global" reason="insufficient remaining tenure space" timestamp="2019-01-09T09:13:44.665"/>
<cycle-start id="1874" type="global" contextid="0" timestamp="2019-01-09T09:13:44.665" intervalms="454.597" />
<gc-start id="1875" type="global" contextid="1874" timestamp="2019-01-09T09:13:44.665">
  <mem-info id="1876" free="12146432" total="912261120" percent="1">
    <mem type="nursery" free="0" total="228065280" percent="0">
      <mem type="allocate" free="0" total="114032640" percent="0" />
      <mem type="survivor" free="0" total="114032640" percent="0" />
    </mem>
    <mem type="tenure" free="12146432" total="684195840" percent="1">
      <mem type="soa" free="5305088" total="677354496" percent="0" />
      <mem type="loa" free="6841344" total="6841344" percent="100" />
    </mem>
    <remembered-set count="151064" />
  </mem-info>
</gc-start>
<allocation-stats totalBytes="0" >
  <allocated-bytes non-tlh="0" tlh="0" />
</allocation-stats>
<gc-op id="1877" type="mark" timems="268.403" contextid="1874" timestamp="2019-01-09T09:13:44.933">
  <trace-info objectcount="23580689" scancount="17628665" scanbytes="473249472" />
  <finalization candidates="729" enqueued="0" />
  <ownableSynchronizers candidates="499193" cleared="0" />
  <references type="soft" candidates="6323" cleared="0" enqueued="0" dynamicThreshold="0" maxThreshold="32" />
  <references type="weak" candidates="7034" cleared="0" enqueued="0" />
  <references type="phantom" candidates="106" cleared="0" enqueued="0" />
  <stringconstants candidates="19039" cleared="0"  />
</gc-op>
<gc-op id="1878" type="sweep" timems="8.088" contextid="1874" timestamp="2019-01-09T09:13:44.942" />
<mem-info id="1879" free="12150536" total="912261120" percent="1">
  <mem type="nursery" free="1536" total="228065280" percent="0">
    <mem type="allocate" free="1536" total="114032640" percent="0" />
    <mem type="survivor" free="0" total="114032640" percent="0" />
  </mem>
  <mem type="tenure" free="12149000" total="684195840" percent="1" micro-fragmented="135620" macro-fragmented="0">
    <mem type="soa" free="5307656" total="677354496" percent="0" />
    <mem type="loa" free="6841344" total="6841344" percent="100" />
  </mem>
  <remembered-set count="151064" />
</mem-info>
<gc-op id="1880" type="compact" timems="201.322" contextid="1874" timestamp="2019-01-09T09:13:45.143">
  <compact-info movecount="0" movebytes="0" reason="low free space (less than 4%)" />
</gc-op>
<gc-end id="1881" type="global" contextid="1874" durationms="478.410" usertimems="4229.063" systemtimems="15.070" timestamp="2019-01-09T09:13:45.143" activeThreads="16">
  <mem-info id="1882" free="12146432" total="912261120" percent="1">
    <mem type="nursery" free="0" total="228065280" percent="0">
      <mem type="allocate" free="0" total="114032640" percent="0" />
      <mem type="survivor" free="0" total="114032640" percent="0" />
    </mem>
    <mem type="tenure" free="12146432" total="684195840" percent="1">
      <mem type="soa" free="5305088" total="677354496" percent="0" />
      <mem type="loa" free="6841344" total="6841344" percent="100" />
    </mem>
    <remembered-set count="151064" />
  </mem-info>
</gc-end>
<cycle-end id="1883" type="global" contextid="1874" timestamp="2019-01-09T09:13:45.144" />
<allocation-satisfied id="1884" threadId="000000000168EC00" bytesRequested="16" />
<af-end id="1885" timestamp="2019-01-09T09:13:45.144" threadId="000000000168F560" success="true" from="tenure-soa"/>
<exclusive-end id="1886" timestamp="2019-01-09T09:13:45.144" durationms="933.681" />

<exclusive-start id="1887" timestamp="2019-01-09T09:13:45.145" intervalms="934.550">
  <response-info timems="0.844" idlems="0.844" threads="0" lastid="0000000002866F00" lastname="dw-109 - POST /api/res/v1/director.tenants/batch" />
</exclusive-start>
<af-start id="1888" threadId="0000000002867860" totalBytesRequested="16" timestamp="2019-01-09T09:13:45.145" intervalms="934.555" type="nursery" />
<percolate-collect id="1889" from="nursery" to="global" reason="insufficient remaining tenure space" timestamp="2019-01-09T09:13:45.145"/>
<cycle-start id="1890" type="global" contextid="0" timestamp="2019-01-09T09:13:45.145" intervalms="479.899" />
<gc-start id="1891" type="global" contextid="1890" timestamp="2019-01-09T09:13:45.145">
  <mem-info id="1892" free="12146416" total="912261120" percent="1">
    <mem type="nursery" free="0" total="228065280" percent="0">
      <mem type="allocate" free="0" total="114032640" percent="0" />
      <mem type="survivor" free="0" total="114032640" percent="0" />
    </mem>
    <mem type="tenure" free="12146416" total="684195840" percent="1">
      <mem type="soa" free="5305072" total="677354496" percent="0" />
      <mem type="loa" free="6841344" total="6841344" percent="100" />
    </mem>
    <remembered-set count="151065" />
  </mem-info>
</gc-start>
<allocation-stats totalBytes="16" >
  <allocated-bytes non-tlh="16" tlh="0" />
  <largest-consumer threadName="dw-106 - GET /api/res/v1/director.volumetypes?cloudEnvId=94241672-c98f-4159-b18b-cc67633bf29b" threadId="000000000168EC00" bytes="16" />
</allocation-stats>
<gc-op id="1893" type="mark" timems="207.451" contextid="1890" timestamp="2019-01-09T09:13:45.352">
  <trace-info objectcount="23580690" scancount="17628647" scanbytes="473249484" />
  <finalization candidates="729" enqueued="0" />
  <ownableSynchronizers candidates="499193" cleared="0" />
  <references type="soft" candidates="6323" cleared="0" enqueued="0" dynamicThreshold="0" maxThreshold="32" />
  <references type="weak" candidates="7034" cleared="0" enqueued="0" />
  <references type="phantom" candidates="106" cleared="0" enqueued="0" />
  <stringconstants candidates="19039" cleared="0"  />
</gc-op>
<gc-op id="1894" type="sweep" timems="6.137" contextid="1890" timestamp="2019-01-09T09:13:45.359" />
<mem-info id="1895" free="12150520" total="912261120" percent="1">
  <mem type="nursery" free="1536" total="228065280" percent="0">
    <mem type="allocate" free="1536" total="114032640" percent="0" />
    <mem type="survivor" free="0" total="114032640" percent="0" />
  </mem>
  <mem type="tenure" free="12148984" total="684195840" percent="1" micro-fragmented="135620" macro-fragmented="0">
    <mem type="soa" free="5307640" total="677354496" percent="0" />
    <mem type="loa" free="6841344" total="6841344" percent="100" />
  </mem>
  <remembered-set count="151065" />
</mem-info>
<gc-op id="1896" type="compact" timems="264.913" contextid="1890" timestamp="2019-01-09T09:13:45.624">
  <compact-info movecount="0" movebytes="0" reason="low free space (less than 4%)" />
</gc-op>
<gc-end id="1897" type="global" contextid="1890" durationms="479.155" usertimems="4329.618" systemtimems="15.778" timestamp="2019-01-09T09:13:45.624" activeThreads="16">
  <mem-info id="1898" free="12146416" total="912261120" percent="1">
    <mem type="nursery" free="0" total="228065280" percent="0">
      <mem type="allocate" free="0" total="114032640" percent="0" />
      <mem type="survivor" free="0" total="114032640" percent="0" />
    </mem>
    <mem type="tenure" free="12146416" total="684195840" percent="1">
      <mem type="soa" free="5305072" total="677354496" percent="0" />
      <mem type="loa" free="6841344" total="6841344" percent="100" />
    </mem>
    <remembered-set count="151065" />
  </mem-info>
</gc-end>
<cycle-end id="1899" type="global" contextid="1890" timestamp="2019-01-09T09:13:45.624" />
<percolate-collect id="1900" from="nursery" to="global" reason="insufficient remaining tenure space" timestamp="2019-01-09T09:13:45.625"/>
<cycle-start id="1901" type="global" contextid="0" timestamp="2019-01-09T09:13:45.625" intervalms="479.852" />
<gc-start id="1902" type="global" contextid="1901" timestamp="2019-01-09T09:13:45.625">
  <mem-info id="1903" free="12146416" total="912261120" percent="1">
    <mem type="nursery" free="0" total="228065280" percent="0">
      <mem type="allocate" free="0" total="114032640" percent="0" />
      <mem type="survivor" free="0" total="114032640" percent="0" />
    </mem>
    <mem type="tenure" free="12146416" total="684195840" percent="1">
      <mem type="soa" free="5305072" total="677354496" percent="0" />
      <mem type="loa" free="6841344" total="6841344" percent="100" />
    </mem>
    <remembered-set count="151065" />
  </mem-info>
</gc-start>
<allocation-stats totalBytes="0" >
  <allocated-bytes non-tlh="0" tlh="0" />
</allocation-stats>
<gc-op id="1904" type="mark" timems="232.398" contextid="1901" timestamp="2019-01-09T09:13:45.857">
  <trace-info objectcount="23580690" scancount="17628664" scanbytes="473249484" />
  <finalization candidates="729" enqueued="0" />
  <ownableSynchronizers candidates="499193" cleared="0" />
  <references type="soft" candidates="6323" cleared="0" enqueued="0" dynamicThreshold="0" maxThreshold="32" />
  <references type="weak" candidates="7034" cleared="0" enqueued="0" />
  <references type="phantom" candidates="106" cleared="0" enqueued="0" />
  <stringconstants candidates="19039" cleared="0"  />
</gc-op>
<gc-op id="1905" type="sweep" timems="5.658" contextid="1901" timestamp="2019-01-09T09:13:45.863" />
<mem-info id="1906" free="12150520" total="912261120" percent="1">
  <mem type="nursery" free="1536" total="228065280" percent="0">
    <mem type="allocate" free="1536" total="114032640" percent="0" />
    <mem type="survivor" free="0" total="114032640" percent="0" />
  </mem>
  <mem type="tenure" free="12148984" total="684195840" percent="1" micro-fragmented="135620" macro-fragmented="22644">
    <mem type="soa" free="5307640" total="677354496" percent="0" />
    <mem type="loa" free="6841344" total="6841344" percent="100" />
  </mem>
  <remembered-set count="151065" />
</mem-info>
<gc-op id="1907" type="compact" timems="223.399" contextid="1901" timestamp="2019-01-09T09:13:46.087">
  <compact-info movecount="0" movebytes="0" reason="low free space (less than 4%)" />
</gc-op>
<gc-end id="1908" type="global" contextid="1901" durationms="462.063" usertimems="4336.531" systemtimems="33.979" timestamp="2019-01-09T09:13:46.087" activeThreads="16">
  <mem-info id="1909" free="12146416" total="912261120" percent="1">
    <mem type="nursery" free="0" total="228065280" percent="0">
      <mem type="allocate" free="0" total="114032640" percent="0" />
      <mem type="survivor" free="0" total="114032640" percent="0" />
    </mem>
    <mem type="tenure" free="12146416" total="684195840" percent="1">
      <mem type="soa" free="5305072" total="677354496" percent="0" />
      <mem type="loa" free="6841344" total="6841344" percent="100" />
    </mem>
    <remembered-set count="151065" />
  </mem-info>
</gc-end>
<cycle-end id="1910" type="global" contextid="1901" timestamp="2019-01-09T09:13:46.087" />
<allocation-satisfied id="1911" threadId="0000000002866F00" bytesRequested="16" />
<af-end id="1912" timestamp="2019-01-09T09:13:46.087" threadId="0000000002867860" success="true" from="tenure-soa"/>
<exclusive-end id="1913" timestamp="2019-01-09T09:13:46.087" durationms="942.718" />

<exclusive-start id="1914" timestamp="2019-01-09T09:13:46.088" intervalms="943.143">
  <response-info timems="0.315" idlems="0.171" threads="1" lastid="0000000002866F00" lastname="dw-109 - POST /api/res/v1/director.tenants/batch" />
</exclusive-start>
<af-start id="1915" threadId="0000000001DA2B60" totalBytesRequested="24" timestamp="2019-01-09T09:13:46.088" intervalms="943.203" type="nursery" />
<percolate-collect id="1916" from="nursery" to="global" reason="insufficient remaining tenure space" timestamp="2019-01-09T09:13:46.088"/>
<cycle-start id="1917" type="global" contextid="0" timestamp="2019-01-09T09:13:46.088" intervalms="463.358" />
<gc-start id="1918" type="global" contextid="1917" timestamp="2019-01-09T09:13:46.088">
  <mem-info id="1919" free="12146400" total="912261120" percent="1">
    <mem type="nursery" free="0" total="228065280" percent="0">
      <mem type="allocate" free="0" total="114032640" percent="0" />
      <mem type="survivor" free="0" total="114032640" percent="0" />
    </mem>
    <mem type="tenure" free="12146400" total="684195840" percent="1">
      <mem type="soa" free="5305056" total="677354496" percent="0" />
      <mem type="loa" free="6841344" total="6841344" percent="100" />
    </mem>
    <remembered-set count="151065" />
  </mem-info>
</gc-start>
<allocation-stats totalBytes="16" >
  <allocated-bytes non-tlh="16" tlh="0" />
  <largest-consumer threadName="dw-109 - POST /api/res/v1/director.tenants/batch" threadId="0000000002866F00" bytes="16" />
</allocation-stats>
<gc-op id="1920" type="mark" timems="203.119" contextid="1917" timestamp="2019-01-09T09:13:46.291">
  <trace-info objectcount="23580691" scancount="17628665" scanbytes="473249484" />
  <finalization candidates="729" enqueued="0" />
  <ownableSynchronizers candidates="499193" cleared="0" />
  <references type="soft" candidates="6323" cleared="0" enqueued="0" dynamicThreshold="0" maxThreshold="32" />
  <references type="weak" candidates="7034" cleared="0" enqueued="0" />
  <references type="phantom" candidates="106" cleared="0" enqueued="0" />
  <stringconstants candidates="19039" cleared="0"  />
</gc-op>
<gc-op id="1921" type="sweep" timems="6.436" contextid="1917" timestamp="2019-01-09T09:13:46.298" />
<mem-info id="1922" free="12150504" total="912261120" percent="1">
  <mem type="nursery" free="1536" total="228065280" percent="0">
    <mem type="allocate" free="1536" total="114032640" percent="0" />
    <mem type="survivor" free="0" total="114032640" percent="0" />
  </mem>
  <mem type="tenure" free="12148968" total="684195840" percent="1" micro-fragmented="135620" macro-fragmented="0">
    <mem type="soa" free="5307624" total="677354496" percent="0" />
    <mem type="loa" free="6841344" total="6841344" percent="100" />
  </mem>
  <remembered-set count="151065" />
</mem-info>
<gc-op id="1923" type="compact" timems="181.451" contextid="1917" timestamp="2019-01-09T09:13:46.480">
  <compact-info movecount="0" movebytes="0" reason="low free space (less than 4%)" />
</gc-op>
<gc-end id="1924" type="global" contextid="1917" durationms="391.770" usertimems="4445.843" systemtimems="31.389" timestamp="2019-01-09T09:13:46.480" activeThreads="16">
  <mem-info id="1925" free="12146400" total="912261120" percent="1">
    <mem type="nursery" free="0" total="228065280" percent="0">
      <mem type="allocate" free="0" total="114032640" percent="0" />
      <mem type="survivor" free="0" total="114032640" percent="0" />
    </mem>
    <mem type="tenure" free="12146400" total="684195840" percent="1">
      <mem type="soa" free="5305056" total="677354496" percent="0" />
      <mem type="loa" free="6841344" total="6841344" percent="100" />
    </mem>
    <remembered-set count="151065" />
  </mem-info>
</gc-end>
<cycle-end id="1926" type="global" contextid="1917" timestamp="2019-01-09T09:13:46.480" />
<percolate-collect id="1927" from="nursery" to="global" reason="insufficient remaining tenure space" timestamp="2019-01-09T09:13:46.480"/>
<cycle-start id="1928" type="global" contextid="0" timestamp="2019-01-09T09:13:46.480" intervalms="392.176" />
<gc-start id="1929" type="global" contextid="1928" timestamp="2019-01-09T09:13:46.480">
  <mem-info id="1930" free="12146400" total="912261120" percent="1">
    <mem type="nursery" free="0" total="228065280" percent="0">
      <mem type="allocate" free="0" total="114032640" percent="0" />
      <mem type="survivor" free="0" total="114032640" percent="0" />
    </mem>
    <mem type="tenure" free="12146400" total="684195840" percent="1">
      <mem type="soa" free="5305056" total="677354496" percent="0" />
      <mem type="loa" free="6841344" total="6841344" percent="100" />
    </mem>
    <remembered-set count="151065" />
  </mem-info>
</gc-start>
<allocation-stats totalBytes="0" >
  <allocated-bytes non-tlh="0" tlh="0" />
</allocation-stats>
<gc-op id="1931" type="mark" timems="204.961" contextid="1928" timestamp="2019-01-09T09:13:46.685">
  <trace-info objectcount="23580691" scancount="17628653" scanbytes="473249484" />
  <finalization candidates="729" enqueued="0" />
  <ownableSynchronizers candidates="499193" cleared="0" />
  <references type="soft" candidates="6323" cleared="0" enqueued="0" dynamicThreshold="0" maxThreshold="32" />
  <references type="weak" candidates="7034" cleared="0" enqueued="0" />
  <references type="phantom" candidates="106" cleared="0" enqueued="0" />
  <stringconstants candidates="19039" cleared="0"  />
</gc-op>
<gc-op id="1932" type="sweep" timems="12.046" contextid="1928" timestamp="2019-01-09T09:13:46.697" />
<mem-info id="1933" free="12150504" total="912261120" percent="1">
  <mem type="nursery" free="1536" total="228065280" percent="0">
    <mem type="allocate" free="1536" total="114032640" percent="0" />
    <mem type="survivor" free="0" total="114032640" percent="0" />
  </mem>
  <mem type="tenure" free="12148968" total="684195840" percent="1" micro-fragmented="135620" macro-fragmented="0">
    <mem type="soa" free="5307624" total="677354496" percent="0" />
    <mem type="loa" free="6841344" total="6841344" percent="100" />
  </mem>
  <remembered-set count="151065" />
</mem-info>
<gc-op id="1934" type="compact" timems="193.214" contextid="1928" timestamp="2019-01-09T09:13:46.891">
  <compact-info movecount="0" movebytes="0" reason="low free space (less than 4%)" />
</gc-op>
<gc-end id="1935" type="global" contextid="1928" durationms="410.975" usertimems="4451.347" systemtimems="39.732" timestamp="2019-01-09T09:13:46.891" activeThreads="16">
  <mem-info id="1936" free="12146400" total="912261120" percent="1">
    <mem type="nursery" free="0" total="228065280" percent="0">
      <mem type="allocate" free="0" total="114032640" percent="0" />
      <mem type="survivor" free="0" total="114032640" percent="0" />
    </mem>
    <mem type="tenure" free="12146400" total="684195840" percent="1">
      <mem type="soa" free="5305056" total="677354496" percent="0" />
      <mem type="loa" free="6841344" total="6841344" percent="100" />
    </mem>
    <remembered-set count="151065" />
  </mem-info>
</gc-end>
<cycle-end id="1937" type="global" contextid="1928" timestamp="2019-01-09T09:13:46.891" />
<allocation-satisfied id="1938" threadId="0000000001DA2200" bytesRequested="24" />
<af-end id="1939" timestamp="2019-01-09T09:13:46.891" threadId="0000000001DA2B60" success="true" from="tenure-soa"/>
<exclusive-end id="1940" timestamp="2019-01-09T09:13:46.892" durationms="803.919" />

<exclusive-start id="1941" timestamp="2019-01-09T09:13:46.892" intervalms="804.091">
  <response-info timems="0.041" idlems="0.022" threads="1" lastid="0000000002526C00" lastname="EntChangeRecService_queue1_T" />
</exclusive-start>
<af-start id="1942" threadId="000000000253DB60" totalBytesRequested="48" timestamp="2019-01-09T09:13:46.892" intervalms="804.080" type="nursery" />
<percolate-collect id="1943" from="nursery" to="global" reason="insufficient remaining tenure space" timestamp="2019-01-09T09:13:46.892"/>
<cycle-start id="1944" type="global" contextid="0" timestamp="2019-01-09T09:13:46.892" intervalms="411.899" />
<gc-start id="1945" type="global" contextid="1944" timestamp="2019-01-09T09:13:46.892">
  <mem-info id="1946" free="12145616" total="912261120" percent="1">
    <mem type="nursery" free="0" total="228065280" percent="0">
      <mem type="allocate" free="0" total="114032640" percent="0" />
      <mem type="survivor" free="0" total="114032640" percent="0" />
    </mem>
    <mem type="tenure" free="12145616" total="684195840" percent="1">
      <mem type="soa" free="5304272" total="677354496" percent="0" />
      <mem type="loa" free="6841344" total="6841344" percent="100" />
    </mem>
    <remembered-set count="151066" />
  </mem-info>
</gc-start>
<allocation-stats totalBytes="24" >
  <allocated-bytes non-tlh="24" tlh="0" />
  <largest-consumer threadName="QueryReceiver" threadId="0000000001DA2200" bytes="24" />
</allocation-stats>
<gc-op id="1947" type="mark" timems="234.440" contextid="1944" timestamp="2019-01-09T09:13:47.127">
  <trace-info objectcount="23580692" scancount="17628665" scanbytes="473249508" />
  <finalization candidates="729" enqueued="0" />
  <ownableSynchronizers candidates="499193" cleared="0" />
  <references type="soft" candidates="6323" cleared="0" enqueued="0" dynamicThreshold="0" maxThreshold="32" />
  <references type="weak" candidates="7034" cleared="0" enqueued="0" />
  <references type="phantom" candidates="106" cleared="0" enqueued="0" />
  <stringconstants candidates="19039" cleared="0"  />
</gc-op>
<gc-op id="1948" type="sweep" timems="5.773" contextid="1944" timestamp="2019-01-09T09:13:47.132" />
<mem-info id="1949" free="12149720" total="912261120" percent="1">
  <mem type="nursery" free="1536" total="228065280" percent="0">
    <mem type="allocate" free="1536" total="114032640" percent="0" />
    <mem type="survivor" free="0" total="114032640" percent="0" />
  </mem>
  <mem type="tenure" free="12148184" total="684195840" percent="1" micro-fragmented="135620" macro-fragmented="0">
    <mem type="soa" free="5306840" total="677354496" percent="0" />
    <mem type="loa" free="6841344" total="6841344" percent="100" />
  </mem>
  <remembered-set count="151066" />
</mem-info>
<gc-op id="1950" type="compact" timems="254.354" contextid="1944" timestamp="2019-01-09T09:13:47.387">
  <compact-info movecount="0" movebytes="0" reason="low free space (less than 4%)" />
</gc-op>
<gc-end id="1951" type="global" contextid="1944" durationms="495.245" usertimems="4436.809" systemtimems="19.596" timestamp="2019-01-09T09:13:47.387" activeThreads="16">
  <mem-info id="1952" free="12145616" total="912261120" percent="1">
    <mem type="nursery" free="0" total="228065280" percent="0">
      <mem type="allocate" free="0" total="114032640" percent="0" />
      <mem type="survivor" free="0" total="114032640" percent="0" />
    </mem>
    <mem type="tenure" free="12145616" total="684195840" percent="1">
      <mem type="soa" free="5304272" total="677354496" percent="0" />
      <mem type="loa" free="6841344" total="6841344" percent="100" />
    </mem>
    <remembered-set count="151066" />
  </mem-info>
</gc-end>
<cycle-end id="1953" type="global" contextid="1944" timestamp="2019-01-09T09:13:47.388" />
<percolate-collect id="1954" from="nursery" to="global" reason="insufficient remaining tenure space" timestamp="2019-01-09T09:13:47.388"/>
<cycle-start id="1955" type="global" contextid="0" timestamp="2019-01-09T09:13:47.388" intervalms="495.656" />
<gc-start id="1956" type="global" contextid="1955" timestamp="2019-01-09T09:13:47.388">
  <mem-info id="1957" free="12145616" total="912261120" percent="1">
    <mem type="nursery" free="0" total="228065280" percent="0">
      <mem type="allocate" free="0" total="114032640" percent="0" />
      <mem type="survivor" free="0" total="114032640" percent="0" />
    </mem>
    <mem type="tenure" free="12145616" total="684195840" percent="1">
      <mem type="soa" free="5304272" total="677354496" percent="0" />
      <mem type="loa" free="6841344" total="6841344" percent="100" />
    </mem>
    <remembered-set count="151066" />
  </mem-info>
</gc-start>
<allocation-stats totalBytes="0" >
  <allocated-bytes non-tlh="0" tlh="0" />
</allocation-stats>
<gc-op id="1958" type="mark" timems="254.643" contextid="1955" timestamp="2019-01-09T09:13:47.642">
  <trace-info objectcount="23580692" scancount="17628665" scanbytes="473249508" />
  <finalization candidates="729" enqueued="0" />
  <ownableSynchronizers candidates="499193" cleared="0" />
  <references type="soft" candidates="6323" cleared="0" enqueued="0" dynamicThreshold="0" maxThreshold="32" />
  <references type="weak" candidates="7034" cleared="0" enqueued="0" />
  <references type="phantom" candidates="106" cleared="0" enqueued="0" />
  <stringconstants candidates="19039" cleared="0"  />
</gc-op>
<gc-op id="1959" type="sweep" timems="8.478" contextid="1955" timestamp="2019-01-09T09:13:47.651" />
<mem-info id="1960" free="12149720" total="912261120" percent="1">
  <mem type="nursery" free="1536" total="228065280" percent="0">
    <mem type="allocate" free="1536" total="114032640" percent="0" />
    <mem type="survivor" free="0" total="114032640" percent="0" />
  </mem>
  <mem type="tenure" free="12148184" total="684195840" percent="1" micro-fragmented="135620" macro-fragmented="0">
    <mem type="soa" free="5306840" total="677354496" percent="0" />
    <mem type="loa" free="6841344" total="6841344" percent="100" />
  </mem>
  <remembered-set count="151066" />
</mem-info>
<gc-op id="1961" type="compact" timems="195.748" contextid="1955" timestamp="2019-01-09T09:13:47.847">
  <compact-info movecount="0" movebytes="0" reason="low free space (less than 4%)" />
</gc-op>
<gc-end id="1962" type="global" contextid="1955" durationms="459.551" usertimems="4402.220" systemtimems="31.621" timestamp="2019-01-09T09:13:47.847" activeThreads="16">
  <mem-info id="1963" free="12145616" total="912261120" percent="1">
    <mem type="nursery" free="0" total="228065280" percent="0">
      <mem type="allocate" free="0" total="114032640" percent="0" />
      <mem type="survivor" free="0" total="114032640" percent="0" />
    </mem>
    <mem type="tenure" free="12145616" total="684195840" percent="1">
      <mem type="soa" free="5304272" total="677354496" percent="0" />
      <mem type="loa" free="6841344" total="6841344" percent="100" />
    </mem>
    <remembered-set count="151066" />
  </mem-info>
</gc-end>
<cycle-end id="1964" type="global" contextid="1955" timestamp="2019-01-09T09:13:47.848" />
<allocation-satisfied id="1965" threadId="000000000253D200" bytesRequested="48" />
<af-end id="1966" timestamp="2019-01-09T09:13:47.848" threadId="000000000253DB60" success="true" from="tenure-soa"/>
<exclusive-end id="1967" timestamp="2019-01-09T09:13:47.848" durationms="956.635" />

<exclusive-start id="1968" timestamp="2019-01-09T09:13:47.849" intervalms="957.137">
  <response-info timems="0.444" idlems="0.444" threads="0" lastid="000000000256E400" lastname="dw-94 - GET /api/res/v1/tree?includeMocs=director.vdc" />
</exclusive-start>
<af-start id="1969" threadId="000000000256ED60" totalBytesRequested="72" timestamp="2019-01-09T09:13:47.849" intervalms="957.151" type="nursery" />
<percolate-collect id="1970" from="nursery" to="global" reason="insufficient remaining tenure space" timestamp="2019-01-09T09:13:47.849"/>
<cycle-start id="1971" type="global" contextid="0" timestamp="2019-01-09T09:13:47.849" intervalms="461.509" />
<gc-start id="1972" type="global" contextid="1971" timestamp="2019-01-09T09:13:47.849">
  <mem-info id="1973" free="12144808" total="912261120" percent="1">
    <mem type="nursery" free="0" total="228065280" percent="0">
      <mem type="allocate" free="0" total="114032640" percent="0" />
      <mem type="survivor" free="0" total="114032640" percent="0" />
    </mem>
    <mem type="tenure" free="12144808" total="684195840" percent="1">
      <mem type="soa" free="5303464" total="677354496" percent="0" />
      <mem type="loa" free="6841344" total="6841344" percent="100" />
    </mem>
    <remembered-set count="151067" />
  </mem-info>
</gc-start>
<allocation-stats totalBytes="48" >
  <allocated-bytes non-tlh="48" tlh="0" />
  <largest-consumer threadName="Thread-19" threadId="000000000253D200" bytes="48" />
</allocation-stats>
<gc-op id="1974" type="mark" timems="202.085" contextid="1971" timestamp="2019-01-09T09:13:48.052">
  <trace-info objectcount="23580693" scancount="17628669" scanbytes="473249556" />
  <finalization candidates="729" enqueued="0" />
  <ownableSynchronizers candidates="499193" cleared="0" />
  <references type="soft" candidates="6323" cleared="0" enqueued="0" dynamicThreshold="0" maxThreshold="32" />
  <references type="weak" candidates="7034" cleared="0" enqueued="0" />
  <references type="phantom" candidates="106" cleared="0" enqueued="0" />
  <stringconstants candidates="19039" cleared="0"  />
</gc-op>
<gc-op id="1975" type="sweep" timems="6.232" contextid="1971" timestamp="2019-01-09T09:13:48.058" />
<mem-info id="1976" free="12148912" total="912261120" percent="1">
  <mem type="nursery" free="1536" total="228065280" percent="0">
    <mem type="allocate" free="1536" total="114032640" percent="0" />
    <mem type="survivor" free="0" total="114032640" percent="0" />
  </mem>
  <mem type="tenure" free="12147376" total="684195840" percent="1" micro-fragmented="135620" macro-fragmented="0">
    <mem type="soa" free="5306032" total="677354496" percent="0" />
    <mem type="loa" free="6841344" total="6841344" percent="100" />
  </mem>
  <remembered-set count="151067" />
</mem-info>
<gc-op id="1977" type="compact" timems="209.664" contextid="1971" timestamp="2019-01-09T09:13:48.268">
  <compact-info movecount="0" movebytes="0" reason="low free space (less than 4%)" />
</gc-op>
<gc-end id="1978" type="global" contextid="1971" durationms="418.730" usertimems="4492.049" systemtimems="17.118" timestamp="2019-01-09T09:13:48.268" activeThreads="16">
  <mem-info id="1979" free="12144808" total="912261120" percent="1">
    <mem type="nursery" free="0" total="228065280" percent="0">
      <mem type="allocate" free="0" total="114032640" percent="0" />
      <mem type="survivor" free="0" total="114032640" percent="0" />
    </mem>
    <mem type="tenure" free="12144808" total="684195840" percent="1">
      <mem type="soa" free="5303464" total="677354496" percent="0" />
      <mem type="loa" free="6841344" total="6841344" percent="100" />
    </mem>
    <remembered-set count="151067" />
  </mem-info>
</gc-end>
<cycle-end id="1980" type="global" contextid="1971" timestamp="2019-01-09T09:13:48.268" />
<percolate-collect id="1981" from="nursery" to="global" reason="insufficient remaining tenure space" timestamp="2019-01-09T09:13:48.268"/>
<cycle-start id="1982" type="global" contextid="0" timestamp="2019-01-09T09:13:48.268" intervalms="419.221" />
<gc-start id="1983" type="global" contextid="1982" timestamp="2019-01-09T09:13:48.269">
  <mem-info id="1984" free="12144808" total="912261120" percent="1">
    <mem type="nursery" free="0" total="228065280" percent="0">
      <mem type="allocate" free="0" total="114032640" percent="0" />
      <mem type="survivor" free="0" total="114032640" percent="0" />
    </mem>
    <mem type="tenure" free="12144808" total="684195840" percent="1">
      <mem type="soa" free="5303464" total="677354496" percent="0" />
      <mem type="loa" free="6841344" total="6841344" percent="100" />
    </mem>
    <remembered-set count="151067" />
  </mem-info>
</gc-start>
<allocation-stats totalBytes="0" >
  <allocated-bytes non-tlh="0" tlh="0" />
</allocation-stats>
<gc-op id="1985" type="mark" timems="195.537" contextid="1982" timestamp="2019-01-09T09:13:48.464">
  <trace-info objectcount="23580693" scancount="17628669" scanbytes="473249556" />
  <finalization candidates="729" enqueued="0" />
  <ownableSynchronizers candidates="499193" cleared="0" />
  <references type="soft" candidates="6323" cleared="0" enqueued="0" dynamicThreshold="0" maxThreshold="32" />
  <references type="weak" candidates="7034" cleared="0" enqueued="0" />
  <references type="phantom" candidates="106" cleared="0" enqueued="0" />
  <stringconstants candidates="19039" cleared="0"  />
</gc-op>
<gc-op id="1986" type="sweep" timems="6.149" contextid="1982" timestamp="2019-01-09T09:13:48.470" />
<mem-info id="1987" free="12148912" total="912261120" percent="1">
  <mem type="nursery" free="1536" total="228065280" percent="0">
    <mem type="allocate" free="1536" total="114032640" percent="0" />
    <mem type="survivor" free="0" total="114032640" percent="0" />
  </mem>
  <mem type="tenure" free="12147376" total="684195840" percent="1" micro-fragmented="135620" macro-fragmented="0">
    <mem type="soa" free="5306032" total="677354496" percent="0" />
    <mem type="loa" free="6841344" total="6841344" percent="100" />
  </mem>
  <remembered-set count="151067" />
</mem-info>
<gc-op id="1988" type="compact" timems="195.400" contextid="1982" timestamp="2019-01-09T09:13:48.666">
  <compact-info movecount="0" movebytes="0" reason="low free space (less than 4%)" />
</gc-op>
<gc-end id="1989" type="global" contextid="1982" durationms="397.707" usertimems="4468.032" systemtimems="21.419" timestamp="2019-01-09T09:13:48.666" activeThreads="16">
  <mem-info id="1990" free="12144808" total="912261120" percent="1">
    <mem type="nursery" free="0" total="228065280" percent="0">
      <mem type="allocate" free="0" total="114032640" percent="0" />
      <mem type="survivor" free="0" total="114032640" percent="0" />
    </mem>
    <mem type="tenure" free="12144808" total="684195840" percent="1">
      <mem type="soa" free="5303464" total="677354496" percent="0" />
      <mem type="loa" free="6841344" total="6841344" percent="100" />
    </mem>
    <remembered-set count="151067" />
  </mem-info>
</gc-end>
<cycle-end id="1991" type="global" contextid="1982" timestamp="2019-01-09T09:13:48.666" />
<allocation-satisfied id="1992" threadId="000000000256E400" bytesRequested="72" />
<af-end id="1993" timestamp="2019-01-09T09:13:48.666" threadId="000000000256ED60" success="true" from="tenure-soa"/>
<exclusive-end id="1994" timestamp="2019-01-09T09:13:48.667" durationms="817.752" />

<exclusive-start id="1995" timestamp="2019-01-09T09:13:48.667" intervalms="817.915">
  <response-info timems="0.132" idlems="0.132" threads="0" lastid="0000000002545A00" lastname="dw-101 - GET /api/res/v1/tree?includeMocs=director.vdc" />
</exclusive-start>
<af-start id="1996" threadId="0000000002546360" totalBytesRequested="48" timestamp="2019-01-09T09:13:48.667" intervalms="817.850" type="nursery" />
<percolate-collect id="1997" from="nursery" to="global" reason="insufficient remaining tenure space" timestamp="2019-01-09T09:13:48.667"/>
<cycle-start id="1998" type="global" contextid="0" timestamp="2019-01-09T09:13:48.667" intervalms="398.612" />
<gc-start id="1999" type="global" contextid="1998" timestamp="2019-01-09T09:13:48.667">
  <mem-info id="2000" free="12144736" total="912261120" percent="1">
    <mem type="nursery" free="0" total="228065280" percent="0">
      <mem type="allocate" free="0" total="114032640" percent="0" />
      <mem type="survivor" free="0" total="114032640" percent="0" />
    </mem>
    <mem type="tenure" free="12144736" total="684195840" percent="1">
      <mem type="soa" free="5303392" total="677354496" percent="0" />
      <mem type="loa" free="6841344" total="6841344" percent="100" />
    </mem>
    <remembered-set count="151068" />
  </mem-info>
</gc-start>
<allocation-stats totalBytes="72" >
  <allocated-bytes non-tlh="72" tlh="0" />
  <largest-consumer threadName="dw-94 - GET /api/res/v1/tree?includeMocs=director.vdc" threadId="000000000256E400" bytes="72" />
</allocation-stats>
<gc-op id="2001" type="mark" timems="230.671" contextid="1998" timestamp="2019-01-09T09:13:48.898">
  <trace-info objectcount="23580693" scancount="17628666" scanbytes="473249556" />
  <finalization candidates="729" enqueued="0" />
  <ownableSynchronizers candidates="499193" cleared="0" />
  <references type="soft" candidates="6323" cleared="0" enqueued="0" dynamicThreshold="0" maxThreshold="32" />
  <references type="weak" candidates="7034" cleared="0" enqueued="0" />
  <references type="phantom" candidates="106" cleared="0" enqueued="0" />
  <stringconstants candidates="19039" cleared="0"  />
</gc-op>
<gc-op id="2002" type="sweep" timems="9.141" contextid="1998" timestamp="2019-01-09T09:13:48.907" />
<mem-info id="2003" free="12148912" total="912261120" percent="1">
  <mem type="nursery" free="1536" total="228065280" percent="0">
    <mem type="allocate" free="1536" total="114032640" percent="0" />
    <mem type="survivor" free="0" total="114032640" percent="0" />
  </mem>
  <mem type="tenure" free="12147376" total="684195840" percent="1" micro-fragmented="135620" macro-fragmented="0">
    <mem type="soa" free="5306032" total="677354496" percent="0" />
    <mem type="loa" free="6841344" total="6841344" percent="100" />
  </mem>
  <remembered-set count="151067" />
</mem-info>
<gc-op id="2004" type="compact" timems="216.419" contextid="1998" timestamp="2019-01-09T09:13:49.124">
  <compact-info movecount="0" movebytes="0" reason="low free space (less than 4%)" />
</gc-op>
<gc-end id="2005" type="global" contextid="1998" durationms="456.948" usertimems="4524.705" systemtimems="18.313" timestamp="2019-01-09T09:13:49.124" activeThreads="16">
  <mem-info id="2006" free="12144808" total="912261120" percent="1">
    <mem type="nursery" free="0" total="228065280" percent="0">
      <mem type="allocate" free="0" total="114032640" percent="0" />
      <mem type="survivor" free="0" total="114032640" percent="0" />
    </mem>
    <mem type="tenure" free="12144808" total="684195840" percent="1">
      <mem type="soa" free="5303464" total="677354496" percent="0" />
      <mem type="loa" free="6841344" total="6841344" percent="100" />
    </mem>
    <remembered-set count="151067" />
  </mem-info>
</gc-end>
<cycle-end id="2007" type="global" contextid="1998" timestamp="2019-01-09T09:13:49.124" />
<percolate-collect id="2008" from="nursery" to="global" reason="insufficient remaining tenure space" timestamp="2019-01-09T09:13:49.125"/>
<cycle-start id="2009" type="global" contextid="0" timestamp="2019-01-09T09:13:49.125" intervalms="457.571" />
<gc-start id="2010" type="global" contextid="2009" timestamp="2019-01-09T09:13:49.125">
  <mem-info id="2011" free="12144808" total="912261120" percent="1">
    <mem type="nursery" free="0" total="228065280" percent="0">
      <mem type="allocate" free="0" total="114032640" percent="0" />
      <mem type="survivor" free="0" total="114032640" percent="0" />
    </mem>
    <mem type="tenure" free="12144808" total="684195840" percent="1">
      <mem type="soa" free="5303464" total="677354496" percent="0" />
      <mem type="loa" free="6841344" total="6841344" percent="100" />
    </mem>
    <remembered-set count="151067" />
  </mem-info>
</gc-start>
<allocation-stats totalBytes="0" >
  <allocated-bytes non-tlh="0" tlh="0" />
</allocation-stats>
<gc-op id="2012" type="mark" timems="235.168" contextid="2009" timestamp="2019-01-09T09:13:49.360">
  <trace-info objectcount="23580693" scancount="17628667" scanbytes="473249556" />
  <finalization candidates="729" enqueued="0" />
  <ownableSynchronizers candidates="499193" cleared="0" />
  <references type="soft" candidates="6323" cleared="0" enqueued="0" dynamicThreshold="0" maxThreshold="32" />
  <references type="weak" candidates="7034" cleared="0" enqueued="0" />
  <references type="phantom" candidates="106" cleared="0" enqueued="0" />
  <stringconstants candidates="19039" cleared="0"  />
</gc-op>
<gc-op id="2013" type="sweep" timems="5.919" contextid="2009" timestamp="2019-01-09T09:13:49.366" />
<mem-info id="2014" free="12148912" total="912261120" percent="1">
  <mem type="nursery" free="1536" total="228065280" percent="0">
    <mem type="allocate" free="1536" total="114032640" percent="0" />
    <mem type="survivor" free="0" total="114032640" percent="0" />
  </mem>
  <mem type="tenure" free="12147376" total="684195840" percent="1" micro-fragmented="135620" macro-fragmented="0">
    <mem type="soa" free="5306032" total="677354496" percent="0" />
    <mem type="loa" free="6841344" total="6841344" percent="100" />
  </mem>
  <remembered-set count="151067" />
</mem-info>
<gc-op id="2015" type="compact" timems="219.184" contextid="2009" timestamp="2019-01-09T09:13:49.585">
  <compact-info movecount="0" movebytes="0" reason="low free space (less than 4%)" />
</gc-op>
<gc-end id="2016" type="global" contextid="2009" durationms="460.850" usertimems="4482.979" systemtimems="10.414" timestamp="2019-01-09T09:13:49.586" activeThreads="16">
  <mem-info id="2017" free="12144808" total="912261120" percent="1">
    <mem type="nursery" free="0" total="228065280" percent="0">
      <mem type="allocate" free="0" total="114032640" percent="0" />
      <mem type="survivor" free="0" total="114032640" percent="0" />
    </mem>
    <mem type="tenure" free="12144808" total="684195840" percent="1">
      <mem type="soa" free="5303464" total="677354496" percent="0" />
      <mem type="loa" free="6841344" total="6841344" percent="100" />
    </mem>
    <remembered-set count="151067" />
  </mem-info>
</gc-end>
<cycle-end id="2018" type="global" contextid="2009" timestamp="2019-01-09T09:13:49.586" />
<allocation-satisfied id="2019" threadId="0000000002545A00" bytesRequested="48" />
<af-end id="2020" timestamp="2019-01-09T09:13:49.586" threadId="0000000002546360" success="true" from="tenure-soa"/>
<exclusive-end id="2021" timestamp="2019-01-09T09:13:49.586" durationms="919.087" />

<exclusive-start id="2022" timestamp="2019-01-09T09:13:49.586" intervalms="919.505">
  <response-info timems="0.313" idlems="0.313" threads="0" lastid="0000000001D9FB00" lastname="getKeyCenterExecuter" />
</exclusive-start>
<af-start id="2023" threadId="0000000001DA0460" totalBytesRequested="1040" timestamp="2019-01-09T09:13:49.587" intervalms="919.561" type="nursery" />
<percolate-collect id="2024" from="nursery" to="global" reason="insufficient remaining tenure space" timestamp="2019-01-09T09:13:49.587"/>
<cycle-start id="2025" type="global" contextid="0" timestamp="2019-01-09T09:13:49.587" intervalms="462.015" />
<gc-start id="2026" type="global" contextid="2025" timestamp="2019-01-09T09:13:49.587">
  <mem-info id="2027" free="12144760" total="912261120" percent="1">
    <mem type="nursery" free="0" total="228065280" percent="0">
      <mem type="allocate" free="0" total="114032640" percent="0" />
      <mem type="survivor" free="0" total="114032640" percent="0" />
    </mem>
    <mem type="tenure" free="12144760" total="684195840" percent="1">
      <mem type="soa" free="5303416" total="677354496" percent="0" />
      <mem type="loa" free="6841344" total="6841344" percent="100" />
    </mem>
    <remembered-set count="151067" />
  </mem-info>
</gc-start>
<allocation-stats totalBytes="48" >
  <allocated-bytes non-tlh="48" tlh="0" />
  <largest-consumer threadName="dw-101 - GET /api/res/v1/tree?includeMocs=director.vdc" threadId="0000000002545A00" bytes="48" />
</allocation-stats>
<gc-op id="2028" type="mark" timems="220.731" contextid="2025" timestamp="2019-01-09T09:13:49.808">
  <trace-info objectcount="23580694" scancount="17628666" scanbytes="473249556" />
  <finalization candidates="729" enqueued="0" />
  <ownableSynchronizers candidates="499193" cleared="0" />
  <references type="soft" candidates="6323" cleared="0" enqueued="0" dynamicThreshold="0" maxThreshold="32" />
  <references type="weak" candidates="7034" cleared="0" enqueued="0" />
  <references type="phantom" candidates="106" cleared="0" enqueued="0" />
  <stringconstants candidates="19039" cleared="0"  />
</gc-op>
<gc-op id="2029" type="sweep" timems="5.821" contextid="2025" timestamp="2019-01-09T09:13:49.813" />
<mem-info id="2030" free="12148864" total="912261120" percent="1">
  <mem type="nursery" free="1536" total="228065280" percent="0">
    <mem type="allocate" free="1536" total="114032640" percent="0" />
    <mem type="survivor" free="0" total="114032640" percent="0" />
  </mem>
  <mem type="tenure" free="12147328" total="684195840" percent="1" micro-fragmented="135620" macro-fragmented="0">
    <mem type="soa" free="5305984" total="677354496" percent="0" />
    <mem type="loa" free="6841344" total="6841344" percent="100" />
  </mem>
  <remembered-set count="151067" />
</mem-info>
<gc-op id="2031" type="compact" timems="186.955" contextid="2025" timestamp="2019-01-09T09:13:50.001">
  <compact-info movecount="0" movebytes="0" reason="low free space (less than 4%)" />
</gc-op>
<gc-end id="2032" type="global" contextid="2025" durationms="414.182" usertimems="4492.303" systemtimems="31.954" timestamp="2019-01-09T09:13:50.001" activeThreads="16">
  <mem-info id="2033" free="12144760" total="912261120" percent="1">
    <mem type="nursery" free="0" total="228065280" percent="0">
      <mem type="allocate" free="0" total="114032640" percent="0" />
      <mem type="survivor" free="0" total="114032640" percent="0" />
    </mem>
    <mem type="tenure" free="12144760" total="684195840" percent="1">
      <mem type="soa" free="5303416" total="677354496" percent="0" />
      <mem type="loa" free="6841344" total="6841344" percent="100" />
    </mem>
    <remembered-set count="151067" />
  </mem-info>
</gc-end>
<cycle-end id="2034" type="global" contextid="2025" timestamp="2019-01-09T09:13:50.001" />
<percolate-collect id="2035" from="nursery" to="global" reason="insufficient remaining tenure space" timestamp="2019-01-09T09:13:50.001"/>
<cycle-start id="2036" type="global" contextid="0" timestamp="2019-01-09T09:13:50.001" intervalms="414.645" />
<gc-start id="2037" type="global" contextid="2036" timestamp="2019-01-09T09:13:50.001">
  <mem-info id="2038" free="12144760" total="912261120" percent="1">
    <mem type="nursery" free="0" total="228065280" percent="0">
      <mem type="allocate" free="0" total="114032640" percent="0" />
      <mem type="survivor" free="0" total="114032640" percent="0" />
    </mem>
    <mem type="tenure" free="12144760" total="684195840" percent="1">
      <mem type="soa" free="5303416" total="677354496" percent="0" />
      <mem type="loa" free="6841344" total="6841344" percent="100" />
    </mem>
    <remembered-set count="151067" />
  </mem-info>
</gc-start>
<allocation-stats totalBytes="0" >
  <allocated-bytes non-tlh="0" tlh="0" />
</allocation-stats>
<gc-op id="2039" type="mark" timems="249.421" contextid="2036" timestamp="2019-01-09T09:13:50.251">
  <trace-info objectcount="23580694" scancount="17628660" scanbytes="473249556" />
  <finalization candidates="729" enqueued="0" />
  <ownableSynchronizers candidates="499193" cleared="0" />
  <references type="soft" candidates="6323" cleared="0" enqueued="0" dynamicThreshold="0" maxThreshold="32" />
  <references type="weak" candidates="7034" cleared="0" enqueued="0" />
  <references type="phantom" candidates="106" cleared="0" enqueued="0" />
  <stringconstants candidates="19039" cleared="0"  />
</gc-op>
<gc-op id="2040" type="sweep" timems="12.837" contextid="2036" timestamp="2019-01-09T09:13:50.264" />
<mem-info id="2041" free="12148864" total="912261120" percent="1">
  <mem type="nursery" free="1536" total="228065280" percent="0">
    <mem type="allocate" free="1536" total="114032640" percent="0" />
    <mem type="survivor" free="0" total="114032640" percent="0" />
  </mem>
  <mem type="tenure" free="12147328" total="684195840" percent="1" micro-fragmented="135620" macro-fragmented="0">
    <mem type="soa" free="5305984" total="677354496" percent="0" />
    <mem type="loa" free="6841344" total="6841344" percent="100" />
  </mem>
  <remembered-set count="151067" />
</mem-info>
<gc-op id="2042" type="compact" timems="259.628" contextid="2036" timestamp="2019-01-09T09:13:50.524">
  <compact-info movecount="0" movebytes="0" reason="low free space (less than 4%)" />
</gc-op>
<gc-end id="2043" type="global" contextid="2036" durationms="522.553" usertimems="4521.748" systemtimems="11.921" timestamp="2019-01-09T09:13:50.524" activeThreads="16">
  <mem-info id="2044" free="12144760" total="912261120" percent="1">
    <mem type="nursery" free="0" total="228065280" percent="0">
      <mem type="allocate" free="0" total="114032640" percent="0" />
      <mem type="survivor" free="0" total="114032640" percent="0" />
    </mem>
    <mem type="tenure" free="12144760" total="684195840" percent="1">
      <mem type="soa" free="5303416" total="677354496" percent="0" />
      <mem type="loa" free="6841344" total="6841344" percent="100" />
    </mem>
    <remembered-set count="151067" />
  </mem-info>
</gc-end>
<cycle-end id="2045" type="global" contextid="2036" timestamp="2019-01-09T09:13:50.524" />
<allocation-satisfied id="2046" threadId="0000000001D9FB00" bytesRequested="1040" />
<af-end id="2047" timestamp="2019-01-09T09:13:50.524" threadId="0000000001DA0460" success="true" from="tenure-soa"/>
<exclusive-end id="2048" timestamp="2019-01-09T09:13:50.524" durationms="937.989" />

<exclusive-start id="2049" timestamp="2019-01-09T09:13:50.525" intervalms="938.428">
  <response-info timems="0.039" idlems="0.039" threads="0" lastid="000000000285F300" lastname="dw-108 - GET /api/res/v1/tree?includeMocs=director.vdc" />
</exclusive-start>
<af-start id="2050" threadId="000000000285FC60" totalBytesRequested="48" timestamp="2019-01-09T09:13:50.525" intervalms="938.425" type="nursery" />
<percolate-collect id="2051" from="nursery" to="global" reason="insufficient remaining tenure space" timestamp="2019-01-09T09:13:50.525"/>
<cycle-start id="2052" type="global" contextid="0" timestamp="2019-01-09T09:13:50.525" intervalms="523.761" />
<gc-start id="2053" type="global" contextid="2052" timestamp="2019-01-09T09:13:50.525">
  <mem-info id="2054" free="12143720" total="912261120" percent="1">
    <mem type="nursery" free="0" total="228065280" percent="0">
      <mem type="allocate" free="0" total="114032640" percent="0" />
      <mem type="survivor" free="0" total="114032640" percent="0" />
    </mem>
    <mem type="tenure" free="12143720" total="684195840" percent="1">
      <mem type="soa" free="5302376" total="677354496" percent="0" />
      <mem type="loa" free="6841344" total="6841344" percent="100" />
    </mem>
    <remembered-set count="151067" />
  </mem-info>
</gc-start>
<allocation-stats totalBytes="1040" >
  <allocated-bytes non-tlh="1040" tlh="0" />
  <largest-consumer threadName="getKeyCenterExecuter" threadId="0000000001D9FB00" bytes="1040" />
</allocation-stats>
<gc-op id="2055" type="mark" timems="239.561" contextid="2052" timestamp="2019-01-09T09:13:50.765">
  <trace-info objectcount="23580694" scancount="17628667" scanbytes="473249556" />
  <finalization candidates="729" enqueued="0" />
  <ownableSynchronizers candidates="499193" cleared="0" />
  <references type="soft" candidates="6323" cleared="0" enqueued="0" dynamicThreshold="0" maxThreshold="32" />
  <references type="weak" candidates="7034" cleared="0" enqueued="0" />
  <references type="phantom" candidates="106" cleared="0" enqueued="0" />
  <stringconstants candidates="19039" cleared="0"  />
</gc-op>
<gc-op id="2056" type="sweep" timems="9.199" contextid="2052" timestamp="2019-01-09T09:13:50.774" />
<mem-info id="2057" free="12148856" total="912261120" percent="1">
  <mem type="nursery" free="2568" total="228065280" percent="0">
    <mem type="allocate" free="2568" total="114032640" percent="0" />
    <mem type="survivor" free="0" total="114032640" percent="0" />
  </mem>
  <mem type="tenure" free="12146288" total="684195840" percent="1" micro-fragmented="135620" macro-fragmented="56347">
    <mem type="soa" free="5304944" total="677354496" percent="0" />
    <mem type="loa" free="6841344" total="6841344" percent="100" />
  </mem>
  <remembered-set count="151067" />
</mem-info>
<gc-op id="2058" type="compact" timems="233.555" contextid="2052" timestamp="2019-01-09T09:13:51.008">
  <compact-info movecount="300" movebytes="10408" reason="low free space (less than 4%)" />
</gc-op>
<gc-end id="2059" type="global" contextid="2052" durationms="482.997" usertimems="4417.116" systemtimems="16.514" timestamp="2019-01-09T09:13:51.008" activeThreads="16">
  <mem-info id="2060" free="12144840" total="912261120" percent="1">
    <mem type="nursery" free="1120" total="228065280" percent="0">
      <mem type="allocate" free="1120" total="114032640" percent="0" />
      <mem type="survivor" free="0" total="114032640" percent="0" />
    </mem>
    <mem type="tenure" free="12143720" total="684195840" percent="1">
      <mem type="soa" free="5302376" total="677354496" percent="0" />
      <mem type="loa" free="6841344" total="6841344" percent="100" />
    </mem>
    <remembered-set count="151067" />
  </mem-info>
</gc-end>
<cycle-end id="2061" type="global" contextid="2052" timestamp="2019-01-09T09:13:51.008" />
<concurrent-kickoff id="2062" timestamp="2019-01-09T09:13:51.008">
  <kickoff reason="threshold reached" targetBytes="76351484" thresholdFreeBytes="9514007"  remainingFree="1072" tenureFreeBytes="12143720" nurseryFreeBytes="1072" />
</concurrent-kickoff>
<allocation-satisfied id="2063" threadId="000000000285F300" bytesRequested="48" />
<af-end id="2064" timestamp="2019-01-09T09:13:51.008" threadId="000000000285FC60" success="true" from="nursery"/>
<exclusive-end id="2065" timestamp="2019-01-09T09:13:51.009" durationms="483.731" />

<exclusive-start id="2066" timestamp="2019-01-09T09:13:51.009" intervalms="484.204">
  <response-info timems="0.448" idlems="0.229" threads="1" lastid="0000000002569C00" lastname="AuthLogoutListener" />
</exclusive-start>
<af-start id="2067" threadId="0000000002547360" totalBytesRequested="48" timestamp="2019-01-09T09:13:51.009" intervalms="484.154" type="nursery" />
<percolate-collect id="2068" from="nursery" to="global" reason="insufficient remaining tenure space" timestamp="2019-01-09T09:13:51.009"/>
<concurrent-aborted id="2069" timestamp="2019-01-09T09:13:51.009">
  <reason value="insufficient progress made" />
</concurrent-aborted>
<cycle-end id="2070" type="global" contextid="0" timestamp="2019-01-09T09:13:51.009" />
<cycle-start id="2071" type="global" contextid="0" timestamp="2019-01-09T09:13:51.009" intervalms="484.204" />
<gc-start id="2072" type="global" contextid="2071" timestamp="2019-01-09T09:13:51.009">
  <mem-info id="2073" free="12143720" total="912261120" percent="1">
    <mem type="nursery" free="0" total="228065280" percent="0">
      <mem type="allocate" free="0" total="114032640" percent="0" />
      <mem type="survivor" free="0" total="114032640" percent="0" />
    </mem>
    <mem type="tenure" free="12143720" total="684195840" percent="1">
      <mem type="soa" free="5302376" total="677354496" percent="0" />
      <mem type="loa" free="6841344" total="6841344" percent="100" />
    </mem>
    <remembered-set count="151067" />
  </mem-info>
</gc-start>
<allocation-stats totalBytes="1120" >
  <allocated-bytes non-tlh="48" tlh="1072" />
  <largest-consumer threadName="AuthLogoutListener" threadId="0000000002569C00" bytes="1072" />
</allocation-stats>
<gc-op id="2074" type="mark" timems="237.870" contextid="2071" timestamp="2019-01-09T09:13:51.247">
  <trace-info objectcount="23580689" scancount="17628661" scanbytes="473249412" />
  <finalization candidates="729" enqueued="0" />
  <ownableSynchronizers candidates="499193" cleared="0" />
  <references type="soft" candidates="6323" cleared="0" enqueued="0" dynamicThreshold="0" maxThreshold="32" />
  <references type="weak" candidates="7034" cleared="0" enqueued="0" />
  <references type="phantom" candidates="106" cleared="0" enqueued="0" />
  <stringconstants candidates="19039" cleared="0"  />
</gc-op>
<gc-op id="2075" type="sweep" timems="8.384" contextid="2071" timestamp="2019-01-09T09:13:51.256" />
<mem-info id="2076" free="12148896" total="912261120" percent="1">
  <mem type="nursery" free="2608" total="228065280" percent="0">
    <mem type="allocate" free="2608" total="114032640" percent="0" />
    <mem type="survivor" free="0" total="114032640" percent="0" />
  </mem>
  <mem type="tenure" free="12146288" total="684195840" percent="1" micro-fragmented="135620" macro-fragmented="0">
    <mem type="soa" free="5304944" total="677354496" percent="0" />
    <mem type="loa" free="6841344" total="6841344" percent="100" />
  </mem>
  <remembered-set count="151067" />
</mem-info>
<gc-op id="2077" type="compact" timems="236.532" contextid="2071" timestamp="2019-01-09T09:13:51.493">
  <compact-info movecount="323" movebytes="12776" reason="heap fragmented" />
</gc-op>
<gc-end id="2078" type="global" contextid="2071" durationms="483.439" usertimems="4401.310" systemtimems="12.432" timestamp="2019-01-09T09:13:51.493" activeThreads="16">
  <mem-info id="2079" free="12144936" total="912261120" percent="1">
    <mem type="nursery" free="1216" total="228065280" percent="0">
      <mem type="allocate" free="1216" total="114032640" percent="0" />
      <mem type="survivor" free="0" total="114032640" percent="0" />
    </mem>
    <mem type="tenure" free="12143720" total="684195840" percent="1">
      <mem type="soa" free="5302376" total="677354496" percent="0" />
      <mem type="loa" free="6841344" total="6841344" percent="100" />
    </mem>
    <remembered-set count="151067" />
  </mem-info>
</gc-end>
<cycle-end id="2080" type="global" contextid="2071" timestamp="2019-01-09T09:13:51.493" />
<concurrent-kickoff id="2081" timestamp="2019-01-09T09:13:51.493">
  <kickoff reason="threshold reached" targetBytes="76351484" thresholdFreeBytes="9514007"  remainingFree="1168" tenureFreeBytes="12143720" nurseryFreeBytes="1168" />
</concurrent-kickoff>
<allocation-satisfied id="2082" threadId="0000000002546A00" bytesRequested="48" />
<af-end id="2083" timestamp="2019-01-09T09:13:51.493" threadId="0000000002547360" success="true" from="nursery"/>
<exclusive-end id="2084" timestamp="2019-01-09T09:13:51.494" durationms="484.511" />

<exclusive-start id="2085" timestamp="2019-01-09T09:13:51.494" intervalms="484.957">
  <response-info timems="0.060" idlems="0.060" threads="0" lastid="000000000258C500" lastname="dw-89 - GET /api/res/v1/tree?includeMocs=director.vdc" />
</exclusive-start>
<af-start id="2086" threadId="000000000258CE60" totalBytesRequested="48" timestamp="2019-01-09T09:13:51.494" intervalms="484.960" type="nursery" />
<percolate-collect id="2087" from="nursery" to="global" reason="insufficient remaining tenure space" timestamp="2019-01-09T09:13:51.494"/>
<concurrent-aborted id="2088" timestamp="2019-01-09T09:13:51.494">
  <reason value="insufficient progress made" />
</concurrent-aborted>
<cycle-end id="2089" type="global" contextid="0" timestamp="2019-01-09T09:13:51.494" />
<cycle-start id="2090" type="global" contextid="0" timestamp="2019-01-09T09:13:51.494" intervalms="484.975" />
<gc-start id="2091" type="global" contextid="2090" timestamp="2019-01-09T09:13:51.494">
  <mem-info id="2092" free="12143720" total="912261120" percent="1">
    <mem type="nursery" free="0" total="228065280" percent="0">
      <mem type="allocate" free="0" total="114032640" percent="0" />
      <mem type="survivor" free="0" total="114032640" percent="0" />
    </mem>
    <mem type="tenure" free="12143720" total="684195840" percent="1">
      <mem type="soa" free="5302376" total="677354496" percent="0" />
      <mem type="loa" free="6841344" total="6841344" percent="100" />
    </mem>
    <remembered-set count="151068" />
  </mem-info>
</gc-start>
<allocation-stats totalBytes="1184" >
  <allocated-bytes non-tlh="48" tlh="1136" />
  <largest-consumer threadName="dw-103 - GET /api/res/v1/tree?includeMocs=director.vdc" threadId="000000000258EC00" bytes="1136" />
</allocation-stats>
<gc-op id="2093" type="mark" timems="220.638" contextid="2090" timestamp="2019-01-09T09:13:51.715">
  <trace-info objectcount="23580702" scancount="17628672" scanbytes="473249716" />
  <finalization candidates="729" enqueued="0" />
  <ownableSynchronizers candidates="499193" cleared="0" />
  <references type="soft" candidates="6323" cleared="0" enqueued="0" dynamicThreshold="0" maxThreshold="32" />
  <references type="weak" candidates="7034" cleared="0" enqueued="0" />
  <references type="phantom" candidates="106" cleared="0" enqueued="0" />
  <stringconstants candidates="19039" cleared="0"  />
</gc-op>
<gc-op id="2094" type="sweep" timems="8.227" contextid="2090" timestamp="2019-01-09T09:13:51.723" />
<mem-info id="2095" free="12147824" total="912261120" percent="1">
  <mem type="nursery" free="1536" total="228065280" percent="0">
    <mem type="allocate" free="1536" total="114032640" percent="0" />
    <mem type="survivor" free="0" total="114032640" percent="0" />
  </mem>
  <mem type="tenure" free="12146288" total="684195840" percent="1" micro-fragmented="135620" macro-fragmented="0">
    <mem type="soa" free="5304944" total="677354496" percent="0" />
    <mem type="loa" free="6841344" total="6841344" percent="100" />
  </mem>
  <remembered-set count="151068" />
</mem-info>
<gc-op id="2096" type="compact" timems="220.995" contextid="2090" timestamp="2019-01-09T09:13:51.945">
  <compact-info movecount="5775" movebytes="185128" reason="heap fragmented" />
</gc-op>
<gc-end id="2097" type="global" contextid="2090" durationms="450.475" usertimems="4401.819" systemtimems="11.948" timestamp="2019-01-09T09:13:51.945" activeThreads="16">
  <mem-info id="2098" free="12143720" total="912261120" percent="1">
    <mem type="nursery" free="0" total="228065280" percent="0">
      <mem type="allocate" free="0" total="114032640" percent="0" />
      <mem type="survivor" free="0" total="114032640" percent="0" />
    </mem>
    <mem type="tenure" free="12143720" total="684195840" percent="1">
      <mem type="soa" free="5302376" total="677354496" percent="0" />
      <mem type="loa" free="6841344" total="6841344" percent="100" />
    </mem>
    <remembered-set count="151068" />
  </mem-info>
</gc-end>
<cycle-end id="2099" type="global" contextid="2090" timestamp="2019-01-09T09:13:51.945" />
<percolate-collect id="2100" from="nursery" to="global" reason="insufficient remaining tenure space" timestamp="2019-01-09T09:13:51.945"/>
<cycle-start id="2101" type="global" contextid="0" timestamp="2019-01-09T09:13:51.945" intervalms="450.880" />
<gc-start id="2102" type="global" contextid="2101" timestamp="2019-01-09T09:13:51.945">
  <mem-info id="2103" free="12143720" total="912261120" percent="1">
    <mem type="nursery" free="0" total="228065280" percent="0">
      <mem type="allocate" free="0" total="114032640" percent="0" />
      <mem type="survivor" free="0" total="114032640" percent="0" />
    </mem>
    <mem type="tenure" free="12143720" total="684195840" percent="1">
      <mem type="soa" free="5302376" total="677354496" percent="0" />
      <mem type="loa" free="6841344" total="6841344" percent="100" />
    </mem>
    <remembered-set count="151068" />
  </mem-info>
</gc-start>
<allocation-stats totalBytes="0" >
  <allocated-bytes non-tlh="0" tlh="0" />
</allocation-stats>
<gc-op id="2104" type="mark" timems="246.554" contextid="2101" timestamp="2019-01-09T09:13:52.192">
  <trace-info objectcount="23580702" scancount="17628671" scanbytes="473249716" />
  <finalization candidates="729" enqueued="0" />
  <ownableSynchronizers candidates="499193" cleared="0" />
  <references type="soft" candidates="6323" cleared="0" enqueued="0" dynamicThreshold="0" maxThreshold="32" />
  <references type="weak" candidates="7034" cleared="0" enqueued="0" />
  <references type="phantom" candidates="106" cleared="0" enqueued="0" />
  <stringconstants candidates="19039" cleared="0"  />
</gc-op>
<gc-op id="2105" type="sweep" timems="10.355" contextid="2101" timestamp="2019-01-09T09:13:52.202" />
<mem-info id="2106" free="12147824" total="912261120" percent="1">
  <mem type="nursery" free="1536" total="228065280" percent="0">
    <mem type="allocate" free="1536" total="114032640" percent="0" />
    <mem type="survivor" free="0" total="114032640" percent="0" />
  </mem>
  <mem type="tenure" free="12146288" total="684195840" percent="1" micro-fragmented="135620" macro-fragmented="0">
    <mem type="soa" free="5304944" total="677354496" percent="0" />
    <mem type="loa" free="6841344" total="6841344" percent="100" />
  </mem>
  <remembered-set count="151068" />
</mem-info>
<gc-op id="2107" type="compact" timems="263.445" contextid="2101" timestamp="2019-01-09T09:13:52.466">
  <compact-info movecount="0" movebytes="0" reason="low free space (less than 4%)" />
</gc-op>
<gc-end id="2108" type="global" contextid="2101" durationms="521.002" usertimems="4333.650" systemtimems="14.664" timestamp="2019-01-09T09:13:52.466" activeThreads="16">
  <mem-info id="2109" free="12143720" total="912261120" percent="1">
    <mem type="nursery" free="0" total="228065280" percent="0">
      <mem type="allocate" free="0" total="114032640" percent="0" />
      <mem type="survivor" free="0" total="114032640" percent="0" />
    </mem>
    <mem type="tenure" free="12143720" total="684195840" percent="1">
      <mem type="soa" free="5302376" total="677354496" percent="0" />
      <mem type="loa" free="6841344" total="6841344" percent="100" />
    </mem>
    <remembered-set count="151068" />
  </mem-info>
</gc-end>
<cycle-end id="2110" type="global" contextid="2101" timestamp="2019-01-09T09:13:52.466" />
<allocation-satisfied id="2111" threadId="000000000258C500" bytesRequested="48" />
<af-end id="2112" timestamp="2019-01-09T09:13:52.466" threadId="000000000258CE60" success="true" from="tenure-soa"/>
<exclusive-end id="2113" timestamp="2019-01-09T09:13:52.467" durationms="972.576" />

<exclusive-start id="2114" timestamp="2019-01-09T09:13:52.467" intervalms="972.708">
  <response-info timems="0.087" idlems="0.087" threads="0" lastid="0000000002748F00" lastname="dw-104 - GET /api/res/v1/tree?includeMocs=director.vdc" />
</exclusive-start>
<af-start id="2115" threadId="0000000002749860" totalBytesRequested="48" timestamp="2019-01-09T09:13:52.467" intervalms="972.705" type="nursery" />
<percolate-collect id="2116" from="nursery" to="global" reason="insufficient remaining tenure space" timestamp="2019-01-09T09:13:52.467"/>
<cycle-start id="2117" type="global" contextid="0" timestamp="2019-01-09T09:13:52.467" intervalms="521.754" />
<gc-start id="2118" type="global" contextid="2117" timestamp="2019-01-09T09:13:52.467">
  <mem-info id="2119" free="12143672" total="912261120" percent="1">
    <mem type="nursery" free="0" total="228065280" percent="0">
      <mem type="allocate" free="0" total="114032640" percent="0" />
      <mem type="survivor" free="0" total="114032640" percent="0" />
    </mem>
    <mem type="tenure" free="12143672" total="684195840" percent="1">
      <mem type="soa" free="5302328" total="677354496" percent="0" />
      <mem type="loa" free="6841344" total="6841344" percent="100" />
    </mem>
    <remembered-set count="151069" />
  </mem-info>
</gc-start>
<allocation-stats totalBytes="48" >
  <allocated-bytes non-tlh="48" tlh="0" />
  <largest-consumer threadName="dw-89 - GET /api/res/v1/tree?includeMocs=director.vdc" threadId="000000000258C500" bytes="48" />
</allocation-stats>
<gc-op id="2120" type="mark" timems="236.452" contextid="2117" timestamp="2019-01-09T09:13:52.704">
  <trace-info objectcount="23580702" scancount="17628670" scanbytes="473249748" />
  <finalization candidates="729" enqueued="0" />
  <ownableSynchronizers candidates="499193" cleared="0" />
  <references type="soft" candidates="6323" cleared="0" enqueued="0" dynamicThreshold="0" maxThreshold="32" />
  <references type="weak" candidates="7034" cleared="0" enqueued="0" />
  <references type="phantom" candidates="106" cleared="0" enqueued="0" />
  <stringconstants candidates="19039" cleared="0"  />
</gc-op>
<gc-op id="2121" type="sweep" timems="7.484" contextid="2117" timestamp="2019-01-09T09:13:52.711" />
<mem-info id="2122" free="12147776" total="912261120" percent="1">
  <mem type="nursery" free="1536" total="228065280" percent="0">
    <mem type="allocate" free="1536" total="114032640" percent="0" />
    <mem type="survivor" free="0" total="114032640" percent="0" />
  </mem>
  <mem type="tenure" free="12146240" total="684195840" percent="1" micro-fragmented="135620" macro-fragmented="0">
    <mem type="soa" free="5304896" total="677354496" percent="0" />
    <mem type="loa" free="6841344" total="6841344" percent="100" />
  </mem>
  <remembered-set count="151069" />
</mem-info>
<gc-op id="2123" type="compact" timems="208.092" contextid="2117" timestamp="2019-01-09T09:13:52.919">
  <compact-info movecount="67" movebytes="2984" reason="low free space (less than 4%)" />
</gc-op>
<gc-end id="2124" type="global" contextid="2117" durationms="452.668" usertimems="4402.491" systemtimems="29.016" timestamp="2019-01-09T09:13:52.920" activeThreads="16">
  <mem-info id="2125" free="12143672" total="912261120" percent="1">
    <mem type="nursery" free="0" total="228065280" percent="0">
      <mem type="allocate" free="0" total="114032640" percent="0" />
      <mem type="survivor" free="0" total="114032640" percent="0" />
    </mem>
    <mem type="tenure" free="12143672" total="684195840" percent="1">
      <mem type="soa" free="5302328" total="677354496" percent="0" />
      <mem type="loa" free="6841344" total="6841344" percent="100" />
    </mem>
    <remembered-set count="151069" />
  </mem-info>
</gc-end>
<cycle-end id="2126" type="global" contextid="2117" timestamp="2019-01-09T09:13:52.920" />
<percolate-collect id="2127" from="nursery" to="global" reason="insufficient remaining tenure space" timestamp="2019-01-09T09:13:52.920"/>
<cycle-start id="2128" type="global" contextid="0" timestamp="2019-01-09T09:13:52.920" intervalms="453.081" />
<gc-start id="2129" type="global" contextid="2128" timestamp="2019-01-09T09:13:52.920">
  <mem-info id="2130" free="12143672" total="912261120" percent="1">
    <mem type="nursery" free="0" total="228065280" percent="0">
      <mem type="allocate" free="0" total="114032640" percent="0" />
      <mem type="survivor" free="0" total="114032640" percent="0" />
    </mem>
    <mem type="tenure" free="12143672" total="684195840" percent="1">
      <mem type="soa" free="5302328" total="677354496" percent="0" />
      <mem type="loa" free="6841344" total="6841344" percent="100" />
    </mem>
    <remembered-set count="151069" />
  </mem-info>
</gc-start>
<allocation-stats totalBytes="0" >
  <allocated-bytes non-tlh="0" tlh="0" />
</allocation-stats>
<gc-op id="2131" type="mark" timems="235.418" contextid="2128" timestamp="2019-01-09T09:13:53.155">
  <trace-info objectcount="23580702" scancount="17628669" scanbytes="473249748" />
  <finalization candidates="729" enqueued="0" />
  <ownableSynchronizers candidates="499193" cleared="0" />
  <references type="soft" candidates="6323" cleared="0" enqueued="0" dynamicThreshold="0" maxThreshold="32" />
  <references type="weak" candidates="7034" cleared="0" enqueued="0" />
  <references type="phantom" candidates="106" cleared="0" enqueued="0" />
  <stringconstants candidates="19039" cleared="0"  />
</gc-op>
<gc-op id="2132" type="sweep" timems="9.512" contextid="2128" timestamp="2019-01-09T09:13:53.165" />
<mem-info id="2133" free="12147776" total="912261120" percent="1">
  <mem type="nursery" free="1536" total="228065280" percent="0">
    <mem type="allocate" free="1536" total="114032640" percent="0" />
    <mem type="survivor" free="0" total="114032640" percent="0" />
  </mem>
  <mem type="tenure" free="12146240" total="684195840" percent="1" micro-fragmented="135620" macro-fragmented="0">
    <mem type="soa" free="5304896" total="677354496" percent="0" />
    <mem type="loa" free="6841344" total="6841344" percent="100" />
  </mem>
  <remembered-set count="151069" />
</mem-info>
<gc-op id="2134" type="compact" timems="222.439" contextid="2128" timestamp="2019-01-09T09:13:53.388">
  <compact-info movecount="0" movebytes="0" reason="low free space (less than 4%)" />
</gc-op>
<gc-end id="2135" type="global" contextid="2128" durationms="468.097" usertimems="4477.835" systemtimems="15.839" timestamp="2019-01-09T09:13:53.388" activeThreads="16">
  <mem-info id="2136" free="12143672" total="912261120" percent="1">
    <mem type="nursery" free="0" total="228065280" percent="0">
      <mem type="allocate" free="0" total="114032640" percent="0" />
      <mem type="survivor" free="0" total="114032640" percent="0" />
    </mem>
    <mem type="tenure" free="12143672" total="684195840" percent="1">
      <mem type="soa" free="5302328" total="677354496" percent="0" />
      <mem type="loa" free="6841344" total="6841344" percent="100" />
    </mem>
    <remembered-set count="151069" />
  </mem-info>
</gc-end>
<cycle-end id="2137" type="global" contextid="2128" timestamp="2019-01-09T09:13:53.388" />
<allocation-satisfied id="2138" threadId="0000000002748F00" bytesRequested="48" />
<af-end id="2139" timestamp="2019-01-09T09:13:53.388" threadId="0000000002749860" success="true" from="tenure-soa"/>
<exclusive-end id="2140" timestamp="2019-01-09T09:13:53.390" durationms="922.982" />

<exclusive-start id="2141" timestamp="2019-01-09T09:13:53.390" intervalms="923.120">
  <response-info timems="0.088" idlems="0.044" threads="2" lastid="000000000256D800" lastname="threshold_check_thread" />
</exclusive-start>
<af-start id="2142" threadId="000000000256F860" totalBytesRequested="32" timestamp="2019-01-09T09:13:53.390" intervalms="923.117" type="nursery" />
<percolate-collect id="2143" from="nursery" to="global" reason="insufficient remaining tenure space" timestamp="2019-01-09T09:13:53.390"/>
<cycle-start id="2144" type="global" contextid="0" timestamp="2019-01-09T09:13:53.390" intervalms="470.059" />
<gc-start id="2145" type="global" contextid="2144" timestamp="2019-01-09T09:13:53.390">
  <mem-info id="2146" free="12143624" total="912261120" percent="1">
    <mem type="nursery" free="0" total="228065280" percent="0">
      <mem type="allocate" free="0" total="114032640" percent="0" />
      <mem type="survivor" free="0" total="114032640" percent="0" />
    </mem>
    <mem type="tenure" free="12143624" total="684195840" percent="1">
      <mem type="soa" free="5302280" total="677354496" percent="0" />
      <mem type="loa" free="6841344" total="6841344" percent="100" />
    </mem>
    <remembered-set count="151070" />
  </mem-info>
</gc-start>
<allocation-stats totalBytes="48" >
  <allocated-bytes non-tlh="48" tlh="0" />
  <largest-consumer threadName="dw-104 - GET /api/res/v1/tree?includeMocs=director.vdc" threadId="0000000002748F00" bytes="48" />
</allocation-stats>
<gc-op id="2147" type="mark" timems="261.030" contextid="2144" timestamp="2019-01-09T09:13:53.651">
  <trace-info objectcount="23580702" scancount="17628672" scanbytes="473249768" />
  <finalization candidates="729" enqueued="0" />
  <ownableSynchronizers candidates="499193" cleared="0" />
  <references type="soft" candidates="6323" cleared="0" enqueued="0" dynamicThreshold="0" maxThreshold="32" />
  <references type="weak" candidates="7034" cleared="0" enqueued="0" />
  <references type="phantom" candidates="106" cleared="0" enqueued="0" />
  <stringconstants candidates="19039" cleared="0"  />
</gc-op>
<gc-op id="2148" type="sweep" timems="8.433" contextid="2144" timestamp="2019-01-09T09:13:53.660" />
<mem-info id="2149" free="12147728" total="912261120" percent="1">
  <mem type="nursery" free="1536" total="228065280" percent="0">
    <mem type="allocate" free="1536" total="114032640" percent="0" />
    <mem type="survivor" free="0" total="114032640" percent="0" />
  </mem>
  <mem type="tenure" free="12146192" total="684195840" percent="1" micro-fragmented="135620" macro-fragmented="0">
    <mem type="soa" free="5304848" total="677354496" percent="0" />
    <mem type="loa" free="6841344" total="6841344" percent="100" />
  </mem>
  <remembered-set count="151070" />
</mem-info>
<gc-op id="2150" type="compact" timems="198.126" contextid="2144" timestamp="2019-01-09T09:13:53.858">
  <compact-info movecount="11" movebytes="888" reason="low free space (less than 4%)" />
</gc-op>
<gc-end id="2151" type="global" contextid="2144" durationms="468.248" usertimems="4364.664" systemtimems="6.807" timestamp="2019-01-09T09:13:53.858" activeThreads="16">
  <mem-info id="2152" free="12143624" total="912261120" percent="1">
    <mem type="nursery" free="0" total="228065280" percent="0">
      <mem type="allocate" free="0" total="114032640" percent="0" />
      <mem type="survivor" free="0" total="114032640" percent="0" />
    </mem>
    <mem type="tenure" free="12143624" total="684195840" percent="1">
      <mem type="soa" free="5302280" total="677354496" percent="0" />
      <mem type="loa" free="6841344" total="6841344" percent="100" />
    </mem>
    <remembered-set count="151070" />
  </mem-info>
</gc-end>
<cycle-end id="2153" type="global" contextid="2144" timestamp="2019-01-09T09:13:53.859" />
<percolate-collect id="2154" from="nursery" to="global" reason="insufficient remaining tenure space" timestamp="2019-01-09T09:13:53.859"/>
<cycle-start id="2155" type="global" contextid="0" timestamp="2019-01-09T09:13:53.859" intervalms="468.697" />
<gc-start id="2156" type="global" contextid="2155" timestamp="2019-01-09T09:13:53.859">
  <mem-info id="2157" free="12143624" total="912261120" percent="1">
    <mem type="nursery" free="0" total="228065280" percent="0">
      <mem type="allocate" free="0" total="114032640" percent="0" />
      <mem type="survivor" free="0" total="114032640" percent="0" />
    </mem>
    <mem type="tenure" free="12143624" total="684195840" percent="1">
      <mem type="soa" free="5302280" total="677354496" percent="0" />
      <mem type="loa" free="6841344" total="6841344" percent="100" />
    </mem>
    <remembered-set count="151070" />
  </mem-info>
</gc-start>
<allocation-stats totalBytes="0" >
  <allocated-bytes non-tlh="0" tlh="0" />
</allocation-stats>
<gc-op id="2158" type="mark" timems="204.706" contextid="2155" timestamp="2019-01-09T09:13:54.064">
  <trace-info objectcount="23580702" scancount="17628671" scanbytes="473249768" />
  <finalization candidates="729" enqueued="0" />
  <ownableSynchronizers candidates="499193" cleared="0" />
  <references type="soft" candidates="6323" cleared="0" enqueued="0" dynamicThreshold="0" maxThreshold="32" />
  <references type="weak" candidates="7034" cleared="0" enqueued="0" />
  <references type="phantom" candidates="106" cleared="0" enqueued="0" />
  <stringconstants candidates="19039" cleared="0"  />
</gc-op>
<gc-op id="2159" type="sweep" timems="5.381" contextid="2155" timestamp="2019-01-09T09:13:54.069" />
<mem-info id="2160" free="12147728" total="912261120" percent="1">
  <mem type="nursery" free="1536" total="228065280" percent="0">
    <mem type="allocate" free="1536" total="114032640" percent="0" />
    <mem type="survivor" free="0" total="114032640" percent="0" />
  </mem>
  <mem type="tenure" free="12146192" total="684195840" percent="1" micro-fragmented="135620" macro-fragmented="0">
    <mem type="soa" free="5304848" total="677354496" percent="0" />
    <mem type="loa" free="6841344" total="6841344" percent="100" />
  </mem>
  <remembered-set count="151070" />
</mem-info>
<gc-op id="2161" type="compact" timems="209.507" contextid="2155" timestamp="2019-01-09T09:13:54.279">
  <compact-info movecount="0" movebytes="0" reason="low free space (less than 4%)" />
</gc-op>
<gc-end id="2162" type="global" contextid="2155" durationms="420.317" usertimems="4506.060" systemtimems="18.703" timestamp="2019-01-09T09:13:54.279" activeThreads="16">
  <mem-info id="2163" free="12143624" total="912261120" percent="1">
    <mem type="nursery" free="0" total="228065280" percent="0">
      <mem type="allocate" free="0" total="114032640" percent="0" />
      <mem type="survivor" free="0" total="114032640" percent="0" />
    </mem>
    <mem type="tenure" free="12143624" total="684195840" percent="1">
      <mem type="soa" free="5302280" total="677354496" percent="0" />
      <mem type="loa" free="6841344" total="6841344" percent="100" />
    </mem>
    <remembered-set count="151070" />
  </mem-info>
</gc-end>
<cycle-end id="2164" type="global" contextid="2155" timestamp="2019-01-09T09:13:54.279" />
<allocation-satisfied id="2165" threadId="000000000256EF00" bytesRequested="32" />
<af-end id="2166" timestamp="2019-01-09T09:13:54.279" threadId="000000000256F860" success="true" from="tenure-soa"/>
<exclusive-end id="2167" timestamp="2019-01-09T09:13:54.280" durationms="889.819" />

<exclusive-start id="2168" timestamp="2019-01-09T09:13:54.280" intervalms="890.009">
  <response-info timems="0.061" idlems="0.038" threads="1" lastid="000000000256D800" lastname="threshold_check_thread" />
</exclusive-start>
<af-start id="2169" threadId="000000000285C060" totalBytesRequested="16" timestamp="2019-01-09T09:13:54.280" intervalms="890.044" type="nursery" />
<percolate-collect id="2170" from="nursery" to="global" reason="insufficient remaining tenure space" timestamp="2019-01-09T09:13:54.280"/>
<cycle-start id="2171" type="global" contextid="0" timestamp="2019-01-09T09:13:54.280" intervalms="421.336" />
<gc-start id="2172" type="global" contextid="2171" timestamp="2019-01-09T09:13:54.280">
  <mem-info id="2173" free="12143592" total="912261120" percent="1">
    <mem type="nursery" free="0" total="228065280" percent="0">
      <mem type="allocate" free="0" total="114032640" percent="0" />
      <mem type="survivor" free="0" total="114032640" percent="0" />
    </mem>
    <mem type="tenure" free="12143592" total="684195840" percent="1">
      <mem type="soa" free="5302248" total="677354496" percent="0" />
      <mem type="loa" free="6841344" total="6841344" percent="100" />
    </mem>
    <remembered-set count="151071" />
  </mem-info>
</gc-start>
<allocation-stats totalBytes="32" >
  <allocated-bytes non-tlh="32" tlh="0" />
  <largest-consumer threadName="BayeuxServer1108259945 Scheduler" threadId="000000000256EF00" bytes="32" />
</allocation-stats>
<gc-op id="2174" type="mark" timems="228.639" contextid="2171" timestamp="2019-01-09T09:13:54.509">
  <trace-info objectcount="23580702" scancount="17628670" scanbytes="473249768" />
  <finalization candidates="729" enqueued="0" />
  <ownableSynchronizers candidates="499193" cleared="0" />
  <references type="soft" candidates="6323" cleared="0" enqueued="0" dynamicThreshold="0" maxThreshold="32" />
  <references type="weak" candidates="7034" cleared="0" enqueued="0" />
  <references type="phantom" candidates="106" cleared="0" enqueued="0" />
  <stringconstants candidates="19039" cleared="0"  />
</gc-op>
<gc-op id="2175" type="sweep" timems="18.390" contextid="2171" timestamp="2019-01-09T09:13:54.527" />
<mem-info id="2176" free="12147696" total="912261120" percent="1">
  <mem type="nursery" free="1536" total="228065280" percent="0">
    <mem type="allocate" free="1536" total="114032640" percent="0" />
    <mem type="survivor" free="0" total="114032640" percent="0" />
  </mem>
  <mem type="tenure" free="12146160" total="684195840" percent="1" micro-fragmented="135620" macro-fragmented="0">
    <mem type="soa" free="5304816" total="677354496" percent="0" />
    <mem type="loa" free="6841344" total="6841344" percent="100" />
  </mem>
  <remembered-set count="151070" />
</mem-info>
<gc-op id="2177" type="compact" timems="215.774" contextid="2171" timestamp="2019-01-09T09:13:54.743">
  <compact-info movecount="7493" movebytes="294608" reason="low free space (less than 4%)" />
</gc-op>
<gc-end id="2178" type="global" contextid="2171" durationms="463.495" usertimems="4427.517" systemtimems="41.641" timestamp="2019-01-09T09:13:54.744" activeThreads="16">
  <mem-info id="2179" free="12143592" total="912261120" percent="1">
    <mem type="nursery" free="0" total="228065280" percent="0">
      <mem type="allocate" free="0" total="114032640" percent="0" />
      <mem type="survivor" free="0" total="114032640" percent="0" />
    </mem>
    <mem type="tenure" free="12143592" total="684195840" percent="1">
      <mem type="soa" free="5302248" total="677354496" percent="0" />
      <mem type="loa" free="6841344" total="6841344" percent="100" />
    </mem>
    <remembered-set count="151070" />
  </mem-info>
</gc-end>
<cycle-end id="2180" type="global" contextid="2171" timestamp="2019-01-09T09:13:54.744" />
<percolate-collect id="2181" from="nursery" to="global" reason="insufficient remaining tenure space" timestamp="2019-01-09T09:13:54.744"/>
<cycle-start id="2182" type="global" contextid="0" timestamp="2019-01-09T09:13:54.744" intervalms="463.966" />
<gc-start id="2183" type="global" contextid="2182" timestamp="2019-01-09T09:13:54.744">
  <mem-info id="2184" free="12143592" total="912261120" percent="1">
    <mem type="nursery" free="0" total="228065280" percent="0">
      <mem type="allocate" free="0" total="114032640" percent="0" />
      <mem type="survivor" free="0" total="114032640" percent="0" />
    </mem>
    <mem type="tenure" free="12143592" total="684195840" percent="1">
      <mem type="soa" free="5302248" total="677354496" percent="0" />
      <mem type="loa" free="6841344" total="6841344" percent="100" />
    </mem>
    <remembered-set count="151070" />
  </mem-info>
</gc-start>
<allocation-stats totalBytes="0" >
  <allocated-bytes non-tlh="0" tlh="0" />
</allocation-stats>
<gc-op id="2185" type="mark" timems="250.557" contextid="2182" timestamp="2019-01-09T09:13:54.995">
  <trace-info objectcount="23580702" scancount="17628672" scanbytes="473249768" />
  <finalization candidates="729" enqueued="0" />
  <ownableSynchronizers candidates="499193" cleared="0" />
  <references type="soft" candidates="6323" cleared="0" enqueued="0" dynamicThreshold="0" maxThreshold="32" />
  <references type="weak" candidates="7034" cleared="0" enqueued="0" />
  <references type="phantom" candidates="106" cleared="0" enqueued="0" />
  <stringconstants candidates="19039" cleared="0"  />
</gc-op>
<gc-op id="2186" type="sweep" timems="7.067" contextid="2182" timestamp="2019-01-09T09:13:55.002" />
<mem-info id="2187" free="12147696" total="912261120" percent="1">
  <mem type="nursery" free="1536" total="228065280" percent="0">
    <mem type="allocate" free="1536" total="114032640" percent="0" />
    <mem type="survivor" free="0" total="114032640" percent="0" />
  </mem>
  <mem type="tenure" free="12146160" total="684195840" percent="1" micro-fragmented="135620" macro-fragmented="0">
    <mem type="soa" free="5304816" total="677354496" percent="0" />
    <mem type="loa" free="6841344" total="6841344" percent="100" />
  </mem>
  <remembered-set count="151070" />
</mem-info>
<gc-op id="2188" type="compact" timems="231.976" contextid="2182" timestamp="2019-01-09T09:13:55.234">
  <compact-info movecount="0" movebytes="0" reason="low free space (less than 4%)" />
</gc-op>
<gc-end id="2189" type="global" contextid="2182" durationms="490.275" usertimems="4382.244" systemtimems="36.168" timestamp="2019-01-09T09:13:55.234" activeThreads="16">
  <mem-info id="2190" free="12143592" total="912261120" percent="1">
    <mem type="nursery" free="0" total="228065280" percent="0">
      <mem type="allocate" free="0" total="114032640" percent="0" />
      <mem type="survivor" free="0" total="114032640" percent="0" />
    </mem>
    <mem type="tenure" free="12143592" total="684195840" percent="1">
      <mem type="soa" free="5302248" total="677354496" percent="0" />
      <mem type="loa" free="6841344" total="6841344" percent="100" />
    </mem>
    <remembered-set count="151070" />
  </mem-info>
</gc-end>
<cycle-end id="2191" type="global" contextid="2182" timestamp="2019-01-09T09:13:55.235" />
<allocation-satisfied id="2192" threadId="000000000285B700" bytesRequested="16" />
<af-end id="2193" timestamp="2019-01-09T09:13:55.235" threadId="000000000285C060" success="true" from="tenure-soa"/>
<exclusive-end id="2194" timestamp="2019-01-09T09:13:55.236" durationms="955.754" />

<exclusive-start id="2195" timestamp="2019-01-09T09:13:55.236" intervalms="955.932">
  <response-info timems="0.047" idlems="0.022" threads="3" lastid="000000000285B700" lastname="dw-107 - GET /api/res/v1/tree?includeMocs=director.vdc" />
</exclusive-start>
<af-start id="2196" threadId="000000000253B560" totalBytesRequested="48" timestamp="2019-01-09T09:13:55.236" intervalms="955.903" type="nursery" />
<percolate-collect id="2197" from="nursery" to="global" reason="insufficient remaining tenure space" timestamp="2019-01-09T09:13:55.236"/>
<cycle-start id="2198" type="global" contextid="0" timestamp="2019-01-09T09:13:55.236" intervalms="491.925" />
<gc-start id="2199" type="global" contextid="2198" timestamp="2019-01-09T09:13:55.236">
  <mem-info id="2200" free="12143576" total="912261120" percent="1">
    <mem type="nursery" free="0" total="228065280" percent="0">
      <mem type="allocate" free="0" total="114032640" percent="0" />
      <mem type="survivor" free="0" total="114032640" percent="0" />
    </mem>
    <mem type="tenure" free="12143576" total="684195840" percent="1">
      <mem type="soa" free="5302232" total="677354496" percent="0" />
      <mem type="loa" free="6841344" total="6841344" percent="100" />
    </mem>
    <remembered-set count="151071" />
  </mem-info>
</gc-start>
<allocation-stats totalBytes="16" >
  <allocated-bytes non-tlh="16" tlh="0" />
  <largest-consumer threadName="dw-107 - GET /api/res/v1/tree?includeMocs=director.vdc" threadId="000000000285B700" bytes="16" />
</allocation-stats>
<gc-op id="2201" type="mark" timems="249.028" contextid="2198" timestamp="2019-01-09T09:13:55.485">
  <trace-info objectcount="23580702" scancount="17628672" scanbytes="473249752" />
  <finalization candidates="729" enqueued="0" />
  <ownableSynchronizers candidates="499193" cleared="0" />
  <references type="soft" candidates="6323" cleared="0" enqueued="0" dynamicThreshold="0" maxThreshold="32" />
  <references type="weak" candidates="7034" cleared="0" enqueued="0" />
  <references type="phantom" candidates="106" cleared="0" enqueued="0" />
  <stringconstants candidates="19039" cleared="0"  />
</gc-op>
<gc-op id="2202" type="sweep" timems="7.397" contextid="2198" timestamp="2019-01-09T09:13:55.493" />
<mem-info id="2203" free="12147680" total="912261120" percent="1">
  <mem type="nursery" free="1536" total="228065280" percent="0">
    <mem type="allocate" free="1536" total="114032640" percent="0" />
    <mem type="survivor" free="0" total="114032640" percent="0" />
  </mem>
  <mem type="tenure" free="12146144" total="684195840" percent="1" micro-fragmented="135620" macro-fragmented="0">
    <mem type="soa" free="5304800" total="677354496" percent="0" />
    <mem type="loa" free="6841344" total="6841344" percent="100" />
  </mem>
  <remembered-set count="151070" />
</mem-info>
<gc-op id="2204" type="compact" timems="235.458" contextid="2198" timestamp="2019-01-09T09:13:55.728">
  <compact-info movecount="51781" movebytes="1674832" reason="low free space (less than 4%)" />
</gc-op>
<gc-end id="2205" type="global" contextid="2198" durationms="492.501" usertimems="4455.118" systemtimems="22.652" timestamp="2019-01-09T09:13:55.728" activeThreads="16">
  <mem-info id="2206" free="12143576" total="912261120" percent="1">
    <mem type="nursery" free="0" total="228065280" percent="0">
      <mem type="allocate" free="0" total="114032640" percent="0" />
      <mem type="survivor" free="0" total="114032640" percent="0" />
    </mem>
    <mem type="tenure" free="12143576" total="684195840" percent="1">
      <mem type="soa" free="5302232" total="677354496" percent="0" />
      <mem type="loa" free="6841344" total="6841344" percent="100" />
    </mem>
    <remembered-set count="151070" />
  </mem-info>
</gc-end>
<cycle-end id="2207" type="global" contextid="2198" timestamp="2019-01-09T09:13:55.729" />
<event id="2208" timestamp="2019-01-09T09:13:55.729">
  <warning details="excessive gc activity detected, will attempt aggressive gc" />
</event>
<percolate-collect id="2209" from="nursery" to="global" reason="insufficient remaining tenure space" timestamp="2019-01-09T09:13:55.729"/>
<cycle-start id="2210" type="global" contextid="0" timestamp="2019-01-09T09:13:55.729" intervalms="492.947" />
<gc-start id="2211" type="global" contextid="2210" timestamp="2019-01-09T09:13:55.729">
  <mem-info id="2212" free="12143576" total="912261120" percent="1">
    <mem type="nursery" free="0" total="228065280" percent="0">
      <mem type="allocate" free="0" total="114032640" percent="0" />
      <mem type="survivor" free="0" total="114032640" percent="0" />
    </mem>
    <mem type="tenure" free="12143576" total="684195840" percent="1">
      <mem type="soa" free="5302232" total="677354496" percent="0" />
      <mem type="loa" free="6841344" total="6841344" percent="100" />
    </mem>
    <remembered-set count="151070" />
  </mem-info>
</gc-start>
<allocation-stats totalBytes="0" >
  <allocated-bytes non-tlh="0" tlh="0" />
</allocation-stats>
<gc-op id="2213" type="mark" timems="243.486" contextid="2210" timestamp="2019-01-09T09:13:55.972">
  <trace-info objectcount="23580618" scancount="17628569" scanbytes="473246224" />
  <finalization candidates="729" enqueued="0" />
  <ownableSynchronizers candidates="499193" cleared="0" />
  <references type="soft" candidates="6323" cleared="0" enqueued="0" dynamicThreshold="0" maxThreshold="32" />
  <references type="weak" candidates="7034" cleared="0" enqueued="0" />
  <references type="phantom" candidates="106" cleared="0" enqueued="0" />
  <stringconstants candidates="19039" cleared="0"  />
</gc-op>
<gc-op id="2214" type="classunload" timems="2.345" contextid="2210" timestamp="2019-01-09T09:13:55.975">
  <classunload-info classloadercandidates="70" classloadersunloaded="14" classesunloaded="14" anonymousclassesunloaded="0" quiescems="0.000" setupms="2.218" scanms="0.098" postms="0.029" />
</gc-op>
<gc-op id="2215" type="sweep" timems="12.443" contextid="2210" timestamp="2019-01-09T09:13:55.987" />
<mem-info id="2216" free="12147680" total="912261120" percent="1">
  <mem type="nursery" free="1536" total="228065280" percent="0">
    <mem type="allocate" free="1536" total="114032640" percent="0" />
    <mem type="survivor" free="0" total="114032640" percent="0" />
  </mem>
  <mem type="tenure" free="12146144" total="684195840" percent="1" micro-fragmented="135620" macro-fragmented="0">
    <mem type="soa" free="5304800" total="677354496" percent="0" />
    <mem type="loa" free="6841344" total="6841344" percent="100" />
  </mem>
  <remembered-set count="151056" />
</mem-info>
<gc-op id="2217" type="compact" timems="14900.151" contextid="2210" timestamp="2019-01-09T09:14:10.888">
  <compact-info movecount="23415430" movebytes="777615928" reason="low free space (less than 4%)" />
</gc-op>
<gc-end id="2218" type="global" contextid="2210" durationms="15159.169" usertimems="17062.027" systemtimems="36.591" timestamp="2019-01-09T09:14:10.888" activeThreads="16">
  <mem-info id="2219" free="12225048" total="912261120" percent="1">
    <mem type="nursery" free="17944" total="228065280" percent="0">
      <mem type="allocate" free="17944" total="114032640" percent="0" />
      <mem type="survivor" free="0" total="114032640" percent="0" />
    </mem>
    <mem type="tenure" free="12207104" total="684195840" percent="1">
      <mem type="soa" free="5365760" total="677354496" percent="0" />
      <mem type="loa" free="6841344" total="6841344" percent="100" />
    </mem>
    <remembered-set count="151056" />
  </mem-info>
</gc-end>
<cycle-end id="2220" type="global" contextid="2210" timestamp="2019-01-09T09:14:10.888" />
<event id="2221" timestamp="2019-01-09T09:14:10.888">
  <warning details="excessive gc activity detected, will fail on allocate" />
</event>
<concurrent-kickoff id="2222" timestamp="2019-01-09T09:14:10.888">
  <kickoff reason="threshold reached" targetBytes="76351484" thresholdFreeBytes="9514007"  remainingFree="17896" tenureFreeBytes="12207104" nurseryFreeBytes="17896" />
</concurrent-kickoff>
<allocation-satisfied id="2223" threadId="000000000253AC00" bytesRequested="48" />
<af-end id="2224" timestamp="2019-01-09T09:14:10.888" threadId="000000000253B560" success="true" from="nursery"/>
<exclusive-end id="2225" timestamp="2019-01-09T09:14:10.889" durationms="15652.856" />

<exclusive-start id="2226" timestamp="2019-01-09T09:14:10.890" intervalms="15654.743">
  <response-info timems="1.834" idlems="0.654" threads="2" lastid="0000000001D9AD00" lastname="kafka-producer-network-thread | zenap_kafka_172.30.0.108_rm-ser" />
</exclusive-start>
<af-start id="2227" threadId="000000000256ED60" totalBytesRequested="24" timestamp="2019-01-09T09:14:10.891" intervalms="15654.797" type="nursery" />
<percolate-collect id="2228" from="nursery" to="global" reason="insufficient remaining tenure space" timestamp="2019-01-09T09:14:10.891"/>
<concurrent-aborted id="2229" timestamp="2019-01-09T09:14:10.891">
  <reason value="insufficient progress made" />
</concurrent-aborted>
<cycle-end id="2230" type="global" contextid="0" timestamp="2019-01-09T09:14:10.891" />
<cycle-start id="2231" type="global" contextid="0" timestamp="2019-01-09T09:14:10.891" intervalms="15161.891" />
<gc-start id="2232" type="global" contextid="2231" timestamp="2019-01-09T09:14:10.891">
  <mem-info id="2233" free="12207104" total="912261120" percent="1">
    <mem type="nursery" free="0" total="228065280" percent="0">
      <mem type="allocate" free="0" total="114032640" percent="0" />
      <mem type="survivor" free="0" total="114032640" percent="0" />
    </mem>
    <mem type="tenure" free="12207104" total="684195840" percent="1">
      <mem type="soa" free="5365760" total="677354496" percent="0" />
      <mem type="loa" free="6841344" total="6841344" percent="100" />
    </mem>
    <remembered-set count="151060" />
  </mem-info>
</gc-start>
<allocation-stats totalBytes="17944" >
  <allocated-bytes non-tlh="48" tlh="17896" />
  <largest-consumer threadName="threshold_check_thread" threadId="000000000256D800" bytes="4096" />
</allocation-stats>
<gc-op id="2234" type="mark" timems="236.041" contextid="2231" timestamp="2019-01-09T09:14:11.127">
  <trace-info objectcount="23580629" scancount="17628476" scanbytes="473246640" />
  <finalization candidates="729" enqueued="0" />
  <ownableSynchronizers candidates="499193" cleared="1" />
  <references type="soft" candidates="6323" cleared="0" enqueued="0" dynamicThreshold="0" maxThreshold="32" />
  <references type="weak" candidates="7034" cleared="0" enqueued="0" />
  <references type="phantom" candidates="106" cleared="0" enqueued="0" />
  <stringconstants candidates="19039" cleared="0"  />
</gc-op>
<gc-op id="2235" type="classunload" timems="0.068" contextid="2231" timestamp="2019-01-09T09:14:11.127">
  <classunload-info classloadercandidates="56" classloadersunloaded="0" classesunloaded="0" anonymousclassesunloaded="0" quiescems="0.000" setupms="0.063" scanms="0.004" postms="0.001" />
</gc-op>
<gc-op id="2236" type="sweep" timems="7.451" contextid="2231" timestamp="2019-01-09T09:14:11.135" />
<mem-info id="2237" free="12224304" total="912261120" percent="1">
  <mem type="nursery" free="17200" total="228065280" percent="0">
    <mem type="allocate" free="17200" total="114032640" percent="0" />
    <mem type="survivor" free="0" total="114032640" percent="0" />
  </mem>
  <mem type="tenure" free="12207104" total="684195840" percent="1" micro-fragmented="0" macro-fragmented="5375357">
    <mem type="soa" free="5365760" total="677354496" percent="0" />
    <mem type="loa" free="6841344" total="6841344" percent="100" />
  </mem>
  <remembered-set count="151059" />
</mem-info>
<gc-op id="2238" type="compact" timems="13881.833" contextid="2231" timestamp="2019-01-09T09:14:25.017">
  <compact-info movecount="20227449" movebytes="669470232" reason="low free space (less than 4%)" />
</gc-op>
<gc-end id="2239" type="global" contextid="2231" durationms="14126.116" usertimems="16148.992" systemtimems="38.051" timestamp="2019-01-09T09:14:25.017" activeThreads="16">
  <mem-info id="2240" free="12224576" total="912261120" percent="1">
    <mem type="nursery" free="17344" total="228065280" percent="0">
      <mem type="allocate" free="17344" total="114032640" percent="0" />
      <mem type="survivor" free="0" total="114032640" percent="0" />
    </mem>
    <mem type="tenure" free="12207232" total="684195840" percent="1">
      <mem type="soa" free="5365888" total="677354496" percent="0" />
      <mem type="loa" free="6841344" total="6841344" percent="100" />
    </mem>
    <remembered-set count="151059" />
  </mem-info>
</gc-end>
<cycle-end id="2241" type="global" contextid="2231" timestamp="2019-01-09T09:14:25.017" />
<event id="2242" timestamp="2019-01-09T09:14:25.017">
  <warning details="excessive gc activity detected, will attempt aggressive gc" />
</event>
<concurrent-kickoff id="2243" timestamp="2019-01-09T09:14:25.017">
  <kickoff reason="threshold reached" targetBytes="76351484" thresholdFreeBytes="9514007"  remainingFree="17320" tenureFreeBytes="12207232" nurseryFreeBytes="17320" />
</concurrent-kickoff>
<allocation-satisfied id="2244" threadId="000000000256E400" bytesRequested="24" />
<af-end id="2245" timestamp="2019-01-09T09:14:25.017" threadId="000000000256ED60" success="true" from="nursery"/>
<exclusive-end id="2246" timestamp="2019-01-09T09:14:25.018" durationms="14127.103" />

<exclusive-start id="2247" timestamp="2019-01-09T09:14:58.905" intervalms="48014.277">
  <response-info timems="0.445" idlems="0.445" threads="0" lastid="00000000016F5D00" lastname="kafka-coordinator-heartbeat-thread | rm_modelChange_consumer_gr" />
</exclusive-start>
<af-start id="2248" threadId="00000000016F6660" totalBytesRequested="48" timestamp="2019-01-09T09:14:58.905" intervalms="48014.270" type="nursery" />
<percolate-collect id="2249" from="nursery" to="global" reason="insufficient remaining tenure space" timestamp="2019-01-09T09:14:58.905"/>
<concurrent-aborted id="2250" timestamp="2019-01-09T09:14:58.905">
  <reason value="insufficient progress made" />
</concurrent-aborted>
<cycle-end id="2251" type="global" contextid="0" timestamp="2019-01-09T09:14:58.905" />
<cycle-start id="2252" type="global" contextid="0" timestamp="2019-01-09T09:14:58.905" intervalms="48014.257" />
<gc-start id="2253" type="global" contextid="2252" timestamp="2019-01-09T09:14:58.905">
  <mem-info id="2254" free="12207232" total="912261120" percent="1">
    <mem type="nursery" free="0" total="228065280" percent="0">
      <mem type="allocate" free="0" total="114032640" percent="0" />
      <mem type="survivor" free="0" total="114032640" percent="0" />
    </mem>
    <mem type="tenure" free="12207232" total="684195840" percent="1">
      <mem type="soa" free="5365888" total="677354496" percent="0" />
      <mem type="loa" free="6841344" total="6841344" percent="100" />
    </mem>
    <remembered-set count="151068" />
  </mem-info>
</gc-start>
<allocation-stats totalBytes="17288" >
  <allocated-bytes non-tlh="24" tlh="17264" />
  <largest-consumer threadName="BayeuxServer1108259945 Scheduler" threadId="000000000256EF00" bytes="4096" />
</allocation-stats>
<gc-op id="2255" type="mark" timems="276.281" contextid="2252" timestamp="2019-01-09T09:14:59.182">
  <trace-info objectcount="23580639" scancount="17628593" scanbytes="473246884" />
  <finalization candidates="729" enqueued="0" />
  <ownableSynchronizers candidates="499197" cleared="5" />
  <references type="soft" candidates="6325" cleared="1" enqueued="0" dynamicThreshold="0" maxThreshold="32" />
  <references type="weak" candidates="7027" cleared="0" enqueued="0" />
  <references type="phantom" candidates="106" cleared="0" enqueued="0" />
  <stringconstants candidates="19039" cleared="0"  />
</gc-op>
<gc-op id="2256" type="classunload" timems="0.070" contextid="2252" timestamp="2019-01-09T09:14:59.182">
  <classunload-info classloadercandidates="56" classloadersunloaded="0" classesunloaded="0" anonymousclassesunloaded="0" quiescems="0.000" setupms="0.065" scanms="0.004" postms="0.001" />
</gc-op>
<gc-op id="2257" type="sweep" timems="9.851" contextid="2252" timestamp="2019-01-09T09:14:59.192" />
<mem-info id="2258" free="12222496" total="912261120" percent="1">
  <mem type="nursery" free="15264" total="228065280" percent="0">
    <mem type="allocate" free="15264" total="114032640" percent="0" />
    <mem type="survivor" free="0" total="114032640" percent="0" />
  </mem>
  <mem type="tenure" free="12207232" total="684195840" percent="1" micro-fragmented="0" macro-fragmented="0">
    <mem type="soa" free="5365888" total="677354496" percent="0" />
    <mem type="loa" free="6841344" total="6841344" percent="100" />
  </mem>
  <remembered-set count="151064" />
</mem-info>
<gc-op id="2259" type="compact" timems="14422.800" contextid="2252" timestamp="2019-01-09T09:15:13.615">
  <compact-info movecount="21377506" movebytes="710133000" reason="low free space (less than 4%)" />
</gc-op>
<gc-end id="2260" type="global" contextid="2252" durationms="14709.833" usertimems="16679.204" systemtimems="25.921" timestamp="2019-01-09T09:15:13.615" activeThreads="16">
  <mem-info id="2261" free="12224464" total="912261120" percent="1">
    <mem type="nursery" free="16216" total="228065280" percent="0">
      <mem type="allocate" free="16216" total="114032640" percent="0" />
      <mem type="survivor" free="0" total="114032640" percent="0" />
    </mem>
    <mem type="tenure" free="12208248" total="684195840" percent="1">
      <mem type="soa" free="5366904" total="677354496" percent="0" />
      <mem type="loa" free="6841344" total="6841344" percent="100" />
    </mem>
    <remembered-set count="151064" />
  </mem-info>
</gc-end>
<cycle-end id="2262" type="global" contextid="2252" timestamp="2019-01-09T09:15:13.615" />
<concurrent-kickoff id="2263" timestamp="2019-01-09T09:15:13.615">
  <kickoff reason="threshold reached" targetBytes="76351484" thresholdFreeBytes="9514007"  remainingFree="16168" tenureFreeBytes="12208248" nurseryFreeBytes="16168" />
</concurrent-kickoff>
<allocation-satisfied id="2264" threadId="00000000016F5D00" bytesRequested="48" />
<af-end id="2265" timestamp="2019-01-09T09:15:13.615" threadId="00000000016F6660" success="true" from="nursery"/>
<exclusive-end id="2266" timestamp="2019-01-09T09:15:13.616" durationms="14710.934" />

<exclusive-start id="2267" timestamp="2019-01-09T09:15:13.719" intervalms="14814.353">
  <response-info timems="2.752" idlems="1.387" threads="1" lastid="0000000001D9AD00" lastname="kafka-producer-network-thread | zenap_kafka_172.30.0.108_rm-ser" />
</exclusive-start>
<af-start id="2268" threadId="000000000285CC60" totalBytesRequested="32" timestamp="2019-01-09T09:15:13.719" intervalms="14814.350" type="nursery" />
<percolate-collect id="2269" from="nursery" to="global" reason="insufficient remaining tenure space" timestamp="2019-01-09T09:15:13.719"/>
<concurrent-aborted id="2270" timestamp="2019-01-09T09:15:13.719">
  <reason value="insufficient progress made" />
</concurrent-aborted>
<cycle-end id="2271" type="global" contextid="0" timestamp="2019-01-09T09:15:13.719" />
<cycle-start id="2272" type="global" contextid="0" timestamp="2019-01-09T09:15:13.719" intervalms="14814.358" />
<gc-start id="2273" type="global" contextid="2272" timestamp="2019-01-09T09:15:13.720">
  <mem-info id="2274" free="12208248" total="912261120" percent="1">
    <mem type="nursery" free="0" total="228065280" percent="0">
      <mem type="allocate" free="0" total="114032640" percent="0" />
      <mem type="survivor" free="0" total="114032640" percent="0" />
    </mem>
    <mem type="tenure" free="12208248" total="684195840" percent="1">
      <mem type="soa" free="5366904" total="677354496" percent="0" />
      <mem type="loa" free="6841344" total="6841344" percent="100" />
    </mem>
    <remembered-set count="151067" />
  </mem-info>
</gc-start>
<allocation-stats totalBytes="16104" >
  <allocated-bytes non-tlh="8056" tlh="8048" />
  <largest-consumer threadName="Thread-18" threadId="0000000002205300" bytes="11960" />
</allocation-stats>
<gc-op id="2275" type="mark" timems="240.003" contextid="2272" timestamp="2019-01-09T09:15:13.960">
  <trace-info objectcount="23580638" scancount="17628603" scanbytes="473246584" />
  <finalization candidates="729" enqueued="0" />
  <ownableSynchronizers candidates="499192" cleared="0" />
  <references type="soft" candidates="6325" cleared="2" enqueued="0" dynamicThreshold="0" maxThreshold="32" />
  <references type="weak" candidates="7027" cleared="0" enqueued="0" />
  <references type="phantom" candidates="106" cleared="0" enqueued="0" />
  <stringconstants candidates="19039" cleared="0"  />
</gc-op>
<gc-op id="2276" type="sweep" timems="15.278" contextid="2272" timestamp="2019-01-09T09:15:13.975" />
<mem-info id="2277" free="12222480" total="912261120" percent="1">
  <mem type="nursery" free="14232" total="228065280" percent="0">
    <mem type="allocate" free="14232" total="114032640" percent="0" />
    <mem type="survivor" free="0" total="114032640" percent="0" />
  </mem>
  <mem type="tenure" free="12208248" total="684195840" percent="1" micro-fragmented="0" macro-fragmented="6450429">
    <mem type="soa" free="5366904" total="677354496" percent="0" />
    <mem type="loa" free="6841344" total="6841344" percent="100" />
  </mem>
  <remembered-set count="151064" />
</mem-info>
<gc-op id="2278" type="compact" timems="253.338" contextid="2272" timestamp="2019-01-09T09:15:14.229">
  <compact-info movecount="192070" movebytes="7654552" reason="low free space (less than 4%)" />
</gc-op>
<gc-end id="2279" type="global" contextid="2272" durationms="509.311" usertimems="4667.323" systemtimems="27.096" timestamp="2019-01-09T09:15:14.229" activeThreads="16">
  <mem-info id="2280" free="12223808" total="912261120" percent="1">
    <mem type="nursery" free="15560" total="228065280" percent="0">
      <mem type="allocate" free="15560" total="114032640" percent="0" />
      <mem type="survivor" free="0" total="114032640" percent="0" />
    </mem>
    <mem type="tenure" free="12208248" total="684195840" percent="1">
      <mem type="soa" free="5366904" total="677354496" percent="0" />
      <mem type="loa" free="6841344" total="6841344" percent="100" />
    </mem>
    <remembered-set count="151064" />
  </mem-info>
</gc-end>
<cycle-end id="2281" type="global" contextid="2272" timestamp="2019-01-09T09:15:14.229" />
<concurrent-kickoff id="2282" timestamp="2019-01-09T09:15:14.229">
  <kickoff reason="threshold reached" targetBytes="76351484" thresholdFreeBytes="9514007"  remainingFree="15528" tenureFreeBytes="12208248" nurseryFreeBytes="15528" />
</concurrent-kickoff>
<allocation-satisfied id="2283" threadId="000000000285C300" bytesRequested="32" />
<af-end id="2284" timestamp="2019-01-09T09:15:14.229" threadId="000000000285CC60" success="true" from="nursery"/>
<exclusive-end id="2285" timestamp="2019-01-09T09:15:14.230" durationms="510.400" />

<exclusive-start id="2286" timestamp="2019-01-09T09:15:14.230" intervalms="511.390">
  <response-info timems="0.039" idlems="0.034" threads="1" lastid="000000000285C300" lastname="dw-110 - GET /api/res/v1/director.cloudenvs/94241672-c98f-4159-" />
</exclusive-start>
<af-start id="2287" threadId="000000000256ED60" totalBytesRequested="72" timestamp="2019-01-09T09:15:14.231" intervalms="511.343" type="nursery" />
<percolate-collect id="2288" from="nursery" to="global" reason="insufficient remaining tenure space" timestamp="2019-01-09T09:15:14.231"/>
<concurrent-aborted id="2289" timestamp="2019-01-09T09:15:14.231">
  <reason value="insufficient progress made" />
</concurrent-aborted>
<cycle-end id="2290" type="global" contextid="0" timestamp="2019-01-09T09:15:14.231" />
<cycle-start id="2291" type="global" contextid="0" timestamp="2019-01-09T09:15:14.231" intervalms="511.353" />
<gc-start id="2292" type="global" contextid="2291" timestamp="2019-01-09T09:15:14.231">
  <mem-info id="2293" free="12208176" total="912261120" percent="1">
    <mem type="nursery" free="0" total="228065280" percent="0">
      <mem type="allocate" free="0" total="114032640" percent="0" />
      <mem type="survivor" free="0" total="114032640" percent="0" />
    </mem>
    <mem type="tenure" free="12208176" total="684195840" percent="1">
      <mem type="soa" free="5366832" total="677354496" percent="0" />
      <mem type="loa" free="6841344" total="6841344" percent="100" />
    </mem>
    <remembered-set count="151086" />
  </mem-info>
</gc-start>
<allocation-stats totalBytes="15608" >
  <allocated-bytes non-tlh="104" tlh="15504" />
  <largest-consumer threadName="kafka-coordinator-heartbeat-thread | rm_modelChange_consumer_group1547025187603" threadId="00000000016F5D00" bytes="11408" />
</allocation-stats>
<gc-op id="2294" type="mark" timems="237.855" contextid="2291" timestamp="2019-01-09T09:15:14.469">
  <trace-info objectcount="23580739" scancount="17628680" scanbytes="473248736" />
  <finalization candidates="729" enqueued="0" />
  <ownableSynchronizers candidates="499194" cleared="2" />
  <references type="soft" candidates="6323" cleared="0" enqueued="0" dynamicThreshold="0" maxThreshold="32" />
  <references type="weak" candidates="7032" cleared="0" enqueued="0" />
  <references type="phantom" candidates="106" cleared="0" enqueued="0" />
  <stringconstants candidates="19040" cleared="0"  />
</gc-op>
<gc-op id="2295" type="sweep" timems="7.880" contextid="2291" timestamp="2019-01-09T09:15:14.477" />
<mem-info id="2296" free="12216200" total="912261120" percent="1">
  <mem type="nursery" free="8024" total="228065280" percent="0">
    <mem type="allocate" free="8024" total="114032640" percent="0" />
    <mem type="survivor" free="0" total="114032640" percent="0" />
  </mem>
  <mem type="tenure" free="12208176" total="684195840" percent="1" micro-fragmented="0" macro-fragmented="0">
    <mem type="soa" free="5366832" total="677354496" percent="0" />
    <mem type="loa" free="6841344" total="6841344" percent="100" />
  </mem>
  <remembered-set count="151086" />
</mem-info>
<gc-op id="2297" type="compact" timems="225.401" contextid="2291" timestamp="2019-01-09T09:15:14.702">
  <compact-info movecount="1372" movebytes="47824" reason="low free space (less than 4%)" />
</gc-op>
<gc-end id="2298" type="global" contextid="2291" durationms="471.820" usertimems="4548.485" systemtimems="13.614" timestamp="2019-01-09T09:15:14.703" activeThreads="16">
  <mem-info id="2299" free="12219128" total="912261120" percent="1">
    <mem type="nursery" free="10952" total="228065280" percent="0">
      <mem type="allocate" free="10952" total="114032640" percent="0" />
      <mem type="survivor" free="0" total="114032640" percent="0" />
    </mem>
    <mem type="tenure" free="12208176" total="684195840" percent="1">
      <mem type="soa" free="5366832" total="677354496" percent="0" />
      <mem type="loa" free="6841344" total="6841344" percent="100" />
    </mem>
    <remembered-set count="151086" />
  </mem-info>
</gc-end>
<cycle-end id="2300" type="global" contextid="2291" timestamp="2019-01-09T09:15:14.703" />
<concurrent-kickoff id="2301" timestamp="2019-01-09T09:15:14.703">
  <kickoff reason="threshold reached" targetBytes="76351484" thresholdFreeBytes="9514007"  remainingFree="10880" tenureFreeBytes="12208176" nurseryFreeBytes="10880" />
</concurrent-kickoff>
<allocation-satisfied id="2302" threadId="000000000256E400" bytesRequested="72" />
<af-end id="2303" timestamp="2019-01-09T09:15:14.703" threadId="000000000256ED60" success="true" from="nursery"/>
<exclusive-end id="2304" timestamp="2019-01-09T09:15:14.703" durationms="472.631" />

<exclusive-start id="2305" timestamp="2019-01-09T09:15:14.707" intervalms="476.874">
  <response-info timems="3.818" idlems="1.921" threads="1" lastid="000000000256E400" lastname="dw-94 - GET /api/res/v1/tree?includeMocs=director.vdc" />
</exclusive-start>
<af-start id="2306" threadId="0000000002545860" totalBytesRequested="32" timestamp="2019-01-09T09:15:14.707" intervalms="476.888" type="nursery" />
<percolate-collect id="2307" from="nursery" to="global" reason="insufficient remaining tenure space" timestamp="2019-01-09T09:15:14.708"/>
<concurrent-aborted id="2308" timestamp="2019-01-09T09:15:14.708">
  <reason value="insufficient progress made" />
</concurrent-aborted>
<cycle-end id="2309" type="global" contextid="0" timestamp="2019-01-09T09:15:14.708" />
<cycle-start id="2310" type="global" contextid="0" timestamp="2019-01-09T09:15:14.708" intervalms="476.871" />
<gc-start id="2311" type="global" contextid="2310" timestamp="2019-01-09T09:15:14.708">
  <mem-info id="2312" free="12208008" total="912261120" percent="1">
    <mem type="nursery" free="0" total="228065280" percent="0">
      <mem type="allocate" free="0" total="114032640" percent="0" />
      <mem type="survivor" free="0" total="114032640" percent="0" />
    </mem>
    <mem type="tenure" free="12208008" total="684195840" percent="1">
      <mem type="soa" free="5366664" total="677354496" percent="0" />
      <mem type="loa" free="6841344" total="6841344" percent="100" />
    </mem>
    <remembered-set count="151087" />
  </mem-info>
</gc-start>
<allocation-stats totalBytes="11120" >
  <allocated-bytes non-tlh="240" tlh="10880" />
  <largest-consumer threadName="kafka-coordinator-heartbeat-thread | rm_modelChange_consumer_group1547025187603" threadId="00000000016F5D00" bytes="8360" />
</allocation-stats>
<gc-op id="2313" type="mark" timems="219.907" contextid="2310" timestamp="2019-01-09T09:15:14.928">
  <trace-info objectcount="23580727" scancount="17628664" scanbytes="473244232" />
  <finalization candidates="729" enqueued="0" />
  <ownableSynchronizers candidates="499194" cleared="2" />
  <references type="soft" candidates="6323" cleared="0" enqueued="0" dynamicThreshold="0" maxThreshold="32" />
  <references type="weak" candidates="7025" cleared="0" enqueued="0" />
  <references type="phantom" candidates="106" cleared="3" enqueued="3" />
  <stringconstants candidates="19041" cleared="0"  />
</gc-op>
<gc-op id="2314" type="sweep" timems="6.629" contextid="2310" timestamp="2019-01-09T09:15:14.934" />
<mem-info id="2315" free="12221512" total="912261120" percent="1">
  <mem type="nursery" free="9240" total="228065280" percent="0">
    <mem type="allocate" free="9240" total="114032640" percent="0" />
    <mem type="survivor" free="0" total="114032640" percent="0" />
  </mem>
  <mem type="tenure" free="12212272" total="684195840" percent="1" micro-fragmented="0" macro-fragmented="0">
    <mem type="soa" free="5370928" total="677354496" percent="0" />
    <mem type="loa" free="6841344" total="6841344" percent="100" />
  </mem>
  <pending-finalizers system="0" default="0" reference="3" classloader="0" />
  <remembered-set count="151086" />
</mem-info>
<gc-op id="2316" type="compact" timems="246.743" contextid="2310" timestamp="2019-01-09T09:15:15.181">
  <compact-info movecount="750483" movebytes="24969648" reason="low free space (less than 4%)" />
</gc-op>
<gc-end id="2317" type="global" contextid="2310" durationms="473.967" usertimems="4882.880" systemtimems="22.900" timestamp="2019-01-09T09:15:15.182" activeThreads="16">
  <mem-info id="2318" free="12223240" total="912261120" percent="1">
    <mem type="nursery" free="11160" total="228065280" percent="0">
      <mem type="allocate" free="11160" total="114032640" percent="0" />
      <mem type="survivor" free="0" total="114032640" percent="0" />
    </mem>
    <mem type="tenure" free="12212080" total="684195840" percent="1">
      <mem type="soa" free="5370736" total="677354496" percent="0" />
      <mem type="loa" free="6841344" total="6841344" percent="100" />
    </mem>
    <pending-finalizers system="0" default="0" reference="3" classloader="0" />
    <remembered-set count="151086" />
  </mem-info>
</gc-end>
<cycle-end id="2319" type="global" contextid="2310" timestamp="2019-01-09T09:15:15.182" />
<concurrent-kickoff id="2320" timestamp="2019-01-09T09:15:15.182">
  <kickoff reason="threshold reached" targetBytes="76351484" thresholdFreeBytes="9514007"  remainingFree="11128" tenureFreeBytes="12212080" nurseryFreeBytes="11128" />
</concurrent-kickoff>
<allocation-satisfied id="2321" threadId="0000000002544F00" bytesRequested="32" />
<af-end id="2322" timestamp="2019-01-09T09:15:15.182" threadId="0000000002545860" success="true" from="nursery"/>
<exclusive-end id="2323" timestamp="2019-01-09T09:15:15.182" durationms="474.764" />

<exclusive-start id="2324" timestamp="2019-01-09T09:15:15.185" intervalms="477.892">
  <response-info timems="0.084" idlems="0.056" threads="2" lastid="000000000256E400" lastname="dw-94 - GET /api/res/v1/tree?includeMocs=director.vdc" />
</exclusive-start>
<af-start id="2325" threadId="00000000015C7860" totalBytesRequested="16" timestamp="2019-01-09T09:15:15.185" intervalms="477.961" type="nursery" />
<percolate-collect id="2326" from="nursery" to="global" reason="insufficient remaining tenure space" timestamp="2019-01-09T09:15:15.186"/>
<concurrent-aborted id="2327" timestamp="2019-01-09T09:15:15.186">
  <reason value="insufficient progress made" />
</concurrent-aborted>
<cycle-end id="2328" type="global" contextid="0" timestamp="2019-01-09T09:15:15.186" />
<cycle-start id="2329" type="global" contextid="0" timestamp="2019-01-09T09:15:15.186" intervalms="477.982" />
<gc-start id="2330" type="global" contextid="2329" timestamp="2019-01-09T09:15:15.186">
  <mem-info id="2331" free="12212080" total="912261120" percent="1">
    <mem type="nursery" free="0" total="228065280" percent="0">
      <mem type="allocate" free="0" total="114032640" percent="0" />
      <mem type="survivor" free="0" total="114032640" percent="0" />
    </mem>
    <mem type="tenure" free="12212080" total="684195840" percent="1">
      <mem type="soa" free="5370736" total="677354496" percent="0" />
      <mem type="loa" free="6841344" total="6841344" percent="100" />
    </mem>
    <remembered-set count="151095" />
  </mem-info>
</gc-start>
<allocation-stats totalBytes="11112" >
  <allocated-bytes non-tlh="32" tlh="11080" />
  <largest-consumer threadName="dw-94 - GET /api/res/v1/tree?includeMocs=director.vdc" threadId="000000000256E400" bytes="11080" />
</allocation-stats>
<gc-op id="2332" type="mark" timems="241.639" contextid="2329" timestamp="2019-01-09T09:15:15.427">
  <trace-info objectcount="23580764" scancount="17628689" scanbytes="473244784" />
  <finalization candidates="729" enqueued="0" />
  <ownableSynchronizers candidates="499192" cleared="0" />
  <references type="soft" candidates="6323" cleared="0" enqueued="0" dynamicThreshold="0" maxThreshold="32" />
  <references type="weak" candidates="7025" cleared="0" enqueued="0" />
  <references type="phantom" candidates="103" cleared="0" enqueued="0" />
  <stringconstants candidates="19041" cleared="0"  />
</gc-op>
<gc-op id="2333" type="sweep" timems="9.078" contextid="2329" timestamp="2019-01-09T09:15:15.437" />
<mem-info id="2334" free="12219040" total="912261120" percent="1">
  <mem type="nursery" free="6960" total="228065280" percent="0">
    <mem type="allocate" free="6960" total="114032640" percent="0" />
    <mem type="survivor" free="0" total="114032640" percent="0" />
  </mem>
  <mem type="tenure" free="12212080" total="684195840" percent="1" micro-fragmented="0" macro-fragmented="0">
    <mem type="soa" free="5370736" total="677354496" percent="0" />
    <mem type="loa" free="6841344" total="6841344" percent="100" />
  </mem>
  <remembered-set count="151091" />
</mem-info>
<gc-op id="2335" type="compact" timems="232.736" contextid="2329" timestamp="2019-01-09T09:15:15.670">
  <compact-info movecount="370353" movebytes="13894112" reason="low free space (less than 4%)" />
</gc-op>
<gc-end id="2336" type="global" contextid="2329" durationms="484.163" usertimems="4607.370" systemtimems="23.076" timestamp="2019-01-09T09:15:15.670" activeThreads="16">
  <mem-info id="2337" free="12221400" total="912261120" percent="1">
    <mem type="nursery" free="9336" total="228065280" percent="0">
      <mem type="allocate" free="9336" total="114032640" percent="0" />
      <mem type="survivor" free="0" total="114032640" percent="0" />
    </mem>
    <mem type="tenure" free="12212064" total="684195840" percent="1">
      <mem type="soa" free="5370720" total="677354496" percent="0" />
      <mem type="loa" free="6841344" total="6841344" percent="100" />
    </mem>
    <remembered-set count="151091" />
  </mem-info>
</gc-end>
<cycle-end id="2338" type="global" contextid="2329" timestamp="2019-01-09T09:15:15.670" />
<concurrent-kickoff id="2339" timestamp="2019-01-09T09:15:15.670">
  <kickoff reason="threshold reached" targetBytes="76351484" thresholdFreeBytes="9514007"  remainingFree="9320" tenureFreeBytes="12212064" nurseryFreeBytes="9320" />
</concurrent-kickoff>
<allocation-satisfied id="2340" threadId="00000000015C6F00" bytesRequested="16" />
<af-end id="2341" timestamp="2019-01-09T09:15:15.670" threadId="00000000015C7860" success="true" from="nursery"/>
<exclusive-end id="2342" timestamp="2019-01-09T09:15:15.670" durationms="485.072" />

<exclusive-start id="2343" timestamp="2019-01-09T09:15:15.671" intervalms="485.668">
  <response-info timems="0.181" idlems="0.181" threads="0" lastid="0000000002581900" lastname="dw-93-acceptor-0@cb7d5a5d- RM APP @85622006{HTTP/1.1,[http/1.1]" />
</exclusive-start>
<af-start id="2344" threadId="0000000002582260" totalBytesRequested="16" timestamp="2019-01-09T09:15:15.671" intervalms="485.589" type="nursery" />
<percolate-collect id="2345" from="nursery" to="global" reason="insufficient remaining tenure space" timestamp="2019-01-09T09:15:15.671"/>
<concurrent-aborted id="2346" timestamp="2019-01-09T09:15:15.671">
  <reason value="insufficient progress made" />
</concurrent-aborted>
<cycle-end id="2347" type="global" contextid="0" timestamp="2019-01-09T09:15:15.671" />
<cycle-start id="2348" type="global" contextid="0" timestamp="2019-01-09T09:15:15.671" intervalms="485.599" />
<gc-start id="2349" type="global" contextid="2348" timestamp="2019-01-09T09:15:15.671">
  <mem-info id="2350" free="12211960" total="912261120" percent="1">
    <mem type="nursery" free="0" total="228065280" percent="0">
      <mem type="allocate" free="0" total="114032640" percent="0" />
      <mem type="survivor" free="0" total="114032640" percent="0" />
    </mem>
    <mem type="tenure" free="12211960" total="684195840" percent="1">
      <mem type="soa" free="5370616" total="677354496" percent="0" />
      <mem type="loa" free="6841344" total="6841344" percent="100" />
    </mem>
    <remembered-set count="151095" />
  </mem-info>
</gc-start>
<allocation-stats totalBytes="9344" >
  <allocated-bytes non-tlh="120" tlh="9224" />
  <largest-consumer threadName="Scheduler-1834736141" threadId="0000000002544F00" bytes="4112" />
</allocation-stats>
<gc-op id="2351" type="mark" timems="217.771" contextid="2348" timestamp="2019-01-09T09:15:15.889">
  <trace-info objectcount="23580806" scancount="17628716" scanbytes="473245480" />
  <finalization candidates="729" enqueued="0" />
  <ownableSynchronizers candidates="499192" cleared="0" />
  <references type="soft" candidates="6323" cleared="0" enqueued="0" dynamicThreshold="0" maxThreshold="32" />
  <references type="weak" candidates="7027" cleared="1" enqueued="1" />
  <references type="phantom" candidates="103" cleared="0" enqueued="0" />
  <stringconstants candidates="19043" cleared="0"  />
</gc-op>
<gc-op id="2352" type="sweep" timems="7.792" contextid="2348" timestamp="2019-01-09T09:15:15.897" />
<mem-info id="2353" free="12217768" total="912261120" percent="1">
  <mem type="nursery" free="5808" total="228065280" percent="0">
    <mem type="allocate" free="5808" total="114032640" percent="0" />
    <mem type="survivor" free="0" total="114032640" percent="0" />
  </mem>
  <mem type="tenure" free="12211960" total="684195840" percent="1" micro-fragmented="0" macro-fragmented="0">
    <mem type="soa" free="5370616" total="677354496" percent="0" />
    <mem type="loa" free="6841344" total="6841344" percent="100" />
  </mem>
  <pending-finalizers system="0" default="0" reference="1" classloader="0" />
  <remembered-set count="151095" />
</mem-info>
<gc-op id="2354" type="compact" timems="216.500" contextid="2348" timestamp="2019-01-09T09:15:16.114">
  <compact-info movecount="159214" movebytes="5608296" reason="low free space (less than 4%)" />
</gc-op>
<gc-end id="2355" type="global" contextid="2348" durationms="442.756" usertimems="4598.325" systemtimems="7.419" timestamp="2019-01-09T09:15:16.114" activeThreads="16">
  <mem-info id="2356" free="12219184" total="912261120" percent="1">
    <mem type="nursery" free="7224" total="228065280" percent="0">
      <mem type="allocate" free="7224" total="114032640" percent="0" />
      <mem type="survivor" free="0" total="114032640" percent="0" />
    </mem>
    <mem type="tenure" free="12211960" total="684195840" percent="1">
      <mem type="soa" free="5370616" total="677354496" percent="0" />
      <mem type="loa" free="6841344" total="6841344" percent="100" />
    </mem>
    <pending-finalizers system="0" default="0" reference="1" classloader="0" />
    <remembered-set count="151095" />
  </mem-info>
</gc-end>
<cycle-end id="2357" type="global" contextid="2348" timestamp="2019-01-09T09:15:16.114" />
<concurrent-kickoff id="2358" timestamp="2019-01-09T09:15:16.114">
  <kickoff reason="threshold reached" targetBytes="76351484" thresholdFreeBytes="9514007"  remainingFree="7208" tenureFreeBytes="12211960" nurseryFreeBytes="7208" />
</concurrent-kickoff>
<allocation-satisfied id="2359" threadId="0000000002581900" bytesRequested="16" />
<af-end id="2360" timestamp="2019-01-09T09:15:16.114" threadId="0000000002582260" success="true" from="nursery"/>
<exclusive-end id="2361" timestamp="2019-01-09T09:15:16.114" durationms="443.532" />

<exclusive-start id="2362" timestamp="2019-01-09T09:15:16.115" intervalms="443.712">
  <response-info timems="0.122" idlems="0.078" threads="2" lastid="0000000002581900" lastname="dw-93-acceptor-0@cb7d5a5d- RM APP @85622006{HTTP/1.1,[http/1.1]" />
</exclusive-start>
<event id="2363" timestamp="2019-01-09T09:15:16.115">
  <warning details="exclusive access acquired to satisfy allocation" />
</event>
<exclusive-end id="2364" timestamp="2019-01-09T09:15:16.115" durationms="0.434" />

<exclusive-start id="2365" timestamp="2019-01-09T09:15:16.115" intervalms="0.655">
  <response-info timems="0.197" idlems="0.106" threads="1" lastid="000000000258EC00" lastname="dw-103 - GET /api/res/v1/tree?includeMocs=director.vdc" />
</exclusive-start>
<af-start id="2366" threadId="0000000002419160" totalBytesRequested="32" timestamp="2019-01-09T09:15:16.115" intervalms="444.339" type="nursery" />
<percolate-collect id="2367" from="nursery" to="global" reason="insufficient remaining tenure space" timestamp="2019-01-09T09:15:16.115"/>
<concurrent-aborted id="2368" timestamp="2019-01-09T09:15:16.115">
  <reason value="insufficient progress made" />
</concurrent-aborted>
<cycle-end id="2369" type="global" contextid="0" timestamp="2019-01-09T09:15:16.115" />
<cycle-start id="2370" type="global" contextid="0" timestamp="2019-01-09T09:15:16.116" intervalms="444.321" />
<gc-start id="2371" type="global" contextid="2370" timestamp="2019-01-09T09:15:16.116">
  <mem-info id="2372" free="12211960" total="912261120" percent="1">
    <mem type="nursery" free="0" total="228065280" percent="0">
      <mem type="allocate" free="0" total="114032640" percent="0" />
      <mem type="survivor" free="0" total="114032640" percent="0" />
    </mem>
    <mem type="tenure" free="12211960" total="684195840" percent="1">
      <mem type="soa" free="5370616" total="677354496" percent="0" />
      <mem type="loa" free="6841344" total="6841344" percent="100" />
    </mem>
    <remembered-set count="151097" />
  </mem-info>
</gc-start>
<allocation-stats totalBytes="7224" >
  <allocated-bytes non-tlh="16" tlh="7208" />
  <largest-consumer threadName="dw-93-acceptor-0@cb7d5a5d- RM APP @85622006{HTTP/1.1,[http/1.1]}{0.0.0.0:13601}" threadId="0000000002581900" bytes="4112" />
</allocation-stats>
<gc-op id="2373" type="mark" timems="204.016" contextid="2370" timestamp="2019-01-09T09:15:16.320">
  <trace-info objectcount="23580834" scancount="17628734" scanbytes="473245872" />
  <finalization candidates="729" enqueued="0" />
  <ownableSynchronizers candidates="499192" cleared="0" />
  <references type="soft" candidates="6323" cleared="0" enqueued="0" dynamicThreshold="0" maxThreshold="32" />
  <references type="weak" candidates="7026" cleared="0" enqueued="0" />
  <references type="phantom" candidates="103" cleared="0" enqueued="0" />
  <stringconstants candidates="19043" cleared="0"  />
</gc-op>
<gc-op id="2374" type="sweep" timems="12.028" contextid="2370" timestamp="2019-01-09T09:15:16.332" />
<mem-info id="2375" free="12216080" total="912261120" percent="1">
  <mem type="nursery" free="4120" total="228065280" percent="0">
    <mem type="allocate" free="4120" total="114032640" percent="0" />
    <mem type="survivor" free="0" total="114032640" percent="0" />
  </mem>
  <mem type="tenure" free="12211960" total="684195840" percent="1" micro-fragmented="0" macro-fragmented="0">
    <mem type="soa" free="5370616" total="677354496" percent="0" />
    <mem type="loa" free="6841344" total="6841344" percent="100" />
  </mem>
  <remembered-set count="151097" />
</mem-info>
<gc-op id="2376" type="compact" timems="231.424" contextid="2370" timestamp="2019-01-09T09:15:16.564">
  <compact-info movecount="15612" movebytes="508864" reason="low free space (less than 4%)" />
</gc-op>
<gc-end id="2377" type="global" contextid="2370" durationms="448.187" usertimems="4600.418" systemtimems="31.877" timestamp="2019-01-09T09:15:16.564" activeThreads="16">
  <mem-info id="2378" free="12218040" total="912261120" percent="1">
    <mem type="nursery" free="6080" total="228065280" percent="0">
      <mem type="allocate" free="6080" total="114032640" percent="0" />
      <mem type="survivor" free="0" total="114032640" percent="0" />
    </mem>
    <mem type="tenure" free="12211960" total="684195840" percent="1">
      <mem type="soa" free="5370616" total="677354496" percent="0" />
      <mem type="loa" free="6841344" total="6841344" percent="100" />
    </mem>
    <remembered-set count="151097" />
  </mem-info>
</gc-end>
<cycle-end id="2379" type="global" contextid="2370" timestamp="2019-01-09T09:15:16.564" />
<concurrent-kickoff id="2380" timestamp="2019-01-09T09:15:16.564">
  <kickoff reason="threshold reached" targetBytes="76351484" thresholdFreeBytes="9514007"  remainingFree="6048" tenureFreeBytes="12211960" nurseryFreeBytes="6048" />
</concurrent-kickoff>
<allocation-satisfied id="2381" threadId="0000000002418800" bytesRequested="32" />
<af-end id="2382" timestamp="2019-01-09T09:15:16.564" threadId="0000000002419160" success="true" from="nursery"/>
<exclusive-end id="2383" timestamp="2019-01-09T09:15:16.564" durationms="448.976" />

<exclusive-start id="2384" timestamp="2019-01-09T09:15:16.564" intervalms="449.097">
  <response-info timems="0.034" idlems="0.025" threads="2" lastid="000000000256E400" lastname="dw-94 - GET /api/res/v1/tree?includeMocs=director.vdc" />
</exclusive-start>
<event id="2385" timestamp="2019-01-09T09:15:16.565">
  <warning details="exclusive access acquired to satisfy allocation" />
</event>
<exclusive-end id="2386" timestamp="2019-01-09T09:15:16.565" durationms="0.289" />

<exclusive-start id="2387" timestamp="2019-01-09T09:15:16.565" intervalms="0.382">
  <response-info timems="0.028" idlems="0.021" threads="1" lastid="00000000021BC500" lastname="kafka-coordinator-heartbeat-thread | broadcast_group" />
</exclusive-start>
<af-start id="2388" threadId="00000000016F7260" totalBytesRequested="16" timestamp="2019-01-09T09:15:16.565" intervalms="449.466" type="nursery" />
<percolate-collect id="2389" from="nursery" to="global" reason="insufficient remaining tenure space" timestamp="2019-01-09T09:15:16.565"/>
<concurrent-aborted id="2390" timestamp="2019-01-09T09:15:16.565">
  <reason value="insufficient progress made" />
</concurrent-aborted>
<cycle-end id="2391" type="global" contextid="0" timestamp="2019-01-09T09:15:16.565" />
<cycle-start id="2392" type="global" contextid="0" timestamp="2019-01-09T09:15:16.565" intervalms="449.459" />
<gc-start id="2393" type="global" contextid="2392" timestamp="2019-01-09T09:15:16.565">
  <mem-info id="2394" free="12211960" total="912261120" percent="1">
    <mem type="nursery" free="0" total="228065280" percent="0">
      <mem type="allocate" free="0" total="114032640" percent="0" />
      <mem type="survivor" free="0" total="114032640" percent="0" />
    </mem>
    <mem type="tenure" free="12211960" total="684195840" percent="1">
      <mem type="soa" free="5370616" total="677354496" percent="0" />
      <mem type="loa" free="6841344" total="6841344" percent="100" />
    </mem>
    <remembered-set count="151097" />
  </mem-info>
</gc-start>
<allocation-stats totalBytes="6080" >
  <allocated-bytes non-tlh="32" tlh="6048" />
  <largest-consumer threadName="dw-94 - GET /api/res/v1/tree?includeMocs=director.vdc" threadId="000000000256E400" bytes="4096" />
</allocation-stats>
<gc-op id="2395" type="mark" timems="230.827" contextid="2392" timestamp="2019-01-09T09:15:16.796">
  <trace-info objectcount="23580836" scancount="17628736" scanbytes="473245928" />
  <finalization candidates="729" enqueued="0" />
  <ownableSynchronizers candidates="499192" cleared="0" />
  <references type="soft" candidates="6323" cleared="0" enqueued="0" dynamicThreshold="0" maxThreshold="32" />
  <references type="weak" candidates="7026" cleared="0" enqueued="0" />
  <references type="phantom" candidates="103" cleared="0" enqueued="0" />
  <stringconstants candidates="19043" cleared="0"  />
</gc-op>
<gc-op id="2396" type="sweep" timems="7.871" contextid="2392" timestamp="2019-01-09T09:15:16.804" />
<mem-info id="2397" free="12217984" total="912261120" percent="1">
  <mem type="nursery" free="6024" total="228065280" percent="0">
    <mem type="allocate" free="6024" total="114032640" percent="0" />
    <mem type="survivor" free="0" total="114032640" percent="0" />
  </mem>
  <mem type="tenure" free="12211960" total="684195840" percent="1" micro-fragmented="0" macro-fragmented="0">
    <mem type="soa" free="5370616" total="677354496" percent="0" />
    <mem type="loa" free="6841344" total="6841344" percent="100" />
  </mem>
  <remembered-set count="151097" />
</mem-info>
<gc-op id="2398" type="compact" timems="221.845" contextid="2392" timestamp="2019-01-09T09:15:17.026">
  <compact-info movecount="0" movebytes="0" reason="low free space (less than 4%)" />
</gc-op>
<gc-end id="2399" type="global" contextid="2392" durationms="461.278" usertimems="4539.708" systemtimems="15.955" timestamp="2019-01-09T09:15:17.026" activeThreads="16">
  <mem-info id="2400" free="12217984" total="912261120" percent="1">
    <mem type="nursery" free="6024" total="228065280" percent="0">
      <mem type="allocate" free="6024" total="114032640" percent="0" />
      <mem type="survivor" free="0" total="114032640" percent="0" />
    </mem>
    <mem type="tenure" free="12211960" total="684195840" percent="1">
      <mem type="soa" free="5370616" total="677354496" percent="0" />
      <mem type="loa" free="6841344" total="6841344" percent="100" />
    </mem>
    <remembered-set count="151097" />
  </mem-info>
</gc-end>
<cycle-end id="2401" type="global" contextid="2392" timestamp="2019-01-09T09:15:17.027" />
<concurrent-kickoff id="2402" timestamp="2019-01-09T09:15:17.027">
  <kickoff reason="threshold reached" targetBytes="76351484" thresholdFreeBytes="9514007"  remainingFree="6008" tenureFreeBytes="12211960" nurseryFreeBytes="6008" />
</concurrent-kickoff>
<allocation-satisfied id="2403" threadId="00000000016F6900" bytesRequested="16" />
<af-end id="2404" timestamp="2019-01-09T09:15:17.027" threadId="00000000016F7260" success="true" from="nursery"/>
<exclusive-end id="2405" timestamp="2019-01-09T09:15:17.027" durationms="462.082" />

<exclusive-start id="2406" timestamp="2019-01-09T09:15:17.027" intervalms="462.201">
  <response-info timems="0.022" idlems="0.012" threads="2" lastid="0000000001BFE400" lastname="dw-120" />
</exclusive-start>
<af-start id="2407" threadId="000000000253DB60" totalBytesRequested="16" timestamp="2019-01-09T09:15:17.027" intervalms="462.233" type="nursery" />
<percolate-collect id="2408" from="nursery" to="global" reason="insufficient remaining tenure space" timestamp="2019-01-09T09:15:17.027"/>
<concurrent-aborted id="2409" timestamp="2019-01-09T09:15:17.027">
  <reason value="insufficient progress made" />
</concurrent-aborted>
<cycle-end id="2410" type="global" contextid="0" timestamp="2019-01-09T09:15:17.027" />
<cycle-start id="2411" type="global" contextid="0" timestamp="2019-01-09T09:15:17.027" intervalms="462.263" />
<gc-start id="2412" type="global" contextid="2411" timestamp="2019-01-09T09:15:17.027">
  <mem-info id="2413" free="12211960" total="912261120" percent="1">
    <mem type="nursery" free="0" total="228065280" percent="0">
      <mem type="allocate" free="0" total="114032640" percent="0" />
      <mem type="survivor" free="0" total="114032640" percent="0" />
    </mem>
    <mem type="tenure" free="12211960" total="684195840" percent="1">
      <mem type="soa" free="5370616" total="677354496" percent="0" />
      <mem type="loa" free="6841344" total="6841344" percent="100" />
    </mem>
    <remembered-set count="151098" />
  </mem-info>
</gc-start>
<allocation-stats totalBytes="6024" >
  <allocated-bytes non-tlh="16" tlh="6008" />
  <largest-consumer threadName="dw-120" threadId="0000000001BFE400" bytes="4096" />
</allocation-stats>
<gc-op id="2414" type="mark" timems="208.865" contextid="2411" timestamp="2019-01-09T09:15:17.236">
  <trace-info objectcount="23580837" scancount="17628737" scanbytes="473245928" />
  <finalization candidates="729" enqueued="0" />
  <ownableSynchronizers candidates="499192" cleared="0" />
  <references type="soft" candidates="6323" cleared="0" enqueued="0" dynamicThreshold="0" maxThreshold="32" />
  <references type="weak" candidates="7026" cleared="0" enqueued="0" />
  <references type="phantom" candidates="103" cleared="0" enqueued="0" />
  <stringconstants candidates="19043" cleared="0"  />
</gc-op>
<gc-op id="2415" type="sweep" timems="11.585" contextid="2411" timestamp="2019-01-09T09:15:17.248" />
<mem-info id="2416" free="12217912" total="912261120" percent="1">
  <mem type="nursery" free="5952" total="228065280" percent="0">
    <mem type="allocate" free="5952" total="114032640" percent="0" />
    <mem type="survivor" free="0" total="114032640" percent="0" />
  </mem>
  <mem type="tenure" free="12211960" total="684195840" percent="1" micro-fragmented="0" macro-fragmented="0">
    <mem type="soa" free="5370616" total="677354496" percent="0" />
    <mem type="loa" free="6841344" total="6841344" percent="100" />
  </mem>
  <remembered-set count="151098" />
</mem-info>
<gc-op id="2417" type="compact" timems="217.417" contextid="2411" timestamp="2019-01-09T09:15:17.466">
  <compact-info movecount="52" movebytes="1704" reason="low free space (less than 4%)" />
</gc-op>
<gc-end id="2418" type="global" contextid="2411" durationms="438.593" usertimems="4544.376" systemtimems="20.560" timestamp="2019-01-09T09:15:17.466" activeThreads="16">
  <mem-info id="2419" free="12217984" total="912261120" percent="1">
    <mem type="nursery" free="6024" total="228065280" percent="0">
      <mem type="allocate" free="6024" total="114032640" percent="0" />
      <mem type="survivor" free="0" total="114032640" percent="0" />
    </mem>
    <mem type="tenure" free="12211960" total="684195840" percent="1">
      <mem type="soa" free="5370616" total="677354496" percent="0" />
      <mem type="loa" free="6841344" total="6841344" percent="100" />
    </mem>
    <remembered-set count="151098" />
  </mem-info>
</gc-end>
<cycle-end id="2420" type="global" contextid="2411" timestamp="2019-01-09T09:15:17.466" />
<concurrent-kickoff id="2421" timestamp="2019-01-09T09:15:17.466">
  <kickoff reason="threshold reached" targetBytes="76351484" thresholdFreeBytes="9514007"  remainingFree="6008" tenureFreeBytes="12211960" nurseryFreeBytes="6008" />
</concurrent-kickoff>
<allocation-satisfied id="2422" threadId="000000000253D200" bytesRequested="16" />
<af-end id="2423" timestamp="2019-01-09T09:15:17.466" threadId="000000000253DB60" success="true" from="nursery"/>
<exclusive-end id="2424" timestamp="2019-01-09T09:15:17.466" durationms="439.358" />

<exclusive-start id="2425" timestamp="2019-01-09T09:15:17.466" intervalms="439.500">
  <response-info timems="0.047" idlems="0.025" threads="3" lastid="000000000168EC00" lastname="dw-106 - GET /api/res/v1/director.volumetypes?cloudEnvId=942416" />
</exclusive-start>
<af-start id="2426" threadId="00000000016F7260" totalBytesRequested="16" timestamp="2019-01-09T09:15:17.467" intervalms="439.507" type="nursery" />
<percolate-collect id="2427" from="nursery" to="global" reason="insufficient remaining tenure space" timestamp="2019-01-09T09:15:17.467"/>
<concurrent-aborted id="2428" timestamp="2019-01-09T09:15:17.467">
  <reason value="insufficient progress made" />
</concurrent-aborted>
<cycle-end id="2429" type="global" contextid="0" timestamp="2019-01-09T09:15:17.467" />
<cycle-start id="2430" type="global" contextid="0" timestamp="2019-01-09T09:15:17.467" intervalms="439.538" />
<gc-start id="2431" type="global" contextid="2430" timestamp="2019-01-09T09:15:17.467">
  <mem-info id="2432" free="12211960" total="912261120" percent="1">
    <mem type="nursery" free="0" total="228065280" percent="0">
      <mem type="allocate" free="0" total="114032640" percent="0" />
      <mem type="survivor" free="0" total="114032640" percent="0" />
    </mem>
    <mem type="tenure" free="12211960" total="684195840" percent="1">
      <mem type="soa" free="5370616" total="677354496" percent="0" />
      <mem type="loa" free="6841344" total="6841344" percent="100" />
    </mem>
    <remembered-set count="151098" />
  </mem-info>
</gc-start>
<allocation-stats totalBytes="6024" >
  <allocated-bytes non-tlh="16" tlh="6008" />
  <largest-consumer threadName="dw-102 - GET /api/res/v1/tree?includeMocs=director.vdc" threadId="0000000002546A00" bytes="4096" />
</allocation-stats>
<gc-op id="2433" type="mark" timems="222.134" contextid="2430" timestamp="2019-01-09T09:15:17.689">
  <trace-info objectcount="23580845" scancount="17628745" scanbytes="473246088" />
  <finalization candidates="729" enqueued="0" />
  <ownableSynchronizers candidates="499192" cleared="0" />
  <references type="soft" candidates="6323" cleared="0" enqueued="0" dynamicThreshold="0" maxThreshold="32" />
  <references type="weak" candidates="7026" cleared="0" enqueued="0" />
  <references type="phantom" candidates="103" cleared="0" enqueued="0" />
  <stringconstants candidates="19043" cleared="0"  />
</gc-op>
<gc-op id="2434" type="sweep" timems="7.958" contextid="2430" timestamp="2019-01-09T09:15:17.697" />
<mem-info id="2435" free="12217280" total="912261120" percent="1">
  <mem type="nursery" free="5320" total="228065280" percent="0">
    <mem type="allocate" free="5320" total="114032640" percent="0" />
    <mem type="survivor" free="0" total="114032640" percent="0" />
  </mem>
  <mem type="tenure" free="12211960" total="684195840" percent="1" micro-fragmented="0" macro-fragmented="0">
    <mem type="soa" free="5370616" total="677354496" percent="0" />
    <mem type="loa" free="6841344" total="6841344" percent="100" />
  </mem>
  <remembered-set count="151098" />
</mem-info>
<gc-op id="2436" type="compact" timems="203.547" contextid="2430" timestamp="2019-01-09T09:15:17.901">
  <compact-info movecount="11803" movebytes="376752" reason="low free space (less than 4%)" />
</gc-op>
<gc-end id="2437" type="global" contextid="2430" durationms="434.426" usertimems="4550.922" systemtimems="33.203" timestamp="2019-01-09T09:15:17.901" activeThreads="16">
  <mem-info id="2438" free="12217688" total="912261120" percent="1">
    <mem type="nursery" free="5728" total="228065280" percent="0">
      <mem type="allocate" free="5728" total="114032640" percent="0" />
      <mem type="survivor" free="0" total="114032640" percent="0" />
    </mem>
    <mem type="tenure" free="12211960" total="684195840" percent="1">
      <mem type="soa" free="5370616" total="677354496" percent="0" />
      <mem type="loa" free="6841344" total="6841344" percent="100" />
    </mem>
    <remembered-set count="151098" />
  </mem-info>
</gc-end>
<cycle-end id="2439" type="global" contextid="2430" timestamp="2019-01-09T09:15:17.902" />
<concurrent-kickoff id="2440" timestamp="2019-01-09T09:15:17.902">
  <kickoff reason="threshold reached" targetBytes="76351484" thresholdFreeBytes="9514007"  remainingFree="5712" tenureFreeBytes="12211960" nurseryFreeBytes="5712" />
</concurrent-kickoff>
<allocation-satisfied id="2441" threadId="00000000016F6900" bytesRequested="16" />
<af-end id="2442" timestamp="2019-01-09T09:15:17.902" threadId="00000000016F7260" success="true" from="nursery"/>
<exclusive-end id="2443" timestamp="2019-01-09T09:15:17.902" durationms="435.351" />

<exclusive-start id="2444" timestamp="2019-01-09T09:15:17.903" intervalms="436.874">
  <response-info timems="0.396" idlems="0.396" threads="0" lastid="0000000002207800" lastname="kafka-coordinator-heartbeat-thread | 5373f404-6419-41c3-897a-38" />
</exclusive-start>
<af-start id="2445" threadId="0000000002208160" totalBytesRequested="48" timestamp="2019-01-09T09:15:17.903" intervalms="436.872" type="nursery" />
<percolate-collect id="2446" from="nursery" to="global" reason="insufficient remaining tenure space" timestamp="2019-01-09T09:15:17.904"/>
<concurrent-aborted id="2447" timestamp="2019-01-09T09:15:17.904">
  <reason value="insufficient progress made" />
</concurrent-aborted>
<cycle-end id="2448" type="global" contextid="0" timestamp="2019-01-09T09:15:17.904" />
<cycle-start id="2449" type="global" contextid="0" timestamp="2019-01-09T09:15:17.904" intervalms="436.803" />
<gc-start id="2450" type="global" contextid="2449" timestamp="2019-01-09T09:15:17.904">
  <mem-info id="2451" free="12211056" total="912261120" percent="1">
    <mem type="nursery" free="0" total="228065280" percent="0">
      <mem type="allocate" free="0" total="114032640" percent="0" />
      <mem type="survivor" free="0" total="114032640" percent="0" />
    </mem>
    <mem type="tenure" free="12211056" total="684195840" percent="1">
      <mem type="soa" free="5369712" total="677354496" percent="0" />
      <mem type="loa" free="6841344" total="6841344" percent="100" />
    </mem>
    <remembered-set count="151101" />
  </mem-info>
</gc-start>
<allocation-stats totalBytes="5960" >
  <allocated-bytes non-tlh="280" tlh="5680" />
  <largest-consumer threadName="kafka-coordinator-heartbeat-thread | broadcast_group" threadId="00000000021BC500" bytes="5944" />
</allocation-stats>
<gc-op id="2452" type="mark" timems="213.208" contextid="2449" timestamp="2019-01-09T09:15:18.117">
  <trace-info objectcount="23580858" scancount="17628757" scanbytes="473246296" />
  <finalization candidates="729" enqueued="0" />
  <ownableSynchronizers candidates="499194" cleared="2" />
  <references type="soft" candidates="6323" cleared="0" enqueued="0" dynamicThreshold="0" maxThreshold="32" />
  <references type="weak" candidates="7031" cleared="0" enqueued="0" />
  <references type="phantom" candidates="103" cleared="0" enqueued="0" />
  <stringconstants candidates="19045" cleared="0"  />
</gc-op>
<gc-op id="2453" type="sweep" timems="7.635" contextid="2449" timestamp="2019-01-09T09:15:18.125" />
<mem-info id="2454" free="12214416" total="912261120" percent="1">
  <mem type="nursery" free="3360" total="228065280" percent="0">
    <mem type="allocate" free="3360" total="114032640" percent="0" />
    <mem type="survivor" free="0" total="114032640" percent="0" />
  </mem>
  <mem type="tenure" free="12211056" total="684195840" percent="1" micro-fragmented="0" macro-fragmented="0">
    <mem type="soa" free="5369712" total="677354496" percent="0" />
    <mem type="loa" free="6841344" total="6841344" percent="100" />
  </mem>
  <remembered-set count="151101" />
</mem-info>
<gc-op id="2455" type="compact" timems="188.440" contextid="2449" timestamp="2019-01-09T09:15:18.313">
  <compact-info movecount="26222" movebytes="851384" reason="low free space (less than 4%)" />
</gc-op>
<gc-end id="2456" type="global" contextid="2449" durationms="409.985" usertimems="4622.895" systemtimems="21.492" timestamp="2019-01-09T09:15:18.314" activeThreads="16">
  <mem-info id="2457" free="12216264" total="912261120" percent="1">
    <mem type="nursery" free="5208" total="228065280" percent="0">
      <mem type="allocate" free="5208" total="114032640" percent="0" />
      <mem type="survivor" free="0" total="114032640" percent="0" />
    </mem>
    <mem type="tenure" free="12211056" total="684195840" percent="1">
      <mem type="soa" free="5369712" total="677354496" percent="0" />
      <mem type="loa" free="6841344" total="6841344" percent="100" />
    </mem>
    <remembered-set count="151101" />
  </mem-info>
</gc-end>
<cycle-end id="2458" type="global" contextid="2449" timestamp="2019-01-09T09:15:18.314" />
<concurrent-kickoff id="2459" timestamp="2019-01-09T09:15:18.314">
  <kickoff reason="threshold reached" targetBytes="76351484" thresholdFreeBytes="9514007"  remainingFree="5160" tenureFreeBytes="12211056" nurseryFreeBytes="5160" />
</concurrent-kickoff>
<allocation-satisfied id="2460" threadId="0000000002207800" bytesRequested="48" />
<af-end id="2461" timestamp="2019-01-09T09:15:18.314" threadId="0000000002208160" success="true" from="nursery"/>
<exclusive-end id="2462" timestamp="2019-01-09T09:15:18.315" durationms="411.497" />

<exclusive-start id="2463" timestamp="2019-01-09T09:15:18.315" intervalms="411.644">
  <response-info timems="0.065" idlems="0.037" threads="2" lastid="0000000001D7E600" lastname="kafka-coordinator-heartbeat-thread | rm_tenantChange_consumer_g" />
</exclusive-start>
<af-start id="2464" threadId="0000000002546360" totalBytesRequested="16" timestamp="2019-01-09T09:15:18.315" intervalms="411.636" type="nursery" />
<percolate-collect id="2465" from="nursery" to="global" reason="insufficient remaining tenure space" timestamp="2019-01-09T09:15:18.315"/>
<concurrent-aborted id="2466" timestamp="2019-01-09T09:15:18.315">
  <reason value="insufficient progress made" />
</concurrent-aborted>
<cycle-end id="2467" type="global" contextid="0" timestamp="2019-01-09T09:15:18.315" />
<cycle-start id="2468" type="global" contextid="0" timestamp="2019-01-09T09:15:18.315" intervalms="411.671" />
<gc-start id="2469" type="global" contextid="2468" timestamp="2019-01-09T09:15:18.315">
  <mem-info id="2470" free="12211056" total="912261120" percent="1">
    <mem type="nursery" free="0" total="228065280" percent="0">
      <mem type="allocate" free="0" total="114032640" percent="0" />
      <mem type="survivor" free="0" total="114032640" percent="0" />
    </mem>
    <mem type="tenure" free="12211056" total="684195840" percent="1">
      <mem type="soa" free="5369712" total="677354496" percent="0" />
      <mem type="loa" free="6841344" total="6841344" percent="100" />
    </mem>
    <remembered-set count="151101" />
  </mem-info>
</gc-start>
<allocation-stats totalBytes="5208" >
  <allocated-bytes non-tlh="48" tlh="5160" />
  <largest-consumer threadName="kafka-coordinator-heartbeat-thread | rm_tenantChange_consumer_group1547025187607" threadId="0000000001D7E600" bytes="4032" />
</allocation-stats>
<gc-op id="2471" type="mark" timems="204.090" contextid="2468" timestamp="2019-01-09T09:15:18.519">
  <trace-info objectcount="23580861" scancount="17628758" scanbytes="473246356" />
  <finalization candidates="729" enqueued="0" />
  <ownableSynchronizers candidates="499192" cleared="0" />
  <references type="soft" candidates="6323" cleared="0" enqueued="0" dynamicThreshold="0" maxThreshold="32" />
  <references type="weak" candidates="7031" cleared="0" enqueued="0" />
  <references type="phantom" candidates="103" cleared="0" enqueued="0" />
  <stringconstants candidates="19045" cleared="0"  />
</gc-op>
<gc-op id="2472" type="sweep" timems="11.006" contextid="2468" timestamp="2019-01-09T09:15:18.531" />
<mem-info id="2473" free="12216136" total="912261120" percent="1">
  <mem type="nursery" free="5080" total="228065280" percent="0">
    <mem type="allocate" free="5080" total="114032640" percent="0" />
    <mem type="survivor" free="0" total="114032640" percent="0" />
  </mem>
  <mem type="tenure" free="12211056" total="684195840" percent="1" micro-fragmented="0" macro-fragmented="0">
    <mem type="soa" free="5369712" total="677354496" percent="0" />
    <mem type="loa" free="6841344" total="6841344" percent="100" />
  </mem>
  <remembered-set count="151101" />
</mem-info>
<gc-op id="2474" type="compact" timems="189.719" contextid="2468" timestamp="2019-01-09T09:15:18.721">
  <compact-info movecount="1" movebytes="16" reason="low free space (less than 4%)" />
</gc-op>
<gc-end id="2475" type="global" contextid="2468" durationms="405.496" usertimems="4582.312" systemtimems="10.981" timestamp="2019-01-09T09:15:18.721" activeThreads="16">
  <mem-info id="2476" free="12216184" total="912261120" percent="1">
    <mem type="nursery" free="5128" total="228065280" percent="0">
      <mem type="allocate" free="5128" total="114032640" percent="0" />
      <mem type="survivor" free="0" total="114032640" percent="0" />
    </mem>
    <mem type="tenure" free="12211056" total="684195840" percent="1">
      <mem type="soa" free="5369712" total="677354496" percent="0" />
      <mem type="loa" free="6841344" total="6841344" percent="100" />
    </mem>
    <remembered-set count="151101" />
  </mem-info>
</gc-end>
<cycle-end id="2477" type="global" contextid="2468" timestamp="2019-01-09T09:15:18.721" />
<event id="2478" timestamp="2019-01-09T09:15:18.721">
  <warning details="excessive gc activity detected, will attempt aggressive gc" />
</event>
<concurrent-kickoff id="2479" timestamp="2019-01-09T09:15:18.721">
  <kickoff reason="threshold reached" targetBytes="76351484" thresholdFreeBytes="9514007"  remainingFree="5112" tenureFreeBytes="12211056" nurseryFreeBytes="5112" />
</concurrent-kickoff>
<allocation-satisfied id="2480" threadId="0000000002545A00" bytesRequested="16" />
<af-end id="2481" timestamp="2019-01-09T09:15:18.721" threadId="0000000002546360" success="true" from="nursery"/>
<exclusive-end id="2482" timestamp="2019-01-09T09:15:18.721" durationms="406.204" />

<exclusive-start id="2483" timestamp="2019-01-09T09:15:18.722" intervalms="406.726">
  <response-info timems="0.413" idlems="0.413" threads="0" lastid="0000000001D99600" lastname="Timer-0" />
</exclusive-start>
<af-start id="2484" threadId="0000000001D99F60" totalBytesRequested="16" timestamp="2019-01-09T09:15:18.722" intervalms="406.729" type="nursery" />
<percolate-collect id="2485" from="nursery" to="global" reason="insufficient remaining tenure space" timestamp="2019-01-09T09:15:18.722"/>
<concurrent-aborted id="2486" timestamp="2019-01-09T09:15:18.722">
  <reason value="insufficient progress made" />
</concurrent-aborted>
<cycle-end id="2487" type="global" contextid="0" timestamp="2019-01-09T09:15:18.722" />
<cycle-start id="2488" type="global" contextid="0" timestamp="2019-01-09T09:15:18.722" intervalms="406.689" />
<gc-start id="2489" type="global" contextid="2488" timestamp="2019-01-09T09:15:18.722">
  <mem-info id="2490" free="12211056" total="912261120" percent="1">
    <mem type="nursery" free="0" total="228065280" percent="0">
      <mem type="allocate" free="0" total="114032640" percent="0" />
      <mem type="survivor" free="0" total="114032640" percent="0" />
    </mem>
    <mem type="tenure" free="12211056" total="684195840" percent="1">
      <mem type="soa" free="5369712" total="677354496" percent="0" />
      <mem type="loa" free="6841344" total="6841344" percent="100" />
    </mem>
    <remembered-set count="151101" />
  </mem-info>
</gc-start>
<allocation-stats totalBytes="5104" >
  <allocated-bytes non-tlh="16" tlh="5088" />
  <largest-consumer threadName="kafka-coordinator-heartbeat-thread | rm_tenantChange_consumer_group1547025187607" threadId="0000000001D7E600" bytes="3952" />
</allocation-stats>
<gc-op id="2491" type="mark" timems="220.204" contextid="2488" timestamp="2019-01-09T09:15:18.942">
  <trace-info objectcount="23580891" scancount="17628662" scanbytes="473247396" />
  <finalization candidates="729" enqueued="0" />
  <ownableSynchronizers candidates="499192" cleared="0" />
  <references type="soft" candidates="6324" cleared="1" enqueued="1" dynamicThreshold="0" maxThreshold="32" />
  <references type="weak" candidates="7031" cleared="0" enqueued="0" />
  <references type="phantom" candidates="103" cleared="0" enqueued="0" />
  <stringconstants candidates="19045" cleared="0"  />
</gc-op>
<gc-op id="2492" type="classunload" timems="0.072" contextid="2488" timestamp="2019-01-09T09:15:18.942">
  <classunload-info classloadercandidates="56" classloadersunloaded="0" classesunloaded="0" anonymousclassesunloaded="0" quiescems="0.000" setupms="0.067" scanms="0.004" postms="0.001" />
</gc-op>
<gc-op id="2493" type="sweep" timems="6.517" contextid="2488" timestamp="2019-01-09T09:15:18.949" />
<mem-info id="2494" free="12212096" total="912261120" percent="1">
  <mem type="nursery" free="1040" total="228065280" percent="0">
    <mem type="allocate" free="1040" total="114032640" percent="0" />
    <mem type="survivor" free="0" total="114032640" percent="0" />
  </mem>
  <mem type="tenure" free="12211056" total="684195840" percent="1" micro-fragmented="0" macro-fragmented="0">
    <mem type="soa" free="5369712" total="677354496" percent="0" />
    <mem type="loa" free="6841344" total="6841344" percent="100" />
  </mem>
  <pending-finalizers system="0" default="0" reference="1" classloader="0" />
  <remembered-set count="151100" />
</mem-info>
<gc-op id="2495" type="compact" timems="14333.059" contextid="2488" timestamp="2019-01-09T09:15:33.282">
  <compact-info movecount="23315749" movebytes="773425848" reason="low free space (less than 4%)" />
</gc-op>
<gc-end id="2496" type="global" contextid="2488" durationms="14560.631" usertimems="16640.711" systemtimems="15.528" timestamp="2019-01-09T09:15:33.283" activeThreads="16">
  <mem-info id="2497" free="12219744" total="912261120" percent="1">
    <mem type="nursery" free="6160" total="228065280" percent="0">
      <mem type="allocate" free="6160" total="114032640" percent="0" />
      <mem type="survivor" free="0" total="114032640" percent="0" />
    </mem>
    <mem type="tenure" free="12213584" total="684195840" percent="1">
      <mem type="soa" free="5372240" total="677354496" percent="0" />
      <mem type="loa" free="6841344" total="6841344" percent="100" />
    </mem>
    <pending-finalizers system="0" default="0" reference="1" classloader="0" />
    <remembered-set count="151100" />
  </mem-info>
</gc-end>
<cycle-end id="2498" type="global" contextid="2488" timestamp="2019-01-09T09:15:33.283" />
<event id="2499" timestamp="2019-01-09T09:15:33.283">
  <warning details="excessive gc activity detected, will fail on allocate" />
</event>
<concurrent-kickoff id="2500" timestamp="2019-01-09T09:15:33.283">
  <kickoff reason="threshold reached" targetBytes="76351484" thresholdFreeBytes="9514007"  remainingFree="6144" tenureFreeBytes="12213584" nurseryFreeBytes="6144" />
</concurrent-kickoff>
<allocation-satisfied id="2501" threadId="0000000001D99600" bytesRequested="16" />
<af-end id="2502" timestamp="2019-01-09T09:15:33.283" threadId="0000000001D99F60" success="true" from="nursery"/>
<exclusive-end id="2503" timestamp="2019-01-09T09:15:33.283" durationms="14561.778" />

<exclusive-start id="2504" timestamp="2019-01-09T09:15:33.285" intervalms="14563.363">
  <response-info timems="0.875" idlems="0.482" threads="2" lastid="0000000001D99600" lastname="Timer-0" />
</exclusive-start>
<af-start id="2505" threadId="000000000285FC60" totalBytesRequested="16" timestamp="2019-01-09T09:15:33.285" intervalms="14563.341" type="nursery" />
<percolate-collect id="2506" from="nursery" to="global" reason="insufficient remaining tenure space" timestamp="2019-01-09T09:15:33.285"/>
<concurrent-aborted id="2507" timestamp="2019-01-09T09:15:33.285">
  <reason value="insufficient progress made" />
</concurrent-aborted>
<cycle-end id="2508" type="global" contextid="0" timestamp="2019-01-09T09:15:33.285" />
<cycle-start id="2509" type="global" contextid="0" timestamp="2019-01-09T09:15:33.285" intervalms="14563.355" />
<gc-start id="2510" type="global" contextid="2509" timestamp="2019-01-09T09:15:33.285">
  <mem-info id="2511" free="12213512" total="912261120" percent="1">
    <mem type="nursery" free="0" total="228065280" percent="0">
      <mem type="allocate" free="0" total="114032640" percent="0" />
      <mem type="survivor" free="0" total="114032640" percent="0" />
    </mem>
    <mem type="tenure" free="12213512" total="684195840" percent="1">
      <mem type="soa" free="5372168" total="677354496" percent="0" />
      <mem type="loa" free="6841344" total="6841344" percent="100" />
    </mem>
    <remembered-set count="151101" />
  </mem-info>
</gc-start>
<allocation-stats totalBytes="6184" >
  <allocated-bytes non-tlh="88" tlh="6096" />
  <largest-consumer threadName="Tomcat JDBC Pool Cleaner[2052115384:1547025187870]" threadId="0000000002418800" bytes="4120" />
</allocation-stats>
<gc-op id="2512" type="mark" timems="279.637" contextid="2509" timestamp="2019-01-09T09:15:33.565">
  <trace-info objectcount="23580983" scancount="17628716" scanbytes="473248328" />
  <finalization candidates="729" enqueued="0" />
  <ownableSynchronizers candidates="499192" cleared="0" />
  <references type="soft" candidates="6323" cleared="0" enqueued="0" dynamicThreshold="0" maxThreshold="32" />
  <references type="weak" candidates="7031" cleared="0" enqueued="0" />
  <references type="phantom" candidates="103" cleared="0" enqueued="0" />
  <stringconstants candidates="19046" cleared="0"  />
</gc-op>
<gc-op id="2513" type="classunload" timems="0.081" contextid="2509" timestamp="2019-01-09T09:15:33.565">
  <classunload-info classloadercandidates="56" classloadersunloaded="0" classesunloaded="0" anonymousclassesunloaded="0" quiescems="0.000" setupms="0.075" scanms="0.005" postms="0.001" />
</gc-op>
<gc-op id="2514" type="sweep" timems="11.055" contextid="2509" timestamp="2019-01-09T09:15:33.576" />
<mem-info id="2515" free="12215608" total="912261120" percent="1">
  <mem type="nursery" free="2096" total="228065280" percent="0">
    <mem type="allocate" free="2096" total="114032640" percent="0" />
    <mem type="survivor" free="0" total="114032640" percent="0" />
  </mem>
  <mem type="tenure" free="12213512" total="684195840" percent="1" micro-fragmented="0" macro-fragmented="0">
    <mem type="soa" free="5372168" total="677354496" percent="0" />
    <mem type="loa" free="6841344" total="6841344" percent="100" />
  </mem>
  <remembered-set count="151100" />
</mem-info>
<gc-op id="2516" type="compact" timems="13917.191" contextid="2509" timestamp="2019-01-09T09:15:47.494">
  <compact-info movecount="20520631" movebytes="679890360" reason="low free space (less than 4%)" />
</gc-op>
<gc-end id="2517" type="global" contextid="2509" durationms="14208.704" usertimems="16224.794" systemtimems="23.540" timestamp="2019-01-09T09:15:47.494" activeThreads="16">
  <mem-info id="2518" free="12216520" total="912261120" percent="1">
    <mem type="nursery" free="2720" total="228065280" percent="0">
      <mem type="allocate" free="2720" total="114032640" percent="0" />
      <mem type="survivor" free="0" total="114032640" percent="0" />
    </mem>
    <mem type="tenure" free="12213800" total="684195840" percent="1">
      <mem type="soa" free="5372456" total="677354496" percent="0" />
      <mem type="loa" free="6841344" total="6841344" percent="100" />
    </mem>
    <remembered-set count="151100" />
  </mem-info>
</gc-end>
<cycle-end id="2519" type="global" contextid="2509" timestamp="2019-01-09T09:15:47.494" />
<event id="2520" timestamp="2019-01-09T09:15:47.494">
  <warning details="excessive gc activity detected, will attempt aggressive gc" />
</event>
<concurrent-kickoff id="2521" timestamp="2019-01-09T09:15:47.494">
  <kickoff reason="threshold reached" targetBytes="76351484" thresholdFreeBytes="9514007"  remainingFree="2704" tenureFreeBytes="12213800" nurseryFreeBytes="2704" />
</concurrent-kickoff>
<allocation-satisfied id="2522" threadId="000000000285F300" bytesRequested="16" />
<af-end id="2523" timestamp="2019-01-09T09:15:47.494" threadId="000000000285FC60" success="true" from="nursery"/>
<exclusive-end id="2524" timestamp="2019-01-09T09:15:47.495" durationms="14209.513" />

<exclusive-start id="2525" timestamp="2019-01-09T09:15:47.497" intervalms="14211.797">
  <response-info timems="2.251" idlems="1.136" threads="1" lastid="000000000285F300" lastname="dw-108 - GET /api/res/v1/tree?includeMocs=director.vdc" />
</exclusive-start>
<af-start id="2526" threadId="0000000001D83360" totalBytesRequested="32" timestamp="2019-01-09T09:15:47.497" intervalms="14211.873" type="nursery" />
<percolate-collect id="2527" from="nursery" to="global" reason="insufficient remaining tenure space" timestamp="2019-01-09T09:15:47.497"/>
<concurrent-aborted id="2528" timestamp="2019-01-09T09:15:47.497">
  <reason value="insufficient progress made" />
</concurrent-aborted>
<cycle-end id="2529" type="global" contextid="0" timestamp="2019-01-09T09:15:47.497" />
<cycle-start id="2530" type="global" contextid="0" timestamp="2019-01-09T09:15:47.497" intervalms="14211.862" />
<gc-start id="2531" type="global" contextid="2530" timestamp="2019-01-09T09:15:47.497">
  <mem-info id="2532" free="12213600" total="912261120" percent="1">
    <mem type="nursery" free="0" total="228065280" percent="0">
      <mem type="allocate" free="0" total="114032640" percent="0" />
      <mem type="survivor" free="0" total="114032640" percent="0" />
    </mem>
    <mem type="tenure" free="12213600" total="684195840" percent="1">
      <mem type="soa" free="5372256" total="677354496" percent="0" />
      <mem type="loa" free="6841344" total="6841344" percent="100" />
    </mem>
    <remembered-set count="151103" />
  </mem-info>
</gc-start>
<allocation-stats totalBytes="2752" >
  <allocated-bytes non-tlh="216" tlh="2536" />
  <largest-consumer threadName="Timer-0" threadId="0000000001D99600" bytes="2736" />
</allocation-stats>
<gc-op id="2533" type="mark" timems="277.633" contextid="2530" timestamp="2019-01-09T09:15:47.775">
  <trace-info objectcount="23581037" scancount="17628852" scanbytes="473249268" />
  <finalization candidates="729" enqueued="1" />
  <ownableSynchronizers candidates="499192" cleared="0" />
  <references type="soft" candidates="6323" cleared="0" enqueued="0" dynamicThreshold="0" maxThreshold="32" />
  <references type="weak" candidates="7036" cleared="0" enqueued="0" />
  <references type="phantom" candidates="103" cleared="0" enqueued="0" />
  <stringconstants candidates="19048" cleared="0"  />
</gc-op>
<gc-op id="2534" type="classunload" timems="0.058" contextid="2530" timestamp="2019-01-09T09:15:47.775">
  <classunload-info classloadercandidates="56" classloadersunloaded="0" classesunloaded="0" anonymousclassesunloaded="0" quiescems="0.000" setupms="0.053" scanms="0.004" postms="0.001" />
</gc-op>
<gc-op id="2535" type="sweep" timems="8.520" contextid="2530" timestamp="2019-01-09T09:15:47.784" />
<mem-info id="2536" free="12213600" total="912261120" percent="1">
  <mem type="nursery" free="0" total="228065280" percent="0">
    <mem type="allocate" free="0" total="114032640" percent="0" />
    <mem type="survivor" free="0" total="114032640" percent="0" />
  </mem>
  <mem type="tenure" free="12213600" total="684195840" percent="1" micro-fragmented="0" macro-fragmented="10929893">
    <mem type="soa" free="5372256" total="677354496" percent="0" />
    <mem type="loa" free="6841344" total="6841344" percent="100" />
  </mem>
  <pending-finalizers system="1" default="0" reference="0" classloader="0" />
  <remembered-set count="151102" />
</mem-info>
<gc-op id="2537" type="compact" timems="12780.076" contextid="2530" timestamp="2019-01-09T09:16:00.564">
  <compact-info movecount="19905343" movebytes="657320824" reason="low free space (less than 4%)" />
</gc-op>
<gc-end id="2538" type="global" contextid="2530" durationms="13066.867" usertimems="15066.044" systemtimems="26.325" timestamp="2019-01-09T09:16:00.564" activeThreads="16">
  <mem-info id="2539" free="12213688" total="912261120" percent="1">
    <mem type="nursery" free="0" total="228065280" percent="0">
      <mem type="allocate" free="0" total="114032640" percent="0" />
      <mem type="survivor" free="0" total="114032640" percent="0" />
    </mem>
    <mem type="tenure" free="12213688" total="684195840" percent="1">
      <mem type="soa" free="5372344" total="677354496" percent="0" />
      <mem type="loa" free="6841344" total="6841344" percent="100" />
    </mem>
    <pending-finalizers system="1" default="0" reference="0" classloader="0" />
    <remembered-set count="151102" />
  </mem-info>
</gc-end>
<cycle-end id="2540" type="global" contextid="2530" timestamp="2019-01-09T09:16:00.564" />
<event id="2541" timestamp="2019-01-09T09:16:00.564">
  <warning details="excessive gc activity detected, will fail on allocate" />
</event>
<percolate-collect id="2542" from="nursery" to="global" reason="insufficient remaining tenure space" timestamp="2019-01-09T09:16:00.565"/>
<cycle-start id="2543" type="global" contextid="0" timestamp="2019-01-09T09:16:00.565" intervalms="13067.505" />
<gc-start id="2544" type="global" contextid="2543" timestamp="2019-01-09T09:16:00.565">
  <mem-info id="2545" free="12213688" total="912261120" percent="1">
    <mem type="nursery" free="0" total="228065280" percent="0">
      <mem type="allocate" free="0" total="114032640" percent="0" />
      <mem type="survivor" free="0" total="114032640" percent="0" />
    </mem>
    <mem type="tenure" free="12213688" total="684195840" percent="1">
      <mem type="soa" free="5372344" total="677354496" percent="0" />
      <mem type="loa" free="6841344" total="6841344" percent="100" />
    </mem>
    <pending-finalizers system="1" default="0" reference="0" classloader="0" />
    <remembered-set count="151102" />
  </mem-info>
</gc-start>
<allocation-stats totalBytes="0" >
  <allocated-bytes non-tlh="0" tlh="0" />
</allocation-stats>
<gc-op id="2546" type="mark" timems="235.058" contextid="2543" timestamp="2019-01-09T09:16:00.800">
  <trace-info objectcount="23581037" scancount="17628750" scanbytes="473249268" />
  <finalization candidates="728" enqueued="0" />
  <ownableSynchronizers candidates="499192" cleared="0" />
  <references type="soft" candidates="6323" cleared="0" enqueued="0" dynamicThreshold="0" maxThreshold="32" />
  <references type="weak" candidates="7036" cleared="0" enqueued="0" />
  <references type="phantom" candidates="103" cleared="0" enqueued="0" />
  <stringconstants candidates="19048" cleared="0"  />
</gc-op>
<gc-op id="2547" type="classunload" timems="0.073" contextid="2543" timestamp="2019-01-09T09:16:00.800">
  <classunload-info classloadercandidates="56" classloadersunloaded="0" classesunloaded="0" anonymousclassesunloaded="0" quiescems="0.000" setupms="0.068" scanms="0.004" postms="0.001" />
</gc-op>
<gc-op id="2548" type="sweep" timems="7.013" contextid="2543" timestamp="2019-01-09T09:16:00.807" />
<mem-info id="2549" free="12213688" total="912261120" percent="1">
  <mem type="nursery" free="0" total="228065280" percent="0">
    <mem type="allocate" free="0" total="114032640" percent="0" />
    <mem type="survivor" free="0" total="114032640" percent="0" />
  </mem>
  <mem type="tenure" free="12213688" total="684195840" percent="1" micro-fragmented="0" macro-fragmented="0">
    <mem type="soa" free="5372344" total="677354496" percent="0" />
    <mem type="loa" free="6841344" total="6841344" percent="100" />
  </mem>
  <pending-finalizers system="1" default="0" reference="0" classloader="0" />
  <remembered-set count="151102" />
</mem-info>
<gc-op id="2550" type="compact" timems="2058.933" contextid="2543" timestamp="2019-01-09T09:16:02.866">
  <compact-info movecount="0" movebytes="0" reason="low free space (less than 4%)" />
</gc-op>
<gc-end id="2551" type="global" contextid="2543" durationms="2301.703" usertimems="4452.598" systemtimems="39.844" timestamp="2019-01-09T09:16:02.866" activeThreads="16">
  <mem-info id="2552" free="12213688" total="912261120" percent="1">
    <mem type="nursery" free="0" total="228065280" percent="0">
      <mem type="allocate" free="0" total="114032640" percent="0" />
      <mem type="survivor" free="0" total="114032640" percent="0" />
    </mem>
    <mem type="tenure" free="12213688" total="684195840" percent="1">
      <mem type="soa" free="5372344" total="677354496" percent="0" />
      <mem type="loa" free="6841344" total="6841344" percent="100" />
    </mem>
    <pending-finalizers system="1" default="0" reference="0" classloader="0" />
    <remembered-set count="151102" />
  </mem-info>
</gc-end>
<cycle-end id="2553" type="global" contextid="2543" timestamp="2019-01-09T09:16:02.867" />
<allocation-satisfied id="2554" threadId="0000000001D82A00" bytesRequested="32" />
<af-end id="2555" timestamp="2019-01-09T09:16:02.867" threadId="0000000001D83360" success="true" from="tenure-soa"/>
<exclusive-end id="2556" timestamp="2019-01-09T09:16:02.867" durationms="15370.344" />

<exclusive-start id="2557" timestamp="2019-01-09T09:16:02.868" intervalms="15371.410">
  <response-info timems="0.086" idlems="0.062" threads="2" lastid="0000000001D82A00" lastname="dw-117" />
</exclusive-start>
<af-start id="2558" threadId="0000000002749860" totalBytesRequested="16" timestamp="2019-01-09T09:16:02.868" intervalms="15371.406" type="nursery" />
<percolate-collect id="2559" from="nursery" to="global" reason="insufficient remaining tenure space" timestamp="2019-01-09T09:16:02.868"/>
<cycle-start id="2560" type="global" contextid="0" timestamp="2019-01-09T09:16:02.869" intervalms="2303.876" />
<gc-start id="2561" type="global" contextid="2560" timestamp="2019-01-09T09:16:02.869">
  <mem-info id="2562" free="12213656" total="912261120" percent="1">
    <mem type="nursery" free="0" total="228065280" percent="0">
      <mem type="allocate" free="0" total="114032640" percent="0" />
      <mem type="survivor" free="0" total="114032640" percent="0" />
    </mem>
    <mem type="tenure" free="12213656" total="684195840" percent="1">
      <mem type="soa" free="5372312" total="677354496" percent="0" />
      <mem type="loa" free="6841344" total="6841344" percent="100" />
    </mem>
    <remembered-set count="151103" />
  </mem-info>
</gc-start>
<allocation-stats totalBytes="32" >
  <allocated-bytes non-tlh="32" tlh="0" />
  <largest-consumer threadName="dw-117" threadId="0000000001D82A00" bytes="32" />
</allocation-stats>
<gc-op id="2563" type="mark" timems="262.627" contextid="2560" timestamp="2019-01-09T09:16:03.131">
  <trace-info objectcount="23581035" scancount="17628754" scanbytes="473249228" />
  <finalization candidates="728" enqueued="0" />
  <ownableSynchronizers candidates="499192" cleared="0" />
  <references type="soft" candidates="6323" cleared="0" enqueued="0" dynamicThreshold="0" maxThreshold="32" />
  <references type="weak" candidates="7036" cleared="0" enqueued="0" />
  <references type="phantom" candidates="103" cleared="0" enqueued="0" />
  <stringconstants candidates="19048" cleared="0"  />
</gc-op>
<gc-op id="2564" type="classunload" timems="0.060" contextid="2560" timestamp="2019-01-09T09:16:03.131">
  <classunload-info classloadercandidates="56" classloadersunloaded="0" classesunloaded="0" anonymousclassesunloaded="0" quiescems="0.000" setupms="0.055" scanms="0.004" postms="0.001" />
</gc-op>
<gc-op id="2565" type="sweep" timems="15.986" contextid="2560" timestamp="2019-01-09T09:16:03.147" />
<mem-info id="2566" free="12213688" total="912261120" percent="1">
  <mem type="nursery" free="0" total="228065280" percent="0">
    <mem type="allocate" free="0" total="114032640" percent="0" />
    <mem type="survivor" free="0" total="114032640" percent="0" />
  </mem>
  <mem type="tenure" free="12213688" total="684195840" percent="1" micro-fragmented="0" macro-fragmented="0">
    <mem type="soa" free="5372344" total="677354496" percent="0" />
    <mem type="loa" free="6841344" total="6841344" percent="100" />
  </mem>
  <remembered-set count="151102" />
</mem-info>
<gc-op id="2567" type="compact" timems="12548.469" contextid="2560" timestamp="2019-01-09T09:16:15.696">
  <compact-info movecount="19866508" movebytes="655412160" reason="low free space (less than 4%)" />
</gc-op>
<gc-end id="2568" type="global" contextid="2560" durationms="12827.901" usertimems="14906.823" systemtimems="27.320" timestamp="2019-01-09T09:16:15.696" activeThreads="16">
  <mem-info id="2569" free="12213728" total="912261120" percent="1">
    <mem type="nursery" free="0" total="228065280" percent="0">
      <mem type="allocate" free="0" total="114032640" percent="0" />
      <mem type="survivor" free="0" total="114032640" percent="0" />
    </mem>
    <mem type="tenure" free="12213728" total="684195840" percent="1">
      <mem type="soa" free="5372384" total="677354496" percent="0" />
      <mem type="loa" free="6841344" total="6841344" percent="100" />
    </mem>
    <remembered-set count="151102" />
  </mem-info>
</gc-end>
<cycle-end id="2570" type="global" contextid="2560" timestamp="2019-01-09T09:16:15.697" />
<event id="2571" timestamp="2019-01-09T09:16:15.697">
  <warning details="excessive gc activity detected, will attempt aggressive gc" />
</event>
<percolate-collect id="2572" from="nursery" to="global" reason="insufficient remaining tenure space" timestamp="2019-01-09T09:16:15.697"/>
<cycle-start id="2573" type="global" contextid="0" timestamp="2019-01-09T09:16:15.697" intervalms="12828.465" />
<gc-start id="2574" type="global" contextid="2573" timestamp="2019-01-09T09:16:15.697">
  <mem-info id="2575" free="12213728" total="912261120" percent="1">
    <mem type="nursery" free="0" total="228065280" percent="0">
      <mem type="allocate" free="0" total="114032640" percent="0" />
      <mem type="survivor" free="0" total="114032640" percent="0" />
    </mem>
    <mem type="tenure" free="12213728" total="684195840" percent="1">
      <mem type="soa" free="5372384" total="677354496" percent="0" />
      <mem type="loa" free="6841344" total="6841344" percent="100" />
    </mem>
    <remembered-set count="151102" />
  </mem-info>
</gc-start>
<allocation-stats totalBytes="0" >
  <allocated-bytes non-tlh="0" tlh="0" />
</allocation-stats>
<gc-op id="2576" type="mark" timems="256.197" contextid="2573" timestamp="2019-01-09T09:16:15.953">
  <trace-info objectcount="23581035" scancount="17628862" scanbytes="473249228" />
  <finalization candidates="728" enqueued="0" />
  <ownableSynchronizers candidates="499192" cleared="0" />
  <references type="soft" candidates="6323" cleared="0" enqueued="0" dynamicThreshold="0" maxThreshold="32" />
  <references type="weak" candidates="7036" cleared="0" enqueued="0" />
  <references type="phantom" candidates="103" cleared="0" enqueued="0" />
  <stringconstants candidates="19048" cleared="0"  />
</gc-op>
<gc-op id="2577" type="classunload" timems="0.066" contextid="2573" timestamp="2019-01-09T09:16:15.953">
  <classunload-info classloadercandidates="56" classloadersunloaded="0" classesunloaded="0" anonymousclassesunloaded="0" quiescems="0.000" setupms="0.061" scanms="0.004" postms="0.001" />
</gc-op>
<gc-op id="2578" type="sweep" timems="9.000" contextid="2573" timestamp="2019-01-09T09:16:15.962" />
<mem-info id="2579" free="12213728" total="912261120" percent="1">
  <mem type="nursery" free="0" total="228065280" percent="0">
    <mem type="allocate" free="0" total="114032640" percent="0" />
    <mem type="survivor" free="0" total="114032640" percent="0" />
  </mem>
  <mem type="tenure" free="12213728" total="684195840" percent="1" micro-fragmented="0" macro-fragmented="6450429">
    <mem type="soa" free="5372384" total="677354496" percent="0" />
    <mem type="loa" free="6841344" total="6841344" percent="100" />
  </mem>
  <remembered-set count="151102" />
</mem-info>
<gc-op id="2580" type="compact" timems="2036.189" contextid="2573" timestamp="2019-01-09T09:16:17.999">
  <compact-info movecount="0" movebytes="0" reason="low free space (less than 4%)" />
</gc-op>
<gc-end id="2581" type="global" contextid="2573" durationms="2302.057" usertimems="4443.466" systemtimems="9.775" timestamp="2019-01-09T09:16:17.999" activeThreads="16">
  <mem-info id="2582" free="12213728" total="912261120" percent="1">
    <mem type="nursery" free="0" total="228065280" percent="0">
      <mem type="allocate" free="0" total="114032640" percent="0" />
      <mem type="survivor" free="0" total="114032640" percent="0" />
    </mem>
    <mem type="tenure" free="12213728" total="684195840" percent="1">
      <mem type="soa" free="5372384" total="677354496" percent="0" />
      <mem type="loa" free="6841344" total="6841344" percent="100" />
    </mem>
    <remembered-set count="151102" />
  </mem-info>
</gc-end>
<cycle-end id="2583" type="global" contextid="2573" timestamp="2019-01-09T09:16:17.999" />
<event id="2584" timestamp="2019-01-09T09:16:17.999">
  <warning details="excessive gc activity detected, will fail on allocate" />
</event>
<allocation-satisfied id="2585" threadId="0000000002748F00" bytesRequested="16" />
<af-end id="2586" timestamp="2019-01-09T09:16:17.999" threadId="0000000002749860" success="true" from="tenure-soa"/>
<exclusive-end id="2587" timestamp="2019-01-09T09:16:18.000" durationms="15131.605" />

<exclusive-start id="2588" timestamp="2019-01-09T09:16:18.002" intervalms="15133.564">
  <response-info timems="1.586" idlems="0.746" threads="2" lastid="0000000002748F00" lastname="dw-104 - GET /api/res/v1/tree?includeMocs=director.vdc" />
</exclusive-start>
<af-start id="2589" threadId="00000000021BCE60" totalBytesRequested="40" timestamp="2019-01-09T09:16:18.002" intervalms="15133.500" type="nursery" />
<percolate-collect id="2590" from="nursery" to="global" reason="insufficient remaining tenure space" timestamp="2019-01-09T09:16:18.002"/>
<cycle-start id="2591" type="global" contextid="0" timestamp="2019-01-09T09:16:18.002" intervalms="2305.031" />
<gc-start id="2592" type="global" contextid="2591" timestamp="2019-01-09T09:16:18.002">
  <mem-info id="2593" free="12213712" total="912261120" percent="1">
    <mem type="nursery" free="0" total="228065280" percent="0">
      <mem type="allocate" free="0" total="114032640" percent="0" />
      <mem type="survivor" free="0" total="114032640" percent="0" />
    </mem>
    <mem type="tenure" free="12213712" total="684195840" percent="1">
      <mem type="soa" free="5372368" total="677354496" percent="0" />
      <mem type="loa" free="6841344" total="6841344" percent="100" />
    </mem>
    <remembered-set count="151103" />
  </mem-info>
</gc-start>
<allocation-stats totalBytes="16" >
  <allocated-bytes non-tlh="16" tlh="0" />
  <largest-consumer threadName="dw-104 - GET /api/res/v1/tree?includeMocs=director.vdc" threadId="0000000002748F00" bytes="16" />
</allocation-stats>
<gc-op id="2594" type="mark" timems="271.277" contextid="2591" timestamp="2019-01-09T09:16:18.273">
  <trace-info objectcount="23581034" scancount="17628750" scanbytes="473249196" />
  <finalization candidates="728" enqueued="0" />
  <ownableSynchronizers candidates="499192" cleared="0" />
  <references type="soft" candidates="6323" cleared="0" enqueued="0" dynamicThreshold="0" maxThreshold="32" />
  <references type="weak" candidates="7036" cleared="0" enqueued="0" />
  <references type="phantom" candidates="103" cleared="0" enqueued="0" />
  <stringconstants candidates="19048" cleared="0"  />
</gc-op>
<gc-op id="2595" type="classunload" timems="0.060" contextid="2591" timestamp="2019-01-09T09:16:18.274">
  <classunload-info classloadercandidates="56" classloadersunloaded="0" classesunloaded="0" anonymousclassesunloaded="0" quiescems="0.000" setupms="0.056" scanms="0.004" postms="0.000" />
</gc-op>
<gc-op id="2596" type="sweep" timems="8.655" contextid="2591" timestamp="2019-01-09T09:16:18.282" />
<mem-info id="2597" free="12213728" total="912261120" percent="1">
  <mem type="nursery" free="0" total="228065280" percent="0">
    <mem type="allocate" free="0" total="114032640" percent="0" />
    <mem type="survivor" free="0" total="114032640" percent="0" />
  </mem>
  <mem type="tenure" free="12213728" total="684195840" percent="1" micro-fragmented="0" macro-fragmented="0">
    <mem type="soa" free="5372384" total="677354496" percent="0" />
    <mem type="loa" free="6841344" total="6841344" percent="100" />
  </mem>
  <remembered-set count="151102" />
</mem-info>
<gc-op id="2598" type="compact" timems="2143.108" contextid="2591" timestamp="2019-01-09T09:16:20.426">
  <compact-info movecount="422447" movebytes="13865160" reason="low free space (less than 4%)" />
</gc-op>
<gc-end id="2599" type="global" contextid="2591" durationms="2423.803" usertimems="4563.941" systemtimems="25.338" timestamp="2019-01-09T09:16:20.426" activeThreads="16">
  <mem-info id="2600" free="12214512" total="912261120" percent="1">
    <mem type="nursery" free="784" total="228065280" percent="0">
      <mem type="allocate" free="784" total="114032640" percent="0" />
      <mem type="survivor" free="0" total="114032640" percent="0" />
    </mem>
    <mem type="tenure" free="12213728" total="684195840" percent="1">
      <mem type="soa" free="5372384" total="677354496" percent="0" />
      <mem type="loa" free="6841344" total="6841344" percent="100" />
    </mem>
    <remembered-set count="151102" />
  </mem-info>
</gc-end>
<cycle-end id="2601" type="global" contextid="2591" timestamp="2019-01-09T09:16:20.426" />
<event id="2602" timestamp="2019-01-09T09:16:20.426">
  <warning details="excessive gc activity detected, will attempt aggressive gc" />
</event>
<allocation-satisfied id="2603" threadId="00000000021BC500" bytesRequested="40" />
<af-end id="2604" timestamp="2019-01-09T09:16:20.426" threadId="00000000021BCE60" success="true" from="nursery"/>
<exclusive-end id="2605" timestamp="2019-01-09T09:16:20.426" durationms="2424.498" />

<exclusive-start id="2606" timestamp="2019-01-09T09:16:20.427" intervalms="2425.023">
  <response-info timems="0.037" idlems="0.037" threads="0" lastid="0000000001D87E00" lastname="AsyncAppender-Worker-async-console-appender" />
</exclusive-start>
<af-start id="2607" threadId="0000000001D88760" totalBytesRequested="24" timestamp="2019-01-09T09:16:20.427" intervalms="2425.037" type="nursery" />
<percolate-collect id="2608" from="nursery" to="global" reason="insufficient remaining tenure space" timestamp="2019-01-09T09:16:20.427"/>
<cycle-start id="2609" type="global" contextid="0" timestamp="2019-01-09T09:16:20.427" intervalms="2425.057" />
<gc-start id="2610" type="global" contextid="2609" timestamp="2019-01-09T09:16:20.427">
  <mem-info id="2611" free="12213728" total="912261120" percent="1">
    <mem type="nursery" free="0" total="228065280" percent="0">
      <mem type="allocate" free="0" total="114032640" percent="0" />
      <mem type="survivor" free="0" total="114032640" percent="0" />
    </mem>
    <mem type="tenure" free="12213728" total="684195840" percent="1">
      <mem type="soa" free="5372384" total="677354496" percent="0" />
      <mem type="loa" free="6841344" total="6841344" percent="100" />
    </mem>
    <remembered-set count="151102" />
  </mem-info>
</gc-start>
<allocation-stats totalBytes="40" >
  <allocated-bytes non-tlh="40" tlh="0" />
  <largest-consumer threadName="kafka-coordinator-heartbeat-thread | broadcast_group" threadId="00000000021BC500" bytes="40" />
</allocation-stats>
<gc-op id="2612" type="mark" timems="232.238" contextid="2609" timestamp="2019-01-09T09:16:20.659">
  <trace-info objectcount="23581029" scancount="17628845" scanbytes="473249108" />
  <finalization candidates="728" enqueued="0" />
  <ownableSynchronizers candidates="499192" cleared="0" />
  <references type="soft" candidates="6323" cleared="0" enqueued="0" dynamicThreshold="0" maxThreshold="32" />
  <references type="weak" candidates="7036" cleared="0" enqueued="0" />
  <references type="phantom" candidates="103" cleared="0" enqueued="0" />
  <stringconstants candidates="19048" cleared="0"  />
</gc-op>
<gc-op id="2613" type="classunload" timems="0.070" contextid="2609" timestamp="2019-01-09T09:16:20.660">
  <classunload-info classloadercandidates="56" classloadersunloaded="0" classesunloaded="0" anonymousclassesunloaded="0" quiescems="0.000" setupms="0.065" scanms="0.004" postms="0.001" />
</gc-op>
<gc-op id="2614" type="sweep" timems="9.128" contextid="2609" timestamp="2019-01-09T09:16:20.669" />
<mem-info id="2615" free="12214512" total="912261120" percent="1">
  <mem type="nursery" free="784" total="228065280" percent="0">
    <mem type="allocate" free="784" total="114032640" percent="0" />
    <mem type="survivor" free="0" total="114032640" percent="0" />
  </mem>
  <mem type="tenure" free="12213728" total="684195840" percent="1" micro-fragmented="0" macro-fragmented="0">
    <mem type="soa" free="5372384" total="677354496" percent="0" />
    <mem type="loa" free="6841344" total="6841344" percent="100" />
  </mem>
  <remembered-set count="151102" />
</mem-info>
<gc-op id="2616" type="compact" timems="2015.252" contextid="2609" timestamp="2019-01-09T09:16:22.684">
  <compact-info movecount="203" movebytes="7480" reason="low free space (less than 4%)" />
</gc-op>
<gc-end id="2617" type="global" contextid="2609" durationms="2257.415" usertimems="4386.795" systemtimems="21.007" timestamp="2019-01-09T09:16:22.685" activeThreads="16">
  <mem-info id="2618" free="12214704" total="912261120" percent="1">
    <mem type="nursery" free="976" total="228065280" percent="0">
      <mem type="allocate" free="976" total="114032640" percent="0" />
      <mem type="survivor" free="0" total="114032640" percent="0" />
    </mem>
    <mem type="tenure" free="12213728" total="684195840" percent="1">
      <mem type="soa" free="5372384" total="677354496" percent="0" />
      <mem type="loa" free="6841344" total="6841344" percent="100" />
    </mem>
    <remembered-set count="151102" />
  </mem-info>
</gc-end>
<cycle-end id="2619" type="global" contextid="2609" timestamp="2019-01-09T09:16:22.685" />
<event id="2620" timestamp="2019-01-09T09:16:22.685">
  <warning details="excessive gc activity detected, will fail on allocate" />
</event>
<concurrent-kickoff id="2621" timestamp="2019-01-09T09:16:22.685">
  <kickoff reason="threshold reached" targetBytes="76351484" thresholdFreeBytes="9514007"  remainingFree="952" tenureFreeBytes="12213728" nurseryFreeBytes="952" />
</concurrent-kickoff>
<allocation-satisfied id="2622" threadId="0000000001D87E00" bytesRequested="24" />
<af-end id="2623" timestamp="2019-01-09T09:16:22.685" threadId="0000000001D88760" success="true" from="nursery"/>
<exclusive-end id="2624" timestamp="2019-01-09T09:16:22.685" durationms="2258.188" />

<exclusive-start id="2625" timestamp="2019-01-09T09:16:22.686" intervalms="2259.000">
  <response-info timems="0.057" idlems="0.039" threads="1" lastid="0000000001D87E00" lastname="AsyncAppender-Worker-async-console-appender" />
</exclusive-start>
<af-start id="2626" threadId="0000000002749860" totalBytesRequested="32" timestamp="2019-01-09T09:16:22.686" intervalms="2259.025" type="nursery" />
<percolate-collect id="2627" from="nursery" to="global" reason="insufficient remaining tenure space" timestamp="2019-01-09T09:16:22.686"/>
<concurrent-aborted id="2628" timestamp="2019-01-09T09:16:22.686">
  <reason value="insufficient progress made" />
</concurrent-aborted>
<cycle-end id="2629" type="global" contextid="0" timestamp="2019-01-09T09:16:22.686" />
<cycle-start id="2630" type="global" contextid="0" timestamp="2019-01-09T09:16:22.686" intervalms="2259.034" />
<gc-start id="2631" type="global" contextid="2630" timestamp="2019-01-09T09:16:22.686">
  <mem-info id="2632" free="12213728" total="912261120" percent="1">
    <mem type="nursery" free="0" total="228065280" percent="0">
      <mem type="allocate" free="0" total="114032640" percent="0" />
      <mem type="survivor" free="0" total="114032640" percent="0" />
    </mem>
    <mem type="tenure" free="12213728" total="684195840" percent="1">
      <mem type="soa" free="5372384" total="677354496" percent="0" />
      <mem type="loa" free="6841344" total="6841344" percent="100" />
    </mem>
    <remembered-set count="151102" />
  </mem-info>
</gc-start>
<allocation-stats totalBytes="976" >
  <allocated-bytes non-tlh="24" tlh="952" />
  <largest-consumer threadName="AsyncAppender-Worker-async-console-appender" threadId="0000000001D87E00" bytes="976" />
</allocation-stats>
<gc-op id="2633" type="mark" timems="251.930" contextid="2630" timestamp="2019-01-09T09:16:22.938">
  <trace-info objectcount="23581030" scancount="17628744" scanbytes="473249140" />
  <finalization candidates="728" enqueued="0" />
  <ownableSynchronizers candidates="499192" cleared="0" />
  <references type="soft" candidates="6323" cleared="0" enqueued="0" dynamicThreshold="0" maxThreshold="32" />
  <references type="weak" candidates="7036" cleared="0" enqueued="0" />
  <references type="phantom" candidates="103" cleared="0" enqueued="0" />
  <stringconstants candidates="19048" cleared="0"  />
</gc-op>
<gc-op id="2634" type="classunload" timems="0.066" contextid="2630" timestamp="2019-01-09T09:16:22.938">
  <classunload-info classloadercandidates="56" classloadersunloaded="0" classesunloaded="0" anonymousclassesunloaded="0" quiescems="0.000" setupms="0.061" scanms="0.004" postms="0.001" />
</gc-op>
<gc-op id="2635" type="sweep" timems="8.027" contextid="2630" timestamp="2019-01-09T09:16:22.946" />
<mem-info id="2636" free="12214648" total="912261120" percent="1">
  <mem type="nursery" free="920" total="228065280" percent="0">
    <mem type="allocate" free="920" total="114032640" percent="0" />
    <mem type="survivor" free="0" total="114032640" percent="0" />
  </mem>
  <mem type="tenure" free="12213728" total="684195840" percent="1" micro-fragmented="0" macro-fragmented="0">
    <mem type="soa" free="5372384" total="677354496" percent="0" />
    <mem type="loa" free="6841344" total="6841344" percent="100" />
  </mem>
  <remembered-set count="151102" />
</mem-info>
<gc-op id="2637" type="compact" timems="2122.874" contextid="2630" timestamp="2019-01-09T09:16:25.070">
  <compact-info movecount="1" movebytes="32" reason="heap fragmented" />
</gc-op>
<gc-end id="2638" type="global" contextid="2630" durationms="2383.751" usertimems="4458.525" systemtimems="33.864" timestamp="2019-01-09T09:16:25.070" activeThreads="16">
  <mem-info id="2639" free="12214672" total="912261120" percent="1">
    <mem type="nursery" free="944" total="228065280" percent="0">
      <mem type="allocate" free="944" total="114032640" percent="0" />
      <mem type="survivor" free="0" total="114032640" percent="0" />
    </mem>
    <mem type="tenure" free="12213728" total="684195840" percent="1">
      <mem type="soa" free="5372384" total="677354496" percent="0" />
      <mem type="loa" free="6841344" total="6841344" percent="100" />
    </mem>
    <remembered-set count="151102" />
  </mem-info>
</gc-end>
<cycle-end id="2640" type="global" contextid="2630" timestamp="2019-01-09T09:16:25.070" />
<event id="2641" timestamp="2019-01-09T09:16:25.070">
  <warning details="excessive gc activity detected, will attempt aggressive gc" />
</event>
<concurrent-kickoff id="2642" timestamp="2019-01-09T09:16:25.070">
  <kickoff reason="threshold reached" targetBytes="76351484" thresholdFreeBytes="9514007"  remainingFree="912" tenureFreeBytes="12213728" nurseryFreeBytes="912" />
</concurrent-kickoff>
<allocation-satisfied id="2643" threadId="0000000002748F00" bytesRequested="32" />
<af-end id="2644" timestamp="2019-01-09T09:16:25.070" threadId="0000000002749860" success="true" from="nursery"/>
<exclusive-end id="2645" timestamp="2019-01-09T09:16:25.070" durationms="2384.600" />

<exclusive-start id="2646" timestamp="2019-01-09T09:16:25.072" intervalms="2386.038">
  <response-info timems="0.596" idlems="0.438" threads="1" lastid="0000000002748F00" lastname="dw-104 - GET /api/res/v1/tree?includeMocs=director.vdc" />
</exclusive-start>
<af-start id="2647" threadId="000000000258F560" totalBytesRequested="16" timestamp="2019-01-09T09:16:25.072" intervalms="2386.002" type="nursery" />
<percolate-collect id="2648" from="nursery" to="global" reason="insufficient remaining tenure space" timestamp="2019-01-09T09:16:25.072"/>
<concurrent-aborted id="2649" timestamp="2019-01-09T09:16:25.072">
  <reason value="insufficient progress made" />
</concurrent-aborted>
<cycle-end id="2650" type="global" contextid="0" timestamp="2019-01-09T09:16:25.072" />
<cycle-start id="2651" type="global" contextid="0" timestamp="2019-01-09T09:16:25.072" intervalms="2386.003" />
<gc-start id="2652" type="global" contextid="2651" timestamp="2019-01-09T09:16:25.072">
  <mem-info id="2653" free="12213728" total="912261120" percent="1">
    <mem type="nursery" free="0" total="228065280" percent="0">
      <mem type="allocate" free="0" total="114032640" percent="0" />
      <mem type="survivor" free="0" total="114032640" percent="0" />
    </mem>
    <mem type="tenure" free="12213728" total="684195840" percent="1">
      <mem type="soa" free="5372384" total="677354496" percent="0" />
      <mem type="loa" free="6841344" total="6841344" percent="100" />
    </mem>
    <remembered-set count="151102" />
  </mem-info>
</gc-start>
<allocation-stats totalBytes="920" >
  <allocated-bytes non-tlh="32" tlh="888" />
  <largest-consumer threadName="AsyncAppender-Worker-async-console-appender" threadId="0000000001D87E00" bytes="888" />
</allocation-stats>
<gc-op id="2654" type="mark" timems="279.825" contextid="2651" timestamp="2019-01-09T09:16:25.352">
  <trace-info objectcount="23581040" scancount="17628752" scanbytes="473249376" />
  <finalization candidates="728" enqueued="0" />
  <ownableSynchronizers candidates="499192" cleared="0" />
  <references type="soft" candidates="6323" cleared="0" enqueued="0" dynamicThreshold="0" maxThreshold="32" />
  <references type="weak" candidates="7036" cleared="0" enqueued="0" />
  <references type="phantom" candidates="103" cleared="0" enqueued="0" />
  <stringconstants candidates="19048" cleared="0"  />
</gc-op>
<gc-op id="2655" type="classunload" timems="0.094" contextid="2651" timestamp="2019-01-09T09:16:25.352">
  <classunload-info classloadercandidates="56" classloadersunloaded="0" classesunloaded="0" anonymousclassesunloaded="0" quiescems="0.000" setupms="0.088" scanms="0.005" postms="0.001" />
</gc-op>
<gc-op id="2656" type="sweep" timems="13.416" contextid="2651" timestamp="2019-01-09T09:16:25.366" />
<mem-info id="2657" free="12213728" total="912261120" percent="1">
  <mem type="nursery" free="0" total="228065280" percent="0">
    <mem type="allocate" free="0" total="114032640" percent="0" />
    <mem type="survivor" free="0" total="114032640" percent="0" />
  </mem>
  <mem type="tenure" free="12213728" total="684195840" percent="1" micro-fragmented="0" macro-fragmented="0">
    <mem type="soa" free="5372384" total="677354496" percent="0" />
    <mem type="loa" free="6841344" total="6841344" percent="100" />
  </mem>
  <remembered-set count="151101" />
</mem-info>
<gc-op id="2658" type="compact" timems="12332.667" contextid="2651" timestamp="2019-01-09T09:16:37.699">
  <compact-info movecount="20031417" movebytes="662048264" reason="heap fragmented" />
</gc-op>
<gc-end id="2659" type="global" contextid="2651" durationms="12626.871" usertimems="14631.657" systemtimems="24.622" timestamp="2019-01-09T09:16:37.699" activeThreads="16">
  <mem-info id="2660" free="12214024" total="912261120" percent="1">
    <mem type="nursery" free="0" total="228065280" percent="0">
      <mem type="allocate" free="0" total="114032640" percent="0" />
      <mem type="survivor" free="0" total="114032640" percent="0" />
    </mem>
    <mem type="tenure" free="12214024" total="684195840" percent="1">
      <mem type="soa" free="5372680" total="677354496" percent="0" />
      <mem type="loa" free="6841344" total="6841344" percent="100" />
    </mem>
    <remembered-set count="151101" />
  </mem-info>
</gc-end>
<cycle-end id="2661" type="global" contextid="2651" timestamp="2019-01-09T09:16:37.699" />
<event id="2662" timestamp="2019-01-09T09:16:37.699">
  <warning details="excessive gc activity detected, will fail on allocate" />
</event>
<percolate-collect id="2663" from="nursery" to="global" reason="insufficient remaining tenure space" timestamp="2019-01-09T09:16:37.699"/>
<cycle-start id="2664" type="global" contextid="0" timestamp="2019-01-09T09:16:37.700" intervalms="12627.421" />
<gc-start id="2665" type="global" contextid="2664" timestamp="2019-01-09T09:16:37.700">
  <mem-info id="2666" free="12214024" total="912261120" percent="1">
    <mem type="nursery" free="0" total="228065280" percent="0">
      <mem type="allocate" free="0" total="114032640" percent="0" />
      <mem type="survivor" free="0" total="114032640" percent="0" />
    </mem>
    <mem type="tenure" free="12214024" total="684195840" percent="1">
      <mem type="soa" free="5372680" total="677354496" percent="0" />
      <mem type="loa" free="6841344" total="6841344" percent="100" />
    </mem>
    <remembered-set count="151101" />
  </mem-info>
</gc-start>
<allocation-stats totalBytes="0" >
  <allocated-bytes non-tlh="0" tlh="0" />
</allocation-stats>
<gc-op id="2667" type="mark" timems="247.681" contextid="2664" timestamp="2019-01-09T09:16:37.947">
  <trace-info objectcount="23581040" scancount="17628847" scanbytes="473249376" />
  <finalization candidates="728" enqueued="0" />
  <ownableSynchronizers candidates="499192" cleared="0" />
  <references type="soft" candidates="6323" cleared="0" enqueued="0" dynamicThreshold="0" maxThreshold="32" />
  <references type="weak" candidates="7036" cleared="0" enqueued="0" />
  <references type="phantom" candidates="103" cleared="0" enqueued="0" />
  <stringconstants candidates="19048" cleared="0"  />
</gc-op>
<gc-op id="2668" type="classunload" timems="0.055" contextid="2664" timestamp="2019-01-09T09:16:37.947">
  <classunload-info classloadercandidates="56" classloadersunloaded="0" classesunloaded="0" anonymousclassesunloaded="0" quiescems="0.000" setupms="0.051" scanms="0.003" postms="0.001" />
</gc-op>
<gc-op id="2669" type="sweep" timems="9.830" contextid="2664" timestamp="2019-01-09T09:16:37.957" />
<mem-info id="2670" free="12214024" total="912261120" percent="1">
  <mem type="nursery" free="0" total="228065280" percent="0">
    <mem type="allocate" free="0" total="114032640" percent="0" />
    <mem type="survivor" free="0" total="114032640" percent="0" />
  </mem>
  <mem type="tenure" free="12214024" total="684195840" percent="1" micro-fragmented="0" macro-fragmented="0">
    <mem type="soa" free="5372680" total="677354496" percent="0" />
    <mem type="loa" free="6841344" total="6841344" percent="100" />
  </mem>
  <remembered-set count="151101" />
</mem-info>
<gc-op id="2671" type="compact" timems="2049.739" contextid="2664" timestamp="2019-01-09T09:16:40.007">
  <compact-info movecount="0" movebytes="0" reason="low free space (less than 4%)" />
</gc-op>
<gc-end id="2672" type="global" contextid="2664" durationms="2307.978" usertimems="4466.593" systemtimems="20.058" timestamp="2019-01-09T09:16:40.008" activeThreads="16">
  <mem-info id="2673" free="12214024" total="912261120" percent="1">
    <mem type="nursery" free="0" total="228065280" percent="0">
      <mem type="allocate" free="0" total="114032640" percent="0" />
      <mem type="survivor" free="0" total="114032640" percent="0" />
    </mem>
    <mem type="tenure" free="12214024" total="684195840" percent="1">
      <mem type="soa" free="5372680" total="677354496" percent="0" />
      <mem type="loa" free="6841344" total="6841344" percent="100" />
    </mem>
    <remembered-set count="151101" />
  </mem-info>
</gc-end>
<cycle-end id="2674" type="global" contextid="2664" timestamp="2019-01-09T09:16:40.008" />
<allocation-satisfied id="2675" threadId="000000000258EC00" bytesRequested="16" />
<af-end id="2676" timestamp="2019-01-09T09:16:40.008" threadId="000000000258F560" success="true" from="tenure-soa"/>
<exclusive-end id="2677" timestamp="2019-01-09T09:16:40.008" durationms="14936.102" />

<exclusive-start id="2678" timestamp="2019-01-09T09:16:40.009" intervalms="14937.478">
  <response-info timems="1.024" idlems="0.521" threads="1" lastid="000000000258EC00" lastname="dw-103 - GET /api/res/v1/tree?includeMocs=director.vdc" />
</exclusive-start>
<af-start id="2679" threadId="00000000016F7260" totalBytesRequested="16" timestamp="2019-01-09T09:16:40.009" intervalms="14937.479" type="nursery" />
<percolate-collect id="2680" from="nursery" to="global" reason="insufficient remaining tenure space" timestamp="2019-01-09T09:16:40.010"/>
<cycle-start id="2681" type="global" contextid="0" timestamp="2019-01-09T09:16:40.010" intervalms="2310.034" />
<gc-start id="2682" type="global" contextid="2681" timestamp="2019-01-09T09:16:40.010">
  <mem-info id="2683" free="12214008" total="912261120" percent="1">
    <mem type="nursery" free="0" total="228065280" percent="0">
      <mem type="allocate" free="0" total="114032640" percent="0" />
      <mem type="survivor" free="0" total="114032640" percent="0" />
    </mem>
    <mem type="tenure" free="12214008" total="684195840" percent="1">
      <mem type="soa" free="5372664" total="677354496" percent="0" />
      <mem type="loa" free="6841344" total="6841344" percent="100" />
    </mem>
    <remembered-set count="151102" />
  </mem-info>
</gc-start>
<allocation-stats totalBytes="16" >
  <allocated-bytes non-tlh="16" tlh="0" />
  <largest-consumer threadName="dw-103 - GET /api/res/v1/tree?includeMocs=director.vdc" threadId="000000000258EC00" bytes="16" />
</allocation-stats>
<gc-op id="2684" type="mark" timems="287.036" contextid="2681" timestamp="2019-01-09T09:16:40.297">
  <trace-info objectcount="23581040" scancount="17628751" scanbytes="473249376" />
  <finalization candidates="728" enqueued="0" />
  <ownableSynchronizers candidates="499192" cleared="0" />
  <references type="soft" candidates="6323" cleared="0" enqueued="0" dynamicThreshold="0" maxThreshold="32" />
  <references type="weak" candidates="7036" cleared="0" enqueued="0" />
  <references type="phantom" candidates="103" cleared="0" enqueued="0" />
  <stringconstants candidates="19048" cleared="0"  />
</gc-op>
<gc-op id="2685" type="classunload" timems="0.071" contextid="2681" timestamp="2019-01-09T09:16:40.297">
  <classunload-info classloadercandidates="56" classloadersunloaded="0" classesunloaded="0" anonymousclassesunloaded="0" quiescems="0.000" setupms="0.067" scanms="0.004" postms="0.000" />
</gc-op>
<gc-op id="2686" type="sweep" timems="10.221" contextid="2681" timestamp="2019-01-09T09:16:40.307" />
<mem-info id="2687" free="12214024" total="912261120" percent="1">
  <mem type="nursery" free="0" total="228065280" percent="0">
    <mem type="allocate" free="0" total="114032640" percent="0" />
    <mem type="survivor" free="0" total="114032640" percent="0" />
  </mem>
  <mem type="tenure" free="12214024" total="684195840" percent="1" micro-fragmented="0" macro-fragmented="0">
    <mem type="soa" free="5372680" total="677354496" percent="0" />
    <mem type="loa" free="6841344" total="6841344" percent="100" />
  </mem>
  <remembered-set count="151101" />
</mem-info>
<gc-op id="2688" type="compact" timems="2014.203" contextid="2681" timestamp="2019-01-09T09:16:42.322">
  <compact-info movecount="0" movebytes="0" reason="low free space (less than 4%)" />
</gc-op>
<gc-end id="2689" type="global" contextid="2681" durationms="2312.316" usertimems="4449.996" systemtimems="14.968" timestamp="2019-01-09T09:16:42.322" activeThreads="16">
  <mem-info id="2690" free="12214024" total="912261120" percent="1">
    <mem type="nursery" free="0" total="228065280" percent="0">
      <mem type="allocate" free="0" total="114032640" percent="0" />
      <mem type="survivor" free="0" total="114032640" percent="0" />
    </mem>
    <mem type="tenure" free="12214024" total="684195840" percent="1">
      <mem type="soa" free="5372680" total="677354496" percent="0" />
      <mem type="loa" free="6841344" total="6841344" percent="100" />
    </mem>
    <remembered-set count="151101" />
  </mem-info>
</gc-end>
<cycle-end id="2691" type="global" contextid="2681" timestamp="2019-01-09T09:16:42.322" />
<event id="2692" timestamp="2019-01-09T09:16:42.322">
  <warning details="excessive gc activity detected, will attempt aggressive gc" />
</event>
<percolate-collect id="2693" from="nursery" to="global" reason="insufficient remaining tenure space" timestamp="2019-01-09T09:16:42.322"/>
<cycle-start id="2694" type="global" contextid="0" timestamp="2019-01-09T09:16:42.323" intervalms="2312.947" />
<gc-start id="2695" type="global" contextid="2694" timestamp="2019-01-09T09:16:42.323">
  <mem-info id="2696" free="12214024" total="912261120" percent="1">
    <mem type="nursery" free="0" total="228065280" percent="0">
      <mem type="allocate" free="0" total="114032640" percent="0" />
      <mem type="survivor" free="0" total="114032640" percent="0" />
    </mem>
    <mem type="tenure" free="12214024" total="684195840" percent="1">
      <mem type="soa" free="5372680" total="677354496" percent="0" />
      <mem type="loa" free="6841344" total="6841344" percent="100" />
    </mem>
    <remembered-set count="151101" />
  </mem-info>
</gc-start>
<allocation-stats totalBytes="0" >
  <allocated-bytes non-tlh="0" tlh="0" />
</allocation-stats>
<gc-op id="2697" type="mark" timems="242.302" contextid="2694" timestamp="2019-01-09T09:16:42.565">
  <trace-info objectcount="23581040" scancount="17628851" scanbytes="473249376" />
  <finalization candidates="728" enqueued="0" />
  <ownableSynchronizers candidates="499192" cleared="0" />
  <references type="soft" candidates="6323" cleared="0" enqueued="0" dynamicThreshold="0" maxThreshold="32" />
  <references type="weak" candidates="7036" cleared="0" enqueued="0" />
  <references type="phantom" candidates="103" cleared="0" enqueued="0" />
  <stringconstants candidates="19048" cleared="0"  />
</gc-op>
<gc-op id="2698" type="classunload" timems="0.043" contextid="2694" timestamp="2019-01-09T09:16:42.565">
  <classunload-info classloadercandidates="56" classloadersunloaded="0" classesunloaded="0" anonymousclassesunloaded="0" quiescems="0.000" setupms="0.038" scanms="0.004" postms="0.001" />
</gc-op>
<gc-op id="2699" type="sweep" timems="11.813" contextid="2694" timestamp="2019-01-09T09:16:42.577" />
<mem-info id="2700" free="12214024" total="912261120" percent="1">
  <mem type="nursery" free="0" total="228065280" percent="0">
    <mem type="allocate" free="0" total="114032640" percent="0" />
    <mem type="survivor" free="0" total="114032640" percent="0" />
  </mem>
  <mem type="tenure" free="12214024" total="684195840" percent="1" micro-fragmented="0" macro-fragmented="0">
    <mem type="soa" free="5372680" total="677354496" percent="0" />
    <mem type="loa" free="6841344" total="6841344" percent="100" />
  </mem>
  <remembered-set count="151101" />
</mem-info>
<gc-op id="2701" type="compact" timems="2051.388" contextid="2694" timestamp="2019-01-09T09:16:44.629">
  <compact-info movecount="0" movebytes="0" reason="low free space (less than 4%)" />
</gc-op>
<gc-end id="2702" type="global" contextid="2694" durationms="2306.273" usertimems="4522.773" systemtimems="18.859" timestamp="2019-01-09T09:16:44.629" activeThreads="16">
  <mem-info id="2703" free="12214024" total="912261120" percent="1">
    <mem type="nursery" free="0" total="228065280" percent="0">
      <mem type="allocate" free="0" total="114032640" percent="0" />
      <mem type="survivor" free="0" total="114032640" percent="0" />
    </mem>
    <mem type="tenure" free="12214024" total="684195840" percent="1">
      <mem type="soa" free="5372680" total="677354496" percent="0" />
      <mem type="loa" free="6841344" total="6841344" percent="100" />
    </mem>
    <remembered-set count="151101" />
  </mem-info>
</gc-end>
<cycle-end id="2704" type="global" contextid="2694" timestamp="2019-01-09T09:16:44.629" />
<event id="2705" timestamp="2019-01-09T09:16:44.629">
  <warning details="excessive gc activity detected, will fail on allocate" />
</event>
<allocation-satisfied id="2706" threadId="00000000016F6900" bytesRequested="16" />
<af-end id="2707" timestamp="2019-01-09T09:16:44.629" threadId="00000000016F7260" success="true" from="tenure-soa"/>
<exclusive-end id="2708" timestamp="2019-01-09T09:16:44.629" durationms="4620.019" />

<exclusive-start id="2709" timestamp="2019-01-09T09:16:44.631" intervalms="4621.422">
  <response-info timems="1.369" idlems="0.686" threads="1" lastid="00000000016F6900" lastname="dw-114 - GET /api/res/v1/director.cloudenvs/a016b631-1a4f-40d2-" />
</exclusive-start>
<af-start id="2710" threadId="000000000258F560" totalBytesRequested="32" timestamp="2019-01-09T09:16:44.631" intervalms="4621.483" type="nursery" />
<percolate-collect id="2711" from="nursery" to="global" reason="insufficient remaining tenure space" timestamp="2019-01-09T09:16:44.631"/>
<cycle-start id="2712" type="global" contextid="0" timestamp="2019-01-09T09:16:44.631" intervalms="2308.555" />
<gc-start id="2713" type="global" contextid="2712" timestamp="2019-01-09T09:16:44.631">
  <mem-info id="2714" free="12214008" total="912261120" percent="1">
    <mem type="nursery" free="0" total="228065280" percent="0">
      <mem type="allocate" free="0" total="114032640" percent="0" />
      <mem type="survivor" free="0" total="114032640" percent="0" />
    </mem>
    <mem type="tenure" free="12214008" total="684195840" percent="1">
      <mem type="soa" free="5372664" total="677354496" percent="0" />
      <mem type="loa" free="6841344" total="6841344" percent="100" />
    </mem>
    <remembered-set count="151102" />
  </mem-info>
</gc-start>
<allocation-stats totalBytes="16" >
  <allocated-bytes non-tlh="16" tlh="0" />
  <largest-consumer threadName="dw-114 - GET /api/res/v1/director.cloudenvs/a016b631-1a4f-40d2-aea6-0a3ebed2d15b" threadId="00000000016F6900" bytes="16" />
</allocation-stats>
<gc-op id="2715" type="mark" timems="247.693" contextid="2712" timestamp="2019-01-09T09:16:44.879">
  <trace-info objectcount="23581040" scancount="17628750" scanbytes="473249376" />
  <finalization candidates="728" enqueued="0" />
  <ownableSynchronizers candidates="499192" cleared="0" />
  <references type="soft" candidates="6323" cleared="0" enqueued="0" dynamicThreshold="0" maxThreshold="32" />
  <references type="weak" candidates="7036" cleared="0" enqueued="0" />
  <references type="phantom" candidates="103" cleared="0" enqueued="0" />
  <stringconstants candidates="19048" cleared="0"  />
</gc-op>
<gc-op id="2716" type="classunload" timems="0.073" contextid="2712" timestamp="2019-01-09T09:16:44.879">
  <classunload-info classloadercandidates="56" classloadersunloaded="0" classesunloaded="0" anonymousclassesunloaded="0" quiescems="0.000" setupms="0.068" scanms="0.004" postms="0.001" />
</gc-op>
<gc-op id="2717" type="sweep" timems="7.060" contextid="2712" timestamp="2019-01-09T09:16:44.886" />
<mem-info id="2718" free="12214024" total="912261120" percent="1">
  <mem type="nursery" free="0" total="228065280" percent="0">
    <mem type="allocate" free="0" total="114032640" percent="0" />
    <mem type="survivor" free="0" total="114032640" percent="0" />
  </mem>
  <mem type="tenure" free="12214024" total="684195840" percent="1" micro-fragmented="0" macro-fragmented="5375357">
    <mem type="soa" free="5372680" total="677354496" percent="0" />
    <mem type="loa" free="6841344" total="6841344" percent="100" />
  </mem>
  <remembered-set count="151101" />
</mem-info>
<gc-op id="2719" type="compact" timems="2038.178" contextid="2712" timestamp="2019-01-09T09:16:46.925">
  <compact-info movecount="0" movebytes="0" reason="low free space (less than 4%)" />
</gc-op>
<gc-end id="2720" type="global" contextid="2712" durationms="2293.643" usertimems="4463.002" systemtimems="23.467" timestamp="2019-01-09T09:16:46.925" activeThreads="16">
  <mem-info id="2721" free="12214024" total="912261120" percent="1">
    <mem type="nursery" free="0" total="228065280" percent="0">
      <mem type="allocate" free="0" total="114032640" percent="0" />
      <mem type="survivor" free="0" total="114032640" percent="0" />
    </mem>
    <mem type="tenure" free="12214024" total="684195840" percent="1">
      <mem type="soa" free="5372680" total="677354496" percent="0" />
      <mem type="loa" free="6841344" total="6841344" percent="100" />
    </mem>
    <remembered-set count="151101" />
  </mem-info>
</gc-end>
<cycle-end id="2722" type="global" contextid="2712" timestamp="2019-01-09T09:16:46.925" />
<event id="2723" timestamp="2019-01-09T09:16:46.925">
  <warning details="excessive gc activity detected, will attempt aggressive gc" />
</event>
<percolate-collect id="2724" from="nursery" to="global" reason="insufficient remaining tenure space" timestamp="2019-01-09T09:16:46.925"/>
<cycle-start id="2725" type="global" contextid="0" timestamp="2019-01-09T09:16:46.925" intervalms="2294.031" />
<gc-start id="2726" type="global" contextid="2725" timestamp="2019-01-09T09:16:46.925">
  <mem-info id="2727" free="12214024" total="912261120" percent="1">
    <mem type="nursery" free="0" total="228065280" percent="0">
      <mem type="allocate" free="0" total="114032640" percent="0" />
      <mem type="survivor" free="0" total="114032640" percent="0" />
    </mem>
    <mem type="tenure" free="12214024" total="684195840" percent="1">
      <mem type="soa" free="5372680" total="677354496" percent="0" />
      <mem type="loa" free="6841344" total="6841344" percent="100" />
    </mem>
    <remembered-set count="151101" />
  </mem-info>
</gc-start>
<allocation-stats totalBytes="0" >
  <allocated-bytes non-tlh="0" tlh="0" />
</allocation-stats>
<gc-op id="2728" type="mark" timems="246.303" contextid="2725" timestamp="2019-01-09T09:16:47.172">
  <trace-info objectcount="23581040" scancount="17628829" scanbytes="473249376" />
  <finalization candidates="728" enqueued="0" />
  <ownableSynchronizers candidates="499192" cleared="0" />
  <references type="soft" candidates="6323" cleared="0" enqueued="0" dynamicThreshold="0" maxThreshold="32" />
  <references type="weak" candidates="7036" cleared="0" enqueued="0" />
  <references type="phantom" candidates="103" cleared="0" enqueued="0" />
  <stringconstants candidates="19048" cleared="0"  />
</gc-op>
<gc-op id="2729" type="classunload" timems="0.078" contextid="2725" timestamp="2019-01-09T09:16:47.172">
  <classunload-info classloadercandidates="56" classloadersunloaded="0" classesunloaded="0" anonymousclassesunloaded="0" quiescems="0.000" setupms="0.069" scanms="0.008" postms="0.001" />
</gc-op>
<gc-op id="2730" type="sweep" timems="9.598" contextid="2725" timestamp="2019-01-09T09:16:47.181" />
<mem-info id="2731" free="12214024" total="912261120" percent="1">
  <mem type="nursery" free="0" total="228065280" percent="0">
    <mem type="allocate" free="0" total="114032640" percent="0" />
    <mem type="survivor" free="0" total="114032640" percent="0" />
  </mem>
  <mem type="tenure" free="12214024" total="684195840" percent="1" micro-fragmented="0" macro-fragmented="10929893">
    <mem type="soa" free="5372680" total="677354496" percent="0" />
    <mem type="loa" free="6841344" total="6841344" percent="100" />
  </mem>
  <remembered-set count="151101" />
</mem-info>
<gc-op id="2732" type="compact" timems="2029.392" contextid="2725" timestamp="2019-01-09T09:16:49.211">
  <compact-info movecount="0" movebytes="0" reason="low free space (less than 4%)" />
</gc-op>
<gc-end id="2733" type="global" contextid="2725" durationms="2285.876" usertimems="4452.980" systemtimems="17.267" timestamp="2019-01-09T09:16:49.211" activeThreads="16">
  <mem-info id="2734" free="12214024" total="912261120" percent="1">
    <mem type="nursery" free="0" total="228065280" percent="0">
      <mem type="allocate" free="0" total="114032640" percent="0" />
      <mem type="survivor" free="0" total="114032640" percent="0" />
    </mem>
    <mem type="tenure" free="12214024" total="684195840" percent="1">
      <mem type="soa" free="5372680" total="677354496" percent="0" />
      <mem type="loa" free="6841344" total="6841344" percent="100" />
    </mem>
    <remembered-set count="151101" />
  </mem-info>
</gc-end>
<cycle-end id="2735" type="global" contextid="2725" timestamp="2019-01-09T09:16:49.211" />
<event id="2736" timestamp="2019-01-09T09:16:49.211">
  <warning details="excessive gc activity detected, will fail on allocate" />
</event>
<allocation-satisfied id="2737" threadId="000000000258EC00" bytesRequested="32" />
<af-end id="2738" timestamp="2019-01-09T09:16:49.211" threadId="000000000258F560" success="true" from="tenure-soa"/>
<exclusive-end id="2739" timestamp="2019-01-09T09:16:49.213" durationms="4582.192" />

<exclusive-start id="2740" timestamp="2019-01-09T09:16:49.214" intervalms="4583.210">
  <response-info timems="0.707" idlems="0.364" threads="1" lastid="000000000258EC00" lastname="dw-103 - GET /api/res/v1/tree?includeMocs=director.vdc" />
</exclusive-start>
<af-start id="2741" threadId="000000000285C060" totalBytesRequested="48" timestamp="2019-01-09T09:16:49.214" intervalms="4583.232" type="nursery" />
<percolate-collect id="2742" from="nursery" to="global" reason="insufficient remaining tenure space" timestamp="2019-01-09T09:16:49.214"/>
<cycle-start id="2743" type="global" contextid="0" timestamp="2019-01-09T09:16:49.214" intervalms="2289.198" />
<gc-start id="2744" type="global" contextid="2743" timestamp="2019-01-09T09:16:49.214">
  <mem-info id="2745" free="12213992" total="912261120" percent="1">
    <mem type="nursery" free="0" total="228065280" percent="0">
      <mem type="allocate" free="0" total="114032640" percent="0" />
      <mem type="survivor" free="0" total="114032640" percent="0" />
    </mem>
    <mem type="tenure" free="12213992" total="684195840" percent="1">
      <mem type="soa" free="5372648" total="677354496" percent="0" />
      <mem type="loa" free="6841344" total="6841344" percent="100" />
    </mem>
    <remembered-set count="151102" />
  </mem-info>
</gc-start>
<allocation-stats totalBytes="32" >
  <allocated-bytes non-tlh="32" tlh="0" />
  <largest-consumer threadName="dw-103 - GET /api/res/v1/tree?includeMocs=director.vdc" threadId="000000000258EC00" bytes="32" />
</allocation-stats>
<gc-op id="2746" type="mark" timems="255.597" contextid="2743" timestamp="2019-01-09T09:16:49.470">
  <trace-info objectcount="23581040" scancount="17628850" scanbytes="473249376" />
  <finalization candidates="728" enqueued="0" />
  <ownableSynchronizers candidates="499192" cleared="0" />
  <references type="soft" candidates="6323" cleared="0" enqueued="0" dynamicThreshold="0" maxThreshold="32" />
  <references type="weak" candidates="7036" cleared="0" enqueued="0" />
  <references type="phantom" candidates="103" cleared="0" enqueued="0" />
  <stringconstants candidates="19048" cleared="0"  />
</gc-op>
<gc-op id="2747" type="classunload" timems="0.067" contextid="2743" timestamp="2019-01-09T09:16:49.470">
  <classunload-info classloadercandidates="56" classloadersunloaded="0" classesunloaded="0" anonymousclassesunloaded="0" quiescems="0.000" setupms="0.060" scanms="0.006" postms="0.001" />
</gc-op>
<gc-op id="2748" type="sweep" timems="8.188" contextid="2743" timestamp="2019-01-09T09:16:49.478" />
<mem-info id="2749" free="12214024" total="912261120" percent="1">
  <mem type="nursery" free="0" total="228065280" percent="0">
    <mem type="allocate" free="0" total="114032640" percent="0" />
    <mem type="survivor" free="0" total="114032640" percent="0" />
  </mem>
  <mem type="tenure" free="12214024" total="684195840" percent="1" micro-fragmented="0" macro-fragmented="10929893">
    <mem type="soa" free="5372680" total="677354496" percent="0" />
    <mem type="loa" free="6841344" total="6841344" percent="100" />
  </mem>
  <remembered-set count="151101" />
</mem-info>
<gc-op id="2750" type="compact" timems="2086.770" contextid="2743" timestamp="2019-01-09T09:16:51.565">
  <compact-info movecount="0" movebytes="0" reason="low free space (less than 4%)" />
</gc-op>
<gc-end id="2751" type="global" contextid="2743" durationms="2351.155" usertimems="4504.908" systemtimems="19.825" timestamp="2019-01-09T09:16:51.566" activeThreads="16">
  <mem-info id="2752" free="12214024" total="912261120" percent="1">
    <mem type="nursery" free="0" total="228065280" percent="0">
      <mem type="allocate" free="0" total="114032640" percent="0" />
      <mem type="survivor" free="0" total="114032640" percent="0" />
    </mem>
    <mem type="tenure" free="12214024" total="684195840" percent="1">
      <mem type="soa" free="5372680" total="677354496" percent="0" />
      <mem type="loa" free="6841344" total="6841344" percent="100" />
    </mem>
    <remembered-set count="151101" />
  </mem-info>
</gc-end>
<cycle-end id="2753" type="global" contextid="2743" timestamp="2019-01-09T09:16:51.566" />
<event id="2754" timestamp="2019-01-09T09:16:51.566">
  <warning details="excessive gc activity detected, will attempt aggressive gc" />
</event>
<percolate-collect id="2755" from="nursery" to="global" reason="insufficient remaining tenure space" timestamp="2019-01-09T09:16:51.566"/>
<cycle-start id="2756" type="global" contextid="0" timestamp="2019-01-09T09:16:51.566" intervalms="2351.602" />
<gc-start id="2757" type="global" contextid="2756" timestamp="2019-01-09T09:16:51.566">
  <mem-info id="2758" free="12214024" total="912261120" percent="1">
    <mem type="nursery" free="0" total="228065280" percent="0">
      <mem type="allocate" free="0" total="114032640" percent="0" />
      <mem type="survivor" free="0" total="114032640" percent="0" />
    </mem>
    <mem type="tenure" free="12214024" total="684195840" percent="1">
      <mem type="soa" free="5372680" total="677354496" percent="0" />
      <mem type="loa" free="6841344" total="6841344" percent="100" />
    </mem>
    <remembered-set count="151101" />
  </mem-info>
</gc-start>
<allocation-stats totalBytes="0" >
  <allocated-bytes non-tlh="0" tlh="0" />
</allocation-stats>
<gc-op id="2759" type="mark" timems="240.360" contextid="2756" timestamp="2019-01-09T09:16:51.806">
  <trace-info objectcount="23581040" scancount="17628751" scanbytes="473249376" />
  <finalization candidates="728" enqueued="0" />
  <ownableSynchronizers candidates="499192" cleared="0" />
  <references type="soft" candidates="6323" cleared="0" enqueued="0" dynamicThreshold="0" maxThreshold="32" />
  <references type="weak" candidates="7036" cleared="0" enqueued="0" />
  <references type="phantom" candidates="103" cleared="0" enqueued="0" />
  <stringconstants candidates="19048" cleared="0"  />
</gc-op>
<gc-op id="2760" type="classunload" timems="0.075" contextid="2756" timestamp="2019-01-09T09:16:51.807">
  <classunload-info classloadercandidates="56" classloadersunloaded="0" classesunloaded="0" anonymousclassesunloaded="0" quiescems="0.000" setupms="0.069" scanms="0.006" postms="0.000" />
</gc-op>
<gc-op id="2761" type="sweep" timems="9.877" contextid="2756" timestamp="2019-01-09T09:16:51.816" />
<mem-info id="2762" free="12214024" total="912261120" percent="1">
  <mem type="nursery" free="0" total="228065280" percent="0">
    <mem type="allocate" free="0" total="114032640" percent="0" />
    <mem type="survivor" free="0" total="114032640" percent="0" />
  </mem>
  <mem type="tenure" free="12214024" total="684195840" percent="1" micro-fragmented="0" macro-fragmented="0">
    <mem type="soa" free="5372680" total="677354496" percent="0" />
    <mem type="loa" free="6841344" total="6841344" percent="100" />
  </mem>
  <remembered-set count="151101" />
</mem-info>
<gc-op id="2763" type="compact" timems="2060.398" contextid="2756" timestamp="2019-01-09T09:16:53.877">
  <compact-info movecount="0" movebytes="0" reason="low free space (less than 4%)" />
</gc-op>
<gc-end id="2764" type="global" contextid="2756" durationms="2311.452" usertimems="4480.470" systemtimems="18.236" timestamp="2019-01-09T09:16:53.877" activeThreads="16">
  <mem-info id="2765" free="12214024" total="912261120" percent="1">
    <mem type="nursery" free="0" total="228065280" percent="0">
      <mem type="allocate" free="0" total="114032640" percent="0" />
      <mem type="survivor" free="0" total="114032640" percent="0" />
    </mem>
    <mem type="tenure" free="12214024" total="684195840" percent="1">
      <mem type="soa" free="5372680" total="677354496" percent="0" />
      <mem type="loa" free="6841344" total="6841344" percent="100" />
    </mem>
    <remembered-set count="151101" />
  </mem-info>
</gc-end>
<cycle-end id="2766" type="global" contextid="2756" timestamp="2019-01-09T09:16:53.878" />
<event id="2767" timestamp="2019-01-09T09:16:53.878">
  <warning details="excessive gc activity detected, will fail on allocate" />
</event>
<allocation-satisfied id="2768" threadId="000000000285B700" bytesRequested="48" />
<af-end id="2769" timestamp="2019-01-09T09:16:53.878" threadId="000000000285C060" success="true" from="tenure-soa"/>
<exclusive-end id="2770" timestamp="2019-01-09T09:16:53.878" durationms="4663.861" />

<exclusive-start id="2771" timestamp="2019-01-09T09:16:53.880" intervalms="4665.586">
  <response-info timems="1.667" idlems="0.972" threads="1" lastid="000000000285B700" lastname="dw-107 - GET /api/res/v1/tree?includeMocs=director.vdc" />
</exclusive-start>
<af-start id="2772" threadId="000000000256E160" totalBytesRequested="32" timestamp="2019-01-09T09:16:53.880" intervalms="4665.527" type="nursery" />
<percolate-collect id="2773" from="nursery" to="global" reason="insufficient remaining tenure space" timestamp="2019-01-09T09:16:53.880"/>
<cycle-start id="2774" type="global" contextid="0" timestamp="2019-01-09T09:16:53.880" intervalms="2313.906" />
<gc-start id="2775" type="global" contextid="2774" timestamp="2019-01-09T09:16:53.880">
  <mem-info id="2776" free="12213976" total="912261120" percent="1">
    <mem type="nursery" free="0" total="228065280" percent="0">
      <mem type="allocate" free="0" total="114032640" percent="0" />
      <mem type="survivor" free="0" total="114032640" percent="0" />
    </mem>
    <mem type="tenure" free="12213976" total="684195840" percent="1">
      <mem type="soa" free="5372632" total="677354496" percent="0" />
      <mem type="loa" free="6841344" total="6841344" percent="100" />
    </mem>
    <remembered-set count="151101" />
  </mem-info>
</gc-start>
<allocation-stats totalBytes="48" >
  <allocated-bytes non-tlh="48" tlh="0" />
  <largest-consumer threadName="dw-107 - GET /api/res/v1/tree?includeMocs=director.vdc" threadId="000000000285B700" bytes="48" />
</allocation-stats>
<gc-op id="2777" type="mark" timems="223.517" contextid="2774" timestamp="2019-01-09T09:16:54.103">
  <trace-info objectcount="23581040" scancount="17628751" scanbytes="473249376" />
  <finalization candidates="728" enqueued="0" />
  <ownableSynchronizers candidates="499192" cleared="0" />
  <references type="soft" candidates="6323" cleared="0" enqueued="0" dynamicThreshold="0" maxThreshold="32" />
  <references type="weak" candidates="7036" cleared="0" enqueued="0" />
  <references type="phantom" candidates="103" cleared="0" enqueued="0" />
  <stringconstants candidates="19048" cleared="0"  />
</gc-op>
<gc-op id="2778" type="classunload" timems="0.068" contextid="2774" timestamp="2019-01-09T09:16:54.104">
  <classunload-info classloadercandidates="56" classloadersunloaded="0" classesunloaded="0" anonymousclassesunloaded="0" quiescems="0.000" setupms="0.063" scanms="0.004" postms="0.001" />
</gc-op>
<gc-op id="2779" type="sweep" timems="8.527" contextid="2774" timestamp="2019-01-09T09:16:54.112" />
<mem-info id="2780" free="12214024" total="912261120" percent="1">
  <mem type="nursery" free="0" total="228065280" percent="0">
    <mem type="allocate" free="0" total="114032640" percent="0" />
    <mem type="survivor" free="0" total="114032640" percent="0" />
  </mem>
  <mem type="tenure" free="12214024" total="684195840" percent="1" micro-fragmented="0" macro-fragmented="0">
    <mem type="soa" free="5372680" total="677354496" percent="0" />
    <mem type="loa" free="6841344" total="6841344" percent="100" />
  </mem>
  <remembered-set count="151101" />
</mem-info>
<gc-op id="2781" type="compact" timems="2028.405" contextid="2774" timestamp="2019-01-09T09:16:56.141">
  <compact-info movecount="0" movebytes="0" reason="low free space (less than 4%)" />
</gc-op>
<gc-end id="2782" type="global" contextid="2774" durationms="2261.148" usertimems="4473.232" systemtimems="18.497" timestamp="2019-01-09T09:16:56.141" activeThreads="16">
  <mem-info id="2783" free="12214024" total="912261120" percent="1">
    <mem type="nursery" free="0" total="228065280" percent="0">
      <mem type="allocate" free="0" total="114032640" percent="0" />
      <mem type="survivor" free="0" total="114032640" percent="0" />
    </mem>
    <mem type="tenure" free="12214024" total="684195840" percent="1">
      <mem type="soa" free="5372680" total="677354496" percent="0" />
      <mem type="loa" free="6841344" total="6841344" percent="100" />
    </mem>
    <remembered-set count="151101" />
  </mem-info>
</gc-end>
<cycle-end id="2784" type="global" contextid="2774" timestamp="2019-01-09T09:16:56.141" />
<event id="2785" timestamp="2019-01-09T09:16:56.141">
  <warning details="excessive gc activity detected, will attempt aggressive gc" />
</event>
<percolate-collect id="2786" from="nursery" to="global" reason="insufficient remaining tenure space" timestamp="2019-01-09T09:16:56.141"/>
<cycle-start id="2787" type="global" contextid="0" timestamp="2019-01-09T09:16:56.141" intervalms="2261.559" />
<gc-start id="2788" type="global" contextid="2787" timestamp="2019-01-09T09:16:56.141">
  <mem-info id="2789" free="12214024" total="912261120" percent="1">
    <mem type="nursery" free="0" total="228065280" percent="0">
      <mem type="allocate" free="0" total="114032640" percent="0" />
      <mem type="survivor" free="0" total="114032640" percent="0" />
    </mem>
    <mem type="tenure" free="12214024" total="684195840" percent="1">
      <mem type="soa" free="5372680" total="677354496" percent="0" />
      <mem type="loa" free="6841344" total="6841344" percent="100" />
    </mem>
    <remembered-set count="151101" />
  </mem-info>
</gc-start>
<allocation-stats totalBytes="0" >
  <allocated-bytes non-tlh="0" tlh="0" />
</allocation-stats>
<gc-op id="2790" type="mark" timems="245.113" contextid="2787" timestamp="2019-01-09T09:16:56.387">
  <trace-info objectcount="23581040" scancount="17628752" scanbytes="473249376" />
  <finalization candidates="728" enqueued="0" />
  <ownableSynchronizers candidates="499192" cleared="0" />
  <references type="soft" candidates="6323" cleared="0" enqueued="0" dynamicThreshold="0" maxThreshold="32" />
  <references type="weak" candidates="7036" cleared="0" enqueued="0" />
  <references type="phantom" candidates="103" cleared="0" enqueued="0" />
  <stringconstants candidates="19048" cleared="0"  />
</gc-op>
<gc-op id="2791" type="classunload" timems="0.084" contextid="2787" timestamp="2019-01-09T09:16:56.387">
  <classunload-info classloadercandidates="56" classloadersunloaded="0" classesunloaded="0" anonymousclassesunloaded="0" quiescems="0.000" setupms="0.076" scanms="0.008" postms="0.000" />
</gc-op>
<gc-op id="2792" type="sweep" timems="10.706" contextid="2787" timestamp="2019-01-09T09:16:56.397" />
<mem-info id="2793" free="12214024" total="912261120" percent="1">
  <mem type="nursery" free="0" total="228065280" percent="0">
    <mem type="allocate" free="0" total="114032640" percent="0" />
    <mem type="survivor" free="0" total="114032640" percent="0" />
  </mem>
  <mem type="tenure" free="12214024" total="684195840" percent="1" micro-fragmented="0" macro-fragmented="0">
    <mem type="soa" free="5372680" total="677354496" percent="0" />
    <mem type="loa" free="6841344" total="6841344" percent="100" />
  </mem>
  <remembered-set count="151101" />
</mem-info>
<gc-op id="2794" type="compact" timems="2032.468" contextid="2787" timestamp="2019-01-09T09:16:58.430">
  <compact-info movecount="0" movebytes="0" reason="low free space (less than 4%)" />
</gc-op>
<gc-end id="2795" type="global" contextid="2787" durationms="2289.113" usertimems="4475.874" systemtimems="20.017" timestamp="2019-01-09T09:16:58.431" activeThreads="16">
  <mem-info id="2796" free="12214024" total="912261120" percent="1">
    <mem type="nursery" free="0" total="228065280" percent="0">
      <mem type="allocate" free="0" total="114032640" percent="0" />
      <mem type="survivor" free="0" total="114032640" percent="0" />
    </mem>
    <mem type="tenure" free="12214024" total="684195840" percent="1">
      <mem type="soa" free="5372680" total="677354496" percent="0" />
      <mem type="loa" free="6841344" total="6841344" percent="100" />
    </mem>
    <remembered-set count="151101" />
  </mem-info>
</gc-end>
<cycle-end id="2797" type="global" contextid="2787" timestamp="2019-01-09T09:16:58.431" />
<event id="2798" timestamp="2019-01-09T09:16:58.431">
  <warning details="excessive gc activity detected, will fail on allocate" />
</event>
<allocation-satisfied id="2799" threadId="000000000256D800" bytesRequested="32" />
<af-end id="2800" timestamp="2019-01-09T09:16:58.431" threadId="000000000256E160" success="true" from="tenure-soa"/>
<exclusive-end id="2801" timestamp="2019-01-09T09:16:58.431" durationms="4551.389" />

<exclusive-start id="2802" timestamp="2019-01-09T09:16:58.432" intervalms="4552.331">
  <response-info timems="0.896" idlems="0.896" threads="0" lastid="0000000002544F00" lastname="Scheduler-1834736141" />
</exclusive-start>
<af-start id="2803" threadId="0000000002545860" totalBytesRequested="136" timestamp="2019-01-09T09:16:58.432" intervalms="4552.335" type="nursery" />
<percolate-collect id="2804" from="nursery" to="global" reason="insufficient remaining tenure space" timestamp="2019-01-09T09:16:58.432"/>
<cycle-start id="2805" type="global" contextid="0" timestamp="2019-01-09T09:16:58.432" intervalms="2290.817" />
<gc-start id="2806" type="global" contextid="2805" timestamp="2019-01-09T09:16:58.432">
  <mem-info id="2807" free="12213992" total="912261120" percent="1">
    <mem type="nursery" free="0" total="228065280" percent="0">
      <mem type="allocate" free="0" total="114032640" percent="0" />
      <mem type="survivor" free="0" total="114032640" percent="0" />
    </mem>
    <mem type="tenure" free="12213992" total="684195840" percent="1">
      <mem type="soa" free="5372648" total="677354496" percent="0" />
      <mem type="loa" free="6841344" total="6841344" percent="100" />
    </mem>
    <remembered-set count="151102" />
  </mem-info>
</gc-start>
<allocation-stats totalBytes="32" >
  <allocated-bytes non-tlh="32" tlh="0" />
  <largest-consumer threadName="threshold_check_thread" threadId="000000000256D800" bytes="32" />
</allocation-stats>
<gc-op id="2808" type="mark" timems="211.123" contextid="2805" timestamp="2019-01-09T09:16:58.643">
  <trace-info objectcount="21731258" scancount="16393707" scanbytes="435560840" />
  <finalization candidates="728" enqueued="0" />
  <ownableSynchronizers candidates="499192" cleared="0" />
  <references type="soft" candidates="6323" cleared="0" enqueued="0" dynamicThreshold="0" maxThreshold="32" />
  <references type="weak" candidates="7036" cleared="0" enqueued="0" />
  <references type="phantom" candidates="103" cleared="0" enqueued="0" />
  <stringconstants candidates="19048" cleared="0"  />
</gc-op>
<gc-op id="2809" type="classunload" timems="0.077" contextid="2805" timestamp="2019-01-09T09:16:58.644">
  <classunload-info classloadercandidates="56" classloadersunloaded="0" classesunloaded="0" anonymousclassesunloaded="0" quiescems="0.000" setupms="0.072" scanms="0.004" postms="0.001" />
</gc-op>
<gc-op id="2810" type="sweep" timems="8.766" contextid="2805" timestamp="2019-01-09T09:16:58.652" />
<gc-end id="2811" type="global" contextid="2805" durationms="220.604" usertimems="2292.125" systemtimems="8.761" timestamp="2019-01-09T09:16:58.653" activeThreads="16">
  <mem-info id="2812" free="72127232" total="912261120" percent="7">
    <mem type="nursery" free="10344520" total="228065280" percent="4">
      <mem type="allocate" free="10344520" total="114032640" percent="9" />
      <mem type="survivor" free="0" total="114032640" percent="0" />
    </mem>
    <mem type="tenure" free="61782712" total="684195840" percent="9" micro-fragmented="4822090" macro-fragmented="0">
      <mem type="soa" free="54941368" total="677354496" percent="8" />
      <mem type="loa" free="6841344" total="6841344" percent="100" />
    </mem>
    <remembered-set count="134034" />
  </mem-info>
</gc-end>
<cycle-end id="2813" type="global" contextid="2805" timestamp="2019-01-09T09:16:58.653" />
<allocation-satisfied id="2814" threadId="0000000002544F00" bytesRequested="136" />
<af-end id="2815" timestamp="2019-01-09T09:16:58.653" threadId="0000000002545860" success="true" from="nursery"/>
<exclusive-end id="2816" timestamp="2019-01-09T09:16:58.653" durationms="221.470" />

<exclusive-start id="2817" timestamp="2019-01-09T09:16:58.654" intervalms="222.188">
  <response-info timems="0.596" idlems="0.596" threads="0" lastid="0000000002417200" lastname="kafka-coordinator-heartbeat-thread | rm_mocChange_consumer_grou" />
</exclusive-start>
<event id="2818" timestamp="2019-01-09T09:16:58.654">
  <warning details="exclusive access acquired to satisfy allocation" />
</event>
<exclusive-end id="2819" timestamp="2019-01-09T09:16:58.654" durationms="0.273" />

<exclusive-start id="2820" timestamp="2019-01-09T09:16:58.654" intervalms="0.365">
  <response-info timems="0.029" idlems="0.016" threads="3" lastid="00000000016F6900" lastname="dw-114 - GET /api/res/v1/director.cloudenvs/a016b631-1a4f-40d2-" />
</exclusive-start>
<event id="2821" timestamp="2019-01-09T09:16:58.655">
  <warning details="exclusive access acquired to satisfy allocation" />
</event>
<exclusive-end id="2822" timestamp="2019-01-09T09:16:58.655" durationms="0.210" />

<concurrent-kickoff id="2823" timestamp="2019-01-09T09:16:58.656">
  <kickoff reason="threshold reached" targetBytes="76351484" thresholdFreeBytes="9514007"  remainingFree="9513208" tenureFreeBytes="61782536" nurseryFreeBytes="9513208" />
</concurrent-kickoff>
<exclusive-start id="2824" timestamp="2019-01-09T09:16:58.657" intervalms="2.320">
  <response-info timems="0.431" idlems="0.129" threads="3" lastid="00000000020FF000" lastname="Thread-13" />
</exclusive-start>
<event id="2825" timestamp="2019-01-09T09:16:58.657">
  <warning details="exclusive access acquired to satisfy allocation" />
</event>
<exclusive-end id="2826" timestamp="2019-01-09T09:16:58.657" durationms="0.400" />

<exclusive-start id="2827" timestamp="2019-01-09T09:16:58.657" intervalms="0.524">
  <response-info timems="0.043" idlems="0.032" threads="2" lastid="00000000020FF000" lastname="Thread-13" />
</exclusive-start>
<event id="2828" timestamp="2019-01-09T09:16:58.657">
  <warning details="exclusive access acquired to satisfy allocation" />
</event>
<exclusive-end id="2829" timestamp="2019-01-09T09:16:58.658" durationms="0.216" />

<exclusive-start id="2830" timestamp="2019-01-09T09:16:58.659" intervalms="1.377">
  <response-info timems="1.116" idlems="0.379" threads="2" lastid="0000000002205300" lastname="Thread-18" />
</exclusive-start>
<event id="2831" timestamp="2019-01-09T09:16:58.659">
  <warning details="exclusive access acquired to satisfy allocation" />
</event>
<cycle-start id="2832" type="global" contextid="0" timestamp="2019-01-09T09:16:58.659" intervalms="226.605" />
<exclusive-end id="2833" timestamp="2019-01-09T09:16:58.659" durationms="0.292" />

<exclusive-start id="2834" timestamp="2019-01-09T09:16:58.659" intervalms="0.604">
  <response-info timems="0.234" idlems="0.158" threads="2" lastid="0000000002545A00" lastname="dw-101 - GET /api/res/v1/tree?includeMocs=director.vdc" />
</exclusive-start>
<event id="2835" timestamp="2019-01-09T09:16:58.659">
  <warning details="exclusive access acquired to satisfy allocation" />
</event>
<exclusive-end id="2836" timestamp="2019-01-09T09:16:58.660" durationms="0.195" />

<exclusive-start id="2837" timestamp="2019-01-09T09:16:58.664" intervalms="4.182">
  <response-info timems="0.277" idlems="0.181" threads="9" lastid="0000000002321B00" lastname="register Basic BR to Frame" />
</exclusive-start>
<event id="2838" timestamp="2019-01-09T09:16:58.664">
  <warning details="exclusive access acquired to satisfy allocation" />
</event>
<exclusive-end id="2839" timestamp="2019-01-09T09:16:58.678" durationms="14.201" />

<exclusive-start id="2840" timestamp="2019-01-09T09:16:58.686" intervalms="22.103">
  <response-info timems="1.872" idlems="0.450" threads="7" lastid="0000000002545A00" lastname="dw-101 - GET /api/res/v1/tree?includeMocs=director.vdc" />
</exclusive-start>
<event id="2841" timestamp="2019-01-09T09:16:58.686">
  <warning details="exclusive access acquired to satisfy allocation" />
</event>
<exclusive-end id="2842" timestamp="2019-01-09T09:16:58.686" durationms="0.345" />

<exclusive-start id="2843" timestamp="2019-01-09T09:16:58.686" intervalms="0.451">
  <response-info timems="0.066" idlems="0.027" threads="5" lastid="00000000021F4400" lastname="configclient-consumer-thread" />
</exclusive-start>
<event id="2844" timestamp="2019-01-09T09:16:58.686">
  <warning details="exclusive access acquired to satisfy allocation" />
</event>
<exclusive-end id="2845" timestamp="2019-01-09T09:16:58.686" durationms="0.265" />

<exclusive-start id="2846" timestamp="2019-01-09T09:16:58.688" intervalms="1.897">
  <response-info timems="0.397" idlems="0.326" threads="9" lastid="0000000001D9AD00" lastname="Thread-15" />
</exclusive-start>
<event id="2847" timestamp="2019-01-09T09:16:58.688">
  <warning details="exclusive access acquired to satisfy allocation" />
</event>
<exclusive-end id="2848" timestamp="2019-01-09T09:16:58.688" durationms="0.371" />

<exclusive-start id="2849" timestamp="2019-01-09T09:16:58.694" intervalms="6.369">
  <response-info timems="1.105" idlems="0.701" threads="12" lastid="00000000016F5200" lastname="dw-112 - GET /api/res/v1/director.cloudenvs/375999c0-7442-4a17-" />
</exclusive-start>
<event id="2850" timestamp="2019-01-09T09:16:58.694">
  <warning details="exclusive access acquired to satisfy allocation" />
</event>
<exclusive-end id="2851" timestamp="2019-01-09T09:16:58.695" durationms="0.603" />

<exclusive-start id="2852" timestamp="2019-01-09T09:16:58.715" intervalms="21.035">
  <response-info timems="17.088" idlems="13.278" threads="8" lastid="0000000002545A00" lastname="dw-101 - GET /api/res/v1/tree?includeMocs=director.vdc" />
</exclusive-start>
<event id="2853" timestamp="2019-01-09T09:16:58.716">
  <warning details="exclusive access acquired to satisfy allocation" />
</event>
<exclusive-end id="2854" timestamp="2019-01-09T09:16:58.716" durationms="0.549" />

<exclusive-start id="2855" timestamp="2019-01-09T09:16:58.716" intervalms="1.137">
  <response-info timems="0.085" idlems="0.058" threads="6" lastid="000000000253AC00" lastname="kafka-coordinator-heartbeat-thread | rm_entityChange_consumer_g" />
</exclusive-start>
<event id="2856" timestamp="2019-01-09T09:16:58.717">
  <warning details="exclusive access acquired to satisfy allocation" />
</event>
<exclusive-end id="2857" timestamp="2019-01-09T09:16:58.717" durationms="0.587" />

<exclusive-start id="2858" timestamp="2019-01-09T09:16:58.723" intervalms="6.974">
  <response-info timems="5.188" idlems="0.428" threads="17" lastid="0000000001E30F00" lastname="Thread-22" />
</exclusive-start>
<event id="2859" timestamp="2019-01-09T09:16:58.724">
  <warning details="exclusive access acquired to satisfy allocation" />
</event>
<exclusive-end id="2860" timestamp="2019-01-09T09:16:58.724" durationms="0.445" />

<exclusive-start id="2861" timestamp="2019-01-09T09:16:58.725" intervalms="1.040">
  <response-info timems="0.133" idlems="0.099" threads="8" lastid="0000000001D99600" lastname="Timer-0" />
</exclusive-start>
<event id="2862" timestamp="2019-01-09T09:16:58.725">
  <warning details="exclusive access acquired to satisfy allocation" />
</event>
<exclusive-end id="2863" timestamp="2019-01-09T09:16:58.725" durationms="0.601" />

<exclusive-start id="2864" timestamp="2019-01-09T09:16:58.726" intervalms="1.122">
  <response-info timems="0.044" idlems="0.029" threads="4" lastid="000000000285C300" lastname="dw-110 - GET /api/res/v1/director.cloudenvs/94241672-c98f-4159-" />
</exclusive-start>
<event id="2865" timestamp="2019-01-09T09:16:58.726">
  <warning details="exclusive access acquired to satisfy allocation" />
</event>
<exclusive-end id="2866" timestamp="2019-01-09T09:16:58.726" durationms="0.581" />

<exclusive-start id="2867" timestamp="2019-01-09T09:16:58.727" intervalms="1.111">
  <response-info timems="0.053" idlems="0.037" threads="5" lastid="000000000168FB00" lastname="dw-98 - GET /api/res/v1/tree?includeMocs=director.vdc" />
</exclusive-start>
<event id="2868" timestamp="2019-01-09T09:16:58.727">
  <warning details="exclusive access acquired to satisfy allocation" />
</event>
<exclusive-end id="2869" timestamp="2019-01-09T09:16:58.727" durationms="0.370" />

<exclusive-start id="2870" timestamp="2019-01-09T09:16:58.772" intervalms="45.317">
  <response-info timems="0.636" idlems="0.472" threads="20" lastid="000000000253D200" lastname="Thread-19" />
</exclusive-start>
<af-start id="2871" threadId="0000000001DA0460" totalBytesRequested="262152" timestamp="2019-01-09T09:16:58.772" intervalms="340.170" type="nursery" />
<cycle-start id="2872" type="scavenge" contextid="0" timestamp="2019-01-09T09:16:58.772" intervalms="208876.319" />
<gc-start id="2873" type="scavenge" contextid="2872" timestamp="2019-01-09T09:16:58.773">
  <mem-info id="2874" free="63163656" total="912261120" percent="6">
    <mem type="nursery" free="1387136" total="228065280" percent="0">
      <mem type="allocate" free="1387136" total="114032640" percent="1" />
      <mem type="survivor" free="0" total="114032640" percent="0" />
    </mem>
    <mem type="tenure" free="61776520" total="684195840" percent="9">
      <mem type="soa" free="54935176" total="677354496" percent="8" />
      <mem type="loa" free="6841344" total="6841344" percent="100" />
    </mem>
    <remembered-set count="135060" />
  </mem-info>
</gc-start>
<allocation-stats totalBytes="8858120" >
  <allocated-bytes non-tlh="327544" tlh="8530576" />
  <largest-consumer threadName="Thread-13" threadId="00000000020FF000" bytes="757256" />
</allocation-stats>
<gc-op id="2875" type="scavenge" timems="101.446" contextid="2872" timestamp="2019-01-09T09:16:58.874">
  <scavenger-info tenureage="1" tenuremask="7ffe" tiltratio="50" />
  <memory-copied type="nursery" objects="1448073" bytes="49199328" bytesdiscarded="311368" />
  <memory-copied type="tenure" objects="1601846" bytes="54753280" bytesdiscarded="82472" />
  <copy-failed type="tenure" objects="259109" bytes="7172328" />
  <finalization candidates="15" enqueued="8" />
  <ownableSynchronizers candidates="998431" cleared="998395" />
  <references type="soft" candidates="22" cleared="0" enqueued="0" dynamicThreshold="2" maxThreshold="32" />
  <references type="weak" candidates="129" cleared="9" enqueued="9" />
  <references type="phantom" candidates="13" cleared="0" enqueued="0" />
</gc-op>
<gc-end id="2876" type="scavenge" contextid="2872" durationms="102.122" usertimems="789.715" systemtimems="16.475" timestamp="2019-01-09T09:16:58.875" activeThreads="16">
  <mem-info id="2877" free="71360080" total="912261120" percent="7">
    <mem type="nursery" free="64518736" total="228065280" percent="28">
      <mem type="allocate" free="64518736" total="114032640" percent="56" />
      <mem type="survivor" free="0" total="114032640" percent="0" />
    </mem>
    <mem type="tenure" free="6841344" total="684195840" percent="0" macro-fragmented="6450429">
      <mem type="soa" free="0" total="677354496" percent="0" />
      <mem type="loa" free="6841344" total="6841344" percent="100" />
    </mem>
    <pending-finalizers system="8" default="0" reference="9" classloader="0" />
    <remembered-set count="38103" />
  </mem-info>
</gc-end>
<cycle-end id="2878" type="scavenge" contextid="2872" timestamp="2019-01-09T09:16:58.875" />
<allocation-satisfied id="2879" threadId="0000000001D9FB00" bytesRequested="262152" />
<af-end id="2880" timestamp="2019-01-09T09:16:58.897" threadId="0000000001DA0460" success="true" from="nursery"/>
<exclusive-end id="2881" timestamp="2019-01-09T09:16:58.897" durationms="124.704" />

<exclusive-start id="2882" timestamp="2019-01-09T09:16:59.095" intervalms="322.599">
  <response-info timems="0.248" idlems="0.189" threads="13" lastid="000000000256E400" lastname="dw-94 - GET /api/res/v1/tree?includeMocs=director.vdc" />
</exclusive-start>
<af-start id="2883" threadId="00000000016F5B60" totalBytesRequested="16" timestamp="2019-01-09T09:16:59.095" intervalms="322.600" type="tenure" />
<gc-start id="2884" type="global" contextid="2832" timestamp="2019-01-09T09:16:59.095">
  <mem-info id="2885" free="49606176" total="912261120" percent="5">
    <mem type="nursery" free="42764832" total="228065280" percent="18">
      <mem type="allocate" free="42764832" total="114032640" percent="37" />
      <mem type="survivor" free="0" total="114032640" percent="0" />
    </mem>
    <mem type="tenure" free="6841344" total="684195840" percent="0">
      <mem type="soa" free="0" total="677354496" percent="0" />
      <mem type="loa" free="6841344" total="6841344" percent="100" />
    </mem>
    <remembered-set count="43083" />
  </mem-info>
</gc-start>
<allocation-stats totalBytes="21675632" >
  <allocated-bytes non-tlh="1015856" tlh="20659776" />
  <largest-consumer threadName="register Basic BR to Frame" threadId="0000000002321B00" bytes="1819648" />
</allocation-stats>
<concurrent-halted id="2886" timestamp="2019-01-09T09:16:59.095">
  <halted state="Tracing incomplete" status="clean trace" />
  <traced bytesTarget="76351484" bytesTotal="413463444" bytesByMutator="388502128" bytesByHelper="24961316" percent="541" />
  <cards cleaned="9247" thresholdBytes="3747942" />
</concurrent-halted>
<gc-op id="2887" type="tracing" timems="0.309" contextid="2832" timestamp="2019-01-09T09:16:59.095">
  <trace bytesTraced="13440" workStackOverflowCount="0" />
</gc-op>
<gc-op id="2888" type="rs-scan" timems="44.764" contextid="2832" timestamp="2019-01-09T09:16:59.140">
  <scan objectsFound="36979" bytesTraced="42575468" workStackOverflowCount="0" />
</gc-op>
<gc-op id="2889" type="card-cleaning" timems="6.082" contextid="2832" timestamp="2019-01-09T09:16:59.146">
  <card-cleaning cardsCleaned="564" bytesTraced="12526700" workStackOverflowCount="0" />
</gc-op>
<gc-op id="2890" type="mark" timems="11.488" contextid="2832" timestamp="2019-01-09T09:16:59.158">
  <trace-info objectcount="12888" scancount="12102" scanbytes="400904" />
  <finalization candidates="748" enqueued="19" />
  <ownableSynchronizers candidates="499205" cleared="4" />
  <references type="soft" candidates="6350" cleared="0" enqueued="0" dynamicThreshold="2" maxThreshold="32" />
  <references type="weak" candidates="7106" cleared="1" enqueued="1" />
  <references type="phantom" candidates="107" cleared="3" enqueued="3" />
  <stringconstants candidates="19087" cleared="4"  />
</gc-op>
<gc-op id="2891" type="sweep" timems="7.187" contextid="2832" timestamp="2019-01-09T09:16:59.165" />
<mem-info id="2892" free="60971440" total="912261120" percent="6">
  <mem type="nursery" free="54029384" total="228065280" percent="23">
    <mem type="allocate" free="54029384" total="114032640" percent="47" />
    <mem type="survivor" free="0" total="114032640" percent="0" />
  </mem>
  <mem type="tenure" free="6942056" total="684195840" percent="1" micro-fragmented="5024614" macro-fragmented="6450429">
    <mem type="soa" free="100712" total="677354496" percent="0" />
    <mem type="loa" free="6841344" total="6841344" percent="100" />
  </mem>
  <pending-finalizers system="16" default="3" reference="4" classloader="0" />
  <remembered-set count="43075" />
</mem-info>
<gc-op id="2893" type="compact" timems="1347.376" contextid="2832" timestamp="2019-01-09T09:17:00.513">
  <compact-info movecount="21166596" movebytes="700122008" reason="low free space (less than 4%)" />
</gc-op>
<gc-end id="2894" type="global" contextid="2832" durationms="1418.331" usertimems="14921.991" systemtimems="62.855" timestamp="2019-01-09T09:17:00.513" activeThreads="16">
  <mem-info id="2895" free="72021392" total="912261120" percent="7">
    <mem type="nursery" free="59682736" total="228065280" percent="26">
      <mem type="allocate" free="59682736" total="114032640" percent="52" />
      <mem type="survivor" free="0" total="114032640" percent="0" />
    </mem>
    <mem type="tenure" free="12338656" total="684195840" percent="1">
      <mem type="soa" free="5497312" total="677354496" percent="0" />
      <mem type="loa" free="6841344" total="6841344" percent="100" />
    </mem>
    <pending-finalizers system="16" default="3" reference="4" classloader="0" />
    <remembered-set count="43075" />
  </mem-info>
</gc-end>
<cycle-end id="2896" type="global" contextid="2832" timestamp="2019-01-09T09:17:00.514" />
<allocation-satisfied id="2897" threadId="00000000016F5200" bytesRequested="16" />
<af-end id="2898" timestamp="2019-01-09T09:17:00.514" threadId="00000000016F5B60" success="true" from="tenure-soa"/>
<exclusive-end id="2899" timestamp="2019-01-09T09:17:00.514" durationms="1419.043" />

<concurrent-kickoff id="2900" timestamp="2019-01-09T09:17:00.517">
  <kickoff reason="threshold reached" targetBytes="426003584" thresholdFreeBytes="51947148"  remainingFree="51893664" tenureFreeBytes="12337128" nurseryFreeBytes="51893664" />
</concurrent-kickoff>
<exclusive-start id="2901" timestamp="2019-01-09T09:17:00.518" intervalms="1423.480">
  <response-info timems="0.462" idlems="0.383" threads="15" lastid="0000000002748F00" lastname="dw-104 - GET /api/res/v1/tree?includeMocs=director.vdc" />
</exclusive-start>
<cycle-start id="2902" type="global" contextid="0" timestamp="2019-01-09T09:17:00.518" intervalms="1859.388" />
<exclusive-end id="2903" timestamp="2019-01-09T09:17:00.518" durationms="0.098" />

<exclusive-start id="2904" timestamp="2019-01-09T09:17:00.772" intervalms="254.097">
  <response-info timems="0.076" idlems="0.021" threads="8" lastid="0000000002545A00" lastname="dw-101 - GET /api/res/v1/tree?includeMocs=director.vdc" />
</exclusive-start>
<concurrent-collection-start id="2905" timestamp="2019-01-09T09:17:00.772" intervalms="209601.890" >
  <concurrent-trace-info reason="card cleaning threshold reached" tracedByMutators="334776260" tracedByHelpers="43663952" cardsCleaned="17945" workStackOverflowCount="0" />
</concurrent-collection-start>
<gc-start id="2906" type="global" contextid="2902" timestamp="2019-01-09T09:17:00.773">
  <mem-info id="2907" free="14620224" total="912261120" percent="1">
    <mem type="nursery" free="2295912" total="228065280" percent="1">
      <mem type="allocate" free="2295912" total="114032640" percent="2" />
      <mem type="survivor" free="0" total="114032640" percent="0" />
    </mem>
    <mem type="tenure" free="12324312" total="684195840" percent="1">
      <mem type="soa" free="5482968" total="677354496" percent="0" />
      <mem type="loa" free="6841344" total="6841344" percent="100" />
    </mem>
    <remembered-set count="62426" />
  </mem-info>
</gc-start>
<allocation-stats totalBytes="57323288" >
  <allocated-bytes non-tlh="3087768" tlh="54235520" />
  <largest-consumer threadName="dw-89 - GET /api/res/v1/tree?includeMocs=director.vdc" threadId="000000000258C500" bytes="6959432" />
</allocation-stats>
<gc-op id="2908" type="rs-scan" timems="32.587" contextid="2902" timestamp="2019-01-09T09:17:00.805">
  <scan objectsFound="52600" bytesTraced="37753236" workStackOverflowCount="0" />
</gc-op>
<gc-op id="2909" type="card-cleaning" timems="9.006" contextid="2902" timestamp="2019-01-09T09:17:00.814">
  <card-cleaning cardsCleaned="485" bytesTraced="16522948" workStackOverflowCount="0" />
</gc-op>
<gc-op id="2910" type="mark" timems="32.827" contextid="2902" timestamp="2019-01-09T09:17:00.847">
  <trace-info objectcount="3362" scancount="2320" scanbytes="54372" />
  <finalization candidates="771" enqueued="41" />
  <ownableSynchronizers candidates="499276" cleared="76" />
  <references type="soft" candidates="6552" cleared="203" enqueued="171" dynamicThreshold="0" maxThreshold="32" />
  <references type="weak" candidates="7169" cleared="44" enqueued="39" />
  <references type="phantom" candidates="112" cleared="0" enqueued="0" />
  <stringconstants candidates="19201" cleared="29"  />
</gc-op>
<gc-op id="2911" type="classunload" timems="0.081" contextid="2902" timestamp="2019-01-09T09:17:00.847">
  <classunload-info classloadercandidates="62" classloadersunloaded="0" classesunloaded="0" anonymousclassesunloaded="0" quiescems="0.000" setupms="0.076" scanms="0.005" postms="0.000" />
</gc-op>
<gc-op id="2912" type="sweep" timems="14.991" contextid="2902" timestamp="2019-01-09T09:17:00.862" />
<gc-end id="2913" type="global" contextid="2902" durationms="90.194" usertimems="419.591" systemtimems="12.061" timestamp="2019-01-09T09:17:00.863" activeThreads="16">
  <mem-info id="2914" free="109117192" total="912261120" percent="11">
    <mem type="nursery" free="22691904" total="228065280" percent="9">
      <mem type="allocate" free="22691904" total="114032640" percent="19" />
      <mem type="survivor" free="0" total="114032640" percent="0" />
    </mem>
    <mem type="tenure" free="86425288" total="684195840" percent="12" micro-fragmented="6554769" macro-fragmented="0">
      <mem type="soa" free="79583944" total="677354496" percent="11" />
      <mem type="loa" free="6841344" total="6841344" percent="100" />
    </mem>
    <pending-finalizers system="40" default="1" reference="210" classloader="0" />
    <remembered-set count="54147" />
  </mem-info>
</gc-end>
<cycle-end id="2915" type="global" contextid="2902" timestamp="2019-01-09T09:17:00.863" />
<concurrent-collection-end id="2916" timestamp="2019-01-09T09:17:00.863" />
<exclusive-end id="2917" timestamp="2019-01-09T09:17:00.863" durationms="90.800" />

<exclusive-start id="2918" timestamp="2019-01-09T09:17:00.878" intervalms="105.962">
  <response-info timems="0.073" idlems="0.038" threads="8" lastid="0000000001817000" lastname="dw-99 - GET /api/res/v1/tree?includeMocs=director.vdc" />
</exclusive-start>
<af-start id="2919" threadId="0000000002546360" totalBytesRequested="2208" timestamp="2019-01-09T09:17:00.878" intervalms="1783.526" type="nursery" />
<cycle-start id="2920" type="scavenge" contextid="0" timestamp="2019-01-09T09:17:00.878" intervalms="2106.071" />
<gc-start id="2921" type="scavenge" contextid="2920" timestamp="2019-01-09T09:17:00.879">
  <mem-info id="2922" free="86425288" total="912261120" percent="9">
    <mem type="nursery" free="0" total="228065280" percent="0">
      <mem type="allocate" free="0" total="114032640" percent="0" />
      <mem type="survivor" free="0" total="114032640" percent="0" />
    </mem>
    <mem type="tenure" free="86425288" total="684195840" percent="12">
      <mem type="soa" free="79583944" total="677354496" percent="11" />
      <mem type="loa" free="6841344" total="6841344" percent="100" />
    </mem>
    <remembered-set count="97572" />
  </mem-info>
</gc-start>
<allocation-stats totalBytes="22670424" >
  <allocated-bytes non-tlh="2099368" tlh="20571056" />
  <largest-consumer threadName="dw-89 - GET /api/res/v1/tree?includeMocs=director.vdc" threadId="000000000258C500" bytes="3890216" />
</allocation-stats>
<gc-op id="2923" type="scavenge" timems="71.534" contextid="2920" timestamp="2019-01-09T09:17:00.950">
  <scavenger-info tenureage="1" tenuremask="7ffe" tiltratio="50" />
  <memory-copied type="nursery" objects="1164027" bytes="42079368" bytesdiscarded="478480" />
  <memory-copied type="tenure" objects="1243664" bytes="41602896" bytesdiscarded="60920" />
  <finalization candidates="8" enqueued="0" />
  <ownableSynchronizers candidates="998359" cleared="998319" />
  <references type="soft" candidates="36" cleared="0" enqueued="0" dynamicThreshold="4" maxThreshold="32" />
  <references type="weak" candidates="38" cleared="0" enqueued="0" />
  <references type="phantom" candidates="9" cleared="0" enqueued="0" />
</gc-op>
<gc-end id="2924" type="scavenge" contextid="2920" durationms="72.284" usertimems="608.176" systemtimems="11.036" timestamp="2019-01-09T09:17:00.951" activeThreads="16">
  <mem-info id="2925" free="126225904" total="912261120" percent="13">
    <mem type="nursery" free="82157032" total="228065280" percent="36">
      <mem type="allocate" free="82157032" total="124715008" percent="65" />
      <mem type="survivor" free="0" total="103350272" percent="0" />
    </mem>
    <mem type="tenure" free="44068872" total="684195840" percent="6" macro-fragmented="0">
      <mem type="soa" free="39324688" total="677354496" percent="5" />
      <mem type="loa" free="4744184" total="6841344" percent="69" />
    </mem>
    <remembered-set count="35791" />
  </mem-info>
</gc-end>
<cycle-end id="2926" type="scavenge" contextid="2920" timestamp="2019-01-09T09:17:00.951" />
<allocation-satisfied id="2927" threadId="0000000002545A00" bytesRequested="2208" />
<af-end id="2928" timestamp="2019-01-09T09:17:00.951" threadId="0000000002546360" success="true" from="nursery"/>
<exclusive-end id="2929" timestamp="2019-01-09T09:17:00.951" durationms="72.930" />

<concurrent-kickoff id="2930" timestamp="2019-01-09T09:17:00.984">
  <kickoff reason="threshold reached" targetBytes="416512446" thresholdFreeBytes="51767232"  remainingFree="51763696" tenureFreeBytes="44068872" nurseryFreeBytes="51763696" />
</concurrent-kickoff>
<exclusive-start id="2931" timestamp="2019-01-09T09:17:00.986" intervalms="107.856">
  <response-info timems="0.887" idlems="0.671" threads="4" lastid="0000000002581900" lastname="dw-93-acceptor-0@cb7d5a5d- RM APP @85622006{HTTP/1.1,[http/1.1]" />
</exclusive-start>
<cycle-start id="2932" type="global" contextid="0" timestamp="2019-01-09T09:17:00.986" intervalms="467.900" />
<exclusive-end id="2933" timestamp="2019-01-09T09:17:00.986" durationms="0.093" />

<exclusive-start id="2934" timestamp="2019-01-09T09:17:01.250" intervalms="263.788">
  <response-info timems="0.063" idlems="0.054" threads="8" lastid="000000000285F300" lastname="dw-108 - GET /api/res/v1/tree?includeMocs=director.vdc" />
</exclusive-start>
<concurrent-collection-start id="2935" timestamp="2019-01-09T09:17:01.250" intervalms="477.596" >
  <concurrent-trace-info reason="card cleaning threshold reached" tracedByMutators="311274480" tracedByHelpers="44619876" cardsCleaned="26546" workStackOverflowCount="0" />
</concurrent-collection-start>
<gc-start id="2936" type="global" contextid="2932" timestamp="2019-01-09T09:17:01.250">
  <mem-info id="2937" free="47552616" total="912261120" percent="5">
    <mem type="nursery" free="3484144" total="228065280" percent="1">
      <mem type="allocate" free="3484144" total="124715008" percent="2" />
      <mem type="survivor" free="0" total="103350272" percent="0" />
    </mem>
    <mem type="tenure" free="44068472" total="684195840" percent="6">
      <mem type="soa" free="39324288" total="677354496" percent="5" />
      <mem type="loa" free="4744184" total="6841344" percent="69" />
    </mem>
    <remembered-set count="97502" />
  </mem-info>
</gc-start>
<allocation-stats totalBytes="78661104" >
  <allocated-bytes non-tlh="3540360" tlh="75120744" />
  <largest-consumer threadName="dw-89 - GET /api/res/v1/tree?includeMocs=director.vdc" threadId="000000000258C500" bytes="12810136" />
</allocation-stats>
<gc-op id="2938" type="rs-scan" timems="60.977" contextid="2932" timestamp="2019-01-09T09:17:01.311">
  <scan objectsFound="65261" bytesTraced="86378136" workStackOverflowCount="0" />
</gc-op>
<gc-op id="2939" type="card-cleaning" timems="8.152" contextid="2932" timestamp="2019-01-09T09:17:01.319">
  <card-cleaning cardsCleaned="516" bytesTraced="13403988" workStackOverflowCount="0" />
</gc-op>
<gc-op id="2940" type="mark" timems="11.401" contextid="2932" timestamp="2019-01-09T09:17:01.331">
  <trace-info objectcount="2969" scancount="1998" scanbytes="43272" />
  <finalization candidates="730" enqueued="5" />
  <ownableSynchronizers candidates="499199" cleared="3" />
  <references type="soft" candidates="6364" cleared="0" enqueued="0" dynamicThreshold="4" maxThreshold="32" />
  <references type="weak" candidates="7113" cleared="0" enqueued="0" />
  <references type="phantom" candidates="112" cleared="0" enqueued="0" />
  <stringconstants candidates="19172" cleared="55"  />
</gc-op>
<gc-op id="2941" type="sweep" timems="8.622" contextid="2932" timestamp="2019-01-09T09:17:01.340" />
<gc-end id="2942" type="global" contextid="2932" durationms="89.833" usertimems="692.942" systemtimems="11.523" timestamp="2019-01-09T09:17:01.340" activeThreads="16">
  <mem-info id="2943" free="52631000" total="912261120" percent="5">
    <mem type="nursery" free="4698688" total="228065280" percent="2">
      <mem type="allocate" free="4698688" total="124715008" percent="3" />
      <mem type="survivor" free="0" total="103350272" percent="0" />
    </mem>
    <mem type="tenure" free="47932312" total="684195840" percent="7" micro-fragmented="6566450" macro-fragmented="0">
      <mem type="soa" free="43188128" total="677354496" percent="6" />
      <mem type="loa" free="4744184" total="6841344" percent="69" />
    </mem>
    <pending-finalizers system="5" default="0" reference="0" classloader="0" />
    <remembered-set count="97369" />
  </mem-info>
</gc-end>
<cycle-end id="2944" type="global" contextid="2932" timestamp="2019-01-09T09:17:01.340" />
<concurrent-collection-end id="2945" timestamp="2019-01-09T09:17:01.340" />
<exclusive-end id="2946" timestamp="2019-01-09T09:17:01.340" durationms="90.437" />

<concurrent-kickoff id="2947" timestamp="2019-01-09T09:17:01.351">
  <kickoff reason="threshold reached" targetBytes="404218369" thresholdFreeBytes="50986940"  remainingFree="4697216" tenureFreeBytes="47932312" nurseryFreeBytes="4697216" />
</concurrent-kickoff>
<exclusive-start id="2948" timestamp="2019-01-09T09:17:01.366" intervalms="116.000">
  <response-info timems="13.032" idlems="4.355" threads="2" lastid="0000000002581900" lastname="dw-93-acceptor-0@cb7d5a5d- RM APP @85622006{HTTP/1.1,[http/1.1]" />
</exclusive-start>
<cycle-start id="2949" type="global" contextid="0" timestamp="2019-01-09T09:17:01.366" intervalms="379.785" />
<exclusive-end id="2950" timestamp="2019-01-09T09:17:01.366" durationms="0.108" />

<exclusive-start id="2951" timestamp="2019-01-09T09:17:01.432" intervalms="65.805">
  <response-info timems="0.323" idlems="0.221" threads="9" lastid="000000000256E400" lastname="dw-94 - GET /api/res/v1/tree?includeMocs=director.vdc" />
</exclusive-start>
<af-start id="2952" threadId="0000000001690460" totalBytesRequested="48" timestamp="2019-01-09T09:17:01.432" intervalms="553.463" type="nursery" />
<cycle-start id="2953" type="scavenge" contextid="0" timestamp="2019-01-09T09:17:01.432" intervalms="553.459" />
<gc-start id="2954" type="scavenge" contextid="2953" timestamp="2019-01-09T09:17:01.432">
  <mem-info id="2955" free="47932088" total="912261120" percent="5">
    <mem type="nursery" free="0" total="228065280" percent="0">
      <mem type="allocate" free="0" total="124715008" percent="0" />
      <mem type="survivor" free="0" total="103350272" percent="0" />
    </mem>
    <mem type="tenure" free="47932088" total="684195840" percent="7">
      <mem type="soa" free="43187904" total="677354496" percent="6" />
      <mem type="loa" free="4744184" total="6841344" percent="69" />
    </mem>
    <remembered-set count="98650" />
  </mem-info>
</gc-start>
<allocation-stats totalBytes="4696272" >
  <allocated-bytes non-tlh="224" tlh="4696048" />
  <largest-consumer threadName="dw-98 - GET /api/res/v1/tree?includeMocs=director.vdc" threadId="000000000168FB00" bytes="845480" />
</allocation-stats>
<gc-op id="2956" type="scavenge" timems="79.455" contextid="2953" timestamp="2019-01-09T09:17:01.512">
  <scavenger-info tenureage="1" tenuremask="7ffe" tiltratio="54" />
  <memory-copied type="nursery" objects="1035452" bytes="37852016" bytesdiscarded="313912" />
  <memory-copied type="tenure" objects="1098454" bytes="39827408" bytesdiscarded="50744" />
  <finalization candidates="13" enqueued="4" />
  <ownableSynchronizers candidates="998397" cleared="998378" />
  <references type="soft" candidates="20" cleared="0" enqueued="0" dynamicThreshold="2" maxThreshold="32" />
  <references type="weak" candidates="8" cleared="4" enqueued="4" />
  <references type="phantom" candidates="1" cleared="0" enqueued="0" />
</gc-op>
<gc-end id="2957" type="scavenge" contextid="2953" durationms="79.903" usertimems="569.942" systemtimems="8.102" timestamp="2019-01-09T09:17:01.512" activeThreads="16">
  <mem-info id="2958" free="104757184" total="912261120" percent="11">
    <mem type="nursery" free="97100200" total="228065280" percent="42">
      <mem type="allocate" free="97100200" total="135266304" percent="71" />
      <mem type="survivor" free="0" total="92798976" percent="0" />
    </mem>
    <mem type="tenure" free="7656984" total="684195840" percent="1" macro-fragmented="0">
      <mem type="soa" free="7107120" total="677354496" percent="1" />
      <mem type="loa" free="549864" total="6841344" percent="8" />
    </mem>
    <pending-finalizers system="4" default="0" reference="4" classloader="0" />
    <remembered-set count="35620" />
  </mem-info>
</gc-end>
<cycle-end id="2959" type="scavenge" contextid="2953" timestamp="2019-01-09T09:17:01.512" />
<allocation-satisfied id="2960" threadId="000000000168FB00" bytesRequested="48" />
<af-end id="2961" timestamp="2019-01-09T09:17:01.512" threadId="0000000001690460" success="true" from="nursery"/>
<exclusive-end id="2962" timestamp="2019-01-09T09:17:01.512" durationms="80.638" />

<exclusive-start id="2963" timestamp="2019-01-09T09:17:01.757" intervalms="325.682">
  <response-info timems="0.059" idlems="0.052" threads="5" lastid="0000000002866F00" lastname="dw-109 - POST /api/res/v1/director.tenants/batch" />
</exclusive-start>
<concurrent-collection-start id="2964" timestamp="2019-01-09T09:17:01.758" intervalms="507.497" >
  <concurrent-trace-info reason="card cleaning threshold reached" tracedByMutators="250454504" tracedByHelpers="52989300" cardsCleaned="25954" workStackOverflowCount="0" />
</concurrent-collection-start>
<gc-start id="2965" type="global" contextid="2949" timestamp="2019-01-09T09:17:01.758">
  <mem-info id="2966" free="17116352" total="912261120" percent="1">
    <mem type="nursery" free="9461688" total="228065280" percent="4">
      <mem type="allocate" free="9461688" total="135266304" percent="6" />
      <mem type="survivor" free="0" total="92798976" percent="0" />
    </mem>
    <mem type="tenure" free="7654664" total="684195840" percent="1">
      <mem type="soa" free="7104800" total="677354496" percent="1" />
      <mem type="loa" free="549864" total="6841344" percent="8" />
    </mem>
    <remembered-set count="66317" />
  </mem-info>
</gc-start>
<allocation-stats totalBytes="87618688" >
  <allocated-bytes non-tlh="6653936" tlh="80964752" />
  <largest-consumer threadName="dw-98 - GET /api/res/v1/tree?includeMocs=director.vdc" threadId="000000000168FB00" bytes="14120544" />
</allocation-stats>
<gc-op id="2967" type="rs-scan" timems="49.603" contextid="2949" timestamp="2019-01-09T09:17:01.807">
  <scan objectsFound="23846" bytesTraced="57892268" workStackOverflowCount="0" />
</gc-op>
<gc-op id="2968" type="card-cleaning" timems="4.826" contextid="2949" timestamp="2019-01-09T09:17:01.812">
  <card-cleaning cardsCleaned="241" bytesTraced="8264712" workStackOverflowCount="0" />
</gc-op>
<gc-op id="2969" type="mark" timems="17.940" contextid="2949" timestamp="2019-01-09T09:17:01.830">
  <trace-info objectcount="3181" scancount="2195" scanbytes="49712" />
  <finalization candidates="735" enqueued="10" />
  <ownableSynchronizers candidates="499232" cleared="32" />
  <references type="soft" candidates="6459" cleared="0" enqueued="0" dynamicThreshold="2" maxThreshold="32" />
  <references type="weak" candidates="7128" cleared="8" enqueued="8" />
  <references type="phantom" candidates="117" cleared="0" enqueued="0" />
  <stringconstants candidates="19150" cleared="7"  />
</gc-op>
<gc-op id="2970" type="classunload" timems="2.333" contextid="2949" timestamp="2019-01-09T09:17:01.833">
  <classunload-info classloadercandidates="71" classloadersunloaded="4" classesunloaded="4" anonymousclassesunloaded="0" quiescems="0.000" setupms="2.034" scanms="0.289" postms="0.010" />
</gc-op>
<gc-op id="2971" type="sweep" timems="8.988" contextid="2949" timestamp="2019-01-09T09:17:01.842" />
<gc-end id="2972" type="global" contextid="2949" durationms="84.343" usertimems="520.301" systemtimems="10.715" timestamp="2019-01-09T09:17:01.842" activeThreads="16">
  <mem-info id="2973" free="197643432" total="912261120" percent="21">
    <mem type="nursery" free="49109112" total="228065280" percent="21">
      <mem type="allocate" free="49109112" total="135266304" percent="36" />
      <mem type="survivor" free="0" total="92798976" percent="0" />
    </mem>
    <mem type="tenure" free="148534320" total="684195840" percent="21" micro-fragmented="16866556" macro-fragmented="79515039">
      <mem type="soa" free="147984456" total="677354496" percent="21" />
      <mem type="loa" free="549864" total="6841344" percent="8" />
    </mem>
    <pending-finalizers system="9" default="1" reference="8" classloader="0" />
    <remembered-set count="43458" />
  </mem-info>
</gc-end>
<cycle-end id="2974" type="global" contextid="2949" timestamp="2019-01-09T09:17:01.842" />
<concurrent-collection-end id="2975" timestamp="2019-01-09T09:17:01.842" />
<exclusive-end id="2976" timestamp="2019-01-09T09:17:01.842" durationms="84.989" />

<exclusive-start id="2977" timestamp="2019-01-09T09:17:01.882" intervalms="124.992">
  <response-info timems="0.062" idlems="0.054" threads="5" lastid="0000000002866F00" lastname="dw-109 - POST /api/res/v1/director.tenants/batch" />
</exclusive-start>
<af-start id="2978" threadId="000000000258CE60" totalBytesRequested="48" timestamp="2019-01-09T09:17:01.882" intervalms="450.673" type="nursery" />
<cycle-start id="2979" type="scavenge" contextid="0" timestamp="2019-01-09T09:17:01.883" intervalms="450.671" />
<gc-start id="2980" type="scavenge" contextid="2979" timestamp="2019-01-09T09:17:01.883">
  <mem-info id="2981" free="148534320" total="912261120" percent="16">
    <mem type="nursery" free="0" total="228065280" percent="0">
      <mem type="allocate" free="0" total="135266304" percent="0" />
      <mem type="survivor" free="0" total="92798976" percent="0" />
    </mem>
    <mem type="tenure" free="148534320" total="684195840" percent="21">
      <mem type="soa" free="147984456" total="677354496" percent="21" />
      <mem type="loa" free="549864" total="6841344" percent="8" />
    </mem>
    <remembered-set count="85681" />
  </mem-info>
</gc-start>
<allocation-stats totalBytes="49069504" >
  <allocated-bytes non-tlh="2384672" tlh="46684832" />
  <largest-consumer threadName="dw-94 - GET /api/res/v1/tree?includeMocs=director.vdc" threadId="000000000256E400" bytes="13544120" />
</allocation-stats>
<gc-op id="2982" type="scavenge" timems="64.066" contextid="2979" timestamp="2019-01-09T09:17:01.947">
  <scavenger-info tenureage="1" tenuremask="7ffe" tiltratio="59" />
  <memory-copied type="nursery" objects="1322959" bytes="51726512" bytesdiscarded="391368" />
  <memory-copied type="tenure" objects="702143" bytes="22608568" bytesdiscarded="64896" />
  <copy-failed type="tenure" objects="2" bytes="3537752" />
  <finalization candidates="1" enqueued="0" />
  <ownableSynchronizers candidates="998398" cleared="998393" />
  <references type="soft" candidates="94" cleared="0" enqueued="0" dynamicThreshold="6" maxThreshold="32" />
  <references type="weak" candidates="5" cleared="0" enqueued="0" />
  <references type="phantom" candidates="4" cleared="0" enqueued="0" />
</gc-op>
<gc-end id="2983" type="scavenge" contextid="2979" durationms="64.467" usertimems="568.206" systemtimems="15.938" timestamp="2019-01-09T09:17:01.947" activeThreads="16">
  <mem-info id="2984" free="211685872" total="912261120" percent="23">
    <mem type="nursery" free="85966336" total="228065280" percent="37">
      <mem type="allocate" free="85966336" total="138084352" percent="62" />
      <mem type="survivor" free="0" total="89980928" percent="0" />
    </mem>
    <mem type="tenure" free="125719536" total="684195840" percent="18" macro-fragmented="45070804">
      <mem type="soa" free="125169672" total="677354496" percent="18" />
      <mem type="loa" free="549864" total="6841344" percent="8" />
    </mem>
    <remembered-set count="41583" />
  </mem-info>
</gc-end>
<cycle-end id="2985" type="scavenge" contextid="2979" timestamp="2019-01-09T09:17:01.947" />
<allocation-satisfied id="2986" threadId="000000000258C500" bytesRequested="48" />
<af-end id="2987" timestamp="2019-01-09T09:17:01.947" threadId="000000000258CE60" success="true" from="nursery"/>
<exclusive-end id="2988" timestamp="2019-01-09T09:17:01.947" durationms="65.175" />

<concurrent-kickoff id="2989" timestamp="2019-01-09T09:17:02.011">
  <kickoff reason="next scavenge will percolate" targetBytes="383945067" thresholdFreeBytes="49106128"  remainingFree="49027416" tenureFreeBytes="125719224" nurseryFreeBytes="49027416" />
</concurrent-kickoff>
<exclusive-start id="2990" timestamp="2019-01-09T09:17:02.014" intervalms="131.335">
  <response-info timems="0.063" idlems="0.044" threads="2" lastid="0000000002581900" lastname="dw-93-acceptor-0@cb7d5a5d- RM APP @85622006{HTTP/1.1,[http/1.1]" />
</exclusive-start>
<cycle-start id="2991" type="global" contextid="0" timestamp="2019-01-09T09:17:02.014" intervalms="647.826" />
<exclusive-end id="2992" timestamp="2019-01-09T09:17:02.014" durationms="0.075" />

<exclusive-start id="2993" timestamp="2019-01-09T09:17:02.368" intervalms="354.559">
  <response-info timems="0.062" idlems="0.034" threads="1" lastid="0000000002581900" lastname="dw-93-acceptor-0@cb7d5a5d- RM APP @85622006{HTTP/1.1,[http/1.1]" />
</exclusive-start>
<concurrent-collection-start id="2994" timestamp="2019-01-09T09:17:02.368" intervalms="610.903" >
  <concurrent-trace-info reason="card cleaning threshold reached" tracedByMutators="88374908" tracedByHelpers="49291756" cardsCleaned="3455" workStackOverflowCount="0" />
</concurrent-collection-start>
<gc-start id="2995" type="global" contextid="2991" timestamp="2019-01-09T09:17:02.369">
  <mem-info id="2996" free="144838240" total="912261120" percent="15">
    <mem type="nursery" free="19119016" total="228065280" percent="8">
      <mem type="allocate" free="19119016" total="138084352" percent="13" />
      <mem type="survivor" free="0" total="89980928" percent="0" />
    </mem>
    <mem type="tenure" free="125719224" total="684195840" percent="18">
      <mem type="soa" free="125169360" total="677354496" percent="18" />
      <mem type="loa" free="549864" total="6841344" percent="8" />
    </mem>
    <remembered-set count="56717" />
  </mem-info>
</gc-start>
<allocation-stats totalBytes="66797824" >
  <allocated-bytes non-tlh="9270160" tlh="57527664" />
  <largest-consumer threadName="dw-108 - GET /api/res/v1/tree?includeMocs=director.vdc" threadId="000000000285F300" bytes="35253200" />
</allocation-stats>
<gc-op id="2997" type="rs-scan" timems="1.086" contextid="2991" timestamp="2019-01-09T09:17:02.370">
  <scan objectsFound="828" bytesTraced="71112" workStackOverflowCount="0" />
</gc-op>
<gc-op id="2998" type="card-cleaning" timems="14.829" contextid="2991" timestamp="2019-01-09T09:17:02.385">
  <card-cleaning cardsCleaned="4" bytesTraced="19003492" workStackOverflowCount="0" />
</gc-op>
<gc-op id="2999" type="mark" timems="13.998" contextid="2991" timestamp="2019-01-09T09:17:02.399">
  <trace-info objectcount="3093" scancount="2132" scanbytes="47260" />
  <finalization candidates="730" enqueued="5" />
  <ownableSynchronizers candidates="499245" cleared="55" />
  <references type="soft" candidates="6457" cleared="0" enqueued="0" dynamicThreshold="6" maxThreshold="32" />
  <references type="weak" candidates="7102" cleared="0" enqueued="0" />
  <references type="phantom" candidates="117" cleared="0" enqueued="0" />
  <stringconstants candidates="19144" cleared="0"  />
</gc-op>
<gc-op id="3000" type="sweep" timems="7.453" contextid="2991" timestamp="2019-01-09T09:17:02.406" />
<heap-resize id="3001" type="contract" space="tenure" amount="6815744" count="1" timems="1.492" reason="excess free space following gc" timestamp="2019-01-09T09:17:02.408" />
<gc-end id="3002" type="global" contextid="2991" durationms="39.489" usertimems="224.051" systemtimems="5.684" timestamp="2019-01-09T09:17:02.408" activeThreads="16">
  <mem-info id="3003" free="567414688" total="905445376" percent="62">
    <mem type="nursery" free="110286384" total="228065280" percent="48">
      <mem type="allocate" free="110286384" total="138084352" percent="79" />
      <mem type="survivor" free="0" total="89980928" percent="0" />
    </mem>
    <mem type="tenure" free="457128304" total="677380096" percent="67" micro-fragmented="330391" macro-fragmented="69624317">
      <mem type="soa" free="451831896" total="670606336" percent="67" />
      <mem type="loa" free="5296408" total="6773760" percent="78" />
    </mem>
    <pending-finalizers system="4" default="1" reference="0" classloader="0" />
    <remembered-set count="986" />
  </mem-info>
</gc-end>
<cycle-end id="3004" type="global" contextid="2991" timestamp="2019-01-09T09:17:02.409" />
<concurrent-collection-end id="3005" timestamp="2019-01-09T09:17:02.409" />
<exclusive-end id="3006" timestamp="2019-01-09T09:17:02.409" durationms="40.479" />

<exclusive-start id="3007" timestamp="2019-01-09T09:17:02.938" intervalms="569.910">
  <response-info timems="0.065" idlems="0.036" threads="1" lastid="0000000002581900" lastname="dw-93-acceptor-0@cb7d5a5d- RM APP @85622006{HTTP/1.1,[http/1.1]" />
</exclusive-start>
<af-start id="3008" threadId="0000000002867860" totalBytesRequested="21216" timestamp="2019-01-09T09:17:02.938" intervalms="1055.846" type="nursery" />
<cycle-start id="3009" type="scavenge" contextid="0" timestamp="2019-01-09T09:17:02.938" intervalms="1055.904" />
<gc-start id="3010" type="scavenge" contextid="3009" timestamp="2019-01-09T09:17:02.939">
  <mem-info id="3011" free="457128304" total="905445376" percent="50">
    <mem type="nursery" free="0" total="228065280" percent="0">
      <mem type="allocate" free="0" total="138084352" percent="0" />
      <mem type="survivor" free="0" total="89980928" percent="0" />
    </mem>
    <mem type="tenure" free="457128304" total="677380096" percent="67">
      <mem type="soa" free="451831896" total="670606336" percent="67" />
      <mem type="loa" free="5296408" total="6773760" percent="78" />
    </mem>
    <remembered-set count="1013" />
  </mem-info>
</gc-start>
<allocation-stats totalBytes="106987304" >
  <allocated-bytes non-tlh="5193448" tlh="101793856" />
  <largest-consumer threadName="dw-109 - POST /api/res/v1/director.tenants/batch" threadId="0000000002866F00" bytes="106765096" />
</allocation-stats>
<gc-op id="3012" type="scavenge" timems="36.204" contextid="3009" timestamp="2019-01-09T09:17:02.975">
  <scavenger-info tenureage="1" tenuremask="7ffe" tiltratio="60" />
  <memory-copied type="nursery" objects="680746" bytes="27224696" bytesdiscarded="275576" />
  <memory-copied type="tenure" objects="135444" bytes="8059248" bytesdiscarded="5776" />
  <ownableSynchronizers candidates="1008996" cleared="998384" />
  <references type="soft" candidates="1" cleared="0" enqueued="0" dynamicThreshold="21" maxThreshold="32" />
  <references type="weak" candidates="3" cleared="0" enqueued="0" />
  <references type="phantom" candidates="3" cleared="0" enqueued="0" />
</gc-op>
<gc-end id="3013" type="scavenge" contextid="3009" durationms="36.573" usertimems="209.840" systemtimems="3.491" timestamp="2019-01-09T09:17:02.975" activeThreads="16">
  <mem-info id="3014" free="565016616" total="905445376" percent="62">
    <mem type="nursery" free="116154496" total="228065280" percent="50">
      <mem type="allocate" free="116154496" total="143654912" percent="80" />
      <mem type="survivor" free="0" total="84410368" percent="0" />
    </mem>
    <mem type="tenure" free="448862120" total="677380096" percent="66" macro-fragmented="66853837">
      <mem type="soa" free="443565712" total="670606336" percent="66" />
      <mem type="loa" free="5296408" total="6773760" percent="78" />
    </mem>
    <remembered-set count="755" />
  </mem-info>
</gc-end>
<cycle-end id="3015" type="scavenge" contextid="3009" timestamp="2019-01-09T09:17:02.975" />
<allocation-satisfied id="3016" threadId="0000000002866F00" bytesRequested="21216" />
<af-end id="3017" timestamp="2019-01-09T09:17:02.975" threadId="0000000002867860" success="true" from="nursery"/>
<exclusive-end id="3018" timestamp="2019-01-09T09:17:02.975" durationms="37.363" />

<exclusive-start id="3019" timestamp="2019-01-09T09:17:03.016" intervalms="77.880">
  <response-info timems="0.066" idlems="0.037" threads="1" lastid="0000000002581900" lastname="dw-93-acceptor-0@cb7d5a5d- RM APP @85622006{HTTP/1.1,[http/1.1]" />
</exclusive-start>
<af-start id="3020" threadId="0000000002867860" totalBytesRequested="35304" timestamp="2019-01-09T09:17:03.017" intervalms="78.185" type="nursery" />
<cycle-start id="3021" type="scavenge" contextid="0" timestamp="2019-01-09T09:17:03.017" intervalms="78.138" />
<gc-start id="3022" type="scavenge" contextid="3021" timestamp="2019-01-09T09:17:03.017">
  <mem-info id="3023" free="448862120" total="905445376" percent="49">
    <mem type="nursery" free="0" total="228065280" percent="0">
      <mem type="allocate" free="0" total="143654912" percent="0" />
      <mem type="survivor" free="0" total="84410368" percent="0" />
    </mem>
    <mem type="tenure" free="448862120" total="677380096" percent="66">
      <mem type="soa" free="443565712" total="670606336" percent="66" />
      <mem type="loa" free="5296408" total="6773760" percent="78" />
    </mem>
    <remembered-set count="768" />
  </mem-info>
</gc-start>
<allocation-stats totalBytes="101786048" >
  <allocated-bytes non-tlh="86760" tlh="101699288" />
  <largest-consumer threadName="dw-109 - POST /api/res/v1/director.tenants/batch" threadId="0000000002866F00" bytes="101732832" />
</allocation-stats>
<gc-op id="3024" type="scavenge" timems="33.282" contextid="3021" timestamp="2019-01-09T09:17:03.050">
  <scavenger-info tenureage="1" tenuremask="7ffe" tiltratio="62" />
  <memory-copied type="nursery" objects="70350" bytes="2061408" bytesdiscarded="714144" />
  <memory-copied type="tenure" objects="677292" bytes="27021824" bytesdiscarded="10128" />
  <ownableSynchronizers candidates="17659" cleared="3" />
</gc-op>
<gc-end id="3025" type="scavenge" contextid="3021" durationms="33.660" usertimems="195.400" systemtimems="1.993" timestamp="2019-01-09T09:17:03.050" activeThreads="16">
  <mem-info id="3026" free="572858856" total="905445376" percent="63">
    <mem type="nursery" free="151234048" total="228065280" percent="66">
      <mem type="allocate" free="151234048" total="154009600" percent="98" />
      <mem type="survivor" free="0" total="74055680" percent="0" />
    </mem>
    <mem type="tenure" free="421624808" total="677380096" percent="62" macro-fragmented="68407409">
      <mem type="soa" free="416328400" total="670606336" percent="62" />
      <mem type="loa" free="5296408" total="6773760" percent="78" />
    </mem>
    <remembered-set count="2443" />
  </mem-info>
</gc-end>
<cycle-end id="3027" type="scavenge" contextid="3021" timestamp="2019-01-09T09:17:03.051" />
<allocation-satisfied id="3028" threadId="0000000002866F00" bytesRequested="35304" />
<af-end id="3029" timestamp="2019-01-09T09:17:03.051" threadId="0000000002867860" success="true" from="nursery"/>
<exclusive-end id="3030" timestamp="2019-01-09T09:17:03.051" durationms="34.690" />

<exclusive-start id="3031" timestamp="2019-01-09T09:17:03.089" intervalms="72.983">
  <response-info timems="0.065" idlems="0.036" threads="1" lastid="0000000002581900" lastname="dw-93-acceptor-0@cb7d5a5d- RM APP @85622006{HTTP/1.1,[http/1.1]" />
</exclusive-start>
<af-start id="3032" threadId="0000000002867860" totalBytesRequested="47216" timestamp="2019-01-09T09:17:03.089" intervalms="72.635" type="nursery" />
<cycle-start id="3033" type="scavenge" contextid="0" timestamp="2019-01-09T09:17:03.089" intervalms="72.643" />
<gc-start id="3034" type="scavenge" contextid="3033" timestamp="2019-01-09T09:17:03.089">
  <mem-info id="3035" free="421624808" total="905445376" percent="46">
    <mem type="nursery" free="0" total="228065280" percent="0">
      <mem type="allocate" free="0" total="154009600" percent="0" />
      <mem type="survivor" free="0" total="74055680" percent="0" />
    </mem>
    <mem type="tenure" free="421624808" total="677380096" percent="62">
      <mem type="soa" free="416328400" total="670606336" percent="62" />
      <mem type="loa" free="5296408" total="6773760" percent="78" />
    </mem>
    <remembered-set count="4146" />
  </mem-info>
</gc-start>
<allocation-stats totalBytes="124460504" >
  <allocated-bytes non-tlh="70616" tlh="124389888" />
  <largest-consumer threadName="dw-109 - POST /api/res/v1/director.tenants/batch" threadId="0000000002866F00" bytes="124444120" />
</allocation-stats>
<gc-op id="3036" type="scavenge" timems="8.924" contextid="3033" timestamp="2019-01-09T09:17:03.098">
  <scavenger-info tenureage="2" tenuremask="7ffc" tiltratio="67" />
  <memory-copied type="nursery" objects="126901" bytes="3549376" bytesdiscarded="158144" />
  <ownableSynchronizers candidates="12999" cleared="0" />
</gc-op>
<gc-end id="3037" type="scavenge" contextid="3033" durationms="9.203" usertimems="33.829" systemtimems="0.000" timestamp="2019-01-09T09:17:03.099" activeThreads="16">
  <mem-info id="3038" free="585492840" total="905445376" percent="64">
    <mem type="nursery" free="163868032" total="228065280" percent="71">
      <mem type="allocate" free="163868032" total="167575552" percent="97" />
      <mem type="survivor" free="0" total="60489728" percent="0" />
    </mem>
    <mem type="tenure" free="421624808" total="677380096" percent="62" macro-fragmented="68746095">
      <mem type="soa" free="416328400" total="670606336" percent="62" />
      <mem type="loa" free="5296408" total="6773760" percent="78" />
    </mem>
    <remembered-set count="4142" />
  </mem-info>
</gc-end>
<cycle-end id="3039" type="scavenge" contextid="3033" timestamp="2019-01-09T09:17:03.099" />
<allocation-satisfied id="3040" threadId="0000000002866F00" bytesRequested="47216" />
<af-end id="3041" timestamp="2019-01-09T09:17:03.099" threadId="0000000002867860" success="true" from="nursery"/>
<exclusive-end id="3042" timestamp="2019-01-09T09:17:03.099" durationms="9.875" />

<exclusive-start id="3043" timestamp="2019-01-09T09:17:03.144" intervalms="54.603">
  <response-info timems="0.062" idlems="0.035" threads="1" lastid="0000000002581900" lastname="dw-93-acceptor-0@cb7d5a5d- RM APP @85622006{HTTP/1.1,[http/1.1]" />
</exclusive-start>
<af-start id="3044" threadId="0000000002867860" totalBytesRequested="57200" timestamp="2019-01-09T09:17:03.144" intervalms="54.609" type="nursery" />
<cycle-start id="3045" type="scavenge" contextid="0" timestamp="2019-01-09T09:17:03.144" intervalms="54.589" />
<gc-start id="3046" type="scavenge" contextid="3045" timestamp="2019-01-09T09:17:03.144">
  <mem-info id="3047" free="421624808" total="905445376" percent="46">
    <mem type="nursery" free="0" total="228065280" percent="0">
      <mem type="allocate" free="0" total="167575552" percent="0" />
      <mem type="survivor" free="0" total="60489728" percent="0" />
    </mem>
    <mem type="tenure" free="421624808" total="677380096" percent="62">
      <mem type="soa" free="416328400" total="670606336" percent="62" />
      <mem type="loa" free="5296408" total="6773760" percent="78" />
    </mem>
    <remembered-set count="4747" />
  </mem-info>
</gc-start>
<allocation-stats totalBytes="132201000" >
  <allocated-bytes non-tlh="824000" tlh="131377000" />
  <largest-consumer threadName="dw-109 - POST /api/res/v1/director.tenants/batch" threadId="0000000002866F00" bytes="132201000" />
</allocation-stats>
<gc-op id="3048" type="scavenge" timems="8.421" contextid="3045" timestamp="2019-01-09T09:17:03.152">
  <scavenger-info tenureage="3" tenuremask="7ff8" tiltratio="73" />
  <memory-copied type="nursery" objects="177431" bytes="5068128" bytesdiscarded="122400" />
  <ownableSynchronizers candidates="17991" cleared="0" />
</gc-op>
<gc-end id="3049" type="scavenge" contextid="3045" durationms="8.727" usertimems="44.908" systemtimems="0.040" timestamp="2019-01-09T09:17:03.153" activeThreads="16">
  <mem-info id="3050" free="594561128" total="905445376" percent="65">
    <mem type="nursery" free="172936320" total="228065280" percent="75">
      <mem type="allocate" free="172936320" total="178126848" percent="97" />
      <mem type="survivor" free="0" total="49938432" percent="0" />
    </mem>
    <mem type="tenure" free="421624808" total="677380096" percent="62" macro-fragmented="68518917">
      <mem type="soa" free="416328400" total="670606336" percent="62" />
      <mem type="loa" free="5296408" total="6773760" percent="78" />
    </mem>
    <remembered-set count="4745" />
  </mem-info>
</gc-end>
<cycle-end id="3051" type="scavenge" contextid="3045" timestamp="2019-01-09T09:17:03.153" />
<allocation-satisfied id="3052" threadId="0000000002866F00" bytesRequested="57200" />
<af-end id="3053" timestamp="2019-01-09T09:17:03.153" threadId="0000000002867860" success="true" from="nursery"/>
<exclusive-end id="3054" timestamp="2019-01-09T09:17:03.153" durationms="9.368" />

<exclusive-start id="3055" timestamp="2019-01-09T09:17:03.208" intervalms="64.515">
  <response-info timems="0.063" idlems="0.036" threads="1" lastid="0000000002581900" lastname="dw-93-acceptor-0@cb7d5a5d- RM APP @85622006{HTTP/1.1,[http/1.1]" />
</exclusive-start>
<af-start id="3056" threadId="0000000002867860" totalBytesRequested="67480" timestamp="2019-01-09T09:17:03.209" intervalms="65.624" type="nursery" />
<cycle-start id="3057" type="scavenge" contextid="0" timestamp="2019-01-09T09:17:03.209" intervalms="65.633" />
<gc-start id="3058" type="scavenge" contextid="3057" timestamp="2019-01-09T09:17:03.210">
  <mem-info id="3059" free="421642328" total="905445376" percent="46">
    <mem type="nursery" free="17520" total="228065280" percent="0">
      <mem type="allocate" free="17520" total="178126848" percent="0" />
      <mem type="survivor" free="0" total="49938432" percent="0" />
    </mem>
    <mem type="tenure" free="421624808" total="677380096" percent="62">
      <mem type="soa" free="416328400" total="670606336" percent="62" />
      <mem type="loa" free="5296408" total="6773760" percent="78" />
    </mem>
    <remembered-set count="5271" />
  </mem-info>
</gc-start>
<allocation-stats totalBytes="161694536" >
  <allocated-bytes non-tlh="32876560" tlh="128817976" />
  <largest-consumer threadName="dw-109 - POST /api/res/v1/director.tenants/batch" threadId="0000000002866F00" bytes="161661816" />
</allocation-stats>
<gc-op id="3060" type="scavenge" timems="11.068" contextid="3057" timestamp="2019-01-09T09:17:03.221">
  <scavenger-info tenureage="4" tenuremask="7ff0" tiltratio="78" />
  <memory-copied type="nursery" objects="226238" bytes="6351360" bytesdiscarded="254888" />
  <ownableSynchronizers candidates="23132" cleared="0" />
</gc-op>
<gc-end id="3061" type="scavenge" contextid="3057" durationms="11.739" usertimems="55.385" systemtimems="0.016" timestamp="2019-01-09T09:17:03.221" activeThreads="16">
  <mem-info id="3062" free="601271872" total="905445376" percent="66">
    <mem type="nursery" free="179647064" total="228065280" percent="78">
      <mem type="allocate" free="179647064" total="186253312" percent="96" />
      <mem type="survivor" free="0" total="41811968" percent="0" />
    </mem>
    <mem type="tenure" free="421624808" total="677380096" percent="62" macro-fragmented="68434375">
      <mem type="soa" free="416328400" total="670606336" percent="62" />
      <mem type="loa" free="5296408" total="6773760" percent="78" />
    </mem>
    <remembered-set count="5258" />
  </mem-info>
</gc-end>
<cycle-end id="3063" type="scavenge" contextid="3057" timestamp="2019-01-09T09:17:03.222" />
<allocation-satisfied id="3064" threadId="0000000002866F00" bytesRequested="67480" />
<af-end id="3065" timestamp="2019-01-09T09:17:03.222" threadId="0000000002867860" success="true" from="nursery"/>
<exclusive-end id="3066" timestamp="2019-01-09T09:17:03.222" durationms="13.538" />

<exclusive-start id="3067" timestamp="2019-01-09T09:17:03.274" intervalms="66.350">
  <response-info timems="0.052" idlems="0.029" threads="1" lastid="0000000002581900" lastname="dw-93-acceptor-0@cb7d5a5d- RM APP @85622006{HTTP/1.1,[http/1.1]" />
</exclusive-start>
<af-start id="3068" threadId="0000000002867860" totalBytesRequested="77320" timestamp="2019-01-09T09:17:03.275" intervalms="65.245" type="nursery" />
<cycle-start id="3069" type="scavenge" contextid="0" timestamp="2019-01-09T09:17:03.275" intervalms="65.260" />
<gc-start id="3070" type="scavenge" contextid="3069" timestamp="2019-01-09T09:17:03.275">
  <mem-info id="3071" free="421691032" total="905445376" percent="46">
    <mem type="nursery" free="66224" total="228065280" percent="0">
      <mem type="allocate" free="66224" total="186253312" percent="0" />
      <mem type="survivor" free="0" total="41811968" percent="0" />
    </mem>
    <mem type="tenure" free="421624808" total="677380096" percent="62">
      <mem type="soa" free="416328400" total="670606336" percent="62" />
      <mem type="loa" free="5296408" total="6773760" percent="78" />
    </mem>
    <remembered-set count="5483" />
  </mem-info>
</gc-start>
<allocation-stats totalBytes="179580368" >
  <allocated-bytes non-tlh="176649616" tlh="2930752" />
  <largest-consumer threadName="dw-109 - POST /api/res/v1/director.tenants/batch" threadId="0000000002866F00" bytes="179523184" />
</allocation-stats>
<gc-op id="3072" type="scavenge" timems="10.467" contextid="3069" timestamp="2019-01-09T09:17:03.285">
  <scavenger-info tenureage="5" tenuremask="7fe0" tiltratio="81" />
  <memory-copied type="nursery" objects="273159" bytes="7587464" bytesdiscarded="157592" />
  <ownableSynchronizers candidates="28056" cleared="0" />
</gc-op>
<gc-end id="3073" type="scavenge" contextid="3069" durationms="11.107" usertimems="63.163" systemtimems="1.933" timestamp="2019-01-09T09:17:03.286" activeThreads="16">
  <mem-info id="3074" free="606358984" total="905445376" percent="66">
    <mem type="nursery" free="184734176" total="228065280" percent="81">
      <mem type="allocate" free="184734176" total="192479232" percent="95" />
      <mem type="survivor" free="0" total="35586048" percent="0" />
    </mem>
    <mem type="tenure" free="421624808" total="677380096" percent="62" macro-fragmented="67922705">
      <mem type="soa" free="416328400" total="670606336" percent="62" />
      <mem type="loa" free="5296408" total="6773760" percent="78" />
    </mem>
    <remembered-set count="5456" />
  </mem-info>
</gc-end>
<cycle-end id="3075" type="scavenge" contextid="3069" timestamp="2019-01-09T09:17:03.286" />
<allocation-satisfied id="3076" threadId="0000000002866F00" bytesRequested="77320" />
<af-end id="3077" timestamp="2019-01-09T09:17:03.286" threadId="0000000002867860" success="true" from="nursery"/>
<exclusive-end id="3078" timestamp="2019-01-09T09:17:03.286" durationms="11.823" />

<exclusive-start id="3079" timestamp="2019-01-09T09:17:03.340" intervalms="65.519">
  <response-info timems="0.049" idlems="0.027" threads="1" lastid="0000000002581900" lastname="dw-93-acceptor-0@cb7d5a5d- RM APP @85622006{HTTP/1.1,[http/1.1]" />
</exclusive-start>
<af-start id="3080" threadId="0000000002867860" totalBytesRequested="86288" timestamp="2019-01-09T09:17:03.340" intervalms="65.510" type="nursery" />
<cycle-start id="3081" type="scavenge" contextid="0" timestamp="2019-01-09T09:17:03.340" intervalms="65.500" />
<gc-start id="3082" type="scavenge" contextid="3081" timestamp="2019-01-09T09:17:03.340">
  <mem-info id="3083" free="421704760" total="905445376" percent="46">
    <mem type="nursery" free="79952" total="228065280" percent="0">
      <mem type="allocate" free="79952" total="192479232" percent="0" />
      <mem type="survivor" free="0" total="35586048" percent="0" />
    </mem>
    <mem type="tenure" free="421624808" total="677380096" percent="62">
      <mem type="soa" free="416328400" total="670606336" percent="62" />
      <mem type="loa" free="5296408" total="6773760" percent="78" />
    </mem>
    <remembered-set count="5668" />
  </mem-info>
</gc-start>
<allocation-stats totalBytes="184653848" >
  <allocated-bytes non-tlh="181434768" tlh="3219080" />
  <largest-consumer threadName="dw-109 - POST /api/res/v1/director.tenants/batch" threadId="0000000002866F00" bytes="184645656" />
</allocation-stats>
<gc-op id="3084" type="scavenge" timems="12.251" contextid="3081" timestamp="2019-01-09T09:17:03.353">
  <scavenger-info tenureage="6" tenuremask="7fc0" tiltratio="84" />
  <memory-copied type="nursery" objects="315757" bytes="8708464" bytesdiscarded="172984" />
  <ownableSynchronizers candidates="32540" cleared="0" />
</gc-op>
<gc-end id="3085" type="scavenge" contextid="3081" durationms="12.868" usertimems="72.282" systemtimems="1.979" timestamp="2019-01-09T09:17:03.353" activeThreads="16">
  <mem-info id="3086" free="610006720" total="905445376" percent="67">
    <mem type="nursery" free="188381912" total="228065280" percent="82">
      <mem type="allocate" free="188381912" total="197263360" percent="95" />
      <mem type="survivor" free="0" total="30801920" percent="0" />
    </mem>
    <mem type="tenure" free="421624808" total="677380096" percent="62" macro-fragmented="68990307">
      <mem type="soa" free="416328400" total="670606336" percent="62" />
      <mem type="loa" free="5296408" total="6773760" percent="78" />
    </mem>
    <remembered-set count="5660" />
  </mem-info>
</gc-end>
<cycle-end id="3087" type="scavenge" contextid="3081" timestamp="2019-01-09T09:17:03.353" />
<allocation-satisfied id="3088" threadId="0000000002866F00" bytesRequested="86288" />
<af-end id="3089" timestamp="2019-01-09T09:17:03.353" threadId="0000000002867860" success="true" from="nursery"/>
<exclusive-end id="3090" timestamp="2019-01-09T09:17:03.353" durationms="13.527" />

<exclusive-start id="3091" timestamp="2019-01-09T09:17:03.405" intervalms="64.594">
  <response-info timems="0.041" idlems="0.024" threads="1" lastid="0000000002581900" lastname="dw-93-acceptor-0@cb7d5a5d- RM APP @85622006{HTTP/1.1,[http/1.1]" />
</exclusive-start>
<af-start id="3092" threadId="0000000002867860" totalBytesRequested="94568" timestamp="2019-01-09T09:17:03.405" intervalms="64.594" type="nursery" />
<cycle-start id="3093" type="scavenge" contextid="0" timestamp="2019-01-09T09:17:03.405" intervalms="64.580" />
<gc-start id="3094" type="scavenge" contextid="3093" timestamp="2019-01-09T09:17:03.405">
  <mem-info id="3095" free="421653392" total="905445376" percent="46">
    <mem type="nursery" free="28584" total="228065280" percent="0">
      <mem type="allocate" free="28584" total="197263360" percent="0" />
      <mem type="survivor" free="0" total="30801920" percent="0" />
    </mem>
    <mem type="tenure" free="421624808" total="677380096" percent="62">
      <mem type="soa" free="416328400" total="670606336" percent="62" />
      <mem type="loa" free="5296408" total="6773760" percent="78" />
    </mem>
    <remembered-set count="5770" />
  </mem-info>
</gc-start>
<allocation-stats totalBytes="188353024" >
  <allocated-bytes non-tlh="184923192" tlh="3429832" />
  <largest-consumer threadName="dw-109 - POST /api/res/v1/director.tenants/batch" threadId="0000000002866F00" bytes="188336640" />
</allocation-stats>
<gc-op id="3096" type="scavenge" timems="13.826" contextid="3093" timestamp="2019-01-09T09:17:03.419">
  <scavenger-info tenureage="4" tenuremask="7ff0" tiltratio="86" />
  <memory-copied type="nursery" objects="177665" bytes="4732776" bytesdiscarded="376064" />
  <memory-copied type="tenure" objects="177422" bytes="5010688" bytesdiscarded="2632" />
  <ownableSynchronizers candidates="36680" cleared="0" />
</gc-op>
<gc-end id="3097" type="scavenge" contextid="3093" durationms="14.176" usertimems="86.579" systemtimems="0.000" timestamp="2019-01-09T09:17:03.419" activeThreads="16">
  <mem-info id="3098" free="613026520" total="905445376" percent="67">
    <mem type="nursery" free="196217752" total="228065280" percent="86">
      <mem type="allocate" free="196217752" total="201326592" percent="97" />
      <mem type="survivor" free="0" total="26738688" percent="0" />
    </mem>
    <mem type="tenure" free="416808768" total="677380096" percent="61" macro-fragmented="66514477">
      <mem type="soa" free="411512360" total="670606336" percent="61" />
      <mem type="loa" free="5296408" total="6773760" percent="78" />
    </mem>
    <remembered-set count="7296" />
  </mem-info>
</gc-end>
<cycle-end id="3099" type="scavenge" contextid="3093" timestamp="2019-01-09T09:17:03.419" />
<allocation-satisfied id="3100" threadId="0000000002866F00" bytesRequested="94568" />
<af-end id="3101" timestamp="2019-01-09T09:17:03.419" threadId="0000000002867860" success="true" from="nursery"/>
<exclusive-end id="3102" timestamp="2019-01-09T09:17:03.419" durationms="14.863" />

<exclusive-start id="3103" timestamp="2019-01-09T09:17:03.485" intervalms="80.742">
  <response-info timems="0.133" idlems="0.070" threads="1" lastid="0000000002581900" lastname="dw-93-acceptor-0@cb7d5a5d- RM APP @85622006{HTTP/1.1,[http/1.1]" />
</exclusive-start>
<af-start id="3104" threadId="0000000002867860" totalBytesRequested="102448" timestamp="2019-01-09T09:17:03.485" intervalms="80.737" type="nursery" />
<cycle-start id="3105" type="scavenge" contextid="0" timestamp="2019-01-09T09:17:03.486" intervalms="80.737" />
<gc-start id="3106" type="scavenge" contextid="3105" timestamp="2019-01-09T09:17:03.486">
  <mem-info id="3107" free="416871080" total="905445376" percent="46">
    <mem type="nursery" free="62312" total="228065280" percent="0">
      <mem type="allocate" free="62312" total="201326592" percent="0" />
      <mem type="survivor" free="0" total="26738688" percent="0" />
    </mem>
    <mem type="tenure" free="416808768" total="677380096" percent="61">
      <mem type="soa" free="411512360" total="670606336" percent="61" />
      <mem type="loa" free="5296408" total="6773760" percent="78" />
    </mem>
    <remembered-set count="8941" />
  </mem-info>
</gc-start>
<allocation-stats totalBytes="196155048" >
  <allocated-bytes non-tlh="191879216" tlh="4275832" />
  <largest-consumer threadName="dw-109 - POST /api/res/v1/director.tenants/batch" threadId="0000000002866F00" bytes="196138664" />
</allocation-stats>
<gc-op id="3108" type="scavenge" timems="13.170" contextid="3105" timestamp="2019-01-09T09:17:03.499">
  <scavenger-info tenureage="3" tenuremask="ff18" tiltratio="88" />
  <memory-copied type="nursery" objects="131692" bytes="4301520" bytesdiscarded="206192" />
  <memory-copied type="tenure" objects="94117" bytes="2460544" bytesdiscarded="1568" />
  <ownableSynchronizers candidates="22628" cleared="0" />
</gc-op>
<gc-end id="3109" type="scavenge" contextid="3105" durationms="13.563" usertimems="67.021" systemtimems="0.968" timestamp="2019-01-09T09:17:03.499" activeThreads="16">
  <mem-info id="3110" free="615091992" total="905445376" percent="67">
    <mem type="nursery" free="200751040" total="228065280" percent="88">
      <mem type="allocate" free="200751040" total="205258752" percent="97" />
      <mem type="survivor" free="0" total="22806528" percent="0" />
    </mem>
    <mem type="tenure" free="414340952" total="677380096" percent="61" macro-fragmented="65432458">
      <mem type="soa" free="409044544" total="670606336" percent="60" />
      <mem type="loa" free="5296408" total="6773760" percent="78" />
    </mem>
    <remembered-set count="6264" />
  </mem-info>
</gc-end>
<cycle-end id="3111" type="scavenge" contextid="3105" timestamp="2019-01-09T09:17:03.499" />
<allocation-satisfied id="3112" threadId="0000000002866F00" bytesRequested="102448" />
<af-end id="3113" timestamp="2019-01-09T09:17:03.500" threadId="0000000002867860" success="true" from="nursery"/>
<exclusive-end id="3114" timestamp="2019-01-09T09:17:03.500" durationms="14.227" />

<exclusive-start id="3115" timestamp="2019-01-09T09:17:03.552" intervalms="66.682">
  <response-info timems="0.072" idlems="0.041" threads="1" lastid="0000000002581900" lastname="dw-93-acceptor-0@cb7d5a5d- RM APP @85622006{HTTP/1.1,[http/1.1]" />
</exclusive-start>
<af-start id="3116" threadId="0000000002867860" totalBytesRequested="109968" timestamp="2019-01-09T09:17:03.552" intervalms="66.686" type="nursery" />
<cycle-start id="3117" type="scavenge" contextid="0" timestamp="2019-01-09T09:17:03.552" intervalms="66.702" />
<gc-start id="3118" type="scavenge" contextid="3117" timestamp="2019-01-09T09:17:03.552">
  <mem-info id="3119" free="414376912" total="905445376" percent="45">
    <mem type="nursery" free="35960" total="228065280" percent="0">
      <mem type="allocate" free="35960" total="205258752" percent="0" />
      <mem type="survivor" free="0" total="22806528" percent="0" />
    </mem>
    <mem type="tenure" free="414340952" total="677380096" percent="61">
      <mem type="soa" free="409044544" total="670606336" percent="60" />
      <mem type="loa" free="5296408" total="6773760" percent="78" />
    </mem>
    <remembered-set count="7670" />
  </mem-info>
</gc-start>
<allocation-stats totalBytes="200714520" >
  <allocated-bytes non-tlh="195727160" tlh="4987360" />
  <largest-consumer threadName="dw-109 - POST /api/res/v1/director.tenants/batch" threadId="0000000002866F00" bytes="200702232" />
</allocation-stats>
<gc-op id="3120" type="scavenge" timems="10.004" contextid="3117" timestamp="2019-01-09T09:17:03.562">
  <scavenger-info tenureage="6" tenuremask="ffc0" tiltratio="90" />
  <memory-copied type="nursery" objects="167415" bytes="5241632" bytesdiscarded="132224" />
  <ownableSynchronizers candidates="16323" cleared="0" />
</gc-op>
<gc-end id="3121" type="scavenge" contextid="3117" durationms="10.329" usertimems="50.390" systemtimems="1.900" timestamp="2019-01-09T09:17:03.563" activeThreads="16">
  <mem-info id="3122" free="614225848" total="905445376" percent="67">
    <mem type="nursery" free="199884896" total="228065280" percent="87">
      <mem type="allocate" free="199884896" total="205258752" percent="97" />
      <mem type="survivor" free="0" total="22806528" percent="0" />
    </mem>
    <mem type="tenure" free="414340952" total="677380096" percent="61" macro-fragmented="66179405">
      <mem type="soa" free="409044544" total="670606336" percent="60" />
      <mem type="loa" free="5296408" total="6773760" percent="78" />
    </mem>
    <remembered-set count="7666" />
  </mem-info>
</gc-end>
<cycle-end id="3123" type="scavenge" contextid="3117" timestamp="2019-01-09T09:17:03.563" />
<allocation-satisfied id="3124" threadId="0000000002866F00" bytesRequested="109968" />
<af-end id="3125" timestamp="2019-01-09T09:17:03.563" threadId="0000000002867860" success="true" from="nursery"/>
<exclusive-end id="3126" timestamp="2019-01-09T09:17:03.563" durationms="11.011" />

<exclusive-start id="3127" timestamp="2019-01-09T09:17:03.615" intervalms="63.034">
  <response-info timems="0.071" idlems="0.041" threads="1" lastid="0000000002581900" lastname="dw-93-acceptor-0@cb7d5a5d- RM APP @85622006{HTTP/1.1,[http/1.1]" />
</exclusive-start>
<af-start id="3128" threadId="0000000002867860" totalBytesRequested="116976" timestamp="2019-01-09T09:17:03.615" intervalms="63.050" type="nursery" />
<cycle-start id="3129" type="scavenge" contextid="0" timestamp="2019-01-09T09:17:03.615" intervalms="63.035" />
<gc-start id="3130" type="scavenge" contextid="3129" timestamp="2019-01-09T09:17:03.615">
  <mem-info id="3131" free="414340952" total="905445376" percent="45">
    <mem type="nursery" free="0" total="228065280" percent="0">
      <mem type="allocate" free="0" total="205258752" percent="0" />
      <mem type="survivor" free="0" total="22806528" percent="0" />
    </mem>
    <mem type="tenure" free="414340952" total="677380096" percent="61">
      <mem type="soa" free="409044544" total="670606336" percent="60" />
      <mem type="loa" free="5296408" total="6773760" percent="78" />
    </mem>
    <remembered-set count="8500" />
  </mem-info>
</gc-start>
<allocation-stats totalBytes="199884072" >
  <allocated-bytes non-tlh="192991128" tlh="6892944" />
  <largest-consumer threadName="dw-109 - POST /api/res/v1/director.tenants/batch" threadId="0000000002866F00" bytes="199871784" />
</allocation-stats>
<gc-op id="3132" type="scavenge" timems="14.352" contextid="3129" timestamp="2019-01-09T09:17:03.630">
  <scavenger-info tenureage="3" tenuremask="fff8" tiltratio="90" />
  <memory-copied type="nursery" objects="119809" bytes="4003744" bytesdiscarded="177512" />
  <memory-copied type="tenure" objects="80913" bytes="2114392" bytesdiscarded="568" />
  <ownableSynchronizers candidates="19829" cleared="0" />
</gc-op>
<gc-end id="3133" type="scavenge" contextid="3129" durationms="14.719" usertimems="58.437" systemtimems="2.859" timestamp="2019-01-09T09:17:03.630" activeThreads="16">
  <mem-info id="3134" free="613238688" total="905445376" percent="67">
    <mem type="nursery" free="201077496" total="228065280" percent="88">
      <mem type="allocate" free="201077496" total="205258752" percent="97" />
      <mem type="survivor" free="0" total="22806528" percent="0" />
    </mem>
    <mem type="tenure" free="412161192" total="677380096" percent="60" macro-fragmented="28190085">
      <mem type="soa" free="406864784" total="670606336" percent="60" />
      <mem type="loa" free="5296408" total="6773760" percent="78" />
    </mem>
    <remembered-set count="5392" />
  </mem-info>
</gc-end>
<cycle-end id="3135" type="scavenge" contextid="3129" timestamp="2019-01-09T09:17:03.630" />
<allocation-satisfied id="3136" threadId="0000000002866F00" bytesRequested="116976" />
<af-end id="3137" timestamp="2019-01-09T09:17:03.630" threadId="0000000002867860" success="true" from="nursery"/>
<exclusive-end id="3138" timestamp="2019-01-09T09:17:03.630" durationms="15.421" />

<exclusive-start id="3139" timestamp="2019-01-09T09:17:03.686" intervalms="70.978">
  <response-info timems="0.069" idlems="0.038" threads="1" lastid="0000000002581900" lastname="dw-93-acceptor-0@cb7d5a5d- RM APP @85622006{HTTP/1.1,[http/1.1]" />
</exclusive-start>
<af-start id="3140" threadId="0000000002867860" totalBytesRequested="123632" timestamp="2019-01-09T09:17:03.686" intervalms="70.990" type="nursery" />
<cycle-start id="3141" type="scavenge" contextid="0" timestamp="2019-01-09T09:17:03.686" intervalms="70.997" />
<gc-start id="3142" type="scavenge" contextid="3141" timestamp="2019-01-09T09:17:03.686">
  <mem-info id="3143" free="412264744" total="905445376" percent="45">
    <mem type="nursery" free="103552" total="228065280" percent="0">
      <mem type="allocate" free="103552" total="205258752" percent="0" />
      <mem type="survivor" free="0" total="22806528" percent="0" />
    </mem>
    <mem type="tenure" free="412161192" total="677380096" percent="60">
      <mem type="soa" free="406864784" total="670606336" percent="60" />
      <mem type="loa" free="5296408" total="6773760" percent="78" />
    </mem>
    <remembered-set count="6566" />
  </mem-info>
</gc-start>
<allocation-stats totalBytes="200972680" >
  <allocated-bytes non-tlh="191017560" tlh="9955120" />
  <largest-consumer threadName="dw-109 - POST /api/res/v1/director.tenants/batch" threadId="0000000002866F00" bytes="200972680" />
</allocation-stats>
<gc-op id="3144" type="scavenge" timems="11.950" contextid="3141" timestamp="2019-01-09T09:17:03.698">
  <scavenger-info tenureage="3" tenuremask="ffc8" tiltratio="90" />
  <memory-copied type="nursery" objects="100636" bytes="2750800" bytesdiscarded="116888" />
  <memory-copied type="tenure" objects="50770" bytes="2084440" bytesdiscarded="304" />
  <ownableSynchronizers candidates="14531" cleared="0" />
</gc-op>
<gc-end id="3145" type="scavenge" contextid="3141" durationms="12.345" usertimems="41.993" systemtimems="0.991" timestamp="2019-01-09T09:17:03.699" activeThreads="16">
  <mem-info id="3146" free="612482232" total="905445376" percent="67">
    <mem type="nursery" free="202391064" total="228065280" percent="88">
      <mem type="allocate" free="202391064" total="205258752" percent="98" />
      <mem type="survivor" free="0" total="22806528" percent="0" />
    </mem>
    <mem type="tenure" free="410091168" total="677380096" percent="60" macro-fragmented="58342028">
      <mem type="soa" free="404794760" total="670606336" percent="60" />
      <mem type="loa" free="5296408" total="6773760" percent="78" />
    </mem>
    <remembered-set count="4951" />
  </mem-info>
</gc-end>
<cycle-end id="3147" type="scavenge" contextid="3141" timestamp="2019-01-09T09:17:03.699" />
<allocation-satisfied id="3148" threadId="0000000002866F00" bytesRequested="123632" />
<af-end id="3149" timestamp="2019-01-09T09:17:03.699" threadId="0000000002867860" success="true" from="nursery"/>
<exclusive-end id="3150" timestamp="2019-01-09T09:17:03.699" durationms="13.053" />

<exclusive-start id="3151" timestamp="2019-01-09T09:17:03.756" intervalms="69.710">
  <response-info timems="0.071" idlems="0.039" threads="1" lastid="0000000002581900" lastname="dw-93-acceptor-0@cb7d5a5d- RM APP @85622006{HTTP/1.1,[http/1.1]" />
</exclusive-start>
<af-start id="3152" threadId="0000000002867860" totalBytesRequested="129984" timestamp="2019-01-09T09:17:03.756" intervalms="69.688" type="nursery" />
<cycle-start id="3153" type="scavenge" contextid="0" timestamp="2019-01-09T09:17:03.756" intervalms="69.683" />
<gc-start id="3154" type="scavenge" contextid="3153" timestamp="2019-01-09T09:17:03.756">
  <mem-info id="3155" free="410114880" total="905445376" percent="45">
    <mem type="nursery" free="23712" total="228065280" percent="0">
      <mem type="allocate" free="23712" total="205258752" percent="0" />
      <mem type="survivor" free="0" total="22806528" percent="0" />
    </mem>
    <mem type="tenure" free="410091168" total="677380096" percent="60">
      <mem type="soa" free="404794760" total="670606336" percent="60" />
      <mem type="loa" free="5296408" total="6773760" percent="78" />
    </mem>
    <remembered-set count="6295" />
  </mem-info>
</gc-start>
<allocation-stats totalBytes="202363824" >
  <allocated-bytes non-tlh="169005432" tlh="33358392" />
  <largest-consumer threadName="dw-109 - POST /api/res/v1/director.tenants/batch" threadId="0000000002866F00" bytes="202228768" />
</allocation-stats>
<gc-op id="3156" type="scavenge" timems="10.715" contextid="3153" timestamp="2019-01-09T09:17:03.767">
  <scavenger-info tenureage="3" tenuremask="ffe8" tiltratio="90" />
  <memory-copied type="nursery" objects="95389" bytes="2622552" bytesdiscarded="163168" />
  <memory-copied type="tenure" objects="35723" bytes="932592" bytesdiscarded="432" />
  <ownableSynchronizers candidates="13779" cleared="6" />
  <references type="phantom" candidates="1" cleared="0" enqueued="0" />
</gc-op>
<gc-end id="3157" type="scavenge" contextid="3153" durationms="11.146" usertimems="35.173" systemtimems="1.935" timestamp="2019-01-09T09:17:03.767" activeThreads="16">
  <mem-info id="3158" free="611517776" total="905445376" percent="67">
    <mem type="nursery" free="202473032" total="228065280" percent="88">
      <mem type="allocate" free="202473032" total="205258752" percent="98" />
      <mem type="survivor" free="0" total="22806528" percent="0" />
    </mem>
    <mem type="tenure" free="409044744" total="677380096" percent="60" macro-fragmented="58238961">
      <mem type="soa" free="403748336" total="670606336" percent="60" />
      <mem type="loa" free="5296408" total="6773760" percent="78" />
    </mem>
    <remembered-set count="5187" />
  </mem-info>
</gc-end>
<cycle-end id="3159" type="scavenge" contextid="3153" timestamp="2019-01-09T09:17:03.767" />
<allocation-satisfied id="3160" threadId="0000000002866F00" bytesRequested="129984" />
<af-end id="3161" timestamp="2019-01-09T09:17:03.768" threadId="0000000002867860" success="true" from="nursery"/>
<exclusive-end id="3162" timestamp="2019-01-09T09:17:03.768" durationms="11.836" />

<exclusive-start id="3163" timestamp="2019-01-09T09:17:03.824" intervalms="68.765">
  <response-info timems="0.063" idlems="0.036" threads="1" lastid="0000000002581900" lastname="dw-93-acceptor-0@cb7d5a5d- RM APP @85622006{HTTP/1.1,[http/1.1]" />
</exclusive-start>
<af-start id="3164" threadId="0000000002867860" totalBytesRequested="136040" timestamp="2019-01-09T09:17:03.825" intervalms="68.761" type="nursery" />
<cycle-start id="3165" type="scavenge" contextid="0" timestamp="2019-01-09T09:17:03.825" intervalms="68.771" />
<gc-start id="3166" type="scavenge" contextid="3165" timestamp="2019-01-09T09:17:03.825">
  <mem-info id="3167" free="409121736" total="905445376" percent="45">
    <mem type="nursery" free="76992" total="228065280" percent="0">
      <mem type="allocate" free="76992" total="205258752" percent="0" />
      <mem type="survivor" free="0" total="22806528" percent="0" />
    </mem>
    <mem type="tenure" free="409044744" total="677380096" percent="60">
      <mem type="soa" free="403748336" total="670606336" percent="60" />
      <mem type="loa" free="5296408" total="6773760" percent="78" />
    </mem>
    <remembered-set count="6134" />
  </mem-info>
</gc-start>
<allocation-stats totalBytes="202395368" >
  <allocated-bytes non-tlh="198377864" tlh="4017504" />
  <largest-consumer threadName="dw-109 - POST /api/res/v1/director.tenants/batch" threadId="0000000002866F00" bytes="202374888" />
</allocation-stats>
<gc-op id="3168" type="scavenge" timems="8.310" contextid="3165" timestamp="2019-01-09T09:17:03.833">
  <scavenger-info tenureage="3" tenuremask="ffe8" tiltratio="90" />
  <memory-copied type="nursery" objects="90872" bytes="2510512" bytesdiscarded="113080" />
  <memory-copied type="tenure" objects="33307" bytes="869488" bytesdiscarded="488" />
  <ownableSynchronizers candidates="13045" cleared="2" />
  <references type="phantom" candidates="1" cleared="0" enqueued="0" />
</gc-op>
<gc-end id="3169" type="scavenge" contextid="3165" durationms="8.959" usertimems="32.223" systemtimems="3.378" timestamp="2019-01-09T09:17:03.834" activeThreads="16">
  <mem-info id="3170" free="610969536" total="905445376" percent="67">
    <mem type="nursery" free="202635160" total="228065280" percent="88">
      <mem type="allocate" free="202635160" total="205258752" percent="98" />
      <mem type="survivor" free="0" total="22806528" percent="0" />
    </mem>
    <mem type="tenure" free="408334376" total="677380096" percent="60" macro-fragmented="57222110">
      <mem type="soa" free="403037968" total="670606336" percent="60" />
      <mem type="loa" free="5296408" total="6773760" percent="78" />
    </mem>
    <remembered-set count="5478" />
  </mem-info>
</gc-end>
<cycle-end id="3171" type="scavenge" contextid="3165" timestamp="2019-01-09T09:17:03.834" />
<allocation-satisfied id="3172" threadId="0000000002866F00" bytesRequested="136040" />
<af-end id="3173" timestamp="2019-01-09T09:17:03.834" threadId="0000000002867860" success="true" from="nursery"/>
<exclusive-end id="3174" timestamp="2019-01-09T09:17:03.834" durationms="9.645" />

<exclusive-start id="3175" timestamp="2019-01-09T09:17:03.896" intervalms="71.104">
  <response-info timems="0.065" idlems="0.038" threads="1" lastid="0000000002581900" lastname="dw-93-acceptor-0@cb7d5a5d- RM APP @85622006{HTTP/1.1,[http/1.1]" />
</exclusive-start>
<af-start id="3176" threadId="0000000002867860" totalBytesRequested="141848" timestamp="2019-01-09T09:17:03.896" intervalms="71.102" type="nursery" />
<cycle-start id="3177" type="scavenge" contextid="0" timestamp="2019-01-09T09:17:03.896" intervalms="71.099" />
<gc-start id="3178" type="scavenge" contextid="3177" timestamp="2019-01-09T09:17:03.896">
  <mem-info id="3179" free="408383168" total="905445376" percent="45">
    <mem type="nursery" free="48792" total="228065280" percent="0">
      <mem type="allocate" free="48792" total="205258752" percent="0" />
      <mem type="survivor" free="0" total="22806528" percent="0" />
    </mem>
    <mem type="tenure" free="408334376" total="677380096" percent="60">
      <mem type="soa" free="403037968" total="670606336" percent="60" />
      <mem type="loa" free="5296408" total="6773760" percent="78" />
    </mem>
    <remembered-set count="6839" />
  </mem-info>
</gc-start>
<allocation-stats totalBytes="202586264" >
  <allocated-bytes non-tlh="201746688" tlh="839576" />
  <largest-consumer threadName="dw-109 - POST /api/res/v1/director.tenants/batch" threadId="0000000002866F00" bytes="202586264" />
</allocation-stats>
<gc-op id="3180" type="scavenge" timems="13.400" contextid="3177" timestamp="2019-01-09T09:17:03.909">
  <scavenger-info tenureage="3" tenuremask="ffe8" tiltratio="90" />
  <memory-copied type="nursery" objects="86863" bytes="2411664" bytesdiscarded="101000" />
  <memory-copied type="tenure" objects="31597" bytes="824848" bytesdiscarded="392" />
  <ownableSynchronizers candidates="12441" cleared="0" />
  <references type="phantom" candidates="1" cleared="0" enqueued="0" />
</gc-op>
<gc-end id="3181" type="scavenge" contextid="3177" durationms="13.762" usertimems="35.319" systemtimems="1.928" timestamp="2019-01-09T09:17:03.910" activeThreads="16">
  <mem-info id="3182" free="610245824" total="905445376" percent="67">
    <mem type="nursery" free="202746088" total="228065280" percent="88">
      <mem type="allocate" free="202746088" total="205258752" percent="98" />
      <mem type="survivor" free="0" total="22806528" percent="0" />
    </mem>
    <mem type="tenure" free="407499736" total="677380096" percent="60" macro-fragmented="55659609">
      <mem type="soa" free="402203328" total="670606336" percent="59" />
      <mem type="loa" free="5296408" total="6773760" percent="78" />
    </mem>
    <remembered-set count="4981" />
  </mem-info>
</gc-end>
<cycle-end id="3183" type="scavenge" contextid="3177" timestamp="2019-01-09T09:17:03.910" />
<allocation-satisfied id="3184" threadId="0000000002866F00" bytesRequested="141848" />
<af-end id="3185" timestamp="2019-01-09T09:17:03.910" threadId="0000000002867860" success="true" from="nursery"/>
<exclusive-end id="3186" timestamp="2019-01-09T09:17:03.910" durationms="14.403" />

<exclusive-start id="3187" timestamp="2019-01-09T09:17:03.960" intervalms="64.473">
  <response-info timems="0.063" idlems="0.035" threads="1" lastid="0000000002581900" lastname="dw-93-acceptor-0@cb7d5a5d- RM APP @85622006{HTTP/1.1,[http/1.1]" />
</exclusive-start>
<af-start id="3188" threadId="0000000002867860" totalBytesRequested="147432" timestamp="2019-01-09T09:17:03.960" intervalms="64.487" type="nursery" />
<cycle-start id="3189" type="scavenge" contextid="0" timestamp="2019-01-09T09:17:03.960" intervalms="64.479" />
<gc-start id="3190" type="scavenge" contextid="3189" timestamp="2019-01-09T09:17:03.960">
  <mem-info id="3191" free="407660712" total="905445376" percent="45">
    <mem type="nursery" free="160976" total="228065280" percent="0">
      <mem type="allocate" free="160976" total="205258752" percent="0" />
      <mem type="survivor" free="0" total="22806528" percent="0" />
    </mem>
    <mem type="tenure" free="407499736" total="677380096" percent="60">
      <mem type="soa" free="402203328" total="670606336" percent="59" />
      <mem type="loa" free="5296408" total="6773760" percent="78" />
    </mem>
    <remembered-set count="6549" />
  </mem-info>
</gc-start>
<allocation-stats totalBytes="202585048" >
  <allocated-bytes non-tlh="201770008" tlh="815040" />
  <largest-consumer threadName="dw-109 - POST /api/res/v1/director.tenants/batch" threadId="0000000002866F00" bytes="202580952" />
</allocation-stats>
<gc-op id="3192" type="scavenge" timems="5.950" contextid="3189" timestamp="2019-01-09T09:17:03.966">
  <scavenger-info tenureage="3" tenuremask="ffe8" tiltratio="90" />
  <memory-copied type="nursery" objects="82920" bytes="2312016" bytesdiscarded="56464" />
  <memory-copied type="tenure" objects="30448" bytes="797144" bytesdiscarded="752" />
  <ownableSynchronizers candidates="11905" cleared="0" />
</gc-op>
<gc-end id="3193" type="scavenge" contextid="3189" durationms="6.281" usertimems="31.400" systemtimems="1.951" timestamp="2019-01-09T09:17:03.967" activeThreads="16">
  <mem-info id="3194" free="609606696" total="905445376" percent="67">
    <mem type="nursery" free="202890272" total="228065280" percent="88">
      <mem type="allocate" free="202890272" total="205258752" percent="98" />
      <mem type="survivor" free="0" total="22806528" percent="0" />
    </mem>
    <mem type="tenure" free="406716424" total="677380096" percent="60" macro-fragmented="56083643">
      <mem type="soa" free="401420016" total="670606336" percent="59" />
      <mem type="loa" free="5296408" total="6773760" percent="78" />
    </mem>
    <remembered-set count="5198" />
  </mem-info>
</gc-end>
<cycle-end id="3195" type="scavenge" contextid="3189" timestamp="2019-01-09T09:17:03.967" />
<allocation-satisfied id="3196" threadId="0000000002866F00" bytesRequested="147432" />
<af-end id="3197" timestamp="2019-01-09T09:17:03.967" threadId="0000000002867860" success="true" from="nursery"/>
<exclusive-end id="3198" timestamp="2019-01-09T09:17:03.967" durationms="6.939" />

<exclusive-start id="3199" timestamp="2019-01-09T09:17:04.019" intervalms="58.706">
  <response-info timems="0.064" idlems="0.037" threads="1" lastid="0000000002581900" lastname="dw-93-acceptor-0@cb7d5a5d- RM APP @85622006{HTTP/1.1,[http/1.1]" />
</exclusive-start>
<af-start id="3200" threadId="0000000002867860" totalBytesRequested="152816" timestamp="2019-01-09T09:17:04.019" intervalms="58.680" type="nursery" />
<cycle-start id="3201" type="scavenge" contextid="0" timestamp="2019-01-09T09:17:04.019" intervalms="58.673" />
<gc-start id="3202" type="scavenge" contextid="3201" timestamp="2019-01-09T09:17:04.019">
  <mem-info id="3203" free="406730072" total="905445376" percent="44">
    <mem type="nursery" free="13648" total="228065280" percent="0">
      <mem type="allocate" free="13648" total="205258752" percent="0" />
      <mem type="survivor" free="0" total="22806528" percent="0" />
    </mem>
    <mem type="tenure" free="406716424" total="677380096" percent="60">
      <mem type="soa" free="401420016" total="670606336" percent="59" />
      <mem type="loa" free="5296408" total="6773760" percent="78" />
    </mem>
    <remembered-set count="5717" />
  </mem-info>
</gc-start>
<allocation-stats totalBytes="202876464" >
  <allocated-bytes non-tlh="202061520" tlh="814944" />
  <largest-consumer threadName="dw-109 - POST /api/res/v1/director.tenants/batch" threadId="0000000002866F00" bytes="202827320" />
</allocation-stats>
<gc-op id="3204" type="scavenge" timems="6.965" contextid="3201" timestamp="2019-01-09T09:17:04.026">
  <scavenger-info tenureage="14" tenuremask="4000" tiltratio="90" />
  <memory-copied type="nursery" objects="108577" bytes="2987872" bytesdiscarded="130952" />
  <ownableSynchronizers candidates="11421" cleared="2" />
</gc-op>
<gc-end id="3205" type="scavenge" contextid="3201" durationms="7.622" usertimems="34.716" systemtimems="0.993" timestamp="2019-01-09T09:17:04.027" activeThreads="16">
  <mem-info id="3206" free="608856352" total="905445376" percent="67">
    <mem type="nursery" free="202139928" total="228065280" percent="88">
      <mem type="allocate" free="202139928" total="205258752" percent="98" />
      <mem type="survivor" free="0" total="22806528" percent="0" />
    </mem>
    <mem type="tenure" free="406716424" total="677380096" percent="60" macro-fragmented="54889460">
      <mem type="soa" free="401420016" total="670606336" percent="59" />
      <mem type="loa" free="5296408" total="6773760" percent="78" />
    </mem>
    <remembered-set count="5702" />
  </mem-info>
</gc-end>
<cycle-end id="3207" type="scavenge" contextid="3201" timestamp="2019-01-09T09:17:04.027" />
<allocation-satisfied id="3208" threadId="0000000002866F00" bytesRequested="152816" />
<af-end id="3209" timestamp="2019-01-09T09:17:04.027" threadId="0000000002867860" success="true" from="nursery"/>
<exclusive-end id="3210" timestamp="2019-01-09T09:17:04.027" durationms="8.582" />

<exclusive-start id="3211" timestamp="2019-01-09T09:17:04.083" intervalms="63.956">
  <response-info timems="0.068" idlems="0.038" threads="1" lastid="0000000002581900" lastname="dw-93-acceptor-0@cb7d5a5d- RM APP @85622006{HTTP/1.1,[http/1.1]" />
</exclusive-start>
<af-start id="3212" threadId="0000000002867860" totalBytesRequested="157992" timestamp="2019-01-09T09:17:04.083" intervalms="63.971" type="nursery" />
<cycle-start id="3213" type="scavenge" contextid="0" timestamp="2019-01-09T09:17:04.083" intervalms="63.974" />
<gc-start id="3214" type="scavenge" contextid="3213" timestamp="2019-01-09T09:17:04.083">
  <mem-info id="3215" free="406844808" total="905445376" percent="44">
    <mem type="nursery" free="128384" total="228065280" percent="0">
      <mem type="allocate" free="128384" total="205258752" percent="0" />
      <mem type="survivor" free="0" total="22806528" percent="0" />
    </mem>
    <mem type="tenure" free="406716424" total="677380096" percent="60">
      <mem type="soa" free="401420016" total="670606336" percent="59" />
      <mem type="loa" free="5296408" total="6773760" percent="78" />
    </mem>
    <remembered-set count="7047" />
  </mem-info>
</gc-start>
<allocation-stats totalBytes="202011392" >
  <allocated-bytes non-tlh="201245592" tlh="765800" />
  <largest-consumer threadName="dw-109 - POST /api/res/v1/director.tenants/batch" threadId="0000000002866F00" bytes="202011392" />
</allocation-stats>
<gc-op id="3216" type="scavenge" timems="7.763" contextid="3213" timestamp="2019-01-09T09:17:04.091">
  <scavenger-info tenureage="4" tenuremask="4010" tiltratio="90" />
  <memory-copied type="nursery" objects="104364" bytes="2883144" bytesdiscarded="210144" />
  <memory-copied type="tenure" objects="28818" bytes="752232" bytesdiscarded="440" />
  <ownableSynchronizers candidates="14009" cleared="0" />
</gc-op>
<gc-end id="3217" type="scavenge" contextid="3213" durationms="8.430" usertimems="37.443" systemtimems="1.922" timestamp="2019-01-09T09:17:04.092" activeThreads="16">
  <mem-info id="3218" free="608004048" total="905445376" percent="67">
    <mem type="nursery" free="202165464" total="228065280" percent="88">
      <mem type="allocate" free="202165464" total="205258752" percent="98" />
      <mem type="survivor" free="0" total="22806528" percent="0" />
    </mem>
    <mem type="tenure" free="405838584" total="677380096" percent="59" macro-fragmented="67117660">
      <mem type="soa" free="400542176" total="670606336" percent="59" />
      <mem type="loa" free="5296408" total="6773760" percent="78" />
    </mem>
    <remembered-set count="5865" />
  </mem-info>
</gc-end>
<cycle-end id="3219" type="scavenge" contextid="3213" timestamp="2019-01-09T09:17:04.092" />
<allocation-satisfied id="3220" threadId="0000000002866F00" bytesRequested="157992" />
<af-end id="3221" timestamp="2019-01-09T09:17:04.092" threadId="0000000002867860" success="true" from="nursery"/>
<exclusive-end id="3222" timestamp="2019-01-09T09:17:04.092" durationms="9.130" />

<exclusive-start id="3223" timestamp="2019-01-09T09:17:04.143" intervalms="60.590">
  <response-info timems="0.040" idlems="0.023" threads="1" lastid="0000000002581900" lastname="dw-93-acceptor-0@cb7d5a5d- RM APP @85622006{HTTP/1.1,[http/1.1]" />
</exclusive-start>
<af-start id="3224" threadId="0000000002867860" totalBytesRequested="163008" timestamp="2019-01-09T09:17:04.143" intervalms="60.583" type="nursery" />
<cycle-start id="3225" type="scavenge" contextid="0" timestamp="2019-01-09T09:17:04.144" intervalms="60.583" />
<gc-start id="3226" type="scavenge" contextid="3225" timestamp="2019-01-09T09:17:04.144">
  <mem-info id="3227" free="405967000" total="905445376" percent="44">
    <mem type="nursery" free="128416" total="228065280" percent="0">
      <mem type="allocate" free="128416" total="205258752" percent="0" />
      <mem type="survivor" free="0" total="22806528" percent="0" />
    </mem>
    <mem type="tenure" free="405838584" total="677380096" percent="59">
      <mem type="soa" free="400542176" total="670606336" percent="59" />
      <mem type="loa" free="5296408" total="6773760" percent="78" />
    </mem>
    <remembered-set count="7371" />
  </mem-info>
</gc-start>
<allocation-stats totalBytes="202036896" >
  <allocated-bytes non-tlh="201267000" tlh="769896" />
  <largest-consumer threadName="dw-109 - POST /api/res/v1/director.tenants/batch" threadId="0000000002866F00" bytes="202032800" />
</allocation-stats>
<gc-op id="3228" type="scavenge" timems="11.995" contextid="3225" timestamp="2019-01-09T09:17:04.156">
  <scavenger-info tenureage="4" tenuremask="4010" tiltratio="90" />
  <memory-copied type="nursery" objects="100602" bytes="2789952" bytesdiscarded="190080" />
  <memory-copied type="tenure" objects="27588" bytes="720192" bytesdiscarded="192" />
  <ownableSynchronizers candidates="13485" cleared="0" />
</gc-op>
<gc-end id="3229" type="scavenge" contextid="3225" durationms="12.617" usertimems="34.264" systemtimems="1.929" timestamp="2019-01-09T09:17:04.156" activeThreads="16">
  <mem-info id="3230" free="607376448" total="905445376" percent="67">
    <mem type="nursery" free="202278720" total="228065280" percent="88">
      <mem type="allocate" free="202278720" total="205258752" percent="98" />
      <mem type="survivor" free="0" total="22806528" percent="0" />
    </mem>
    <mem type="tenure" free="405097728" total="677380096" percent="59" macro-fragmented="67516106">
      <mem type="soa" free="399801320" total="670606336" percent="59" />
      <mem type="loa" free="5296408" total="6773760" percent="78" />
    </mem>
    <remembered-set count="5947" />
  </mem-info>
</gc-end>
<cycle-end id="3231" type="scavenge" contextid="3225" timestamp="2019-01-09T09:17:04.156" />
<allocation-satisfied id="3232" threadId="0000000002866F00" bytesRequested="163008" />
<af-end id="3233" timestamp="2019-01-09T09:17:04.157" threadId="0000000002867860" success="true" from="nursery"/>
<exclusive-end id="3234" timestamp="2019-01-09T09:17:04.157" durationms="13.273" />

<exclusive-start id="3235" timestamp="2019-01-09T09:17:04.209" intervalms="66.129">
  <response-info timems="0.046" idlems="0.027" threads="1" lastid="0000000002581900" lastname="dw-93-acceptor-0@cb7d5a5d- RM APP @85622006{HTTP/1.1,[http/1.1]" />
</exclusive-start>
<af-start id="3236" threadId="0000000002867860" totalBytesRequested="167880" timestamp="2019-01-09T09:17:04.210" intervalms="66.136" type="nursery" />
<cycle-start id="3237" type="scavenge" contextid="0" timestamp="2019-01-09T09:17:04.210" intervalms="66.145" />
<gc-start id="3238" type="scavenge" contextid="3237" timestamp="2019-01-09T09:17:04.210">
  <mem-info id="3239" free="405165240" total="905445376" percent="44">
    <mem type="nursery" free="67512" total="228065280" percent="0">
      <mem type="allocate" free="67512" total="205258752" percent="0" />
      <mem type="survivor" free="0" total="22806528" percent="0" />
    </mem>
    <mem type="tenure" free="405097728" total="677380096" percent="59">
      <mem type="soa" free="399801320" total="670606336" percent="59" />
      <mem type="loa" free="5296408" total="6773760" percent="78" />
    </mem>
    <remembered-set count="7354" />
  </mem-info>
</gc-start>
<allocation-stats totalBytes="202211008" >
  <allocated-bytes non-tlh="201510792" tlh="700216" />
  <largest-consumer threadName="dw-109 - POST /api/res/v1/director.tenants/batch" threadId="0000000002866F00" bytes="202186480" />
</allocation-stats>
<gc-op id="3240" type="scavenge" timems="6.040" contextid="3237" timestamp="2019-01-09T09:17:04.216">
  <scavenger-info tenureage="4" tenuremask="4010" tiltratio="90" />
  <memory-copied type="nursery" objects="97320" bytes="2709840" bytesdiscarded="146808" />
  <memory-copied type="tenure" objects="26505" bytes="691920" bytesdiscarded="416" />
  <ownableSynchronizers candidates="13018" cleared="0" />
</gc-op>
<gc-end id="3241" type="scavenge" contextid="3237" durationms="6.594" usertimems="34.671" systemtimems="1.972" timestamp="2019-01-09T09:17:04.216" activeThreads="16">
  <mem-info id="3242" free="606741608" total="905445376" percent="67">
    <mem type="nursery" free="202402104" total="228065280" percent="88">
      <mem type="allocate" free="202402104" total="205258752" percent="98" />
      <mem type="survivor" free="0" total="22806528" percent="0" />
    </mem>
    <mem type="tenure" free="404339504" total="677380096" percent="59" macro-fragmented="67373993">
      <mem type="soa" free="399043096" total="670606336" percent="59" />
      <mem type="loa" free="5296408" total="6773760" percent="78" />
    </mem>
    <remembered-set count="5995" />
  </mem-info>
</gc-end>
<cycle-end id="3243" type="scavenge" contextid="3237" timestamp="2019-01-09T09:17:04.217" />
<allocation-satisfied id="3244" threadId="0000000002866F00" bytesRequested="167880" />
<af-end id="3245" timestamp="2019-01-09T09:17:04.217" threadId="0000000002867860" success="true" from="nursery"/>
<exclusive-end id="3246" timestamp="2019-01-09T09:17:04.217" durationms="7.196" />

<exclusive-start id="3247" timestamp="2019-01-09T09:17:04.706" intervalms="496.377">
  <response-info timems="0.042" idlems="0.025" threads="1" lastid="0000000002581900" lastname="dw-93-acceptor-0@cb7d5a5d- RM APP @85622006{HTTP/1.1,[http/1.1]" />
</exclusive-start>
<af-start id="3248" threadId="0000000002867860" totalBytesRequested="16" timestamp="2019-01-09T09:17:04.706" intervalms="496.366" type="nursery" />
<cycle-start id="3249" type="scavenge" contextid="0" timestamp="2019-01-09T09:17:04.706" intervalms="496.359" />
<gc-start id="3250" type="scavenge" contextid="3249" timestamp="2019-01-09T09:17:04.706">
  <mem-info id="3251" free="404339504" total="905445376" percent="44">
    <mem type="nursery" free="0" total="228065280" percent="0">
      <mem type="allocate" free="0" total="205258752" percent="0" />
      <mem type="survivor" free="0" total="22806528" percent="0" />
    </mem>
    <mem type="tenure" free="404339504" total="677380096" percent="59">
      <mem type="soa" free="399043096" total="670606336" percent="59" />
      <mem type="loa" free="5296408" total="6773760" percent="78" />
    </mem>
    <remembered-set count="48421" />
  </mem-info>
</gc-start>
<allocation-stats totalBytes="202303544" >
  <allocated-bytes non-tlh="55196576" tlh="147106968" />
  <largest-consumer threadName="dw-109 - POST /api/res/v1/director.tenants/batch" threadId="0000000002866F00" bytes="202180904" />
</allocation-stats>
<gc-op id="3252" type="scavenge" timems="167.550" contextid="3249" timestamp="2019-01-09T09:17:04.874">
  <scavenger-info tenureage="4" tenuremask="4010" tiltratio="90" />
  <memory-copied type="nursery" objects="717685" bytes="22804560" bytesdiscarded="1968" />
  <memory-copied type="tenure" objects="2096610" bytes="52525872" bytesdiscarded="29160" />
  <copy-failed type="nursery" objects="2071875" bytes="51878008" />
  <ownableSynchronizers candidates="347551" cleared="6" />
</gc-op>
<gc-end id="3253" type="scavenge" contextid="3249" durationms="167.982" usertimems="859.551" systemtimems="13.502" timestamp="2019-01-09T09:17:04.874" activeThreads="16">
  <mem-info id="3254" free="443250160" total="905445376" percent="48">
    <mem type="nursery" free="91226112" total="228065280" percent="40">
      <mem type="allocate" free="91226112" total="114032640" percent="80" />
      <mem type="survivor" free="0" total="114032640" percent="0" />
    </mem>
    <mem type="tenure" free="352024048" total="677380096" percent="51" macro-fragmented="3100832">
      <mem type="soa" free="346727640" total="670606336" percent="51" />
      <mem type="loa" free="5296408" total="6773760" percent="78" />
    </mem>
    <remembered-set count="395464" />
  </mem-info>
</gc-end>
<cycle-end id="3255" type="scavenge" contextid="3249" timestamp="2019-01-09T09:17:04.875" />
<allocation-satisfied id="3256" threadId="0000000002866F00" bytesRequested="16" />
<af-end id="3257" timestamp="2019-01-09T09:17:04.875" threadId="0000000002867860" success="true" from="nursery"/>
<exclusive-end id="3258" timestamp="2019-01-09T09:17:04.875" durationms="169.253" />

<exclusive-start id="3259" timestamp="2019-01-09T09:17:05.627" intervalms="921.655">
  <response-info timems="0.052" idlems="0.029" threads="1" lastid="0000000002581900" lastname="dw-93-acceptor-0@cb7d5a5d- RM APP @85622006{HTTP/1.1,[http/1.1]" />
</exclusive-start>
<af-start id="3260" threadId="000000000285D760" totalBytesRequested="32" timestamp="2019-01-09T09:17:05.628" intervalms="921.664" type="nursery" />
<cycle-start id="3261" type="scavenge" contextid="0" timestamp="2019-01-09T09:17:05.628" intervalms="921.676" />
<gc-start id="3262" type="scavenge" contextid="3261" timestamp="2019-01-09T09:17:05.628">
  <mem-info id="3263" free="352022952" total="905445376" percent="38">
    <mem type="nursery" free="0" total="228065280" percent="0">
      <mem type="allocate" free="0" total="114032640" percent="0" />
      <mem type="survivor" free="0" total="114032640" percent="0" />
    </mem>
    <mem type="tenure" free="352022952" total="677380096" percent="51">
      <mem type="soa" free="346726544" total="670606336" percent="51" />
      <mem type="loa" free="5296408" total="6773760" percent="78" />
    </mem>
    <remembered-set count="421688" />
  </mem-info>
</gc-start>
<allocation-stats totalBytes="91134520" >
  <allocated-bytes non-tlh="3129152" tlh="88005368" />
  <largest-consumer threadName="dw-109" threadId="0000000002866F00" bytes="52440464" />
</allocation-stats>
<gc-op id="3264" type="scavenge" timems="73.159" contextid="3261" timestamp="2019-01-09T09:17:05.701">
  <scavenger-info tenureage="6" tenuremask="ffc0" tiltratio="50" />
  <memory-copied type="nursery" objects="2648829" bytes="72819672" bytesdiscarded="270984" />
  <finalization candidates="5" enqueued="5" />
  <ownableSynchronizers candidates="198206" cleared="22" />
  <references type="soft" candidates="45" cleared="0" enqueued="0" dynamicThreshold="21" maxThreshold="32" />
  <references type="weak" candidates="5" cleared="0" enqueued="0" />
  <references type="phantom" candidates="2" cleared="0" enqueued="0" />
</gc-op>
<gc-end id="3265" type="scavenge" contextid="3261" durationms="73.537" usertimems="706.021" systemtimems="7.333" timestamp="2019-01-09T09:17:05.701" activeThreads="16">
  <mem-info id="3266" free="392964856" total="905445376" percent="43">
    <mem type="nursery" free="40941904" total="228065280" percent="17">
      <mem type="allocate" free="40941904" total="114032640" percent="35" />
      <mem type="survivor" free="0" total="114032640" percent="0" />
    </mem>
    <mem type="tenure" free="352022952" total="677380096" percent="51" macro-fragmented="23959776">
      <mem type="soa" free="346726544" total="670606336" percent="51" />
      <mem type="loa" free="5296408" total="6773760" percent="78" />
    </mem>
    <pending-finalizers system="4" default="1" reference="0" classloader="0" />
    <remembered-set count="420965" />
  </mem-info>
</gc-end>
<cycle-end id="3267" type="scavenge" contextid="3261" timestamp="2019-01-09T09:17:05.702" />
<allocation-satisfied id="3268" threadId="000000000285CE00" bytesRequested="32" />
<af-end id="3269" timestamp="2019-01-09T09:17:05.702" threadId="000000000285D760" success="true" from="nursery"/>
<exclusive-end id="3270" timestamp="2019-01-09T09:17:05.702" durationms="74.182" />

<exclusive-start id="3271" timestamp="2019-01-09T09:17:06.193" intervalms="565.764">
  <response-info timems="0.083" idlems="0.045" threads="1" lastid="0000000002581900" lastname="dw-93-acceptor-0@cb7d5a5d- RM APP @85622006{HTTP/1.1,[http/1.1]" />
</exclusive-start>
<af-start id="3272" threadId="000000000285D760" totalBytesRequested="40" timestamp="2019-01-09T09:17:06.194" intervalms="565.995" type="nursery" />
<cycle-start id="3273" type="scavenge" contextid="0" timestamp="2019-01-09T09:17:06.194" intervalms="566.000" />
<gc-start id="3274" type="scavenge" contextid="3273" timestamp="2019-01-09T09:17:06.194">
  <mem-info id="3275" free="352022952" total="905445376" percent="38">
    <mem type="nursery" free="0" total="228065280" percent="0">
      <mem type="allocate" free="0" total="114032640" percent="0" />
      <mem type="survivor" free="0" total="114032640" percent="0" />
    </mem>
    <mem type="tenure" free="352022952" total="677380096" percent="51">
      <mem type="soa" free="346726544" total="670606336" percent="51" />
      <mem type="loa" free="5296408" total="6773760" percent="78" />
    </mem>
    <remembered-set count="421004" />
  </mem-info>
</gc-start>
<allocation-stats totalBytes="40939256" >
  <allocated-bytes non-tlh="2552568" tlh="38386688" />
  <largest-consumer threadName="dw-111 - POST /api/res/v1/director.tenants/batch" threadId="000000000285CE00" bytes="40759144" />
</allocation-stats>
<gc-op id="3276" type="scavenge" timems="118.584" contextid="3273" timestamp="2019-01-09T09:17:06.313">
  <scavenger-info tenureage="2" tenuremask="fffc" tiltratio="50" />
  <memory-copied type="nursery" objects="2636173" bytes="71045856" bytesdiscarded="399120" />
  <memory-copied type="tenure" objects="716260" bytes="22690056" bytesdiscarded="4776" />
  <ownableSynchronizers candidates="198196" cleared="13" />
  <references type="soft" candidates="45" cleared="0" enqueued="0" dynamicThreshold="21" maxThreshold="32" />
  <references type="weak" candidates="5" cleared="0" enqueued="0" />
  <references type="phantom" candidates="2" cleared="0" enqueued="0" />
</gc-op>
<gc-end id="3277" type="scavenge" contextid="3273" durationms="119.310" usertimems="726.891" systemtimems="21.215" timestamp="2019-01-09T09:17:06.313" activeThreads="16">
  <mem-info id="3278" free="371386328" total="905445376" percent="41">
    <mem type="nursery" free="42587656" total="228065280" percent="18">
      <mem type="allocate" free="42587656" total="114032640" percent="37" />
      <mem type="survivor" free="0" total="114032640" percent="0" />
    </mem>
    <mem type="tenure" free="328798672" total="677380096" percent="48" macro-fragmented="112457960">
      <mem type="soa" free="323502264" total="670606336" percent="48" />
      <mem type="loa" free="5296408" total="6773760" percent="78" />
    </mem>
    <remembered-set count="38937" />
  </mem-info>
</gc-end>
<cycle-end id="3279" type="scavenge" contextid="3273" timestamp="2019-01-09T09:17:06.313" />
<allocation-satisfied id="3280" threadId="000000000285CE00" bytesRequested="40" />
<af-end id="3281" timestamp="2019-01-09T09:17:06.313" threadId="000000000285D760" success="true" from="nursery"/>
<exclusive-end id="3282" timestamp="2019-01-09T09:17:06.313" durationms="120.231" />

<exclusive-start id="3283" timestamp="2019-01-09T09:17:06.722" intervalms="528.443">
  <response-info timems="0.046" idlems="0.028" threads="1" lastid="0000000002581900" lastname="dw-93-acceptor-0@cb7d5a5d- RM APP @85622006{HTTP/1.1,[http/1.1]" />
</exclusive-start>
<af-start id="3284" threadId="000000000285D760" totalBytesRequested="16" timestamp="2019-01-09T09:17:06.722" intervalms="528.220" type="nursery" />
<cycle-start id="3285" type="scavenge" contextid="0" timestamp="2019-01-09T09:17:06.722" intervalms="528.202" />
<gc-start id="3286" type="scavenge" contextid="3285" timestamp="2019-01-09T09:17:06.722">
  <mem-info id="3287" free="328798672" total="905445376" percent="36">
    <mem type="nursery" free="0" total="228065280" percent="0">
      <mem type="allocate" free="0" total="114032640" percent="0" />
      <mem type="survivor" free="0" total="114032640" percent="0" />
    </mem>
    <mem type="tenure" free="328798672" total="677380096" percent="48">
      <mem type="soa" free="323502264" total="670606336" percent="48" />
      <mem type="loa" free="5296408" total="6773760" percent="78" />
    </mem>
    <remembered-set count="38974" />
  </mem-info>
</gc-start>
<allocation-stats totalBytes="42584328" >
  <allocated-bytes non-tlh="1600712" tlh="40983616" />
  <largest-consumer threadName="dw-111 - POST /api/res/v1/director.tenants/batch" threadId="000000000285CE00" bytes="42441208" />
</allocation-stats>
<gc-op id="3288" type="scavenge" timems="73.178" contextid="3285" timestamp="2019-01-09T09:17:06.795">
  <scavenger-info tenureage="7" tenuremask="ff80" tiltratio="50" />
  <memory-copied type="nursery" objects="3039411" bytes="84462536" bytesdiscarded="195176" />
  <ownableSynchronizers candidates="76098" cleared="6" />
  <references type="soft" candidates="45" cleared="0" enqueued="0" dynamicThreshold="21" maxThreshold="32" />
  <references type="weak" candidates="5" cleared="0" enqueued="0" />
  <references type="phantom" candidates="2" cleared="0" enqueued="0" />
</gc-op>
<gc-end id="3289" type="scavenge" contextid="3285" durationms="73.502" usertimems="589.429" systemtimems="10.354" timestamp="2019-01-09T09:17:06.796" activeThreads="16">
  <mem-info id="3290" free="358173592" total="905445376" percent="39">
    <mem type="nursery" free="29374920" total="228065280" percent="12">
      <mem type="allocate" free="29374920" total="114032640" percent="25" />
      <mem type="survivor" free="0" total="114032640" percent="0" />
    </mem>
    <mem type="tenure" free="328798672" total="677380096" percent="48" macro-fragmented="112825274">
      <mem type="soa" free="323502264" total="670606336" percent="48" />
      <mem type="loa" free="5296408" total="6773760" percent="78" />
    </mem>
    <remembered-set count="38917" />
  </mem-info>
</gc-end>
<cycle-end id="3291" type="scavenge" contextid="3285" timestamp="2019-01-09T09:17:06.796" />
<allocation-satisfied id="3292" threadId="000000000285CE00" bytesRequested="16" />
<af-end id="3293" timestamp="2019-01-09T09:17:06.796" threadId="000000000285D760" success="true" from="nursery"/>
<exclusive-end id="3294" timestamp="2019-01-09T09:17:06.796" durationms="74.158" />

<exclusive-start id="3295" timestamp="2019-01-09T09:17:06.887" intervalms="165.587">
  <response-info timems="0.088" idlems="0.052" threads="1" lastid="0000000002581900" lastname="dw-93-acceptor-0@cb7d5a5d- RM APP @85622006{HTTP/1.1,[http/1.1]" />
</exclusive-start>
<af-start id="3296" threadId="000000000285D760" totalBytesRequested="11448" timestamp="2019-01-09T09:17:06.887" intervalms="165.578" type="nursery" />
<cycle-start id="3297" type="scavenge" contextid="0" timestamp="2019-01-09T09:17:06.888" intervalms="165.586" />
<gc-start id="3298" type="scavenge" contextid="3297" timestamp="2019-01-09T09:17:06.888">
  <mem-info id="3299" free="328798672" total="905445376" percent="36">
    <mem type="nursery" free="0" total="228065280" percent="0">
      <mem type="allocate" free="0" total="114032640" percent="0" />
      <mem type="survivor" free="0" total="114032640" percent="0" />
    </mem>
    <mem type="tenure" free="328798672" total="677380096" percent="48">
      <mem type="soa" free="323502264" total="670606336" percent="48" />
      <mem type="loa" free="5296408" total="6773760" percent="78" />
    </mem>
    <remembered-set count="38947" />
  </mem-info>
</gc-start>
<allocation-stats totalBytes="28903120" >
  <allocated-bytes non-tlh="3429952" tlh="25473168" />
  <largest-consumer threadName="dw-111 - POST /api/res/v1/director.tenants/batch" threadId="000000000285CE00" bytes="28829400" />
</allocation-stats>
<gc-op id="3300" type="scavenge" timems="38.608" contextid="3297" timestamp="2019-01-09T09:17:06.926">
  <scavenger-info tenureage="3" tenuremask="fff8" tiltratio="50" />
  <memory-copied type="nursery" objects="800659" bytes="26184432" bytesdiscarded="255616" />
  <memory-copied type="tenure" objects="625471" bytes="15438064" bytesdiscarded="4032" />
  <ownableSynchronizers candidates="81819" cleared="12" />
</gc-op>
<gc-end id="3301" type="scavenge" contextid="3297" durationms="38.993" usertimems="344.543" systemtimems="3.894" timestamp="2019-01-09T09:17:06.927" activeThreads="16">
  <mem-info id="3302" free="400933200" total="905445376" percent="44">
    <mem type="nursery" free="87592592" total="228065280" percent="38">
      <mem type="allocate" free="87592592" total="114032640" percent="76" />
      <mem type="survivor" free="0" total="114032640" percent="0" />
    </mem>
    <mem type="tenure" free="313340608" total="677380096" percent="46" macro-fragmented="49053701">
      <mem type="soa" free="308044200" total="670606336" percent="45" />
      <mem type="loa" free="5296408" total="6773760" percent="78" />
    </mem>
    <remembered-set count="565" />
  </mem-info>
</gc-end>
<cycle-end id="3303" type="scavenge" contextid="3297" timestamp="2019-01-09T09:17:06.927" />
<allocation-satisfied id="3304" threadId="000000000285CE00" bytesRequested="11448" />
<af-end id="3305" timestamp="2019-01-09T09:17:06.927" threadId="000000000285D760" success="true" from="nursery"/>
<exclusive-end id="3306" timestamp="2019-01-09T09:17:06.927" durationms="39.692" />

<exclusive-start id="3307" timestamp="2019-01-09T09:17:06.961" intervalms="74.022">
  <response-info timems="0.049" idlems="0.029" threads="1" lastid="0000000002581900" lastname="dw-93-acceptor-0@cb7d5a5d- RM APP @85622006{HTTP/1.1,[http/1.1]" />
</exclusive-start>
<af-start id="3308" threadId="000000000285D760" totalBytesRequested="27440" timestamp="2019-01-09T09:17:06.961" intervalms="74.026" type="nursery" />
<cycle-start id="3309" type="scavenge" contextid="0" timestamp="2019-01-09T09:17:06.962" intervalms="74.032" />
<gc-start id="3310" type="scavenge" contextid="3309" timestamp="2019-01-09T09:17:06.962">
  <mem-info id="3311" free="313340608" total="905445376" percent="34">
    <mem type="nursery" free="0" total="228065280" percent="0">
      <mem type="allocate" free="0" total="114032640" percent="0" />
      <mem type="survivor" free="0" total="114032640" percent="0" />
    </mem>
    <mem type="tenure" free="313340608" total="677380096" percent="46">
      <mem type="soa" free="308044200" total="670606336" percent="45" />
      <mem type="loa" free="5296408" total="6773760" percent="78" />
    </mem>
    <remembered-set count="582" />
  </mem-info>
</gc-start>
<allocation-stats totalBytes="80376224" >
  <allocated-bytes non-tlh="76992" tlh="80299232" />
  <largest-consumer threadName="dw-111 - POST /api/res/v1/director.tenants/batch" threadId="000000000285CE00" bytes="80314792" />
</allocation-stats>
<gc-op id="3312" type="scavenge" timems="28.800" contextid="3309" timestamp="2019-01-09T09:17:06.991">
  <scavenger-info tenureage="5" tenuremask="ffe0" tiltratio="50" />
  <memory-copied type="nursery" objects="876512" bytes="28326368" bytesdiscarded="164048" />
  <ownableSynchronizers candidates="13722" cleared="2" />
</gc-op>
<gc-end id="3313" type="scavenge" contextid="3309" durationms="29.673" usertimems="197.668" systemtimems="3.811" timestamp="2019-01-09T09:17:06.991" activeThreads="16">
  <mem-info id="3314" free="410744848" total="905445376" percent="45">
    <mem type="nursery" free="97404240" total="228065280" percent="42">
      <mem type="allocate" free="97404240" total="125894656" percent="77" />
      <mem type="survivor" free="0" total="102170624" percent="0" />
    </mem>
    <mem type="tenure" free="313340608" total="677380096" percent="46" macro-fragmented="48623669">
      <mem type="soa" free="308044200" total="670606336" percent="45" />
      <mem type="loa" free="5296408" total="6773760" percent="78" />
    </mem>
    <remembered-set count="565" />
  </mem-info>
</gc-end>
<cycle-end id="3315" type="scavenge" contextid="3309" timestamp="2019-01-09T09:17:06.992" />
<allocation-satisfied id="3316" threadId="000000000285CE00" bytesRequested="27440" />
<af-end id="3317" timestamp="2019-01-09T09:17:06.992" threadId="000000000285D760" success="true" from="nursery"/>
<exclusive-end id="3318" timestamp="2019-01-09T09:17:06.992" durationms="30.401" />

<exclusive-start id="3319" timestamp="2019-01-09T09:17:07.019" intervalms="58.076">
  <response-info timems="0.061" idlems="0.035" threads="1" lastid="0000000002581900" lastname="dw-93-acceptor-0@cb7d5a5d- RM APP @85622006{HTTP/1.1,[http/1.1]" />
</exclusive-start>
<af-start id="3320" threadId="000000000285D760" totalBytesRequested="37584" timestamp="2019-01-09T09:17:07.020" intervalms="58.071" type="nursery" />
<cycle-start id="3321" type="scavenge" contextid="0" timestamp="2019-01-09T09:17:07.020" intervalms="58.060" />
<gc-start id="3322" type="scavenge" contextid="3321" timestamp="2019-01-09T09:17:07.020">
  <mem-info id="3323" free="313340608" total="905445376" percent="34">
    <mem type="nursery" free="0" total="228065280" percent="0">
      <mem type="allocate" free="0" total="125894656" percent="0" />
      <mem type="survivor" free="0" total="102170624" percent="0" />
    </mem>
    <mem type="tenure" free="313340608" total="677380096" percent="46">
      <mem type="soa" free="308044200" total="670606336" percent="45" />
      <mem type="loa" free="5296408" total="6773760" percent="78" />
    </mem>
    <remembered-set count="575" />
  </mem-info>
</gc-start>
<allocation-stats totalBytes="83894264" >
  <allocated-bytes non-tlh="27440" tlh="83866824" />
  <largest-consumer threadName="dw-111 - POST /api/res/v1/director.tenants/batch" threadId="000000000285CE00" bytes="83857424" />
</allocation-stats>
<gc-op id="3324" type="scavenge" timems="24.188" contextid="3321" timestamp="2019-01-09T09:17:07.044">
  <scavenger-info tenureage="3" tenuremask="fff8" tiltratio="55" />
  <memory-copied type="nursery" objects="251799" bytes="8107472" bytesdiscarded="520328" />
  <memory-copied type="tenure" objects="672901" bytes="21486712" bytesdiscarded="7016" />
  <ownableSynchronizers candidates="18797" cleared="3" />
</gc-op>
<gc-end id="3325" type="scavenge" contextid="3321" durationms="24.554" usertimems="202.171" systemtimems="2.530" timestamp="2019-01-09T09:17:07.044" activeThreads="16">
  <mem-info id="3326" free="423179008" total="905445376" percent="46">
    <mem type="nursery" free="130898344" total="228065280" percent="57">
      <mem type="allocate" free="130898344" total="139526144" percent="93" />
      <mem type="survivor" free="0" total="88539136" percent="0" />
    </mem>
    <mem type="tenure" free="292280664" total="677380096" percent="43" macro-fragmented="16140604">
      <mem type="soa" free="286984256" total="670606336" percent="42" />
      <mem type="loa" free="5296408" total="6773760" percent="78" />
    </mem>
    <remembered-set count="562" />
  </mem-info>
</gc-end>
<cycle-end id="3327" type="scavenge" contextid="3321" timestamp="2019-01-09T09:17:07.044" />
<allocation-satisfied id="3328" threadId="000000000285CE00" bytesRequested="37584" />
<af-end id="3329" timestamp="2019-01-09T09:17:07.045" threadId="000000000285D760" success="true" from="nursery"/>
<exclusive-end id="3330" timestamp="2019-01-09T09:17:07.045" durationms="25.201" />

<exclusive-start id="3331" timestamp="2019-01-09T09:17:07.076" intervalms="57.002">
  <response-info timems="0.050" idlems="0.029" threads="1" lastid="0000000002581900" lastname="dw-93-acceptor-0@cb7d5a5d- RM APP @85622006{HTTP/1.1,[http/1.1]" />
</exclusive-start>
<af-start id="3332" threadId="000000000285D760" totalBytesRequested="47488" timestamp="2019-01-09T09:17:07.077" intervalms="57.017" type="nursery" />
<cycle-start id="3333" type="scavenge" contextid="0" timestamp="2019-01-09T09:17:07.077" intervalms="57.017" />
<gc-start id="3334" type="scavenge" contextid="3333" timestamp="2019-01-09T09:17:07.077">
  <mem-info id="3335" free="292280664" total="905445376" percent="32">
    <mem type="nursery" free="0" total="228065280" percent="0">
      <mem type="allocate" free="0" total="139526144" percent="0" />
      <mem type="survivor" free="0" total="88539136" percent="0" />
    </mem>
    <mem type="tenure" free="292280664" total="677380096" percent="43">
      <mem type="soa" free="286984256" total="670606336" percent="42" />
      <mem type="loa" free="5296408" total="6773760" percent="78" />
    </mem>
    <remembered-set count="563" />
  </mem-info>
</gc-start>
<allocation-stats totalBytes="106621712" >
  <allocated-bytes non-tlh="112776" tlh="106508936" />
  <largest-consumer threadName="dw-111 - POST /api/res/v1/director.tenants/batch" threadId="000000000285CE00" bytes="106617616" />
</allocation-stats>
<gc-op id="3336" type="scavenge" timems="9.630" contextid="3333" timestamp="2019-01-09T09:17:07.086">
  <scavenger-info tenureage="3" tenuremask="ffc8" tiltratio="61" />
  <memory-copied type="nursery" objects="175558" bytes="4817424" bytesdiscarded="351872" />
  <memory-copied type="tenure" objects="123254" bytes="4527016" bytesdiscarded="1776" />
  <ownableSynchronizers candidates="23744" cleared="0" />
</gc-op>
<gc-end id="3337" type="scavenge" contextid="3333" durationms="9.949" usertimems="68.755" systemtimems="0.926" timestamp="2019-01-09T09:17:07.087" activeThreads="16">
  <mem-info id="3338" free="437697760" total="905445376" percent="48">
    <mem type="nursery" free="150085488" total="228065280" percent="65">
      <mem type="allocate" free="150085488" total="155254784" percent="96" />
      <mem type="survivor" free="0" total="72810496" percent="0" />
    </mem>
    <mem type="tenure" free="287612272" total="677380096" percent="42" macro-fragmented="33776469">
      <mem type="soa" free="282315864" total="670606336" percent="42" />
      <mem type="loa" free="5296408" total="6773760" percent="78" />
    </mem>
    <remembered-set count="2278" />
  </mem-info>
</gc-end>
<cycle-end id="3339" type="scavenge" contextid="3333" timestamp="2019-01-09T09:17:07.087" />
<allocation-satisfied id="3340" threadId="000000000285CE00" bytesRequested="47488" />
<af-end id="3341" timestamp="2019-01-09T09:17:07.087" threadId="000000000285D760" success="true" from="nursery"/>
<exclusive-end id="3342" timestamp="2019-01-09T09:17:07.087" durationms="10.608" />

<exclusive-start id="3343" timestamp="2019-01-09T09:17:07.126" intervalms="49.753">
  <response-info timems="0.063" idlems="0.036" threads="1" lastid="0000000002581900" lastname="dw-93-acceptor-0@cb7d5a5d- RM APP @85622006{HTTP/1.1,[http/1.1]" />
</exclusive-start>
<af-start id="3344" threadId="000000000285D760" totalBytesRequested="56632" timestamp="2019-01-09T09:17:07.126" intervalms="49.752" type="nursery" />
<cycle-start id="3345" type="scavenge" contextid="0" timestamp="2019-01-09T09:17:07.126" intervalms="49.754" />
<gc-start id="3346" type="scavenge" contextid="3345" timestamp="2019-01-09T09:17:07.127">
  <mem-info id="3347" free="287612272" total="905445376" percent="31">
    <mem type="nursery" free="0" total="228065280" percent="0">
      <mem type="allocate" free="0" total="155254784" percent="0" />
      <mem type="survivor" free="0" total="72810496" percent="0" />
    </mem>
    <mem type="tenure" free="287612272" total="677380096" percent="42">
      <mem type="soa" free="282315864" total="670606336" percent="42" />
      <mem type="loa" free="5296408" total="6773760" percent="78" />
    </mem>
    <remembered-set count="2454" />
  </mem-info>
</gc-start>
<allocation-stats totalBytes="120785736" >
  <allocated-bytes non-tlh="773272" tlh="120012464" />
  <largest-consumer threadName="dw-111 - POST /api/res/v1/director.tenants/batch" threadId="000000000285CE00" bytes="120785736" />
</allocation-stats>
<gc-op id="3348" type="scavenge" timems="9.472" contextid="3345" timestamp="2019-01-09T09:17:07.136">
  <scavenger-info tenureage="3" tenuremask="ffe8" tiltratio="68" />
  <memory-copied type="nursery" objects="143922" bytes="4195616" bytesdiscarded="251688" />
  <memory-copied type="tenure" objects="76393" bytes="1992848" bytesdiscarded="480" />
  <ownableSynchronizers candidates="22593" cleared="0" />
</gc-op>
<gc-end id="3349" type="scavenge" contextid="3345" durationms="9.808" usertimems="59.842" systemtimems="0.010" timestamp="2019-01-09T09:17:07.136" activeThreads="16">
  <mem-info id="3350" free="449927464" total="905445376" percent="49">
    <mem type="nursery" free="164242360" total="228065280" percent="72">
      <mem type="allocate" free="164242360" total="168689664" percent="97" />
      <mem type="survivor" free="0" total="59375616" percent="0" />
    </mem>
    <mem type="tenure" free="285685104" total="677380096" percent="42" macro-fragmented="19400671">
      <mem type="soa" free="280388696" total="670606336" percent="41" />
      <mem type="loa" free="5296408" total="6773760" percent="78" />
    </mem>
    <remembered-set count="4238" />
  </mem-info>
</gc-end>
<cycle-end id="3351" type="scavenge" contextid="3345" timestamp="2019-01-09T09:17:07.137" />
<allocation-satisfied id="3352" threadId="000000000285CE00" bytesRequested="56632" />
<af-end id="3353" timestamp="2019-01-09T09:17:07.137" threadId="000000000285D760" success="true" from="nursery"/>
<exclusive-end id="3354" timestamp="2019-01-09T09:17:07.137" durationms="10.468" />

<exclusive-start id="3355" timestamp="2019-01-09T09:17:07.180" intervalms="54.367">
  <response-info timems="0.051" idlems="0.030" threads="1" lastid="0000000002581900" lastname="dw-93-acceptor-0@cb7d5a5d- RM APP @85622006{HTTP/1.1,[http/1.1]" />
</exclusive-start>
<af-start id="3356" threadId="000000000285D760" totalBytesRequested="66408" timestamp="2019-01-09T09:17:07.181" intervalms="54.351" type="nursery" />
<cycle-start id="3357" type="scavenge" contextid="0" timestamp="2019-01-09T09:17:07.181" intervalms="54.358" />
<gc-start id="3358" type="scavenge" contextid="3357" timestamp="2019-01-09T09:17:07.181">
  <mem-info id="3359" free="285734192" total="905445376" percent="31">
    <mem type="nursery" free="49088" total="228065280" percent="0">
      <mem type="allocate" free="49088" total="168689664" percent="0" />
      <mem type="survivor" free="0" total="59375616" percent="0" />
    </mem>
    <mem type="tenure" free="285685104" total="677380096" percent="42">
      <mem type="soa" free="280388696" total="670606336" percent="41" />
      <mem type="loa" free="5296408" total="6773760" percent="78" />
    </mem>
    <remembered-set count="5016" />
  </mem-info>
</gc-start>
<allocation-stats totalBytes="151697960" >
  <allocated-bytes non-tlh="14992312" tlh="136705648" />
  <largest-consumer threadName="dw-111 - POST /api/res/v1/director.tenants/batch" threadId="000000000285CE00" bytes="151685672" />
</allocation-stats>
<gc-op id="3360" type="scavenge" timems="9.527" contextid="3357" timestamp="2019-01-09T09:17:07.190">
  <scavenger-info tenureage="5" tenuremask="ffe0" tiltratio="73" />
  <memory-copied type="nursery" objects="190262" bytes="5413392" bytesdiscarded="95848" />
  <ownableSynchronizers candidates="19485" cleared="0" />
</gc-op>
<gc-end id="3361" type="scavenge" contextid="3357" durationms="10.185" usertimems="45.171" systemtimems="3.899" timestamp="2019-01-09T09:17:07.191" activeThreads="16">
  <mem-info id="3362" free="459154680" total="905445376" percent="50">
    <mem type="nursery" free="173469576" total="228065280" percent="76">
      <mem type="allocate" free="173469576" total="178978816" percent="96" />
      <mem type="survivor" free="0" total="49086464" percent="0" />
    </mem>
    <mem type="tenure" free="285685104" total="677380096" percent="42" macro-fragmented="19481304">
      <mem type="soa" free="280388696" total="670606336" percent="41" />
      <mem type="loa" free="5296408" total="6773760" percent="78" />
    </mem>
    <remembered-set count="5014" />
  </mem-info>
</gc-end>
<cycle-end id="3363" type="scavenge" contextid="3357" timestamp="2019-01-09T09:17:07.191" />
<allocation-satisfied id="3364" threadId="000000000285CE00" bytesRequested="66408" />
<af-end id="3365" timestamp="2019-01-09T09:17:07.191" threadId="000000000285D760" success="true" from="nursery"/>
<exclusive-end id="3366" timestamp="2019-01-09T09:17:07.191" durationms="10.865" />

<exclusive-start id="3367" timestamp="2019-01-09T09:17:07.245" intervalms="64.393">
  <response-info timems="0.049" idlems="0.029" threads="1" lastid="0000000002581900" lastname="dw-93-acceptor-0@cb7d5a5d- RM APP @85622006{HTTP/1.1,[http/1.1]" />
</exclusive-start>
<af-start id="3368" threadId="000000000285D760" totalBytesRequested="76072" timestamp="2019-01-09T09:17:07.245" intervalms="64.395" type="nursery" />
<cycle-start id="3369" type="scavenge" contextid="0" timestamp="2019-01-09T09:17:07.245" intervalms="64.393" />
<gc-start id="3370" type="scavenge" contextid="3369" timestamp="2019-01-09T09:17:07.245">
  <mem-info id="3371" free="285729792" total="905445376" percent="31">
    <mem type="nursery" free="44688" total="228065280" percent="0">
      <mem type="allocate" free="44688" total="178978816" percent="0" />
      <mem type="survivor" free="0" total="49086464" percent="0" />
    </mem>
    <mem type="tenure" free="285685104" total="677380096" percent="42">
      <mem type="soa" free="280388696" total="670606336" percent="41" />
      <mem type="loa" free="5296408" total="6773760" percent="78" />
    </mem>
    <remembered-set count="5256" />
  </mem-info>
</gc-start>
<allocation-stats totalBytes="173424720" >
  <allocated-bytes non-tlh="170606840" tlh="2817880" />
  <largest-consumer threadName="dw-111 - POST /api/res/v1/director.tenants/batch" threadId="000000000285CE00" bytes="173424720" />
</allocation-stats>
<gc-op id="3372" type="scavenge" timems="9.855" contextid="3369" timestamp="2019-01-09T09:17:07.255">
  <scavenger-info tenureage="3" tenuremask="fff8" tiltratio="78" />
  <memory-copied type="nursery" objects="141890" bytes="4158064" bytesdiscarded="269512" />
  <memory-copied type="tenure" objects="94268" bytes="2462976" bytesdiscarded="712" />
  <ownableSynchronizers candidates="24317" cleared="0" />
</gc-op>
<gc-end id="3373" type="scavenge" contextid="3369" durationms="10.534" usertimems="62.985" systemtimems="0.029" timestamp="2019-01-09T09:17:07.256" activeThreads="16">
  <mem-info id="3374" free="466316968" total="905445376" percent="51">
    <mem type="nursery" free="183005384" total="228065280" percent="80">
      <mem type="allocate" free="183005384" total="187432960" percent="97" />
      <mem type="survivor" free="0" total="40632320" percent="0" />
    </mem>
    <mem type="tenure" free="283311584" total="677380096" percent="41" macro-fragmented="14634799">
      <mem type="soa" free="278015176" total="670606336" percent="41" />
      <mem type="loa" free="5296408" total="6773760" percent="78" />
    </mem>
    <remembered-set count="4964" />
  </mem-info>
</gc-end>
<cycle-end id="3375" type="scavenge" contextid="3369" timestamp="2019-01-09T09:17:07.256" />
<allocation-satisfied id="3376" threadId="000000000285CE00" bytesRequested="76072" />
<af-end id="3377" timestamp="2019-01-09T09:17:07.256" threadId="000000000285D760" success="true" from="nursery"/>
<exclusive-end id="3378" timestamp="2019-01-09T09:17:07.256" durationms="11.264" />

<exclusive-start id="3379" timestamp="2019-01-09T09:17:07.312" intervalms="67.363">
  <response-info timems="0.072" idlems="0.041" threads="1" lastid="0000000002581900" lastname="dw-93-acceptor-0@cb7d5a5d- RM APP @85622006{HTTP/1.1,[http/1.1]" />
</exclusive-start>
<af-start id="3380" threadId="000000000285D760" totalBytesRequested="85088" timestamp="2019-01-09T09:17:07.312" intervalms="67.360" type="nursery" />
<cycle-start id="3381" type="scavenge" contextid="0" timestamp="2019-01-09T09:17:07.312" intervalms="67.359" />
<gc-start id="3382" type="scavenge" contextid="3381" timestamp="2019-01-09T09:17:07.313">
  <mem-info id="3383" free="283367088" total="905445376" percent="31">
    <mem type="nursery" free="55504" total="228065280" percent="0">
      <mem type="allocate" free="55504" total="187432960" percent="0" />
      <mem type="survivor" free="0" total="40632320" percent="0" />
    </mem>
    <mem type="tenure" free="283311584" total="677380096" percent="41">
      <mem type="soa" free="278015176" total="670606336" percent="41" />
      <mem type="loa" free="5296408" total="6773760" percent="78" />
    </mem>
    <remembered-set count="5661" />
  </mem-info>
</gc-start>
<allocation-stats totalBytes="182949544" >
  <allocated-bytes non-tlh="179928568" tlh="3020976" />
  <largest-consumer threadName="dw-111 - POST /api/res/v1/director.tenants/batch" threadId="000000000285CE00" bytes="182945448" />
</allocation-stats>
<gc-op id="3384" type="scavenge" timems="6.183" contextid="3381" timestamp="2019-01-09T09:17:07.319">
  <scavenger-info tenureage="3" tenuremask="ffc8" tiltratio="82" />
  <memory-copied type="nursery" objects="135090" bytes="3609800" bytesdiscarded="205464" />
  <memory-copied type="tenure" objects="49645" bytes="1675768" bytesdiscarded="504" />
  <ownableSynchronizers candidates="18802" cleared="0" />
</gc-op>
<gc-end id="3385" type="scavenge" contextid="3381" durationms="6.842" usertimems="45.560" systemtimems="0.000" timestamp="2019-01-09T09:17:07.319" activeThreads="16">
  <mem-info id="3386" free="472457960" total="905445376" percent="52">
    <mem type="nursery" free="190761120" total="228065280" percent="83">
      <mem type="allocate" free="190761120" total="194576384" percent="98" />
      <mem type="survivor" free="0" total="33488896" percent="0" />
    </mem>
    <mem type="tenure" free="281696840" total="677380096" percent="41" macro-fragmented="15270901">
      <mem type="soa" free="276400432" total="670606336" percent="41" />
      <mem type="loa" free="5296408" total="6773760" percent="78" />
    </mem>
    <remembered-set count="6108" />
  </mem-info>
</gc-end>
<cycle-end id="3387" type="scavenge" contextid="3381" timestamp="2019-01-09T09:17:07.320" />
<allocation-satisfied id="3388" threadId="000000000285CE00" bytesRequested="85088" />
<af-end id="3389" timestamp="2019-01-09T09:17:07.320" threadId="000000000285D760" success="true" from="nursery"/>
<exclusive-end id="3390" timestamp="2019-01-09T09:17:07.320" durationms="7.499" />

<exclusive-start id="3391" timestamp="2019-01-09T09:17:07.378" intervalms="65.346">
  <response-info timems="0.070" idlems="0.041" threads="1" lastid="0000000002581900" lastname="dw-93-acceptor-0@cb7d5a5d- RM APP @85622006{HTTP/1.1,[http/1.1]" />
</exclusive-start>
<af-start id="3392" threadId="000000000285D760" totalBytesRequested="93576" timestamp="2019-01-09T09:17:07.378" intervalms="65.377" type="nursery" />
<cycle-start id="3393" type="scavenge" contextid="0" timestamp="2019-01-09T09:17:07.378" intervalms="65.386" />
<gc-start id="3394" type="scavenge" contextid="3393" timestamp="2019-01-09T09:17:07.378">
  <mem-info id="3395" free="281764608" total="905445376" percent="31">
    <mem type="nursery" free="67768" total="228065280" percent="0">
      <mem type="allocate" free="67768" total="194576384" percent="0" />
      <mem type="survivor" free="0" total="33488896" percent="0" />
    </mem>
    <mem type="tenure" free="281696840" total="677380096" percent="41">
      <mem type="soa" free="276400432" total="670606336" percent="41" />
      <mem type="loa" free="5296408" total="6773760" percent="78" />
    </mem>
    <remembered-set count="7195" />
  </mem-info>
</gc-start>
<allocation-stats totalBytes="190692944" >
  <allocated-bytes non-tlh="187047912" tlh="3645032" />
  <largest-consumer threadName="dw-111 - POST /api/res/v1/director.tenants/batch" threadId="000000000285CE00" bytes="190652032" />
</allocation-stats>
<gc-op id="3396" type="scavenge" timems="6.362" contextid="3393" timestamp="2019-01-09T09:17:07.384">
  <scavenger-info tenureage="3" tenuremask="ffe8" tiltratio="85" />
  <memory-copied type="nursery" objects="129130" bytes="3465104" bytesdiscarded="158192" />
  <memory-copied type="tenure" objects="46340" bytes="1208000" bytesdiscarded="1040" />
  <ownableSynchronizers candidates="18473" cleared="0" />
</gc-op>
<gc-end id="3397" type="scavenge" contextid="3393" durationms="7.116" usertimems="42.693" systemtimems="2.996" timestamp="2019-01-09T09:17:07.385" activeThreads="16">
  <mem-info id="3398" free="477276272" total="905445376" percent="52">
    <mem type="nursery" free="196785792" total="228065280" percent="86">
      <mem type="allocate" free="196785792" total="200409088" percent="98" />
      <mem type="survivor" free="0" total="27656192" percent="0" />
    </mem>
    <mem type="tenure" free="280490480" total="677380096" percent="41" macro-fragmented="0">
      <mem type="soa" free="275194072" total="670606336" percent="41" />
      <mem type="loa" free="5296408" total="6773760" percent="78" />
    </mem>
    <remembered-set count="5794" />
  </mem-info>
</gc-end>
<cycle-end id="3399" type="scavenge" contextid="3393" timestamp="2019-01-09T09:17:07.385" />
<allocation-satisfied id="3400" threadId="000000000285CE00" bytesRequested="93576" />
<af-end id="3401" timestamp="2019-01-09T09:17:07.385" threadId="000000000285D760" success="true" from="nursery"/>
<exclusive-end id="3402" timestamp="2019-01-09T09:17:07.386" durationms="7.928" />

<exclusive-start id="3403" timestamp="2019-01-09T09:17:07.457" intervalms="79.614">
  <response-info timems="0.078" idlems="0.050" threads="1" lastid="0000000002581900" lastname="dw-93-acceptor-0@cb7d5a5d- RM APP @85622006{HTTP/1.1,[http/1.1]" />
</exclusive-start>
<af-start id="3404" threadId="000000000285D760" totalBytesRequested="101544" timestamp="2019-01-09T09:17:07.458" intervalms="79.908" type="nursery" />
<cycle-start id="3405" type="scavenge" contextid="0" timestamp="2019-01-09T09:17:07.458" intervalms="79.905" />
<gc-start id="3406" type="scavenge" contextid="3405" timestamp="2019-01-09T09:17:07.458">
  <mem-info id="3407" free="280585632" total="905445376" percent="30">
    <mem type="nursery" free="95152" total="228065280" percent="0">
      <mem type="allocate" free="95152" total="200409088" percent="0" />
      <mem type="survivor" free="0" total="27656192" percent="0" />
    </mem>
    <mem type="tenure" free="280490480" total="677380096" percent="41">
      <mem type="soa" free="275194072" total="670606336" percent="41" />
      <mem type="loa" free="5296408" total="6773760" percent="78" />
    </mem>
    <remembered-set count="7577" />
  </mem-info>
</gc-start>
<allocation-stats totalBytes="196690080" >
  <allocated-bytes non-tlh="192583424" tlh="4106656" />
  <largest-consumer threadName="dw-111 - POST /api/res/v1/director.tenants/batch" threadId="000000000285CE00" bytes="196645088" />
</allocation-stats>
<gc-op id="3408" type="scavenge" timems="13.431" contextid="3405" timestamp="2019-01-09T09:17:07.471">
  <scavenger-info tenureage="3" tenuremask="ffe8" tiltratio="87" />
  <memory-copied type="nursery" objects="133579" bytes="4351216" bytesdiscarded="239312" />
  <memory-copied type="tenure" objects="44766" bytes="1170864" bytesdiscarded="272" />
  <ownableSynchronizers candidates="17573" cleared="0" />
</gc-op>
<gc-end id="3409" type="scavenge" contextid="3405" durationms="14.123" usertimems="51.809" systemtimems="2.767" timestamp="2019-01-09T09:17:07.472" activeThreads="16">
  <mem-info id="3410" free="479254640" total="905445376" percent="52">
    <mem type="nursery" free="200078400" total="228065280" percent="87">
      <mem type="allocate" free="200078400" total="204668928" percent="97" />
      <mem type="survivor" free="0" total="23396352" percent="0" />
    </mem>
    <mem type="tenure" free="279176240" total="677380096" percent="41" macro-fragmented="45643478">
      <mem type="soa" free="273879832" total="670606336" percent="40" />
      <mem type="loa" free="5296408" total="6773760" percent="78" />
    </mem>
    <remembered-set count="6447" />
  </mem-info>
</gc-end>
<cycle-end id="3411" type="scavenge" contextid="3405" timestamp="2019-01-09T09:17:07.472" />
<allocation-satisfied id="3412" threadId="000000000285CE00" bytesRequested="101544" />
<af-end id="3413" timestamp="2019-01-09T09:17:07.472" threadId="000000000285D760" success="true" from="nursery"/>
<exclusive-end id="3414" timestamp="2019-01-09T09:17:07.472" durationms="15.156" />

<exclusive-start id="3415" timestamp="2019-01-09T09:17:07.532" intervalms="74.780">
  <response-info timems="0.064" idlems="0.036" threads="1" lastid="0000000002581900" lastname="dw-93-acceptor-0@cb7d5a5d- RM APP @85622006{HTTP/1.1,[http/1.1]" />
</exclusive-start>
<af-start id="3416" threadId="000000000285D760" totalBytesRequested="109104" timestamp="2019-01-09T09:17:07.532" intervalms="74.458" type="nursery" />
<cycle-start id="3417" type="scavenge" contextid="0" timestamp="2019-01-09T09:17:07.532" intervalms="74.470" />
<gc-start id="3418" type="scavenge" contextid="3417" timestamp="2019-01-09T09:17:07.532">
  <mem-info id="3419" free="279245304" total="905445376" percent="30">
    <mem type="nursery" free="69064" total="228065280" percent="0">
      <mem type="allocate" free="69064" total="204668928" percent="0" />
      <mem type="survivor" free="0" total="23396352" percent="0" />
    </mem>
    <mem type="tenure" free="279176240" total="677380096" percent="41">
      <mem type="soa" free="273879832" total="670606336" percent="40" />
      <mem type="loa" free="5296408" total="6773760" percent="78" />
    </mem>
    <remembered-set count="8174" />
  </mem-info>
</gc-start>
<allocation-stats totalBytes="200008784" >
  <allocated-bytes non-tlh="194938488" tlh="5070296" />
  <largest-consumer threadName="dw-111 - POST /api/res/v1/director.tenants/batch" threadId="000000000285CE00" bytes="199984224" />
</allocation-stats>
<gc-op id="3420" type="scavenge" timems="6.187" contextid="3417" timestamp="2019-01-09T09:17:07.539">
  <scavenger-info tenureage="3" tenuremask="ffe8" tiltratio="89" />
  <memory-copied type="nursery" objects="127154" bytes="4190760" bytesdiscarded="181528" />
  <memory-copied type="tenure" objects="42392" bytes="1107608" bytesdiscarded="264" />
  <ownableSynchronizers candidates="16520" cleared="0" />
</gc-op>
<gc-end id="3421" type="scavenge" contextid="3417" durationms="6.564" usertimems="46.220" systemtimems="1.669" timestamp="2019-01-09T09:17:07.539" activeThreads="16">
  <mem-info id="3422" free="478933288" total="905445376" percent="52">
    <mem type="nursery" free="200886464" total="228065280" percent="88">
      <mem type="allocate" free="200886464" total="205258752" percent="97" />
      <mem type="survivor" free="0" total="22806528" percent="0" />
    </mem>
    <mem type="tenure" free="278046824" total="677380096" percent="41" macro-fragmented="0">
      <mem type="soa" free="272750416" total="670606336" percent="40" />
      <mem type="loa" free="5296408" total="6773760" percent="78" />
    </mem>
    <remembered-set count="6756" />
  </mem-info>
</gc-end>
<cycle-end id="3423" type="scavenge" contextid="3417" timestamp="2019-01-09T09:17:07.539" />
<allocation-satisfied id="3424" threadId="000000000285CE00" bytesRequested="109104" />
<af-end id="3425" timestamp="2019-01-09T09:17:07.539" threadId="000000000285D760" success="true" from="nursery"/>
<exclusive-end id="3426" timestamp="2019-01-09T09:17:07.539" durationms="7.258" />

<exclusive-start id="3427" timestamp="2019-01-09T09:17:07.600" intervalms="67.668">
  <response-info timems="0.064" idlems="0.037" threads="1" lastid="0000000002581900" lastname="dw-93-acceptor-0@cb7d5a5d- RM APP @85622006{HTTP/1.1,[http/1.1]" />
</exclusive-start>
<af-start id="3428" threadId="000000000285D760" totalBytesRequested="116200" timestamp="2019-01-09T09:17:07.600" intervalms="67.673" type="nursery" />
<cycle-start id="3429" type="scavenge" contextid="0" timestamp="2019-01-09T09:17:07.600" intervalms="67.657" />
<gc-start id="3430" type="scavenge" contextid="3429" timestamp="2019-01-09T09:17:07.600">
  <mem-info id="3431" free="278108400" total="905445376" percent="30">
    <mem type="nursery" free="61576" total="228065280" percent="0">
      <mem type="allocate" free="61576" total="205258752" percent="0" />
      <mem type="survivor" free="0" total="22806528" percent="0" />
    </mem>
    <mem type="tenure" free="278046824" total="677380096" percent="41">
      <mem type="soa" free="272750416" total="670606336" percent="40" />
      <mem type="loa" free="5296408" total="6773760" percent="78" />
    </mem>
    <remembered-set count="7613" />
  </mem-info>
</gc-start>
<allocation-stats totalBytes="200824192" >
  <allocated-bytes non-tlh="194185504" tlh="6638688" />
  <largest-consumer threadName="dw-111 - POST /api/res/v1/director.tenants/batch" threadId="000000000285CE00" bytes="200811904" />
</allocation-stats>
<gc-op id="3432" type="scavenge" timems="9.024" contextid="3429" timestamp="2019-01-09T09:17:07.609">
  <scavenger-info tenureage="3" tenuremask="ffe8" tiltratio="90" />
  <memory-copied type="nursery" objects="120957" bytes="4034384" bytesdiscarded="130728" />
  <memory-copied type="tenure" objects="39903" bytes="1043376" bytesdiscarded="528" />
  <ownableSynchronizers candidates="15558" cleared="0" />
</gc-op>
<gc-end id="3433" type="scavenge" contextid="3429" durationms="9.421" usertimems="45.212" systemtimems="2.454" timestamp="2019-01-09T09:17:07.609" activeThreads="16">
  <mem-info id="3434" free="478143424" total="905445376" percent="52">
    <mem type="nursery" free="201093640" total="228065280" percent="88">
      <mem type="allocate" free="201093640" total="205258752" percent="97" />
      <mem type="survivor" free="0" total="22806528" percent="0" />
    </mem>
    <mem type="tenure" free="277049784" total="677380096" percent="40" macro-fragmented="0">
      <mem type="soa" free="271753376" total="670606336" percent="40" />
      <mem type="loa" free="5296408" total="6773760" percent="78" />
    </mem>
    <remembered-set count="5752" />
  </mem-info>
</gc-end>
<cycle-end id="3435" type="scavenge" contextid="3429" timestamp="2019-01-09T09:17:07.610" />
<allocation-satisfied id="3436" threadId="000000000285CE00" bytesRequested="116200" />
<af-end id="3437" timestamp="2019-01-09T09:17:07.610" threadId="000000000285D760" success="true" from="nursery"/>
<exclusive-end id="3438" timestamp="2019-01-09T09:17:07.610" durationms="10.098" />

<exclusive-start id="3439" timestamp="2019-01-09T09:17:07.671" intervalms="71.223">
  <response-info timems="0.067" idlems="0.038" threads="1" lastid="0000000002581900" lastname="dw-93-acceptor-0@cb7d5a5d- RM APP @85622006{HTTP/1.1,[http/1.1]" />
</exclusive-start>
<af-start id="3440" threadId="000000000285D760" totalBytesRequested="122896" timestamp="2019-01-09T09:17:07.671" intervalms="71.552" type="nursery" />
<cycle-start id="3441" type="scavenge" contextid="0" timestamp="2019-01-09T09:17:07.671" intervalms="71.554" />
<gc-start id="3442" type="scavenge" contextid="3441" timestamp="2019-01-09T09:17:07.672">
  <mem-info id="3443" free="277112584" total="905445376" percent="30">
    <mem type="nursery" free="62800" total="228065280" percent="0">
      <mem type="allocate" free="62800" total="205258752" percent="0" />
      <mem type="survivor" free="0" total="22806528" percent="0" />
    </mem>
    <mem type="tenure" free="277049784" total="677380096" percent="40">
      <mem type="soa" free="271753376" total="670606336" percent="40" />
      <mem type="loa" free="5296408" total="6773760" percent="78" />
    </mem>
    <remembered-set count="6876" />
  </mem-info>
</gc-start>
<allocation-stats totalBytes="201029680" >
  <allocated-bytes non-tlh="190872760" tlh="10156920" />
  <largest-consumer threadName="dw-111 - POST /api/res/v1/director.tenants/batch" threadId="000000000285CE00" bytes="201029680" />
</allocation-stats>
<gc-op id="3444" type="scavenge" timems="8.025" contextid="3441" timestamp="2019-01-09T09:17:07.680">
  <scavenger-info tenureage="3" tenuremask="ffe8" tiltratio="90" />
  <memory-copied type="nursery" objects="101488" bytes="2772944" bytesdiscarded="345912" />
  <memory-copied type="tenure" objects="51275" bytes="2098440" bytesdiscarded="880" />
  <ownableSynchronizers candidates="14663" cleared="0" />
</gc-op>
<gc-end id="3445" type="scavenge" contextid="3441" durationms="8.352" usertimems="44.532" systemtimems="1.950" timestamp="2019-01-09T09:17:07.680" activeThreads="16">
  <mem-info id="3446" free="477001928" total="905445376" percent="52">
    <mem type="nursery" free="202139896" total="228065280" percent="88">
      <mem type="allocate" free="202139896" total="205258752" percent="98" />
      <mem type="survivor" free="0" total="22806528" percent="0" />
    </mem>
    <mem type="tenure" free="274862032" total="677380096" percent="40" macro-fragmented="21743149">
      <mem type="soa" free="269565624" total="670606336" percent="40" />
      <mem type="loa" free="5296408" total="6773760" percent="78" />
    </mem>
    <remembered-set count="5143" />
  </mem-info>
</gc-end>
<cycle-end id="3447" type="scavenge" contextid="3441" timestamp="2019-01-09T09:17:07.680" />
<allocation-satisfied id="3448" threadId="000000000285CE00" bytesRequested="122896" />
<af-end id="3449" timestamp="2019-01-09T09:17:07.680" threadId="000000000285D760" success="true" from="nursery"/>
<exclusive-end id="3450" timestamp="2019-01-09T09:17:07.680" durationms="9.331" />

<exclusive-start id="3451" timestamp="2019-01-09T09:17:07.737" intervalms="65.974">
  <response-info timems="0.065" idlems="0.037" threads="1" lastid="0000000002581900" lastname="dw-93-acceptor-0@cb7d5a5d- RM APP @85622006{HTTP/1.1,[http/1.1]" />
</exclusive-start>
<af-start id="3452" threadId="000000000285D760" totalBytesRequested="129280" timestamp="2019-01-09T09:17:07.737" intervalms="65.636" type="nursery" />
<cycle-start id="3453" type="scavenge" contextid="0" timestamp="2019-01-09T09:17:07.737" intervalms="65.624" />
<gc-start id="3454" type="scavenge" contextid="3453" timestamp="2019-01-09T09:17:07.737">
  <mem-info id="3455" free="274867456" total="905445376" percent="30">
    <mem type="nursery" free="5424" total="228065280" percent="0">
      <mem type="allocate" free="5424" total="205258752" percent="0" />
      <mem type="survivor" free="0" total="22806528" percent="0" />
    </mem>
    <mem type="tenure" free="274862032" total="677380096" percent="40">
      <mem type="soa" free="269565624" total="670606336" percent="40" />
      <mem type="loa" free="5296408" total="6773760" percent="78" />
    </mem>
    <remembered-set count="6480" />
  </mem-info>
</gc-start>
<allocation-stats totalBytes="202131944" >
  <allocated-bytes non-tlh="176210920" tlh="25921024" />
  <largest-consumer threadName="dw-111 - POST /api/res/v1/director.tenants/batch" threadId="000000000285CE00" bytes="202099216" />
</allocation-stats>
<gc-op id="3456" type="scavenge" timems="6.551" contextid="3453" timestamp="2019-01-09T09:17:07.744">
  <scavenger-info tenureage="3" tenuremask="ffe8" tiltratio="90" />
  <memory-copied type="nursery" objects="95863" bytes="2631864" bytesdiscarded="212288" />
  <memory-copied type="tenure" objects="35967" bytes="939600" bytesdiscarded="416" />
  <ownableSynchronizers candidates="13871" cleared="4" />
</gc-op>
<gc-end id="3457" type="scavenge" contextid="3453" durationms="6.839" usertimems="38.147" systemtimems="0.051" timestamp="2019-01-09T09:17:07.744" activeThreads="16">
  <mem-info id="3458" free="476370792" total="905445376" percent="52">
    <mem type="nursery" free="202414600" total="228065280" percent="88">
      <mem type="allocate" free="202414600" total="205258752" percent="98" />
      <mem type="survivor" free="0" total="22806528" percent="0" />
    </mem>
    <mem type="tenure" free="273956192" total="677380096" percent="40" macro-fragmented="21038932">
      <mem type="soa" free="268659784" total="670606336" percent="40" />
      <mem type="loa" free="5296408" total="6773760" percent="78" />
    </mem>
    <remembered-set count="5074" />
  </mem-info>
</gc-end>
<cycle-end id="3459" type="scavenge" contextid="3453" timestamp="2019-01-09T09:17:07.744" />
<allocation-satisfied id="3460" threadId="000000000285CE00" bytesRequested="129280" />
<af-end id="3461" timestamp="2019-01-09T09:17:07.744" threadId="000000000285D760" success="true" from="nursery"/>
<exclusive-end id="3462" timestamp="2019-01-09T09:17:07.744" durationms="7.469" />

<exclusive-start id="3463" timestamp="2019-01-09T09:17:07.798" intervalms="60.699">
  <response-info timems="0.052" idlems="0.030" threads="1" lastid="0000000002581900" lastname="dw-93-acceptor-0@cb7d5a5d- RM APP @85622006{HTTP/1.1,[http/1.1]" />
</exclusive-start>
<af-start id="3464" threadId="000000000285D760" totalBytesRequested="135368" timestamp="2019-01-09T09:17:07.798" intervalms="60.710" type="nursery" />
<cycle-start id="3465" type="scavenge" contextid="0" timestamp="2019-01-09T09:17:07.798" intervalms="60.713" />
<gc-start id="3466" type="scavenge" contextid="3465" timestamp="2019-01-09T09:17:07.798">
  <mem-info id="3467" free="273956192" total="905445376" percent="30">
    <mem type="nursery" free="0" total="228065280" percent="0">
      <mem type="allocate" free="0" total="205258752" percent="0" />
      <mem type="survivor" free="0" total="22806528" percent="0" />
    </mem>
    <mem type="tenure" free="273956192" total="677380096" percent="40">
      <mem type="soa" free="268659784" total="670606336" percent="40" />
      <mem type="loa" free="5296408" total="6773760" percent="78" />
    </mem>
    <remembered-set count="5748" />
  </mem-info>
</gc-start>
<allocation-stats totalBytes="202413144" >
  <allocated-bytes non-tlh="184989144" tlh="17424000" />
  <largest-consumer threadName="dw-111 - POST /api/res/v1/director.tenants/batch" threadId="000000000285CE00" bytes="202400856" />
</allocation-stats>
<gc-op id="3468" type="scavenge" timems="6.455" contextid="3465" timestamp="2019-01-09T09:17:07.804">
  <scavenger-info tenureage="3" tenuremask="ffe8" tiltratio="90" />
  <memory-copied type="nursery" objects="91094" bytes="2513464" bytesdiscarded="197008" />
  <memory-copied type="tenure" objects="33706" bytes="879904" bytesdiscarded="728" />
  <ownableSynchronizers candidates="13134" cleared="0" />
</gc-op>
<gc-end id="3469" type="scavenge" contextid="3465" durationms="6.758" usertimems="30.194" systemtimems="4.162" timestamp="2019-01-09T09:17:07.805" activeThreads="16">
  <mem-info id="3470" free="475677448" total="905445376" percent="52">
    <mem type="nursery" free="202548280" total="228065280" percent="88">
      <mem type="allocate" free="202548280" total="205258752" percent="98" />
      <mem type="survivor" free="0" total="22806528" percent="0" />
    </mem>
    <mem type="tenure" free="273129168" total="677380096" percent="40" macro-fragmented="20414605">
      <mem type="soa" free="267832760" total="670606336" percent="39" />
      <mem type="loa" free="5296408" total="6773760" percent="78" />
    </mem>
    <remembered-set count="5300" />
  </mem-info>
</gc-end>
<cycle-end id="3471" type="scavenge" contextid="3465" timestamp="2019-01-09T09:17:07.805" />
<allocation-satisfied id="3472" threadId="000000000285CE00" bytesRequested="135368" />
<af-end id="3473" timestamp="2019-01-09T09:17:07.805" threadId="000000000285D760" success="true" from="nursery"/>
<exclusive-end id="3474" timestamp="2019-01-09T09:17:07.805" durationms="7.369" />

<exclusive-start id="3475" timestamp="2019-01-09T09:17:07.857" intervalms="59.815">
  <response-info timems="0.050" idlems="0.030" threads="1" lastid="0000000002581900" lastname="dw-93-acceptor-0@cb7d5a5d- RM APP @85622006{HTTP/1.1,[http/1.1]" />
</exclusive-start>
<af-start id="3476" threadId="000000000285D760" totalBytesRequested="141200" timestamp="2019-01-09T09:17:07.858" intervalms="59.808" type="nursery" />
<cycle-start id="3477" type="scavenge" contextid="0" timestamp="2019-01-09T09:17:07.858" intervalms="59.810" />
<gc-start id="3478" type="scavenge" contextid="3477" timestamp="2019-01-09T09:17:07.858">
  <mem-info id="3479" free="273215152" total="905445376" percent="30">
    <mem type="nursery" free="85984" total="228065280" percent="0">
      <mem type="allocate" free="85984" total="205258752" percent="0" />
      <mem type="survivor" free="0" total="22806528" percent="0" />
    </mem>
    <mem type="tenure" free="273129168" total="677380096" percent="40">
      <mem type="soa" free="267832760" total="670606336" percent="39" />
      <mem type="loa" free="5296408" total="6773760" percent="78" />
    </mem>
    <remembered-set count="6577" />
  </mem-info>
</gc-start>
<allocation-stats totalBytes="202462192" >
  <allocated-bytes non-tlh="201618072" tlh="844120" />
  <largest-consumer threadName="dw-111 - POST /api/res/v1/director.tenants/batch" threadId="000000000285CE00" bytes="202445808" />
</allocation-stats>
<gc-op id="3480" type="scavenge" timems="8.033" contextid="3477" timestamp="2019-01-09T09:17:07.866">
  <scavenger-info tenureage="3" tenuremask="4008" tiltratio="90" />
  <memory-copied type="nursery" objects="87063" bytes="2414720" bytesdiscarded="162576" />
  <memory-copied type="tenure" objects="31806" bytes="830304" bytesdiscarded="200" />
  <ownableSynchronizers candidates="12503" cleared="0" />
</gc-op>
<gc-end id="3481" type="scavenge" contextid="3477" durationms="8.343" usertimems="34.551" systemtimems="0.948" timestamp="2019-01-09T09:17:07.866" activeThreads="16">
  <mem-info id="3482" free="474965856" total="905445376" percent="52">
    <mem type="nursery" free="202681456" total="228065280" percent="88">
      <mem type="allocate" free="202681456" total="205258752" percent="98" />
      <mem type="survivor" free="0" total="22806528" percent="0" />
    </mem>
    <mem type="tenure" free="272284400" total="677380096" percent="40" macro-fragmented="0">
      <mem type="soa" free="266987992" total="670606336" percent="39" />
      <mem type="loa" free="5296408" total="6773760" percent="78" />
    </mem>
    <remembered-set count="4654" />
  </mem-info>
</gc-end>
<cycle-end id="3483" type="scavenge" contextid="3477" timestamp="2019-01-09T09:17:07.866" />
<allocation-satisfied id="3484" threadId="000000000285CE00" bytesRequested="141200" />
<af-end id="3485" timestamp="2019-01-09T09:17:07.866" threadId="000000000285D760" success="true" from="nursery"/>
<exclusive-end id="3486" timestamp="2019-01-09T09:17:07.866" durationms="8.975" />

<exclusive-start id="3487" timestamp="2019-01-09T09:17:07.918" intervalms="60.935">
  <response-info timems="0.048" idlems="0.028" threads="1" lastid="0000000002581900" lastname="dw-93-acceptor-0@cb7d5a5d- RM APP @85622006{HTTP/1.1,[http/1.1]" />
</exclusive-start>
<af-start id="3488" threadId="000000000285D760" totalBytesRequested="146808" timestamp="2019-01-09T09:17:07.918" intervalms="60.931" type="nursery" />
<cycle-start id="3489" type="scavenge" contextid="0" timestamp="2019-01-09T09:17:07.919" intervalms="60.925" />
<gc-start id="3490" type="scavenge" contextid="3489" timestamp="2019-01-09T09:17:07.919">
  <mem-info id="3491" free="272338416" total="905445376" percent="30">
    <mem type="nursery" free="54016" total="228065280" percent="0">
      <mem type="allocate" free="54016" total="205258752" percent="0" />
      <mem type="survivor" free="0" total="22806528" percent="0" />
    </mem>
    <mem type="tenure" free="272284400" total="677380096" percent="40">
      <mem type="soa" free="266987992" total="670606336" percent="39" />
      <mem type="loa" free="5296408" total="6773760" percent="78" />
    </mem>
    <remembered-set count="6472" />
  </mem-info>
</gc-start>
<allocation-stats totalBytes="202627280" >
  <allocated-bytes non-tlh="201746800" tlh="880480" />
  <largest-consumer threadName="dw-111 - POST /api/res/v1/director.tenants/batch" threadId="000000000285CE00" bytes="202557744" />
</allocation-stats>
<gc-op id="3492" type="scavenge" timems="4.900" contextid="3489" timestamp="2019-01-09T09:17:07.924">
  <scavenger-info tenureage="14" tenuremask="4000" tiltratio="90" />
  <memory-copied type="nursery" objects="113718" bytes="3116256" bytesdiscarded="217744" />
  <ownableSynchronizers candidates="11965" cleared="8" />
</gc-op>
<gc-end id="3493" type="scavenge" contextid="3489" durationms="5.189" usertimems="32.141" systemtimems="0.739" timestamp="2019-01-09T09:17:07.924" activeThreads="16">
  <mem-info id="3494" free="474209152" total="905445376" percent="52">
    <mem type="nursery" free="201924752" total="228065280" percent="88">
      <mem type="allocate" free="201924752" total="205258752" percent="98" />
      <mem type="survivor" free="0" total="22806528" percent="0" />
    </mem>
    <mem type="tenure" free="272284400" total="677380096" percent="40" macro-fragmented="9146335">
      <mem type="soa" free="266987992" total="670606336" percent="39" />
      <mem type="loa" free="5296408" total="6773760" percent="78" />
    </mem>
    <remembered-set count="6442" />
  </mem-info>
</gc-end>
<cycle-end id="3495" type="scavenge" contextid="3489" timestamp="2019-01-09T09:17:07.924" />
<allocation-satisfied id="3496" threadId="000000000285CE00" bytesRequested="146808" />
<af-end id="3497" timestamp="2019-01-09T09:17:07.924" threadId="000000000285D760" success="true" from="nursery"/>
<exclusive-end id="3498" timestamp="2019-01-09T09:17:07.924" durationms="5.796" />

<exclusive-start id="3499" timestamp="2019-01-09T09:17:07.981" intervalms="62.621">
  <response-info timems="0.058" idlems="0.034" threads="1" lastid="0000000002581900" lastname="dw-93-acceptor-0@cb7d5a5d- RM APP @85622006{HTTP/1.1,[http/1.1]" />
</exclusive-start>
<af-start id="3500" threadId="000000000285D760" totalBytesRequested="152184" timestamp="2019-01-09T09:17:07.981" intervalms="62.626" type="nursery" />
<cycle-start id="3501" type="scavenge" contextid="0" timestamp="2019-01-09T09:17:07.981" intervalms="62.638" />
<gc-start id="3502" type="scavenge" contextid="3501" timestamp="2019-01-09T09:17:07.981">
  <mem-info id="3503" free="272310144" total="905445376" percent="30">
    <mem type="nursery" free="25744" total="228065280" percent="0">
      <mem type="allocate" free="25744" total="205258752" percent="0" />
      <mem type="survivor" free="0" total="22806528" percent="0" />
    </mem>
    <mem type="tenure" free="272284400" total="677380096" percent="40">
      <mem type="soa" free="266987992" total="670606336" percent="39" />
      <mem type="loa" free="5296408" total="6773760" percent="78" />
    </mem>
    <remembered-set count="7032" />
  </mem-info>
</gc-start>
<allocation-stats totalBytes="201898744" >
  <allocated-bytes non-tlh="201069432" tlh="829312" />
  <largest-consumer threadName="dw-111 - POST /api/res/v1/director.tenants/batch" threadId="000000000285CE00" bytes="201821032" />
</allocation-stats>
<gc-op id="3504" type="scavenge" timems="5.672" contextid="3501" timestamp="2019-01-09T09:17:07.987">
  <scavenger-info tenureage="4" tenuremask="4010" tiltratio="90" />
  <memory-copied type="nursery" objects="109092" bytes="3002184" bytesdiscarded="151344" />
  <memory-copied type="tenure" objects="30334" bytes="791888" bytesdiscarded="160" />
  <ownableSynchronizers candidates="14651" cleared="2" />
</gc-op>
<gc-end id="3505" type="scavenge" contextid="3501" durationms="6.007" usertimems="39.846" systemtimems="0.000" timestamp="2019-01-09T09:17:07.987" activeThreads="16">
  <mem-info id="3506" free="473472640" total="905445376" percent="52">
    <mem type="nursery" free="202105224" total="228065280" percent="88">
      <mem type="allocate" free="202105224" total="205258752" percent="98" />
      <mem type="survivor" free="0" total="22806528" percent="0" />
    </mem>
    <mem type="tenure" free="271367416" total="677380096" percent="40" macro-fragmented="0">
      <mem type="soa" free="266071008" total="670606336" percent="39" />
      <mem type="loa" free="5296408" total="6773760" percent="78" />
    </mem>
    <remembered-set count="5729" />
  </mem-info>
</gc-end>
<cycle-end id="3507" type="scavenge" contextid="3501" timestamp="2019-01-09T09:17:07.987" />
<allocation-satisfied id="3508" threadId="000000000285CE00" bytesRequested="152184" />
<af-end id="3509" timestamp="2019-01-09T09:17:07.988" threadId="000000000285D760" success="true" from="nursery"/>
<exclusive-end id="3510" timestamp="2019-01-09T09:17:07.988" durationms="6.670" />

<exclusive-start id="3511" timestamp="2019-01-09T09:17:08.041" intervalms="60.093">
  <response-info timems="0.048" idlems="0.028" threads="1" lastid="0000000002581900" lastname="dw-93-acceptor-0@cb7d5a5d- RM APP @85622006{HTTP/1.1,[http/1.1]" />
</exclusive-start>
<af-start id="3512" threadId="000000000285D760" totalBytesRequested="157384" timestamp="2019-01-09T09:17:08.041" intervalms="60.119" type="nursery" />
<cycle-start id="3513" type="scavenge" contextid="0" timestamp="2019-01-09T09:17:08.041" intervalms="60.114" />
<gc-start id="3514" type="scavenge" contextid="3513" timestamp="2019-01-09T09:17:08.041">
  <mem-info id="3515" free="271438336" total="905445376" percent="29">
    <mem type="nursery" free="70920" total="228065280" percent="0">
      <mem type="allocate" free="70920" total="205258752" percent="0" />
      <mem type="survivor" free="0" total="22806528" percent="0" />
    </mem>
    <mem type="tenure" free="271367416" total="677380096" percent="40">
      <mem type="soa" free="266071008" total="670606336" percent="39" />
      <mem type="loa" free="5296408" total="6773760" percent="78" />
    </mem>
    <remembered-set count="7069" />
  </mem-info>
</gc-start>
<allocation-stats totalBytes="202034136" >
  <allocated-bytes non-tlh="201219200" tlh="814936" />
  <largest-consumer threadName="dw-111 - POST /api/res/v1/director.tenants/batch" threadId="000000000285CE00" bytes="201985000" />
</allocation-stats>
<gc-op id="3516" type="scavenge" timems="9.608" contextid="3513" timestamp="2019-01-09T09:17:08.051">
  <scavenger-info tenureage="4" tenuremask="4010" tiltratio="90" />
  <memory-copied type="nursery" objects="104959" bytes="2900256" bytesdiscarded="183976" />
  <memory-copied type="tenure" objects="28937" bytes="755408" bytesdiscarded="240" />
  <ownableSynchronizers candidates="14062" cleared="2" />
</gc-op>
<gc-end id="3517" type="scavenge" contextid="3513" durationms="9.956" usertimems="36.711" systemtimems="0.953" timestamp="2019-01-09T09:17:08.051" activeThreads="16">
  <mem-info id="3518" free="472823352" total="905445376" percent="52">
    <mem type="nursery" free="202174520" total="228065280" percent="88">
      <mem type="allocate" free="202174520" total="205258752" percent="98" />
      <mem type="survivor" free="0" total="22806528" percent="0" />
    </mem>
    <mem type="tenure" free="270648832" total="677380096" percent="39" macro-fragmented="72356671">
      <mem type="soa" free="265352424" total="670606336" percent="39" />
      <mem type="loa" free="5296408" total="6773760" percent="78" />
    </mem>
    <remembered-set count="5932" />
  </mem-info>
</gc-end>
<cycle-end id="3519" type="scavenge" contextid="3513" timestamp="2019-01-09T09:17:08.052" />
<allocation-satisfied id="3520" threadId="000000000285CE00" bytesRequested="157384" />
<af-end id="3521" timestamp="2019-01-09T09:17:08.052" threadId="000000000285D760" success="true" from="nursery"/>
<exclusive-end id="3522" timestamp="2019-01-09T09:17:08.052" durationms="10.680" />

<exclusive-start id="3523" timestamp="2019-01-09T09:17:08.109" intervalms="67.761">
  <response-info timems="0.068" idlems="0.039" threads="1" lastid="0000000002581900" lastname="dw-93-acceptor-0@cb7d5a5d- RM APP @85622006{HTTP/1.1,[http/1.1]" />
</exclusive-start>
<af-start id="3524" threadId="000000000285D760" totalBytesRequested="162424" timestamp="2019-01-09T09:17:08.109" intervalms="67.731" type="nursery" />
<cycle-start id="3525" type="scavenge" contextid="0" timestamp="2019-01-09T09:17:08.109" intervalms="67.733" />
<gc-start id="3526" type="scavenge" contextid="3525" timestamp="2019-01-09T09:17:08.109">
  <mem-info id="3527" free="270747592" total="905445376" percent="29">
    <mem type="nursery" free="98760" total="228065280" percent="0">
      <mem type="allocate" free="98760" total="205258752" percent="0" />
      <mem type="survivor" free="0" total="22806528" percent="0" />
    </mem>
    <mem type="tenure" free="270648832" total="677380096" percent="39">
      <mem type="soa" free="265352424" total="670606336" percent="39" />
      <mem type="loa" free="5296408" total="6773760" percent="78" />
    </mem>
    <remembered-set count="7420" />
  </mem-info>
</gc-start>
<allocation-stats totalBytes="202075608" >
  <allocated-bytes non-tlh="201316616" tlh="758992" />
  <largest-consumer threadName="dw-111 - POST /api/res/v1/director.tenants/batch" threadId="000000000285CE00" bytes="202067416" />
</allocation-stats>
<gc-op id="3528" type="scavenge" timems="10.345" contextid="3525" timestamp="2019-01-09T09:17:08.120">
  <scavenger-info tenureage="2" tenuremask="4014" tiltratio="90" />
  <memory-copied type="nursery" objects="75357" bytes="2130312" bytesdiscarded="81896" />
  <memory-copied type="tenure" objects="53502" bytes="1398776" bytesdiscarded="560" />
  <ownableSynchronizers candidates="13532" cleared="2" />
</gc-op>
<gc-end id="3529" type="scavenge" contextid="3525" durationms="10.961" usertimems="38.388" systemtimems="1.953" timestamp="2019-01-09T09:17:08.120" activeThreads="16">
  <mem-info id="3530" free="472345472" total="905445376" percent="52">
    <mem type="nursery" free="203046544" total="228065280" percent="89">
      <mem type="allocate" free="203046544" total="205258752" percent="98" />
      <mem type="survivor" free="0" total="22806528" percent="0" />
    </mem>
    <mem type="tenure" free="269298928" total="677380096" percent="39" macro-fragmented="71350706">
      <mem type="soa" free="264002520" total="670606336" percent="39" />
      <mem type="loa" free="5296408" total="6773760" percent="78" />
    </mem>
    <remembered-set count="5734" />
  </mem-info>
</gc-end>
<cycle-end id="3531" type="scavenge" contextid="3525" timestamp="2019-01-09T09:17:08.120" />
<allocation-satisfied id="3532" threadId="000000000285CE00" bytesRequested="162424" />
<af-end id="3533" timestamp="2019-01-09T09:17:08.120" threadId="000000000285D760" success="true" from="nursery"/>
<exclusive-end id="3534" timestamp="2019-01-09T09:17:08.120" durationms="11.661" />

<exclusive-start id="3535" timestamp="2019-01-09T09:17:08.178" intervalms="69.017">
  <response-info timems="0.052" idlems="0.030" threads="1" lastid="0000000002581900" lastname="dw-93-acceptor-0@cb7d5a5d- RM APP @85622006{HTTP/1.1,[http/1.1]" />
</exclusive-start>
<af-start id="3536" threadId="000000000285D760" totalBytesRequested="167288" timestamp="2019-01-09T09:17:08.178" intervalms="69.019" type="nursery" />
<cycle-start id="3537" type="scavenge" contextid="0" timestamp="2019-01-09T09:17:08.178" intervalms="69.011" />
<gc-start id="3538" type="scavenge" contextid="3537" timestamp="2019-01-09T09:17:08.178">
  <mem-info id="3539" free="269337688" total="905445376" percent="29">
    <mem type="nursery" free="38760" total="228065280" percent="0">
      <mem type="allocate" free="38760" total="205258752" percent="0" />
      <mem type="survivor" free="0" total="22806528" percent="0" />
    </mem>
    <mem type="tenure" free="269298928" total="677380096" percent="39">
      <mem type="soa" free="264002520" total="670606336" percent="39" />
      <mem type="loa" free="5296408" total="6773760" percent="78" />
    </mem>
    <remembered-set count="7280" />
  </mem-info>
</gc-start>
<allocation-stats totalBytes="203004744" >
  <allocated-bytes non-tlh="200959784" tlh="2044960" />
  <largest-consumer threadName="dw-111 - POST /api/res/v1/director.tenants/batch" threadId="000000000285CE00" bytes="201135720" />
</allocation-stats>
<gc-op id="3540" type="scavenge" timems="6.030" contextid="3537" timestamp="2019-01-09T09:17:08.184">
  <scavenger-info tenureage="2" tenuremask="4014" tiltratio="90" />
  <memory-copied type="nursery" objects="47285" bytes="1405040" bytesdiscarded="135360" />
  <memory-copied type="tenure" objects="51420" bytes="1342976" bytesdiscarded="440" />
  <finalization candidates="5" enqueued="5" />
  <ownableSynchronizers candidates="10354" cleared="0" />
</gc-op>
<gc-end id="3541" type="scavenge" contextid="3537" durationms="6.336" usertimems="32.305" systemtimems="1.958" timestamp="2019-01-09T09:17:08.185" activeThreads="16">
  <mem-info id="3542" free="471713936" total="905445376" percent="52">
    <mem type="nursery" free="203718288" total="228065280" percent="89">
      <mem type="allocate" free="203718288" total="205258752" percent="99" />
      <mem type="survivor" free="0" total="22806528" percent="0" />
    </mem>
    <mem type="tenure" free="267995648" total="677380096" percent="39" macro-fragmented="0">
      <mem type="soa" free="262699240" total="670606336" percent="39" />
      <mem type="loa" free="5296408" total="6773760" percent="78" />
    </mem>
    <pending-finalizers system="4" default="1" reference="0" classloader="0" />
    <remembered-set count="3757" />
  </mem-info>
</gc-end>
<cycle-end id="3543" type="scavenge" contextid="3537" timestamp="2019-01-09T09:17:08.185" />
<allocation-satisfied id="3544" threadId="000000000285CE00" bytesRequested="167288" />
<af-end id="3545" timestamp="2019-01-09T09:17:08.185" threadId="000000000285D760" success="true" from="nursery"/>
<exclusive-end id="3546" timestamp="2019-01-09T09:17:08.185" durationms="6.945" />

<exclusive-start id="3547" timestamp="2019-01-09T09:17:08.542" intervalms="363.871">
  <response-info timems="0.047" idlems="0.028" threads="1" lastid="0000000002581900" lastname="dw-93-acceptor-0@cb7d5a5d- RM APP @85622006{HTTP/1.1,[http/1.1]" />
</exclusive-start>
<af-start id="3548" threadId="000000000285D760" totalBytesRequested="320" timestamp="2019-01-09T09:17:08.542" intervalms="363.874" type="nursery" />
<cycle-start id="3549" type="scavenge" contextid="0" timestamp="2019-01-09T09:17:08.542" intervalms="363.873" />
<gc-start id="3550" type="scavenge" contextid="3549" timestamp="2019-01-09T09:17:08.542">
  <mem-info id="3551" free="267995648" total="905445376" percent="29">
    <mem type="nursery" free="0" total="228065280" percent="0">
      <mem type="allocate" free="0" total="205258752" percent="0" />
      <mem type="survivor" free="0" total="22806528" percent="0" />
    </mem>
    <mem type="tenure" free="267995648" total="677380096" percent="39">
      <mem type="soa" free="262699240" total="670606336" percent="39" />
      <mem type="loa" free="5296408" total="6773760" percent="78" />
    </mem>
    <remembered-set count="49261" />
  </mem-info>
</gc-start>
<allocation-stats totalBytes="203637712" >
  <allocated-bytes non-tlh="75971976" tlh="127665736" />
  <largest-consumer threadName="dw-111 - POST /api/res/v1/director.tenants/batch" threadId="000000000285CE00" bytes="203510872" />
</allocation-stats>
<gc-op id="3552" type="scavenge" timems="120.507" contextid="3549" timestamp="2019-01-09T09:17:08.663">
  <scavenger-info tenureage="2" tenuremask="4004" tiltratio="90" />
  <memory-copied type="nursery" objects="810541" bytes="22804128" bytesdiscarded="2400" />
  <memory-copied type="tenure" objects="1597636" bytes="38759960" bytesdiscarded="12040" />
  <copy-failed type="nursery" objects="1574141" bytes="38144824" />
  <ownableSynchronizers candidates="296721" cleared="1" />
</gc-op>
<gc-end id="3553" type="scavenge" contextid="3549" durationms="121.235" usertimems="716.644" systemtimems="14.300" timestamp="2019-01-09T09:17:08.663" activeThreads="16">
  <mem-info id="3554" free="320552176" total="905445376" percent="35">
    <mem type="nursery" free="91226112" total="228065280" percent="40">
      <mem type="allocate" free="91226112" total="114032640" percent="80" />
      <mem type="survivor" free="0" total="114032640" percent="0" />
    </mem>
    <mem type="tenure" free="229326064" total="677380096" percent="33" macro-fragmented="0">
      <mem type="soa" free="224029656" total="670606336" percent="33" />
      <mem type="loa" free="5296408" total="6773760" percent="78" />
    </mem>
    <remembered-set count="343267" />
  </mem-info>
</gc-end>
<cycle-end id="3555" type="scavenge" contextid="3549" timestamp="2019-01-09T09:17:08.663" />
<allocation-satisfied id="3556" threadId="000000000285CE00" bytesRequested="320" />
<af-end id="3557" timestamp="2019-01-09T09:17:08.664" threadId="000000000285D760" success="true" from="nursery"/>
<exclusive-end id="3558" timestamp="2019-01-09T09:17:08.664" durationms="121.869" />

<exclusive-start id="3559" timestamp="2019-01-09T09:17:29.181" intervalms="20639.070">
  <response-info timems="0.059" idlems="0.059" threads="0" lastid="0000000001D9FB00" lastname="getKeyCenterExecuter" />
</exclusive-start>
<af-start id="3560" threadId="0000000001DA0460" totalBytesRequested="1032" timestamp="2019-01-09T09:17:29.181" intervalms="20639.078" type="nursery" />
<cycle-start id="3561" type="scavenge" contextid="0" timestamp="2019-01-09T09:17:29.181" intervalms="20639.092" />
<gc-start id="3562" type="scavenge" contextid="3561" timestamp="2019-01-09T09:17:29.181">
  <mem-info id="3563" free="229324368" total="905445376" percent="25">
    <mem type="nursery" free="0" total="228065280" percent="0">
      <mem type="allocate" free="0" total="114032640" percent="0" />
      <mem type="survivor" free="0" total="114032640" percent="0" />
    </mem>
    <mem type="tenure" free="229324368" total="677380096" percent="33">
      <mem type="soa" free="224027960" total="670606336" percent="33" />
      <mem type="loa" free="5296408" total="6773760" percent="78" />
    </mem>
    <remembered-set count="372543" />
  </mem-info>
</gc-start>
<allocation-stats totalBytes="91096984" >
  <allocated-bytes non-tlh="7112824" tlh="83984160" />
  <largest-consumer threadName="dw-111" threadId="000000000285CE00" bytes="72892472" />
</allocation-stats>
<gc-op id="3564" type="scavenge" timems="93.206" contextid="3561" timestamp="2019-01-09T09:17:29.274">
  <scavenger-info tenureage="4" tenuremask="fff0" tiltratio="50" />
  <memory-copied type="nursery" objects="1845421" bytes="52046112" bytesdiscarded="237728" />
  <finalization candidates="36" enqueued="35" />
  <ownableSynchronizers candidates="255851" cleared="432" />
  <references type="soft" candidates="2" cleared="0" enqueued="0" dynamicThreshold="21" maxThreshold="32" />
  <references type="weak" candidates="7" cleared="3" enqueued="3" />
  <references type="phantom" candidates="2" cleared="0" enqueued="0" />
</gc-op>
<gc-end id="3565" type="scavenge" contextid="3561" durationms="93.638" usertimems="614.660" systemtimems="7.468" timestamp="2019-01-09T09:17:29.275" activeThreads="16">
  <mem-info id="3566" free="291072512" total="905445376" percent="32">
    <mem type="nursery" free="61748144" total="228065280" percent="27">
      <mem type="allocate" free="61748144" total="114032640" percent="54" />
      <mem type="survivor" free="0" total="114032640" percent="0" />
    </mem>
    <mem type="tenure" free="229324368" total="677380096" percent="33" macro-fragmented="0">
      <mem type="soa" free="224027960" total="670606336" percent="33" />
      <mem type="loa" free="5296408" total="6773760" percent="78" />
    </mem>
    <pending-finalizers system="29" default="6" reference="3" classloader="0" />
    <remembered-set count="372176" />
  </mem-info>
</gc-end>
<cycle-end id="3567" type="scavenge" contextid="3561" timestamp="2019-01-09T09:17:29.276" />
<allocation-satisfied id="3568" threadId="0000000001D9FB00" bytesRequested="1032" />
<af-end id="3569" timestamp="2019-01-09T09:17:29.276" threadId="0000000001DA0460" success="true" from="nursery"/>
<exclusive-end id="3570" timestamp="2019-01-09T09:17:29.276" durationms="95.008" />

<exclusive-start id="3571" timestamp="2019-01-09T09:17:51.866" intervalms="22685.396">
  <response-info timems="0.067" idlems="0.067" threads="0" lastid="000000000253D200" lastname="Thread-19" />
</exclusive-start>
<af-start id="3572" threadId="000000000253DB60" totalBytesRequested="48" timestamp="2019-01-09T09:17:51.866" intervalms="22685.403" type="nursery" />
<cycle-start id="3573" type="scavenge" contextid="0" timestamp="2019-01-09T09:17:51.866" intervalms="22685.391" />
<gc-start id="3574" type="scavenge" contextid="3573" timestamp="2019-01-09T09:17:51.867">
  <mem-info id="3575" free="229317128" total="905445376" percent="25">
    <mem type="nursery" free="0" total="228065280" percent="0">
      <mem type="allocate" free="0" total="114032640" percent="0" />
      <mem type="survivor" free="0" total="114032640" percent="0" />
    </mem>
    <mem type="tenure" free="229317128" total="677380096" percent="33">
      <mem type="soa" free="224020720" total="670606336" percent="33" />
      <mem type="loa" free="5296408" total="6773760" percent="78" />
    </mem>
    <remembered-set count="373042" />
  </mem-info>
</gc-start>
<allocation-stats totalBytes="61706192" >
  <allocated-bytes non-tlh="4271488" tlh="57434704" />
  <largest-consumer threadName="Thread-19" threadId="000000000253D200" bytes="34440144" />
</allocation-stats>
<gc-op id="3576" type="scavenge" timems="83.289" contextid="3573" timestamp="2019-01-09T09:17:51.950">
  <scavenger-info tenureage="3" tenuremask="fff8" tiltratio="50" />
  <memory-copied type="nursery" objects="1840229" bytes="52199792" bytesdiscarded="153656" />
  <memory-copied type="tenure" objects="9167" bytes="244104" bytesdiscarded="136" />
  <finalization candidates="89" enqueued="84" />
  <ownableSynchronizers candidates="256053" cleared="615" />
  <references type="soft" candidates="261" cleared="0" enqueued="0" dynamicThreshold="21" maxThreshold="32" />
  <references type="weak" candidates="76" cleared="33" enqueued="30" />
  <references type="phantom" candidates="3" cleared="0" enqueued="0" />
</gc-op>
<gc-end id="3577" type="scavenge" contextid="3573" durationms="84.100" usertimems="516.896" systemtimems="4.013" timestamp="2019-01-09T09:17:51.951" activeThreads="16">
  <mem-info id="3578" free="290507072" total="905445376" percent="32">
    <mem type="nursery" free="61677624" total="228065280" percent="27">
      <mem type="allocate" free="61677624" total="114032640" percent="54" />
      <mem type="survivor" free="0" total="114032640" percent="0" />
    </mem>
    <mem type="tenure" free="228829448" total="677380096" percent="33" macro-fragmented="1441885">
      <mem type="soa" free="223533040" total="670606336" percent="33" />
      <mem type="loa" free="5296408" total="6773760" percent="78" />
    </mem>
    <pending-finalizers system="73" default="11" reference="30" classloader="0" />
    <remembered-set count="370928" />
  </mem-info>
</gc-end>
<cycle-end id="3579" type="scavenge" contextid="3573" timestamp="2019-01-09T09:17:51.951" />
<allocation-satisfied id="3580" threadId="000000000253D200" bytesRequested="48" />
<af-end id="3581" timestamp="2019-01-09T09:17:51.951" threadId="000000000253DB60" success="true" from="nursery"/>
<exclusive-end id="3582" timestamp="2019-01-09T09:17:51.951" durationms="84.789" />

<exclusive-start id="3583" timestamp="2019-01-09T09:17:54.301" intervalms="2434.448">
  <response-info timems="0.074" idlems="0.074" threads="0" lastid="000000000253D200" lastname="Thread-19" />
</exclusive-start>
<af-start id="3584" threadId="000000000253DB60" totalBytesRequested="24" timestamp="2019-01-09T09:17:54.301" intervalms="2434.459" type="nursery" />
<cycle-start id="3585" type="scavenge" contextid="0" timestamp="2019-01-09T09:17:54.301" intervalms="2434.464" />
<gc-start id="3586" type="scavenge" contextid="3585" timestamp="2019-01-09T09:17:54.301">
  <mem-info id="3587" free="228829448" total="905445376" percent="25">
    <mem type="nursery" free="0" total="228065280" percent="0">
      <mem type="allocate" free="0" total="114032640" percent="0" />
      <mem type="survivor" free="0" total="114032640" percent="0" />
    </mem>
    <mem type="tenure" free="228829448" total="677380096" percent="33">
      <mem type="soa" free="223533040" total="670606336" percent="33" />
      <mem type="loa" free="5296408" total="6773760" percent="78" />
    </mem>
    <remembered-set count="371195" />
  </mem-info>
</gc-start>
<allocation-stats totalBytes="61665080" >
  <allocated-bytes non-tlh="458824" tlh="61206256" />
  <largest-consumer threadName="Thread-19" threadId="000000000253D200" bytes="58800312" />
</allocation-stats>
<gc-op id="3588" type="scavenge" timems="89.719" contextid="3585" timestamp="2019-01-09T09:17:54.391">
  <scavenger-info tenureage="2" tenuremask="ffec" tiltratio="50" />
  <memory-copied type="nursery" objects="4392" bytes="386776" bytesdiscarded="930728" />
  <memory-copied type="tenure" objects="1833377" bytes="51682272" bytesdiscarded="19320" />
  <finalization candidates="10" enqueued="5" />
  <ownableSynchronizers candidates="254576" cleared="117" />
  <references type="soft" candidates="259" cleared="0" enqueued="0" dynamicThreshold="21" maxThreshold="32" />
  <references type="weak" candidates="39" cleared="0" enqueued="0" />
  <references type="phantom" candidates="1" cleared="0" enqueued="0" />
</gc-op>
<gc-end id="3589" type="scavenge" contextid="3585" durationms="90.199" usertimems="547.327" systemtimems="4.896" timestamp="2019-01-09T09:17:54.391" activeThreads="16">
  <mem-info id="3590" free="298141784" total="905445376" percent="32">
    <mem type="nursery" free="120710032" total="228065280" percent="52">
      <mem type="allocate" free="120710032" total="122028032" percent="98" />
      <mem type="survivor" free="0" total="106037248" percent="0" />
    </mem>
    <mem type="tenure" free="177431752" total="677380096" percent="26" macro-fragmented="27897741">
      <mem type="soa" free="172135344" total="670606336" percent="25" />
      <mem type="loa" free="5296408" total="6773760" percent="78" />
    </mem>
    <pending-finalizers system="4" default="1" reference="0" classloader="0" />
    <remembered-set count="876" />
  </mem-info>
</gc-end>
<cycle-end id="3591" type="scavenge" contextid="3585" timestamp="2019-01-09T09:17:54.391" />
<allocation-satisfied id="3592" threadId="000000000253D200" bytesRequested="24" />
<af-end id="3593" timestamp="2019-01-09T09:17:54.391" threadId="000000000253DB60" success="true" from="nursery"/>
<exclusive-end id="3594" timestamp="2019-01-09T09:17:54.391" durationms="90.902" />

<exclusive-start id="3595" timestamp="2019-01-09T09:17:59.120" intervalms="4819.776">
  <response-info timems="0.070" idlems="0.070" threads="0" lastid="000000000253D200" lastname="Thread-19" />
</exclusive-start>
<af-start id="3596" threadId="000000000253DB60" totalBytesRequested="40" timestamp="2019-01-09T09:17:59.121" intervalms="4819.755" type="nursery" />
<cycle-start id="3597" type="scavenge" contextid="0" timestamp="2019-01-09T09:17:59.121" intervalms="4819.752" />
<gc-start id="3598" type="scavenge" contextid="3597" timestamp="2019-01-09T09:17:59.121">
  <mem-info id="3599" free="177431672" total="905445376" percent="19">
    <mem type="nursery" free="0" total="228065280" percent="0">
      <mem type="allocate" free="0" total="122028032" percent="0" />
      <mem type="survivor" free="0" total="106037248" percent="0" />
    </mem>
    <mem type="tenure" free="177431672" total="677380096" percent="26">
      <mem type="soa" free="172135264" total="670606336" percent="25" />
      <mem type="loa" free="5296408" total="6773760" percent="78" />
    </mem>
    <remembered-set count="1192" />
  </mem-info>
</gc-start>
<allocation-stats totalBytes="120685904" >
  <allocated-bytes non-tlh="966640" tlh="119719264" />
  <largest-consumer threadName="Thread-19" threadId="000000000253D200" bytes="115316600" />
</allocation-stats>
<gc-op id="3600" type="scavenge" timems="10.323" contextid="3597" timestamp="2019-01-09T09:17:59.131">
  <scavenger-info tenureage="5" tenuremask="ffe0" tiltratio="53" />
  <memory-copied type="nursery" objects="4723" bytes="413088" bytesdiscarded="143648" />
  <finalization candidates="16" enqueued="12" />
  <ownableSynchronizers candidates="235" cleared="210" />
  <references type="soft" candidates="262" cleared="0" enqueued="0" dynamicThreshold="21" maxThreshold="32" />
  <references type="weak" candidates="41" cleared="2" enqueued="2" />
  <references type="phantom" candidates="1" cleared="0" enqueued="0" />
</gc-op>
<gc-end id="3601" type="scavenge" contextid="3597" durationms="10.878" usertimems="8.314" systemtimems="4.842" timestamp="2019-01-09T09:17:59.132" activeThreads="16">
  <mem-info id="3602" free="320004992" total="905445376" percent="35">
    <mem type="nursery" free="142573320" total="228065280" percent="62">
      <mem type="allocate" free="142573320" total="143130624" percent="99" />
      <mem type="survivor" free="0" total="84934656" percent="0" />
    </mem>
    <mem type="tenure" free="177431672" total="677380096" percent="26" macro-fragmented="27987827">
      <mem type="soa" free="172135264" total="670606336" percent="25" />
      <mem type="loa" free="5296408" total="6773760" percent="78" />
    </mem>
    <pending-finalizers system="10" default="2" reference="2" classloader="0" />
    <remembered-set count="811" />
  </mem-info>
</gc-end>
<cycle-end id="3603" type="scavenge" contextid="3597" timestamp="2019-01-09T09:17:59.133" />
<allocation-satisfied id="3604" threadId="000000000253D200" bytesRequested="40" />
<af-end id="3605" timestamp="2019-01-09T09:17:59.133" threadId="000000000253DB60" success="true" from="nursery"/>
<exclusive-end id="3606" timestamp="2019-01-09T09:17:59.133" durationms="12.388" />

<exclusive-start id="3607" timestamp="2019-01-09T09:18:04.017" intervalms="4897.106">
  <response-info timems="0.066" idlems="0.066" threads="0" lastid="000000000253D200" lastname="Thread-19" />
</exclusive-start>
<af-start id="3608" threadId="000000000253DB60" totalBytesRequested="16" timestamp="2019-01-09T09:18:04.018" intervalms="4897.110" type="nursery" />
<cycle-start id="3609" type="scavenge" contextid="0" timestamp="2019-01-09T09:18:04.018" intervalms="4897.124" />
<gc-start id="3610" type="scavenge" contextid="3609" timestamp="2019-01-09T09:18:04.018">
  <mem-info id="3611" free="177431456" total="905445376" percent="19">
    <mem type="nursery" free="0" total="228065280" percent="0">
      <mem type="allocate" free="0" total="143130624" percent="0" />
      <mem type="survivor" free="0" total="84934656" percent="0" />
    </mem>
    <mem type="tenure" free="177431456" total="677380096" percent="26">
      <mem type="soa" free="172135048" total="670606336" percent="25" />
      <mem type="loa" free="5296408" total="6773760" percent="78" />
    </mem>
    <remembered-set count="1177" />
  </mem-info>
</gc-start>
<allocation-stats totalBytes="142550104" >
  <allocated-bytes non-tlh="852264" tlh="141697840" />
  <largest-consumer threadName="Thread-19" threadId="000000000253D200" bytes="137104000" />
</allocation-stats>
<gc-op id="3612" type="scavenge" timems="4.502" contextid="3609" timestamp="2019-01-09T09:18:04.022">
  <scavenger-info tenureage="3" tenuremask="fff8" tiltratio="62" />
  <memory-copied type="nursery" objects="1843" bytes="82680" bytesdiscarded="124408" />
  <memory-copied type="tenure" objects="3346" bytes="347536" bytesdiscarded="304" />
  <finalization candidates="14" enqueued="10" />
  <ownableSynchronizers candidates="227" cleared="200" />
  <references type="soft" candidates="3" cleared="0" enqueued="0" dynamicThreshold="21" maxThreshold="32" />
  <references type="weak" candidates="2" cleared="0" enqueued="0" />
  <references type="phantom" candidates="3" cleared="0" enqueued="0" />
</gc-op>
<gc-end id="3613" type="scavenge" contextid="3609" durationms="4.843" usertimems="9.899" systemtimems="0.941" timestamp="2019-01-09T09:18:04.023" activeThreads="16">
  <mem-info id="3614" free="336932512" total="905445376" percent="37">
    <mem type="nursery" free="159831552" total="228065280" percent="70">
      <mem type="allocate" free="159831552" total="160038912" percent="99" />
      <mem type="survivor" free="0" total="68026368" percent="0" />
    </mem>
    <mem type="tenure" free="177100960" total="677380096" percent="26" macro-fragmented="28268692">
      <mem type="soa" free="171804552" total="670606336" percent="25" />
      <mem type="loa" free="5296408" total="6773760" percent="78" />
    </mem>
    <pending-finalizers system="8" default="2" reference="0" classloader="0" />
    <remembered-set count="593" />
  </mem-info>
</gc-end>
<cycle-end id="3615" type="scavenge" contextid="3609" timestamp="2019-01-09T09:18:04.023" />
<allocation-satisfied id="3616" threadId="000000000253D200" bytesRequested="16" />
<af-end id="3617" timestamp="2019-01-09T09:18:04.023" threadId="000000000253DB60" success="true" from="nursery"/>
<exclusive-end id="3618" timestamp="2019-01-09T09:18:04.023" durationms="5.508" />

